Pendulum-v1 | policy = linear: 3 features, 12 trainable policy parameters
Update   1/250: return     nan (  0 eps) | EV -0.03 | kl 0.0072 | off_frac 0.09 | H 1.09 |      0s
Update   5/250: return     nan (  0 eps) | EV +0.87 | kl 0.0118 | off_frac 0.21 | H 0.99 |      1s
Update   9/250: return     nan (  0 eps) | EV +0.75 | kl 0.0018 | off_frac 0.00 | H 0.76 |      2s
Update  13/250: return -1214.3 ( 64 eps) | EV +0.89 | kl 0.0088 | off_frac 0.16 | H 0.74 |      3s
Update  17/250: return     nan (  0 eps) | EV +0.94 | kl 0.0035 | off_frac 0.05 | H 0.53 |      4s
Update  21/250: return     nan (  0 eps) | EV +0.93 | kl 0.0023 | off_frac 0.03 | H 0.37 |      5s
Update  25/250: return -1166.0 ( 64 eps) | EV +0.92 | kl 0.0038 | off_frac 0.06 | H 0.31 |      6s
Update  29/250: return     nan (  0 eps) | EV +0.96 | kl 0.0009 | off_frac 0.01 | H 0.24 |      7s
Update  33/250: return     nan (  0 eps) | EV +0.96 | kl 0.0023 | off_frac 0.03 | H 0.22 |      8s
Update  37/250: return     nan (  0 eps) | EV +0.95 | kl 0.0008 | off_frac 0.01 | H 0.22 |      8s
Update  41/250: return     nan (  0 eps) | EV +0.97 | kl 0.0015 | off_frac 0.02 | H 0.18 |      9s
Update  45/250: return     nan (  0 eps) | EV +0.96 | kl 0.0027 | off_frac 0.04 | H 0.21 |     10s
Update  49/250: return     nan (  0 eps) | EV +0.96 | kl 0.0007 | off_frac 0.01 | H 0.17 |     11s
Update  53/250: return     nan (  0 eps) | EV +0.98 | kl 0.0005 | off_frac 0.01 | H 0.16 |     12s
Update  57/250: return -1111.1 ( 64 eps) | EV +0.97 | kl 0.0011 | off_frac 0.01 | H 0.18 |     13s
Update  61/250: return     nan (  0 eps) | EV +0.97 | kl 0.0006 | off_frac 0.01 | H 0.14 |     14s
Update  65/250: return     nan (  0 eps) | EV +0.98 | kl 0.0005 | off_frac 0.01 | H 0.12 |     15s
Update  69/250: return -1047.2 ( 64 eps) | EV +0.98 | kl 0.0004 | off_frac 0.00 | H 0.11 |     16s
Update  73/250: return     nan (  0 eps) | EV +0.98 | kl 0.0008 | off_frac 0.01 | H 0.12 |     17s
Update  77/250: return     nan (  0 eps) | EV +0.98 | kl 0.0014 | off_frac 0.02 | H 0.13 |     18s
Update  81/250: return     nan (  0 eps) | EV +0.97 | kl 0.0007 | off_frac 0.01 | H 0.12 |     19s
Update  85/250: return     nan (  0 eps) | EV +0.98 | kl 0.0014 | off_frac 0.02 | H 0.12 |     20s
Update  89/250: return     nan (  0 eps) | EV +0.98 | kl 0.0010 | off_frac 0.01 | H 0.14 |     21s
Update  93/250: return     nan (  0 eps) | EV +0.97 | kl 0.0010 | off_frac 0.01 | H 0.10 |     22s
Update  97/250: return     nan (  0 eps) | EV +0.97 | kl 0.0039 | off_frac 0.04 | H 0.11 |     23s
Update 101/250: return     nan (  0 eps) | EV +0.99 | kl 0.0009 | off_frac 0.01 | H 0.10 |     24s
Update 105/250: return     nan (  0 eps) | EV +0.98 | kl 0.0032 | off_frac 0.05 | H 0.09 |     25s
Update 109/250: return     nan (  0 eps) | EV +0.99 | kl 0.0016 | off_frac 0.03 | H 0.09 |     25s
Update 113/250: return -1034.1 ( 64 eps) | EV +0.98 | kl 0.0013 | off_frac 0.02 | H 0.11 |     26s
Update 117/250: return     nan (  0 eps) | EV +0.98 | kl 0.0009 | off_frac 0.01 | H 0.10 |     27s
Update 121/250: return     nan (  0 eps) | EV +0.99 | kl 0.0005 | off_frac 0.01 | H 0.09 |     28s
Update 125/250: return -1122.2 ( 64 eps) | EV +0.98 | kl 0.0007 | off_frac 0.01 | H 0.07 |     29s
Update 129/250: return     nan (  0 eps) | EV +0.98 | kl 0.0002 | off_frac 0.00 | H 0.08 |     30s
Update 133/250: return     nan (  0 eps) | EV +0.99 | kl 0.0003 | off_frac 0.00 | H 0.07 |     31s
Update 137/250: return     nan (  0 eps) | EV +0.98 | kl 0.0009 | off_frac 0.01 | H 0.07 |     32s
Update 141/250: return     nan (  0 eps) | EV +0.98 | kl 0.0010 | off_frac 0.02 | H 0.08 |     33s
Update 145/250: return     nan (  0 eps) | EV +0.99 | kl 0.0007 | off_frac 0.01 | H 0.08 |     34s
Update 149/250: return     nan (  0 eps) | EV +0.99 | kl 0.0000 | off_frac 0.00 | H 0.07 |     35s
Update 153/250: return     nan (  0 eps) | EV +0.99 | kl 0.0002 | off_frac 0.00 | H 0.08 |     36s
Update 157/250: return -1059.8 ( 64 eps) | EV +0.99 | kl 0.0009 | off_frac 0.01 | H 0.08 |     37s
Update 161/250: return     nan (  0 eps) | EV +0.98 | kl 0.0013 | off_frac 0.02 | H 0.06 |     38s
Update 165/250: return     nan (  0 eps) | EV +0.99 | kl 0.0002 | off_frac 0.00 | H 0.06 |     39s
Update 169/250: return -1055.9 ( 64 eps) | EV +0.99 | kl 0.0011 | off_frac 0.01 | H 0.05 |     39s
Update 173/250: return     nan (  0 eps) | EV +0.99 | kl 0.0003 | off_frac 0.00 | H 0.06 |     40s
Update 177/250: return     nan (  0 eps) | EV +0.99 | kl 0.0002 | off_frac 0.00 | H 0.06 |     41s
Update 181/250: return     nan (  0 eps) | EV +0.98 | kl 0.0008 | off_frac 0.01 | H 0.06 |     42s
Update 185/250: return     nan (  0 eps) | EV +0.99 | kl 0.0009 | off_frac 0.01 | H 0.06 |     43s
Update 189/250: return     nan (  0 eps) | EV +0.99 | kl 0.0001 | off_frac 0.00 | H 0.05 |     44s
Update 193/250: return     nan (  0 eps) | EV +0.98 | kl 0.0005 | off_frac 0.01 | H 0.05 |     45s
Update 197/250: return     nan (  0 eps) | EV +0.99 | kl 0.0007 | off_frac 0.01 | H 0.05 |     46s
Update 201/250: return     nan (  0 eps) | EV +0.99 | kl 0.0008 | off_frac 0.01 | H 0.06 |     47s
Update 205/250: return     nan (  0 eps) | EV +0.99 | kl 0.0007 | off_frac 0.01 | H 0.06 |     48s
Update 209/250: return     nan (  0 eps) | EV +0.99 | kl 0.0012 | off_frac 0.02 | H 0.05 |     48s
Update 213/250: return -1016.4 ( 64 eps) | EV +0.99 | kl 0.0011 | off_frac 0.02 | H 0.06 |     49s
Update 217/250: return     nan (  0 eps) | EV +0.99 | kl 0.0004 | off_frac 0.01 | H 0.05 |     50s
Update 221/250: return     nan (  0 eps) | EV +0.99 | kl 0.0002 | off_frac 0.00 | H 0.06 |     51s
Update 225/250: return -1001.2 ( 64 eps) | EV +0.98 | kl 0.0012 | off_frac 0.02 | H 0.05 |     52s
Update 229/250: return     nan (  0 eps) | EV +0.99 | kl 0.0008 | off_frac 0.01 | H 0.05 |     53s
Update 233/250: return     nan (  0 eps) | EV +0.99 | kl 0.0005 | off_frac 0.01 | H 0.06 |     54s
Update 237/250: return     nan (  0 eps) | EV +0.99 | kl 0.0009 | off_frac 0.01 | H 0.04 |     55s
Update 241/250: return     nan (  0 eps) | EV +0.99 | kl 0.0002 | off_frac 0.00 | H 0.04 |     56s
Update 245/250: return     nan (  0 eps) | EV +0.99 | kl 0.0005 | off_frac 0.01 | H 0.05 |     57s
Update 249/250: return     nan (  0 eps) | EV +0.99 | kl 0.0005 | off_frac 0.01 | H 0.04 |     58s
Update 250/250: return -1052.4 ( 64 eps) | EV +0.98 | kl 0.0002 | off_frac 0.00 | H 0.04 |     58s
greedy evaluation of the frozen policy over 64 episodes: -1037.8 +- 339.2 (min -1513, max -288)
saved results/ppo/Pendulum/linear_seed1.json  (59s)
