Pendulum-v1 | policy = linear: 3 features, 12 trainable policy parameters
Update   1/250: return     nan (  0 eps) | EV +0.03 | kl 0.0121 | off_frac 0.14 | H 1.09 |      0s
Update   5/250: return     nan (  0 eps) | EV +0.87 | kl 0.0094 | off_frac 0.11 | H 0.99 |      1s
Update   9/250: return     nan (  0 eps) | EV +0.77 | kl 0.0091 | off_frac 0.12 | H 0.81 |      2s
Update  13/250: return -1224.4 ( 64 eps) | EV +0.90 | kl 0.0083 | off_frac 0.14 | H 0.84 |      3s
Update  17/250: return     nan (  0 eps) | EV +0.95 | kl 0.0059 | off_frac 0.08 | H 0.59 |      4s
Update  21/250: return     nan (  0 eps) | EV +0.89 | kl 0.0029 | off_frac 0.01 | H 0.55 |      5s
Update  25/250: return -1169.4 ( 64 eps) | EV +0.92 | kl 0.0028 | off_frac 0.03 | H 0.51 |      6s
Update  29/250: return     nan (  0 eps) | EV +0.96 | kl 0.0022 | off_frac 0.03 | H 0.36 |      7s
Update  33/250: return     nan (  0 eps) | EV +0.97 | kl 0.0034 | off_frac 0.06 | H 0.34 |      7s
Update  37/250: return     nan (  0 eps) | EV +0.96 | kl 0.0013 | off_frac 0.02 | H 0.29 |      8s
Update  41/250: return     nan (  0 eps) | EV +0.97 | kl 0.0024 | off_frac 0.04 | H 0.20 |      9s
Update  45/250: return     nan (  0 eps) | EV +0.97 | kl 0.0008 | off_frac 0.01 | H 0.20 |     10s
Update  49/250: return     nan (  0 eps) | EV +0.96 | kl 0.0052 | off_frac 0.07 | H 0.17 |     11s
Update  53/250: return     nan (  0 eps) | EV +0.96 | kl 0.0062 | off_frac 0.08 | H 0.23 |     12s
Update  57/250: return -1093.4 ( 64 eps) | EV +0.98 | kl 0.0025 | off_frac 0.04 | H 0.22 |     13s
Update  61/250: return     nan (  0 eps) | EV +0.97 | kl 0.0020 | off_frac 0.04 | H 0.14 |     14s
Update  65/250: return     nan (  0 eps) | EV +0.96 | kl 0.0016 | off_frac 0.02 | H 0.15 |     15s
Update  69/250: return -1050.9 ( 64 eps) | EV +0.97 | kl 0.0016 | off_frac 0.02 | H 0.19 |     16s
Update  73/250: return     nan (  0 eps) | EV +0.97 | kl 0.0025 | off_frac 0.04 | H 0.13 |     17s
Update  77/250: return     nan (  0 eps) | EV +0.98 | kl 0.0009 | off_frac 0.01 | H 0.16 |     18s
Update  81/250: return     nan (  0 eps) | EV +0.97 | kl 0.0010 | off_frac 0.01 | H 0.19 |     19s
Update  85/250: return     nan (  0 eps) | EV +0.98 | kl 0.0018 | off_frac 0.02 | H 0.13 |     19s
Update  89/250: return     nan (  0 eps) | EV +0.99 | kl 0.0004 | off_frac 0.01 | H 0.12 |     20s
Update  93/250: return     nan (  0 eps) | EV +0.97 | kl 0.0019 | off_frac 0.02 | H 0.18 |     21s
Update  97/250: return     nan (  0 eps) | EV +0.98 | kl 0.0019 | off_frac 0.03 | H 0.13 |     22s
Update 101/250: return     nan (  0 eps) | EV +0.99 | kl 0.0021 | off_frac 0.03 | H 0.13 |     23s
Update 105/250: return     nan (  0 eps) | EV +0.98 | kl 0.0025 | off_frac 0.03 | H 0.18 |     24s
Update 109/250: return     nan (  0 eps) | EV +0.98 | kl 0.0012 | off_frac 0.02 | H 0.13 |     25s
Update 113/250: return -1039.1 ( 64 eps) | EV +0.99 | kl 0.0022 | off_frac 0.04 | H 0.17 |     26s
Update 117/250: return     nan (  0 eps) | EV +0.99 | kl 0.0002 | off_frac 0.00 | H 0.13 |     27s
Update 121/250: return     nan (  0 eps) | EV +0.99 | kl 0.0033 | off_frac 0.05 | H 0.16 |     28s
Update 125/250: return -1050.0 ( 64 eps) | EV +0.99 | kl 0.0014 | off_frac 0.02 | H 0.14 |     29s
Update 129/250: return     nan (  0 eps) | EV +0.99 | kl 0.0013 | off_frac 0.02 | H 0.15 |     29s
Update 133/250: return     nan (  0 eps) | EV +0.99 | kl 0.0006 | off_frac 0.01 | H 0.12 |     30s
Update 137/250: return     nan (  0 eps) | EV +0.99 | kl 0.0018 | off_frac 0.03 | H 0.21 |     31s
Update 141/250: return     nan (  0 eps) | EV +0.99 | kl 0.0003 | off_frac 0.00 | H 0.11 |     32s
Update 145/250: return     nan (  0 eps) | EV +0.99 | kl 0.0010 | off_frac 0.01 | H 0.12 |     33s
Update 149/250: return     nan (  0 eps) | EV +0.99 | kl 0.0009 | off_frac 0.01 | H 0.14 |     34s
Update 153/250: return     nan (  0 eps) | EV +0.98 | kl 0.0022 | off_frac 0.04 | H 0.15 |     35s
Update 157/250: return  -912.8 ( 64 eps) | EV +0.99 | kl 0.0024 | off_frac 0.04 | H 0.15 |     36s
Update 161/250: return     nan (  0 eps) | EV +0.98 | kl 0.0011 | off_frac 0.01 | H 0.21 |     37s
Update 165/250: return     nan (  0 eps) | EV +0.99 | kl 0.0015 | off_frac 0.02 | H 0.17 |     38s
Update 169/250: return  -867.9 ( 64 eps) | EV +0.98 | kl 0.0018 | off_frac 0.03 | H 0.20 |     39s
Update 173/250: return     nan (  0 eps) | EV +0.98 | kl 0.0037 | off_frac 0.06 | H 0.18 |     40s
Update 177/250: return     nan (  0 eps) | EV +0.99 | kl 0.0034 | off_frac 0.05 | H 0.22 |     41s
Update 181/250: return     nan (  0 eps) | EV +0.98 | kl 0.0012 | off_frac 0.01 | H 0.17 |     42s
Update 185/250: return     nan (  0 eps) | EV +0.99 | kl 0.0013 | off_frac 0.02 | H 0.15 |     43s
Update 189/250: return     nan (  0 eps) | EV +0.98 | kl 0.0006 | off_frac 0.00 | H 0.15 |     43s
Update 193/250: return     nan (  0 eps) | EV +0.98 | kl 0.0014 | off_frac 0.01 | H 0.13 |     44s
Update 197/250: return     nan (  0 eps) | EV +0.99 | kl 0.0027 | off_frac 0.05 | H 0.17 |     45s
Update 201/250: return     nan (  0 eps) | EV +0.99 | kl 0.0016 | off_frac 0.02 | H 0.10 |     46s
Update 205/250: return     nan (  0 eps) | EV +0.99 | kl 0.0009 | off_frac 0.01 | H 0.17 |     47s
Update 209/250: return     nan (  0 eps) | EV +0.99 | kl 0.0046 | off_frac 0.06 | H 0.13 |     48s
Update 213/250: return  -944.5 ( 64 eps) | EV +0.99 | kl 0.0019 | off_frac 0.03 | H 0.12 |     49s
Update 217/250: return     nan (  0 eps) | EV +0.99 | kl 0.0020 | off_frac 0.03 | H 0.14 |     50s
Update 221/250: return     nan (  0 eps) | EV +0.99 | kl 0.0022 | off_frac 0.03 | H 0.13 |     51s
Update 225/250: return  -907.4 ( 64 eps) | EV +0.99 | kl 0.0018 | off_frac 0.03 | H 0.15 |     52s
Update 229/250: return     nan (  0 eps) | EV +0.99 | kl 0.0010 | off_frac 0.01 | H 0.15 |     53s
Update 233/250: return     nan (  0 eps) | EV +0.99 | kl 0.0018 | off_frac 0.02 | H 0.07 |     54s
Update 237/250: return     nan (  0 eps) | EV +0.99 | kl 0.0009 | off_frac 0.00 | H 0.15 |     55s
Update 241/250: return     nan (  0 eps) | EV +0.99 | kl 0.0009 | off_frac 0.01 | H 0.12 |     56s
Update 245/250: return     nan (  0 eps) | EV +0.99 | kl 0.0014 | off_frac 0.02 | H 0.10 |     56s
Update 249/250: return     nan (  0 eps) | EV +0.99 | kl 0.0032 | off_frac 0.04 | H 0.17 |     57s
Update 250/250: return  -880.8 ( 64 eps) | EV +0.99 | kl 0.0025 | off_frac 0.03 | H 0.17 |     58s
greedy evaluation of the frozen policy over 64 episodes: -759.0 +- 511.8 (min -1523, max -5)
saved results/ppo/Pendulum/linear_seed2.json  (58s)
