Pendulum-v1 | policy = linear: 3 features, 12 trainable policy parameters
Update   1/250: return     nan (  0 eps) | EV +0.02 | kl 0.0083 | off_frac 0.11 | H 1.09 |      0s
Update   5/250: return     nan (  0 eps) | EV +0.84 | kl 0.0169 | off_frac 0.37 | H 0.96 |      1s
Update   9/250: return     nan (  0 eps) | EV +0.69 | kl 0.0046 | off_frac 0.06 | H 0.77 |      1s
Update  13/250: return -1197.1 ( 64 eps) | EV +0.90 | kl 0.0090 | off_frac 0.12 | H 0.84 |      2s
Update  17/250: return     nan (  0 eps) | EV +0.95 | kl 0.0061 | off_frac 0.07 | H 0.58 |      3s
Update  21/250: return     nan (  0 eps) | EV +0.89 | kl 0.0041 | off_frac 0.06 | H 0.48 |      3s
Update  25/250: return -1183.0 ( 64 eps) | EV +0.94 | kl 0.0097 | off_frac 0.14 | H 0.56 |      4s
Update  29/250: return     nan (  0 eps) | EV +0.95 | kl 0.0052 | off_frac 0.09 | H 0.36 |      5s
Update  33/250: return     nan (  0 eps) | EV +0.96 | kl 0.0025 | off_frac 0.04 | H 0.30 |      6s
Update  37/250: return     nan (  0 eps) | EV +0.95 | kl 0.0019 | off_frac 0.02 | H 0.32 |      7s
Update  41/250: return     nan (  0 eps) | EV +0.97 | kl 0.0011 | off_frac 0.02 | H 0.26 |      8s
Update  45/250: return     nan (  0 eps) | EV +0.97 | kl 0.0018 | off_frac 0.02 | H 0.23 |      9s
Update  49/250: return     nan (  0 eps) | EV +0.95 | kl 0.0009 | off_frac 0.02 | H 0.23 |     10s
Update  53/250: return     nan (  0 eps) | EV +0.97 | kl 0.0025 | off_frac 0.04 | H 0.18 |     11s
Update  57/250: return -1033.1 ( 64 eps) | EV +0.98 | kl 0.0026 | off_frac 0.05 | H 0.19 |     12s
Update  61/250: return     nan (  0 eps) | EV +0.96 | kl 0.0019 | off_frac 0.03 | H 0.23 |     14s
Update  65/250: return     nan (  0 eps) | EV +0.97 | kl 0.0017 | off_frac 0.02 | H 0.16 |     15s
Update  69/250: return -1081.1 ( 64 eps) | EV +0.96 | kl 0.0015 | off_frac 0.02 | H 0.20 |     16s
Update  73/250: return     nan (  0 eps) | EV +0.98 | kl 0.0063 | off_frac 0.08 | H 0.28 |     17s
Update  77/250: return     nan (  0 eps) | EV +0.98 | kl 0.0011 | off_frac 0.02 | H 0.14 |     18s
Update  81/250: return     nan (  0 eps) | EV +0.97 | kl 0.0021 | off_frac 0.03 | H 0.13 |     19s
Update  85/250: return     nan (  0 eps) | EV +0.98 | kl 0.0014 | off_frac 0.02 | H 0.21 |     20s
Update  89/250: return     nan (  0 eps) | EV +0.98 | kl 0.0017 | off_frac 0.02 | H 0.17 |     20s
Update  93/250: return     nan (  0 eps) | EV +0.97 | kl 0.0048 | off_frac 0.05 | H 0.20 |     21s
Update  97/250: return     nan (  0 eps) | EV +0.98 | kl 0.0008 | off_frac 0.01 | H 0.17 |     22s
Update 101/250: return     nan (  0 eps) | EV +0.99 | kl 0.0024 | off_frac 0.03 | H 0.17 |     23s
Update 105/250: return     nan (  0 eps) | EV +0.98 | kl 0.0023 | off_frac 0.03 | H 0.23 |     24s
Update 109/250: return     nan (  0 eps) | EV +0.98 | kl 0.0025 | off_frac 0.03 | H 0.18 |     25s
Update 113/250: return  -976.4 ( 64 eps) | EV +0.99 | kl 0.0021 | off_frac 0.03 | H 0.20 |     26s
Update 117/250: return     nan (  0 eps) | EV +0.97 | kl 0.0057 | off_frac 0.06 | H 0.17 |     27s
Update 121/250: return     nan (  0 eps) | EV +0.99 | kl 0.0015 | off_frac 0.02 | H 0.14 |     28s
Update 125/250: return -1001.6 ( 64 eps) | EV +0.98 | kl 0.0025 | off_frac 0.03 | H 0.20 |     29s
Update 129/250: return     nan (  0 eps) | EV +0.98 | kl 0.0027 | off_frac 0.04 | H 0.16 |     30s
Update 133/250: return     nan (  0 eps) | EV +0.98 | kl 0.0015 | off_frac 0.03 | H 0.14 |     31s
Update 137/250: return     nan (  0 eps) | EV +0.98 | kl 0.0034 | off_frac 0.05 | H 0.20 |     32s
Update 141/250: return     nan (  0 eps) | EV +0.98 | kl 0.0009 | off_frac 0.01 | H 0.17 |     33s
Update 145/250: return     nan (  0 eps) | EV +0.99 | kl 0.0007 | off_frac 0.01 | H 0.18 |     34s
Update 149/250: return     nan (  0 eps) | EV +0.98 | kl 0.0004 | off_frac 0.00 | H 0.18 |     35s
Update 153/250: return     nan (  0 eps) | EV +0.99 | kl 0.0014 | off_frac 0.02 | H 0.18 |     36s
Update 157/250: return  -967.8 ( 64 eps) | EV +0.99 | kl 0.0004 | off_frac 0.00 | H 0.14 |     37s
Update 161/250: return     nan (  0 eps) | EV +0.99 | kl 0.0007 | off_frac 0.01 | H 0.16 |     37s
Update 165/250: return     nan (  0 eps) | EV +0.99 | kl 0.0012 | off_frac 0.01 | H 0.17 |     38s
Update 169/250: return  -873.7 ( 64 eps) | EV +0.99 | kl 0.0053 | off_frac 0.07 | H 0.21 |     39s
Update 173/250: return     nan (  0 eps) | EV +0.99 | kl 0.0012 | off_frac 0.02 | H 0.13 |     40s
Update 177/250: return     nan (  0 eps) | EV +0.99 | kl 0.0006 | off_frac 0.01 | H 0.12 |     41s
Update 181/250: return     nan (  0 eps) | EV +0.99 | kl 0.0012 | off_frac 0.02 | H 0.18 |     42s
Update 185/250: return     nan (  0 eps) | EV +0.99 | kl 0.0009 | off_frac 0.01 | H 0.13 |     43s
Update 189/250: return     nan (  0 eps) | EV +0.99 | kl 0.0008 | off_frac 0.01 | H 0.12 |     44s
Update 193/250: return     nan (  0 eps) | EV +0.98 | kl 0.0026 | off_frac 0.04 | H 0.21 |     45s
Update 197/250: return     nan (  0 eps) | EV +0.99 | kl 0.0011 | off_frac 0.01 | H 0.14 |     46s
Update 201/250: return     nan (  0 eps) | EV +0.99 | kl 0.0034 | off_frac 0.04 | H 0.12 |     47s
Update 205/250: return     nan (  0 eps) | EV +0.99 | kl 0.0048 | off_frac 0.08 | H 0.18 |     48s
Update 209/250: return     nan (  0 eps) | EV +0.99 | kl 0.0009 | off_frac 0.01 | H 0.15 |     49s
Update 213/250: return  -862.2 ( 64 eps) | EV +0.99 | kl 0.0027 | off_frac 0.05 | H 0.14 |     50s
Update 217/250: return     nan (  0 eps) | EV +0.99 | kl 0.0018 | off_frac 0.02 | H 0.17 |     51s
Update 221/250: return     nan (  0 eps) | EV +0.99 | kl 0.0016 | off_frac 0.02 | H 0.14 |     52s
Update 225/250: return  -972.7 ( 64 eps) | EV +0.99 | kl 0.0016 | off_frac 0.02 | H 0.15 |     53s
Update 229/250: return     nan (  0 eps) | EV +0.98 | kl 0.0002 | off_frac 0.00 | H 0.15 |     54s
Update 233/250: return     nan (  0 eps) | EV +0.99 | kl 0.0010 | off_frac 0.01 | H 0.12 |     55s
Update 237/250: return     nan (  0 eps) | EV +0.99 | kl 0.0018 | off_frac 0.02 | H 0.17 |     56s
Update 241/250: return     nan (  0 eps) | EV +0.99 | kl 0.0023 | off_frac 0.04 | H 0.09 |     57s
Update 245/250: return     nan (  0 eps) | EV +0.99 | kl 0.0012 | off_frac 0.02 | H 0.12 |     58s
Update 249/250: return     nan (  0 eps) | EV +0.98 | kl 0.0023 | off_frac 0.03 | H 0.18 |     59s
Update 250/250: return  -774.9 ( 64 eps) | EV +0.98 | kl 0.0021 | off_frac 0.03 | H 0.17 |     59s
greedy evaluation of the frozen policy over 64 episodes: -718.2 +- 548.9 (min -1519, max -4)
saved results/ppo/Pendulum/linear_seed0.json  (60s)
