Pendulum-v1 | policy = mr (chaos, intensity): 17 features, 54 trainable policy parameters
Update   1/200: return     nan (  0 eps) | EV +0.06 | kl 0.0109 | off_frac 0.15 | H 1.09 |     26s
Update   4/200: return     nan (  0 eps) | EV +0.81 | kl 0.0156 | off_frac 0.25 | H 1.03 |    104s
Update   7/200: return -1168.6 ( 64 eps) | EV +0.95 | kl 0.0188 | off_frac 0.22 | H 0.88 |    182s
Update  10/200: return     nan (  0 eps) | EV +0.86 | kl 0.0175 | off_frac 0.23 | H 0.81 |    261s
Update  13/200: return -1058.5 ( 64 eps) | EV +0.91 | kl 0.0135 | off_frac 0.19 | H 0.76 |    339s
Update  16/200: return     nan (  0 eps) | EV +0.91 | kl 0.0113 | off_frac 0.13 | H 0.65 |    398s
Update  19/200: return  -809.4 ( 64 eps) | EV +0.96 | kl 0.0074 | off_frac 0.11 | H 0.51 |    451s
Update  22/200: return     nan (  0 eps) | EV +0.94 | kl 0.0079 | off_frac 0.09 | H 0.46 |    504s
Update  25/200: return  -751.5 ( 64 eps) | EV +0.93 | kl 0.0065 | off_frac 0.08 | H 0.45 |    557s
Update  28/200: return     nan (  0 eps) | EV +0.95 | kl 0.0054 | off_frac 0.06 | H 0.37 |    610s
Update  31/200: return     nan (  0 eps) | EV +0.93 | kl 0.0034 | off_frac 0.04 | H 0.36 |    663s
Update  34/200: return     nan (  0 eps) | EV +0.94 | kl 0.0073 | off_frac 0.10 | H 0.32 |    716s
Update  37/200: return     nan (  0 eps) | EV +0.94 | kl 0.0102 | off_frac 0.10 | H 0.29 |    768s
Update  40/200: return     nan (  0 eps) | EV +0.97 | kl 0.0035 | off_frac 0.05 | H 0.32 |    820s
Update  43/200: return     nan (  0 eps) | EV +0.94 | kl 0.0035 | off_frac 0.04 | H 0.30 |    873s
Update  46/200: return     nan (  0 eps) | EV +0.95 | kl 0.0055 | off_frac 0.06 | H 0.29 |    926s
Update  49/200: return     nan (  0 eps) | EV +0.94 | kl 0.0066 | off_frac 0.08 | H 0.29 |    978s
Update  52/200: return     nan (  0 eps) | EV +0.98 | kl 0.0034 | off_frac 0.04 | H 0.27 |   1029s
Update  55/200: return     nan (  0 eps) | EV +0.95 | kl 0.0088 | off_frac 0.09 | H 0.30 |   1082s
Update  58/200: return     nan (  0 eps) | EV +0.98 | kl 0.0072 | off_frac 0.06 | H 0.26 |   1135s
Update  61/200: return     nan (  0 eps) | EV +0.94 | kl 0.0059 | off_frac 0.05 | H 0.27 |   1186s
Update  64/200: return     nan (  0 eps) | EV +0.98 | kl 0.0108 | off_frac 0.10 | H 0.21 |   1239s
Update  67/200: return     nan (  0 eps) | EV +0.94 | kl 0.0056 | off_frac 0.07 | H 0.27 |   1292s
Update  70/200: return     nan (  0 eps) | EV +0.98 | kl 0.0072 | off_frac 0.08 | H 0.23 |   1344s
Update  73/200: return     nan (  0 eps) | EV +0.93 | kl 0.0047 | off_frac 0.06 | H 0.26 |   1396s
Update  76/200: return     nan (  0 eps) | EV +0.98 | kl 0.0050 | off_frac 0.06 | H 0.21 |   1448s
Update  79/200: return     nan (  0 eps) | EV +0.96 | kl 0.0072 | off_frac 0.08 | H 0.23 |   1501s
Update  82/200: return  -544.6 ( 64 eps) | EV +0.98 | kl 0.0063 | off_frac 0.07 | H 0.20 |   1553s
Update  85/200: return     nan (  0 eps) | EV +0.95 | kl 0.0047 | off_frac 0.06 | H 0.24 |   1606s
Update  88/200: return  -469.0 ( 64 eps) | EV +0.98 | kl 0.0048 | off_frac 0.05 | H 0.21 |   1658s
Update  91/200: return     nan (  0 eps) | EV +0.96 | kl 0.0054 | off_frac 0.07 | H 0.22 |   1712s
Update  94/200: return  -483.6 ( 64 eps) | EV +0.97 | kl 0.0049 | off_frac 0.06 | H 0.19 |   1801s
Update  97/200: return     nan (  0 eps) | EV +0.95 | kl 0.0035 | off_frac 0.04 | H 0.21 |   1880s
Update 100/200: return  -452.0 ( 64 eps) | EV +0.95 | kl 0.0063 | off_frac 0.08 | H 0.21 |   1958s
Update 103/200: return     nan (  0 eps) | EV +0.98 | kl 0.0050 | off_frac 0.06 | H 0.19 |   2037s
Update 106/200: return     nan (  0 eps) | EV +0.95 | kl 0.0056 | off_frac 0.07 | H 0.21 |   2115s
Update 109/200: return     nan (  0 eps) | EV +0.97 | kl 0.0068 | off_frac 0.09 | H 0.19 |   2194s
Update 112/200: return     nan (  0 eps) | EV +0.95 | kl 0.0050 | off_frac 0.06 | H 0.20 |   2272s
Update 115/200: return     nan (  0 eps) | EV +0.97 | kl 0.0064 | off_frac 0.06 | H 0.20 |   2352s
Update 118/200: return     nan (  0 eps) | EV +0.94 | kl 0.0042 | off_frac 0.05 | H 0.22 |   2430s
Update 121/200: return     nan (  0 eps) | EV +0.98 | kl 0.0062 | off_frac 0.06 | H 0.20 |   2508s
Update 124/200: return     nan (  0 eps) | EV +0.94 | kl 0.0065 | off_frac 0.09 | H 0.20 |   2586s
Update 127/200: return     nan (  0 eps) | EV +0.98 | kl 0.0079 | off_frac 0.07 | H 0.18 |   2663s
Update 130/200: return     nan (  0 eps) | EV +0.95 | kl 0.0046 | off_frac 0.05 | H 0.21 |   2740s
Update 133/200: return     nan (  0 eps) | EV +0.98 | kl 0.0048 | off_frac 0.06 | H 0.16 |   2817s
Update 136/200: return     nan (  0 eps) | EV +0.97 | kl 0.0017 | off_frac 0.02 | H 0.22 |   2895s
Update 139/200: return     nan (  0 eps) | EV +0.98 | kl 0.0125 | off_frac 0.10 | H 0.18 |   2969s
Update 142/200: return     nan (  0 eps) | EV +0.95 | kl 0.0038 | off_frac 0.04 | H 0.21 |   3037s
Update 145/200: return     nan (  0 eps) | EV +0.97 | kl 0.0062 | off_frac 0.06 | H 0.17 |   3098s
Update 148/200: return     nan (  0 eps) | EV +0.93 | kl 0.0076 | off_frac 0.09 | H 0.23 |   3150s
Update 151/200: return     nan (  0 eps) | EV +0.98 | kl 0.0052 | off_frac 0.05 | H 0.14 |   3203s
Update 154/200: return     nan (  0 eps) | EV +0.96 | kl 0.0019 | off_frac 0.03 | H 0.20 |   3255s
Update 157/200: return  -522.6 ( 64 eps) | EV +0.99 | kl 0.0126 | off_frac 0.08 | H 0.18 |   3308s
Update 160/200: return     nan (  0 eps) | EV +0.96 | kl 0.0061 | off_frac 0.05 | H 0.20 |   3360s
Update 163/200: return  -473.6 ( 64 eps) | EV +0.99 | kl 0.0034 | off_frac 0.04 | H 0.16 |   3413s
Update 166/200: return     nan (  0 eps) | EV +0.97 | kl 0.0065 | off_frac 0.07 | H 0.19 |   3464s
Update 169/200: return  -429.8 ( 64 eps) | EV +0.98 | kl 0.0038 | off_frac 0.05 | H 0.18 |   3517s
Update 172/200: return     nan (  0 eps) | EV +0.98 | kl 0.0101 | off_frac 0.09 | H 0.19 |   3569s
Update 175/200: return  -457.8 ( 64 eps) | EV +0.96 | kl 0.0053 | off_frac 0.05 | H 0.19 |   3621s
Update 178/200: return     nan (  0 eps) | EV +0.97 | kl 0.0078 | off_frac 0.07 | H 0.21 |   3675s
Update 181/200: return     nan (  0 eps) | EV +0.96 | kl 0.0029 | off_frac 0.03 | H 0.21 |   3728s
Update 184/200: return     nan (  0 eps) | EV +0.97 | kl 0.0051 | off_frac 0.05 | H 0.21 |   3780s
Update 187/200: return     nan (  0 eps) | EV +0.97 | kl 0.0050 | off_frac 0.06 | H 0.21 |   3832s
Update 190/200: return     nan (  0 eps) | EV +0.96 | kl 0.0058 | off_frac 0.06 | H 0.18 |   3885s
Update 193/200: return     nan (  0 eps) | EV +0.95 | kl 0.0031 | off_frac 0.04 | H 0.21 |   3936s
Update 196/200: return     nan (  0 eps) | EV +0.98 | kl 0.0048 | off_frac 0.06 | H 0.17 |   3988s
Update 199/200: return     nan (  0 eps) | EV +0.95 | kl 0.0055 | off_frac 0.06 | H 0.20 |   4039s
Update 200/200: return  -430.2 ( 64 eps) | EV +0.95 | kl 0.0066 | off_frac 0.07 | H 0.19 |   4056s
greedy evaluation of the frozen policy over 64 episodes: -428.0 +- 266.1 (min -1338, max -97)
saved results/ppo/Pendulum/mr_chaos_seed0.json  (4164s)
