Pendulum-v1 | policy = mr (normal, intensity): 17 features, 54 trainable policy parameters
Update   1/250: return     nan (  0 eps) | EV +0.03 | kl 0.0114 | off_frac 0.16 | H 1.09 |     34s
Update   5/250: return     nan (  0 eps) | EV +0.88 | kl 0.0178 | off_frac 0.29 | H 0.98 |    149s
Update   9/250: return     nan (  0 eps) | EV +0.79 | kl 0.0154 | off_frac 0.18 | H 0.70 |    274s
Update  13/250: return  -887.7 ( 64 eps) | EV +0.92 | kl 0.0101 | off_frac 0.13 | H 0.61 |    404s
Update  17/250: return     nan (  0 eps) | EV +0.94 | kl 0.0046 | off_frac 0.06 | H 0.49 |    520s
Update  21/250: return     nan (  0 eps) | EV +0.97 | kl 0.0038 | off_frac 0.05 | H 0.47 |    635s
Update  25/250: return  -602.4 ( 64 eps) | EV +0.94 | kl 0.0063 | off_frac 0.08 | H 0.39 |    751s
Update  29/250: return     nan (  0 eps) | EV +0.98 | kl 0.0038 | off_frac 0.04 | H 0.38 |    867s
Update  33/250: return     nan (  0 eps) | EV +0.99 | kl 0.0089 | off_frac 0.08 | H 0.36 |    977s
Update  37/250: return     nan (  0 eps) | EV +0.94 | kl 0.0009 | off_frac 0.01 | H 0.43 |   1087s
Update  41/250: return     nan (  0 eps) | EV +0.98 | kl 0.0009 | off_frac 0.01 | H 0.44 |   1195s
Update  45/250: return     nan (  0 eps) | EV +0.98 | kl 0.0092 | off_frac 0.13 | H 0.33 |   1289s
Update  49/250: return     nan (  0 eps) | EV +0.95 | kl 0.0007 | off_frac 0.00 | H 0.42 |   1372s
Update  53/250: return     nan (  0 eps) | EV +0.98 | kl 0.0021 | off_frac 0.02 | H 0.43 |   1447s
Update  57/250: return  -266.5 ( 64 eps) | EV +0.99 | kl 0.0092 | off_frac 0.06 | H 0.30 |   1523s
Update  61/250: return     nan (  0 eps) | EV +0.92 | kl 0.0022 | off_frac 0.00 | H 0.49 |   1590s
Update  65/250: return     nan (  0 eps) | EV +0.98 | kl 0.0058 | off_frac 0.07 | H 0.45 |   1661s
Update  69/250: return  -175.3 ( 64 eps) | EV +1.00 | kl 0.0006 | off_frac 0.01 | H 0.40 |   1731s
Update  73/250: return     nan (  0 eps) | EV +0.98 | kl 0.0024 | off_frac 0.00 | H 0.46 |   1801s
Update  77/250: return     nan (  0 eps) | EV +0.98 | kl 0.0113 | off_frac 0.20 | H 0.40 |   1871s
Update  81/250: return     nan (  0 eps) | EV +0.98 | kl 0.0063 | off_frac 0.08 | H 0.48 |   1935s
Update  85/250: return     nan (  0 eps) | EV -4.81 | kl 0.0022 | off_frac 0.00 | H 0.47 |   1996s
Update  89/250: return     nan (  0 eps) | EV +0.99 | kl 0.0040 | off_frac 0.03 | H 0.34 |   2048s
Update  93/250: return     nan (  0 eps) | EV +0.93 | kl 0.0036 | off_frac 0.02 | H 0.47 |   2114s
Update  97/250: return     nan (  0 eps) | EV +0.98 | kl 0.0017 | off_frac 0.00 | H 0.46 |   2183s
Update 101/250: return     nan (  0 eps) | EV +0.98 | kl 0.0123 | off_frac 0.08 | H 0.22 |   2233s
Update 105/250: return     nan (  0 eps) | EV -0.83 | kl 0.0053 | off_frac 0.06 | H 0.47 |   2286s
Update 109/250: return     nan (  0 eps) | EV +0.99 | kl 0.0126 | off_frac 0.22 | H 0.47 |   2342s
Update 113/250: return  -162.1 ( 64 eps) | EV +0.99 | kl 0.0033 | off_frac 0.03 | H 0.31 |   2386s
Update 117/250: return     nan (  0 eps) | EV +1.00 | kl 0.0081 | off_frac 0.14 | H 0.46 |   2437s
Update 121/250: return     nan (  0 eps) | EV +1.00 | kl 0.0027 | off_frac 0.01 | H 0.39 |   2467s
Update 125/250: return  -201.2 ( 64 eps) | EV -2.78 | kl 0.0015 | off_frac 0.01 | H 0.46 |   2487s
Update 129/250: return     nan (  0 eps) | EV +1.00 | kl 0.0042 | off_frac 0.03 | H 0.43 |   2580s
Update 133/250: return     nan (  0 eps) | EV +1.00 | kl 0.0164 | off_frac 0.19 | H 0.32 |   2661s
Update 137/250: return     nan (  0 eps) | EV -2.74 | kl 0.0143 | off_frac 0.26 | H 0.44 |   2739s
Update 141/250: return     nan (  0 eps) | EV -3.09 | kl 0.0009 | off_frac 0.00 | H 0.46 |   2829s
Update 145/250: return     nan (  0 eps) | EV +0.99 | kl 0.0035 | off_frac 0.04 | H 0.21 |   2905s
Update 149/250: return     nan (  0 eps) | EV -4.32 | kl 0.0019 | off_frac 0.00 | H 0.46 |   2993s
Update 153/250: return     nan (  0 eps) | EV +0.99 | kl 0.0056 | off_frac 0.07 | H 0.42 |   3091s
Update 157/250: return  -189.0 ( 64 eps) | EV +0.99 | kl 0.0159 | off_frac 0.06 | H 0.24 |   3146s
Update 161/250: return     nan (  0 eps) | EV -0.66 | kl 0.0030 | off_frac 0.03 | H 0.43 |   3218s
Update 165/250: return     nan (  0 eps) | EV +0.99 | kl 0.0080 | off_frac 0.11 | H 0.38 |   3308s
Update 169/250: return  -189.9 ( 64 eps) | EV +1.00 | kl 0.0161 | off_frac 0.08 | H 0.37 |   3356s
Update 173/250: return     nan (  0 eps) | EV -1.46 | kl 0.0034 | off_frac 0.02 | H 0.44 |   3413s
Update 177/250: return     nan (  0 eps) | EV +1.00 | kl 0.0040 | off_frac 0.04 | H 0.37 |   3470s
Update 181/250: return     nan (  0 eps) | EV -1.12 | kl 0.0020 | off_frac 0.00 | H 0.42 |   3519s
Update 185/250: return     nan (  0 eps) | EV +0.94 | kl 0.0060 | off_frac 0.01 | H 0.42 |   3594s
Update 189/250: return     nan (  0 eps) | EV +0.99 | kl 0.0051 | off_frac 0.06 | H 0.30 |   3658s
Update 193/250: return     nan (  0 eps) | EV -3.07 | kl 0.0033 | off_frac 0.02 | H 0.43 |   3697s
Update 197/250: return     nan (  0 eps) | EV +0.65 | kl 0.0031 | off_frac 0.00 | H 0.44 |   3739s
Update 201/250: return     nan (  0 eps) | EV +0.99 | kl 0.0081 | off_frac 0.07 | H 0.19 |   3770s
Update 205/250: return     nan (  0 eps) | EV -5.50 | kl 0.0028 | off_frac 0.00 | H 0.42 |   3798s
Update 209/250: return     nan (  0 eps) | EV +1.00 | kl 0.0276 | off_frac 0.35 | H 0.39 |   3828s
Update 213/250: return  -175.9 ( 64 eps) | EV +1.00 | kl 0.0073 | off_frac 0.11 | H 0.30 |   3850s
Update 217/250: return     nan (  0 eps) | EV -2.76 | kl 0.0075 | off_frac 0.13 | H 0.42 |   3877s
Update 221/250: return     nan (  0 eps) | EV +1.00 | kl 0.0111 | off_frac 0.13 | H 0.35 |   3906s
Update 225/250: return  -166.9 ( 64 eps) | EV +0.10 | kl 0.0014 | off_frac 0.00 | H 0.41 |   3927s
Update 229/250: return     nan (  0 eps) | EV -0.84 | kl 0.0028 | off_frac 0.01 | H 0.41 |   3960s
Update 233/250: return     nan (  0 eps) | EV +1.00 | kl 0.0092 | off_frac 0.09 | H 0.30 |   3992s
Update 237/250: return     nan (  0 eps) | EV -1.17 | kl 0.0035 | off_frac 0.02 | H 0.41 |   4019s
Update 241/250: return     nan (  0 eps) | EV -4.64 | kl 0.0016 | off_frac 0.00 | H 0.40 |   4053s
Update 245/250: return     nan (  0 eps) | EV +0.99 | kl 0.0160 | off_frac 0.11 | H 0.19 |   4078s
Update 249/250: return     nan (  0 eps) | EV -1.16 | kl 0.0003 | off_frac 0.00 | H 0.40 |   4102s
Update 250/250: return  -173.2 ( 64 eps) | EV -3.45 | kl 0.0035 | off_frac 0.02 | H 0.40 |   4107s
ring health: {'unstable_fraction': 0.0, 'calls': 513536, 'substepped': 0, 'reprepared': 6}
greedy evaluation of the frozen policy over 64 episodes: -196.1 +- 251.1 (min -1496, max -2)
saved results/ppo/Pendulum/mr_normal_seed1.json  (4146s)
