Pendulum-v1 | policy = mr (normal, intensity): 17 features, 54 trainable policy parameters
Update   1/250: return     nan (  0 eps) | EV +0.06 | kl 0.0094 | off_frac 0.13 | H 1.09 |     10s
Update   5/250: return     nan (  0 eps) | EV +0.88 | kl 0.0173 | off_frac 0.25 | H 0.99 |     46s
Update   9/250: return     nan (  0 eps) | EV +0.76 | kl 0.0220 | off_frac 0.21 | H 0.77 |     86s
Update  13/250: return -1019.4 ( 64 eps) | EV +0.91 | kl 0.0154 | off_frac 0.24 | H 0.68 |    131s
Update  17/250: return     nan (  0 eps) | EV +0.93 | kl 0.0171 | off_frac 0.18 | H 0.53 |    197s
Update  21/250: return     nan (  0 eps) | EV +0.97 | kl 0.0136 | off_frac 0.15 | H 0.44 |    273s
Update  25/250: return  -585.9 ( 64 eps) | EV +0.94 | kl 0.0038 | off_frac 0.04 | H 0.43 |    349s
Update  29/250: return     nan (  0 eps) | EV +0.97 | kl 0.0029 | off_frac 0.02 | H 0.40 |    425s
Update  33/250: return     nan (  0 eps) | EV +0.98 | kl 0.0090 | off_frac 0.15 | H 0.39 |    497s
Update  37/250: return     nan (  0 eps) | EV +0.96 | kl 0.0118 | off_frac 0.22 | H 0.44 |    572s
Update  41/250: return     nan (  0 eps) | EV +0.96 | kl 0.0051 | off_frac 0.04 | H 0.46 |    648s
Update  45/250: return     nan (  0 eps) | EV +0.98 | kl 0.0200 | off_frac 0.19 | H 0.31 |    725s
Update  49/250: return     nan (  0 eps) | EV +0.98 | kl 0.0032 | off_frac 0.02 | H 0.49 |    798s
Update  53/250: return     nan (  0 eps) | EV +0.99 | kl 0.0157 | off_frac 0.27 | H 0.45 |    868s
Update  57/250: return  -254.4 ( 64 eps) | EV +0.99 | kl 0.0066 | off_frac 0.06 | H 0.31 |    940s
Update  61/250: return     nan (  0 eps) | EV +0.95 | kl 0.0109 | off_frac 0.19 | H 0.44 |   1013s
Update  65/250: return     nan (  0 eps) | EV +0.97 | kl 0.0027 | off_frac 0.01 | H 0.41 |   1085s
Update  69/250: return  -218.0 ( 64 eps) | EV +1.00 | kl 0.0016 | off_frac 0.01 | H 0.41 |   1154s
Update  73/250: return     nan (  0 eps) | EV +0.92 | kl 0.0003 | off_frac 0.00 | H 0.48 |   1220s
Update  77/250: return     nan (  0 eps) | EV +0.99 | kl 0.0098 | off_frac 0.17 | H 0.40 |   1288s
Update  81/250: return     nan (  0 eps) | EV +0.89 | kl 0.0075 | off_frac 0.11 | H 0.49 |   1343s
Update  85/250: return     nan (  0 eps) | EV +0.97 | kl 0.0039 | off_frac 0.03 | H 0.46 |   1413s
Update  89/250: return     nan (  0 eps) | EV +0.99 | kl 0.0080 | off_frac 0.13 | H 0.33 |   1471s
Update  93/250: return     nan (  0 eps) | EV +0.83 | kl 0.0026 | off_frac 0.00 | H 0.48 |   1497s
Update  97/250: return     nan (  0 eps) | EV -0.41 | kl 0.0091 | off_frac 0.16 | H 0.47 |   1528s
Update 101/250: return     nan (  0 eps) | EV +0.99 | kl 0.0023 | off_frac 0.03 | H 0.25 |   1552s
Update 105/250: return     nan (  0 eps) | EV +0.96 | kl 0.0012 | off_frac 0.00 | H 0.48 |   1609s
Update 109/250: return     nan (  0 eps) | EV +1.00 | kl 0.0008 | off_frac 0.00 | H 0.47 |   1669s
Update 113/250: return  -164.1 ( 64 eps) | EV +1.00 | kl 0.0086 | off_frac 0.06 | H 0.34 |   1719s
Update 117/250: return     nan (  0 eps) | EV -4.18 | kl 0.0029 | off_frac 0.01 | H 0.47 |   1778s
Update 121/250: return     nan (  0 eps) | EV +0.99 | kl 0.0042 | off_frac 0.02 | H 0.43 |   1836s
Update 125/250: return  -170.8 ( 64 eps) | EV +0.10 | kl 0.0091 | off_frac 0.16 | H 0.47 |   1877s
Update 129/250: return     nan (  0 eps) | EV +0.99 | kl 0.0020 | off_frac 0.00 | H 0.46 |   1946s
Update 133/250: return     nan (  0 eps) | EV +0.99 | kl 0.0128 | off_frac 0.19 | H 0.34 |   2010s
Update 137/250: return     nan (  0 eps) | EV -2.14 | kl 0.0036 | off_frac 0.03 | H 0.47 |   2058s
Update 141/250: return     nan (  0 eps) | EV +0.98 | kl 0.0007 | off_frac 0.00 | H 0.46 |   2122s
Update 145/250: return     nan (  0 eps) | EV +0.99 | kl 0.0054 | off_frac 0.06 | H 0.24 |   2172s
Update 149/250: return     nan (  0 eps) | EV -4.81 | kl 0.0026 | off_frac 0.00 | H 0.47 |   2242s
Update 153/250: return     nan (  0 eps) | EV +1.00 | kl 0.0041 | off_frac 0.03 | H 0.44 |   2341s
Update 157/250: return  -204.4 ( 64 eps) | EV +0.99 | kl 0.0043 | off_frac 0.04 | H 0.22 |   2425s
Update 161/250: return     nan (  0 eps) | EV -1.53 | kl 0.0007 | off_frac 0.00 | H 0.48 |   2516s
Update 165/250: return     nan (  0 eps) | EV +0.99 | kl 0.0002 | off_frac 0.00 | H 0.45 |   2592s
Update 169/250: return  -175.8 ( 64 eps) | EV +1.00 | kl 0.0014 | off_frac 0.01 | H 0.39 |   2638s
Update 173/250: return     nan (  0 eps) | EV -0.16 | kl 0.0085 | off_frac 0.09 | H 0.52 |   2699s
Update 177/250: return     nan (  0 eps) | EV +1.00 | kl 0.0021 | off_frac 0.01 | H 0.36 |   2754s
Update 181/250: return     nan (  0 eps) | EV -2.06 | kl 0.0011 | off_frac 0.00 | H 0.48 |   2803s
Update 185/250: return     nan (  0 eps) | EV +0.96 | kl 0.0081 | off_frac 0.01 | H 0.50 |   2869s
Update 189/250: return     nan (  0 eps) | EV +0.96 | kl 0.0027 | off_frac 0.02 | H 0.27 |   2940s
Update 193/250: return     nan (  0 eps) | EV +0.99 | kl 0.0159 | off_frac 0.25 | H 0.43 |   3016s
Update 197/250: return     nan (  0 eps) | EV +0.95 | kl 0.0110 | off_frac 0.21 | H 0.41 |   3088s
Update 201/250: return     nan (  0 eps) | EV +0.99 | kl 0.0029 | off_frac 0.04 | H 0.18 |   3141s
Update 205/250: return     nan (  0 eps) | EV -0.08 | kl 0.0064 | off_frac 0.10 | H 0.42 |   3203s
Update 209/250: return     nan (  0 eps) | EV +0.99 | kl 0.0028 | off_frac 0.01 | H 0.41 |   3263s
Update 213/250: return  -176.5 ( 64 eps) | EV +0.99 | kl 0.0069 | off_frac 0.05 | H 0.29 |   3307s
Update 217/250: return     nan (  0 eps) | EV -3.21 | kl 0.0125 | off_frac 0.22 | H 0.42 |   3369s
Update 221/250: return     nan (  0 eps) | EV +1.00 | kl 0.0040 | off_frac 0.04 | H 0.37 |   3427s
Update 225/250: return  -207.9 ( 64 eps) | EV -1.41 | kl 0.0007 | off_frac 0.00 | H 0.43 |   3470s
Update 229/250: return     nan (  0 eps) | EV -1.81 | kl 0.0006 | off_frac 0.00 | H 0.42 |   3526s
Update 233/250: return     nan (  0 eps) | EV +0.99 | kl 0.0076 | off_frac 0.08 | H 0.24 |   3579s
Update 237/250: return     nan (  0 eps) | EV -0.88 | kl 0.0022 | off_frac 0.01 | H 0.42 |   3634s
Update 241/250: return     nan (  0 eps) | EV +0.99 | kl 0.0145 | off_frac 0.24 | H 0.41 |   3699s
Update 245/250: return     nan (  0 eps) | EV +0.99 | kl 0.0037 | off_frac 0.05 | H 0.25 |   3750s
Update 249/250: return     nan (  0 eps) | EV -3.15 | kl 0.0040 | off_frac 0.03 | H 0.42 |   3803s
Update 250/250: return  -157.3 ( 64 eps) | EV -2.03 | kl 0.0003 | off_frac 0.00 | H 0.42 |   3813s
ring health: {'unstable_fraction': 0.0, 'calls': 513536, 'substepped': 0, 'reprepared': 7}
greedy evaluation of the frozen policy over 64 episodes: -251.7 +- 339.0 (min -1493, max -2)
saved results/ppo/Pendulum/mr_normal_seed0.json  (3896s)
