Pendulum-v1 | policy = mr (normal, intensity): 17 features, 54 trainable policy parameters
Update   1/250: return     nan (  0 eps) | EV +0.03 | kl 0.0140 | off_frac 0.19 | H 1.08 |     14s
Update   5/250: return     nan (  0 eps) | EV +0.87 | kl 0.0165 | off_frac 0.23 | H 0.96 |     72s
Update   9/250: return     nan (  0 eps) | EV +0.73 | kl 0.0163 | off_frac 0.17 | H 0.78 |    134s
Update  13/250: return -1073.0 ( 64 eps) | EV +0.88 | kl 0.0077 | off_frac 0.11 | H 0.70 |    202s
Update  17/250: return     nan (  0 eps) | EV +0.95 | kl 0.0133 | off_frac 0.18 | H 0.54 |    257s
Update  21/250: return     nan (  0 eps) | EV +0.96 | kl 0.0055 | off_frac 0.07 | H 0.44 |    312s
Update  25/250: return  -613.3 ( 64 eps) | EV +0.95 | kl 0.0038 | off_frac 0.05 | H 0.37 |    367s
Update  29/250: return     nan (  0 eps) | EV +0.97 | kl 0.0071 | off_frac 0.08 | H 0.42 |    423s
Update  33/250: return     nan (  0 eps) | EV +0.99 | kl 0.0026 | off_frac 0.01 | H 0.40 |    478s
Update  37/250: return     nan (  0 eps) | EV +0.95 | kl 0.0028 | off_frac 0.01 | H 0.47 |    532s
Update  41/250: return     nan (  0 eps) | EV +0.99 | kl 0.0033 | off_frac 0.01 | H 0.42 |    586s
Update  45/250: return     nan (  0 eps) | EV +0.99 | kl 0.0032 | off_frac 0.03 | H 0.26 |    624s
Update  49/250: return     nan (  0 eps) | EV +0.96 | kl 0.0029 | off_frac 0.00 | H 0.49 |    663s
Update  53/250: return     nan (  0 eps) | EV +0.99 | kl 0.0010 | off_frac 0.01 | H 0.43 |    722s
Update  57/250: return  -227.3 ( 64 eps) | EV +0.99 | kl 0.0055 | off_frac 0.09 | H 0.23 |    773s
Update  61/250: return     nan (  0 eps) | EV +0.97 | kl 0.0070 | off_frac 0.10 | H 0.47 |    814s
Update  65/250: return     nan (  0 eps) | EV +1.00 | kl 0.0047 | off_frac 0.04 | H 0.43 |    848s
Update  69/250: return  -224.3 ( 64 eps) | EV +1.00 | kl 0.0055 | off_frac 0.06 | H 0.42 |    877s
Update  73/250: return     nan (  0 eps) | EV +0.58 | kl 0.0078 | off_frac 0.12 | H 0.48 |    909s
Update  77/250: return     nan (  0 eps) | EV +0.99 | kl 0.0034 | off_frac 0.02 | H 0.37 |    940s
Update  81/250: return     nan (  0 eps) | EV +0.95 | kl 0.0048 | off_frac 0.04 | H 0.50 |    969s
Update  85/250: return     nan (  0 eps) | EV +0.99 | kl 0.0099 | off_frac 0.19 | H 0.46 |   1005s
Update  89/250: return     nan (  0 eps) | EV +0.98 | kl 0.0037 | off_frac 0.02 | H 0.29 |   1036s
Update  93/250: return     nan (  0 eps) | EV +0.68 | kl 0.0080 | off_frac 0.13 | H 0.48 |   1068s
Update  97/250: return     nan (  0 eps) | EV +0.99 | kl 0.0055 | off_frac 0.07 | H 0.47 |   1110s
Update 101/250: return     nan (  0 eps) | EV +0.99 | kl 0.0021 | off_frac 0.03 | H 0.19 |   1138s
Update 105/250: return     nan (  0 eps) | EV +1.00 | kl 0.0249 | off_frac 0.36 | H 0.54 |   1171s
Update 109/250: return     nan (  0 eps) | EV +0.98 | kl 0.0014 | off_frac 0.01 | H 0.58 |   1207s
Update 113/250: return  -209.5 ( 64 eps) | EV +1.00 | kl 0.0058 | off_frac 0.07 | H 0.37 |   1249s
Update 117/250: return     nan (  0 eps) | EV +0.09 | kl 0.0059 | off_frac 0.03 | H 0.61 |   1280s
Update 121/250: return     nan (  0 eps) | EV +1.00 | kl 0.0050 | off_frac 0.07 | H 0.41 |   1310s
Update 125/250: return  -240.5 ( 64 eps) | EV -2.52 | kl 0.0058 | off_frac 0.07 | H 0.54 |   1334s
Update 129/250: return     nan (  0 eps) | EV +0.95 | kl 0.0019 | off_frac 0.02 | H 0.54 |   1368s
Update 133/250: return     nan (  0 eps) | EV +1.00 | kl 0.0030 | off_frac 0.03 | H 0.34 |   1395s
Update 137/250: return     nan (  0 eps) | EV +1.00 | kl 0.0145 | off_frac 0.24 | H 0.50 |   1426s
Update 141/250: return     nan (  0 eps) | EV +1.00 | kl 0.0028 | off_frac 0.00 | H 0.53 |   1464s
Update 145/250: return     nan (  0 eps) | EV +0.99 | kl 0.0040 | off_frac 0.07 | H 0.20 |   1494s
Update 149/250: return     nan (  0 eps) | EV -2.97 | kl 0.0020 | off_frac 0.00 | H 0.55 |   1536s
Update 153/250: return     nan (  0 eps) | EV +0.99 | kl 0.0022 | off_frac 0.02 | H 0.53 |   1568s
Update 157/250: return  -193.6 ( 64 eps) | EV +0.98 | kl 0.0024 | off_frac 0.02 | H 0.26 |   1591s
Update 161/250: return     nan (  0 eps) | EV -1.25 | kl 0.0042 | off_frac 0.04 | H 0.51 |   1620s
Update 165/250: return     nan (  0 eps) | EV +1.00 | kl 0.0055 | off_frac 0.09 | H 0.43 |   1650s
Update 169/250: return  -170.1 ( 64 eps) | EV +1.00 | kl 0.0023 | off_frac 0.01 | H 0.43 |   1673s
Update 173/250: return     nan (  0 eps) | EV -3.52 | kl 0.0034 | off_frac 0.01 | H 0.50 |   1702s
Update 177/250: return     nan (  0 eps) | EV +1.00 | kl 0.0029 | off_frac 0.02 | H 0.36 |   1730s
Update 181/250: return     nan (  0 eps) | EV -1.27 | kl 0.0033 | off_frac 0.01 | H 0.54 |   1752s
Update 185/250: return     nan (  0 eps) | EV +1.00 | kl 0.0180 | off_frac 0.29 | H 0.48 |   1786s
Update 189/250: return     nan (  0 eps) | EV +0.98 | kl 0.0040 | off_frac 0.01 | H 0.28 |   1812s
Update 193/250: return     nan (  0 eps) | EV +0.98 | kl 0.0095 | off_frac 0.17 | H 0.51 |   1845s
Update 197/250: return     nan (  0 eps) | EV +1.00 | kl 0.0030 | off_frac 0.02 | H 0.49 |   1877s
Update 201/250: return     nan (  0 eps) | EV +0.99 | kl 0.0047 | off_frac 0.07 | H 0.20 |   1906s
Update 205/250: return     nan (  0 eps) | EV -1.42 | kl 0.0027 | off_frac 0.02 | H 0.68 |   1934s
Update 209/250: return     nan (  0 eps) | EV +0.95 | kl 0.0049 | off_frac 0.05 | H 0.60 |   1963s
Update 213/250: return  -186.1 ( 64 eps) | EV +1.00 | kl 0.0025 | off_frac 0.02 | H 0.41 |   1986s
Update 217/250: return     nan (  0 eps) | EV -2.31 | kl 0.0070 | off_frac 0.09 | H 0.76 |   2013s
Update 221/250: return     nan (  0 eps) | EV +1.00 | kl 0.0027 | off_frac 0.01 | H 0.68 |   2042s
Update 225/250: return  -154.5 ( 64 eps) | EV -1.43 | kl 0.0023 | off_frac 0.00 | H 0.78 |   2061s
Update 229/250: return     nan (  0 eps) | EV +1.00 | kl 0.0052 | off_frac 0.04 | H 0.84 |   2094s
Update 233/250: return     nan (  0 eps) | EV +1.00 | kl 0.0134 | off_frac 0.19 | H 0.43 |   2124s
Update 237/250: return     nan (  0 eps) | EV +0.99 | kl 0.0049 | off_frac 0.04 | H 0.74 |   2160s
Update 241/250: return     nan (  0 eps) | EV +0.97 | kl 0.0053 | off_frac 0.06 | H 0.72 |   2195s
Update 245/250: return     nan (  0 eps) | EV +0.98 | kl 0.0024 | off_frac 0.02 | H 0.32 |   2226s
Update 249/250: return     nan (  0 eps) | EV -4.81 | kl 0.0266 | off_frac 0.40 | H 0.84 |   2252s
Update 250/250: return  -182.6 ( 64 eps) | EV -1.10 | kl 0.0232 | off_frac 0.33 | H 0.81 |   2257s
ring health: {'unstable_fraction': 0.0, 'calls': 513536, 'substepped': 0, 'reprepared': 2}
greedy evaluation of the frozen policy over 64 episodes: -206.3 +- 251.9 (min -1499, max -1)
saved results/ppo/Pendulum/mr_normal_seed2.json  (2298s)
