Pendulum-v1 | policy = nn: 3 features, 899 trainable policy parameters
Update   1/250: return     nan (  0 eps) | EV +0.02 | kl 0.0129 | off_frac 0.17 | H 1.03 |      1s
Update   5/250: return     nan (  0 eps) | EV +0.87 | kl 0.0140 | off_frac 0.23 | H 0.88 |      3s
Update   9/250: return     nan (  0 eps) | EV +0.83 | kl 0.0116 | off_frac 0.12 | H 0.65 |      6s
Update  13/250: return  -803.0 ( 64 eps) | EV +0.93 | kl 0.0097 | off_frac 0.11 | H 0.53 |      9s
Update  17/250: return     nan (  0 eps) | EV +0.63 | kl 0.0044 | off_frac 0.04 | H 0.58 |     12s
Update  21/250: return     nan (  0 eps) | EV +0.98 | kl 0.0155 | off_frac 0.12 | H 0.46 |     14s
Update  25/250: return  -211.5 ( 64 eps) | EV -5.26 | kl 0.0050 | off_frac 0.05 | H 0.44 |     17s
Update  29/250: return     nan (  0 eps) | EV +0.98 | kl 0.0038 | off_frac 0.04 | H 0.45 |     20s
Update  33/250: return     nan (  0 eps) | EV +0.98 | kl 0.0292 | off_frac 0.11 | H 0.29 |     23s
Update  37/250: return     nan (  0 eps) | EV -11.39 | kl 0.0028 | off_frac 0.04 | H 0.40 |     26s
Update  41/250: return     nan (  0 eps) | EV +0.96 | kl 0.0105 | off_frac 0.04 | H 0.12 |     29s
Update  45/250: return     nan (  0 eps) | EV +0.98 | kl 0.0034 | off_frac 0.03 | H 0.13 |     32s
Update  49/250: return     nan (  0 eps) | EV -7.88 | kl 0.0018 | off_frac 0.02 | H 0.43 |     35s
Update  53/250: return     nan (  0 eps) | EV +0.97 | kl 0.0067 | off_frac 0.04 | H 0.15 |     38s
Update  57/250: return  -419.5 ( 64 eps) | EV +0.98 | kl 0.0061 | off_frac 0.05 | H 0.20 |     42s
Update  61/250: return     nan (  0 eps) | EV +0.87 | kl 0.0013 | off_frac 0.01 | H 0.60 |     45s
Update  65/250: return     nan (  0 eps) | EV +0.98 | kl 0.0100 | off_frac 0.06 | H 0.27 |     48s
Update  69/250: return  -296.3 ( 64 eps) | EV +1.00 | kl 0.0113 | off_frac 0.19 | H 0.53 |     51s
Update  73/250: return     nan (  0 eps) | EV +0.94 | kl 0.0465 | off_frac 0.03 | H 0.47 |     54s
Update  77/250: return     nan (  0 eps) | EV +0.98 | kl 0.2084 | off_frac 0.07 | H 0.28 |     57s
Update  81/250: return     nan (  0 eps) | EV -4.16 | kl 0.0070 | off_frac 0.07 | H 0.66 |     60s
Update  85/250: return     nan (  0 eps) | EV +0.98 | kl 0.0093 | off_frac 0.15 | H 0.56 |     63s
Update  89/250: return     nan (  0 eps) | EV +0.98 | kl 0.0273 | off_frac 0.07 | H 0.20 |     66s
Update  93/250: return     nan (  0 eps) | EV -5.12 | kl 0.0125 | off_frac 0.19 | H 0.57 |     69s
Update  97/250: return     nan (  0 eps) | EV +0.99 | kl 0.0036 | off_frac 0.01 | H 0.45 |     72s
Update 101/250: return     nan (  0 eps) | EV +0.94 | kl 0.0562 | off_frac 0.07 | H 0.07 |     75s
Update 105/250: return     nan (  0 eps) | EV +0.99 | kl 0.0098 | off_frac 0.02 | H 0.06 |     77s
Update 109/250: return     nan (  0 eps) | EV +0.97 | kl 0.0026 | off_frac 0.02 | H 0.27 |     80s
Update 113/250: return  -306.8 ( 64 eps) | EV +1.00 | kl 0.0037 | off_frac 0.01 | H 0.31 |     83s
Update 117/250: return     nan (  0 eps) | EV +0.97 | kl 0.0061 | off_frac 0.02 | H 0.51 |     86s
Update 121/250: return     nan (  0 eps) | EV +0.99 | kl 0.0368 | off_frac 0.12 | H 0.28 |     89s
Update 125/250: return  -252.7 ( 64 eps) | EV -3.97 | kl 0.0019 | off_frac 0.01 | H 0.42 |     91s
Update 129/250: return     nan (  0 eps) | EV -0.29 | kl 0.0020 | off_frac 0.01 | H 0.39 |     94s
Update 133/250: return     nan (  0 eps) | EV +0.99 | kl 0.1092 | off_frac 0.03 | H 0.08 |     97s
Update 137/250: return     nan (  0 eps) | EV -1.38 | kl 0.0050 | off_frac 0.08 | H 0.35 |    100s
Update 141/250: return     nan (  0 eps) | EV +0.99 | kl 0.0160 | off_frac 0.08 | H 0.33 |    103s
Update 145/250: return     nan (  0 eps) | EV +0.99 | kl 0.0293 | off_frac 0.05 | H 0.09 |    106s
Update 149/250: return     nan (  0 eps) | EV -2.85 | kl 0.0037 | off_frac 0.05 | H 0.26 |    109s
Update 153/250: return     nan (  0 eps) | EV +0.99 | kl 0.0493 | off_frac 0.11 | H 0.14 |    112s
Update 157/250: return  -373.4 ( 64 eps) | EV +0.99 | kl 0.0343 | off_frac 0.04 | H 0.17 |    115s
Update 161/250: return     nan (  0 eps) | EV -2.24 | kl 0.0066 | off_frac 0.10 | H 0.45 |    118s
Update 165/250: return     nan (  0 eps) | EV +0.99 | kl 0.0519 | off_frac 0.03 | H 0.37 |    120s
Update 169/250: return  -160.4 ( 64 eps) | EV +1.00 | kl 0.0292 | off_frac 0.05 | H 0.32 |    124s
Update 173/250: return     nan (  0 eps) | EV +1.00 | kl 0.0010 | off_frac 0.00 | H 0.36 |    127s
Update 177/250: return     nan (  0 eps) | EV +0.99 | kl 0.0193 | off_frac 0.05 | H 0.20 |    130s
Update 181/250: return     nan (  0 eps) | EV -0.67 | kl 0.0068 | off_frac 0.11 | H 0.29 |    133s
Update 185/250: return     nan (  0 eps) | EV +0.97 | kl 0.0292 | off_frac 0.16 | H 0.21 |    136s
Update 189/250: return     nan (  0 eps) | EV +0.99 | kl 0.6600 | off_frac 0.10 | H 0.08 |    139s
Update 193/250: return     nan (  0 eps) | EV -2.54 | kl 0.0012 | off_frac 0.01 | H 0.21 |    142s
Update 197/250: return     nan (  0 eps) | EV +1.00 | kl 0.0023 | off_frac 0.03 | H 0.19 |    145s
Update 201/250: return     nan (  0 eps) | EV +0.99 | kl 0.0232 | off_frac 0.04 | H 0.05 |    148s
Update 205/250: return     nan (  0 eps) | EV -2.05 | kl 0.0008 | off_frac 0.00 | H 0.17 |    151s
Update 209/250: return     nan (  0 eps) | EV +0.99 | kl 0.0158 | off_frac 0.05 | H 0.17 |    154s
Update 213/250: return  -211.5 ( 64 eps) | EV +1.00 | kl 0.0062 | off_frac 0.01 | H 0.13 |    157s
Update 217/250: return     nan (  0 eps) | EV -4.31 | kl 0.0007 | off_frac 0.00 | H 0.22 |    160s
Update 221/250: return     nan (  0 eps) | EV +0.99 | kl 0.0225 | off_frac 0.06 | H 0.19 |    163s
Update 225/250: return  -179.6 ( 64 eps) | EV -5.44 | kl 0.0024 | off_frac 0.02 | H 0.27 |    166s
Update 229/250: return     nan (  0 eps) | EV +0.91 | kl 1.8698 | off_frac 0.12 | H 0.14 |    170s
Update 233/250: return     nan (  0 eps) | EV +0.99 | kl 0.0444 | off_frac 0.07 | H 0.11 |    173s
Update 237/250: return     nan (  0 eps) | EV -0.40 | kl 0.0043 | off_frac 0.06 | H 0.14 |    176s
Update 241/250: return     nan (  0 eps) | EV -1.68 | kl 0.0006 | off_frac 0.00 | H 0.14 |    179s
Update 245/250: return     nan (  0 eps) | EV +0.99 | kl 0.0554 | off_frac 0.08 | H 0.09 |    182s
Update 249/250: return     nan (  0 eps) | EV -2.35 | kl 0.0008 | off_frac 0.01 | H 0.17 |    185s
Update 250/250: return  -173.3 ( 64 eps) | EV -1.99 | kl 0.0047 | off_frac 0.06 | H 0.15 |    185s
greedy evaluation of the frozen policy over 64 episodes: -238.7 +- 120.9 (min -527, max -0)
saved results/ppo/Pendulum/nn_seed2.json  (186s)
