Pendulum-v1 | policy = nn: 3 features, 899 trainable policy parameters
Update   1/250: return     nan (  0 eps) | EV -0.03 | kl 0.0216 | off_frac 0.32 | H 1.03 |      1s
Update   5/250: return     nan (  0 eps) | EV +0.80 | kl 0.0125 | off_frac 0.19 | H 0.93 |      3s
Update   9/250: return     nan (  0 eps) | EV +0.84 | kl 0.0117 | off_frac 0.14 | H 0.70 |      6s
Update  13/250: return  -659.0 ( 64 eps) | EV +0.95 | kl 0.0111 | off_frac 0.12 | H 0.57 |      9s
Update  17/250: return     nan (  0 eps) | EV -0.29 | kl 0.0101 | off_frac 0.08 | H 0.65 |     12s
Update  21/250: return     nan (  0 eps) | EV +0.97 | kl 0.0091 | off_frac 0.07 | H 0.35 |     14s
Update  25/250: return  -271.6 ( 64 eps) | EV +0.35 | kl 0.0049 | off_frac 0.06 | H 0.60 |     17s
Update  29/250: return     nan (  0 eps) | EV +0.97 | kl 0.0019 | off_frac 0.01 | H 0.51 |     20s
Update  33/250: return     nan (  0 eps) | EV +0.97 | kl 0.0357 | off_frac 0.06 | H 0.19 |     23s
Update  37/250: return     nan (  0 eps) | EV -2.16 | kl 0.0097 | off_frac 0.12 | H 0.56 |     26s
Update  41/250: return     nan (  0 eps) | EV +0.97 | kl 0.0089 | off_frac 0.10 | H 0.57 |     29s
Update  45/250: return     nan (  0 eps) | EV +0.97 | kl 0.0028 | off_frac 0.03 | H 0.13 |     32s
Update  49/250: return     nan (  0 eps) | EV -0.39 | kl 0.0077 | off_frac 0.03 | H 0.73 |     34s
Update  53/250: return     nan (  0 eps) | EV +0.99 | kl 0.0050 | off_frac 0.03 | H 0.54 |     37s
Update  57/250: return  -276.6 ( 64 eps) | EV +0.98 | kl 0.0067 | off_frac 0.08 | H 0.26 |     40s
Update  61/250: return     nan (  0 eps) | EV +0.99 | kl 0.0057 | off_frac 0.06 | H 0.59 |     43s
Update  65/250: return     nan (  0 eps) | EV +0.99 | kl 0.0017 | off_frac 0.01 | H 0.44 |     45s
Update  69/250: return  -233.9 ( 64 eps) | EV +1.00 | kl 0.0168 | off_frac 0.19 | H 0.50 |     48s
Update  73/250: return     nan (  0 eps) | EV +0.64 | kl 0.0046 | off_frac 0.01 | H 0.63 |     51s
Update  77/250: return     nan (  0 eps) | EV +0.98 | kl 0.0058 | off_frac 0.04 | H 0.28 |     54s
Update  81/250: return     nan (  0 eps) | EV -0.96 | kl 0.0040 | off_frac 0.04 | H 0.51 |     57s
Update  85/250: return     nan (  0 eps) | EV +0.95 | kl 0.2214 | off_frac 0.15 | H 0.49 |     60s
Update  89/250: return     nan (  0 eps) | EV +0.99 | kl 0.0457 | off_frac 0.06 | H 0.20 |     63s
Update  93/250: return     nan (  0 eps) | EV -5.20 | kl 0.0057 | off_frac 0.05 | H 0.49 |     65s
Update  97/250: return     nan (  0 eps) | EV +1.00 | kl 0.0368 | off_frac 0.05 | H 0.47 |     68s
Update 101/250: return     nan (  0 eps) | EV +0.94 | kl 0.4969 | off_frac 0.12 | H 0.08 |     71s
Update 105/250: return     nan (  0 eps) | EV +0.98 | kl 0.0019 | off_frac 0.01 | H 0.39 |     74s
Update 109/250: return     nan (  0 eps) | EV +0.99 | kl 0.0068 | off_frac 0.05 | H 0.35 |     77s
Update 113/250: return  -251.2 ( 64 eps) | EV +1.00 | kl 0.1445 | off_frac 0.07 | H 0.26 |     80s
Update 117/250: return     nan (  0 eps) | EV -1.24 | kl 0.0033 | off_frac 0.04 | H 0.37 |     82s
Update 121/250: return     nan (  0 eps) | EV +0.99 | kl 0.0084 | off_frac 0.02 | H 0.18 |     85s
Update 125/250: return  -273.1 ( 64 eps) | EV -5.81 | kl 0.0036 | off_frac 0.03 | H 0.32 |     88s
Update 129/250: return     nan (  0 eps) | EV +0.99 | kl 0.0082 | off_frac 0.05 | H 0.25 |     91s
Update 133/250: return     nan (  0 eps) | EV +0.98 | kl 0.5525 | off_frac 0.10 | H 0.07 |     94s
Update 137/250: return     nan (  0 eps) | EV -5.96 | kl 0.0030 | off_frac 0.05 | H 0.26 |     97s
Update 141/250: return     nan (  0 eps) | EV +0.99 | kl 0.0053 | off_frac 0.08 | H 0.23 |     99s
Update 145/250: return     nan (  0 eps) | EV +0.99 | kl 0.0043 | off_frac 0.02 | H 0.08 |    102s
Update 149/250: return     nan (  0 eps) | EV -1.15 | kl 0.0029 | off_frac 0.04 | H 0.21 |    105s
Update 153/250: return     nan (  0 eps) | EV +1.00 | kl 0.0190 | off_frac 0.05 | H 0.21 |    108s
Update 157/250: return  -249.5 ( 64 eps) | EV +0.99 | kl 0.1546 | off_frac 0.06 | H 0.10 |    110s
Update 161/250: return     nan (  0 eps) | EV -5.06 | kl 0.0072 | off_frac 0.11 | H 0.19 |    113s
Update 165/250: return     nan (  0 eps) | EV +0.99 | kl 0.0094 | off_frac 0.10 | H 0.19 |    116s
Update 169/250: return  -202.2 ( 64 eps) | EV +1.00 | kl 0.0005 | off_frac 0.00 | H 0.12 |    119s
Update 173/250: return     nan (  0 eps) | EV -3.05 | kl 0.0041 | off_frac 0.07 | H 0.15 |    122s
Update 177/250: return     nan (  0 eps) | EV +1.00 | kl 0.0092 | off_frac 0.04 | H 0.14 |    125s
Update 181/250: return     nan (  0 eps) | EV -2.07 | kl 0.0017 | off_frac 0.03 | H 0.16 |    128s
Update 185/250: return     nan (  0 eps) | EV +1.00 | kl 0.0010 | off_frac 0.01 | H 0.15 |    131s
Update 189/250: return     nan (  0 eps) | EV +0.99 | kl 0.0048 | off_frac 0.03 | H 0.12 |    133s
Update 193/250: return     nan (  0 eps) | EV -1.85 | kl 0.0006 | off_frac 0.01 | H 0.14 |    136s
Update 197/250: return     nan (  0 eps) | EV +0.33 | kl 0.0005 | off_frac 0.00 | H 0.13 |    139s
Update 201/250: return     nan (  0 eps) | EV +0.99 | kl 0.0135 | off_frac 0.02 | H 0.05 |    142s
Update 205/250: return     nan (  0 eps) | EV -8.36 | kl 0.0011 | off_frac 0.01 | H 0.13 |    145s
Update 209/250: return     nan (  0 eps) | EV +1.00 | kl 0.0144 | off_frac 0.01 | H 0.13 |    148s
Update 213/250: return  -175.9 ( 64 eps) | EV +1.00 | kl 0.0096 | off_frac 0.01 | H 0.07 |    151s
Update 217/250: return     nan (  0 eps) | EV +0.98 | kl 0.0065 | off_frac 0.01 | H 0.12 |    154s
Update 221/250: return     nan (  0 eps) | EV +0.98 | kl 0.2215 | off_frac 0.05 | H 0.12 |    157s
Update 225/250: return  -189.0 ( 64 eps) | EV -2.66 | kl 0.0113 | off_frac 0.13 | H 0.21 |    160s
Update 229/250: return     nan (  0 eps) | EV -4.17 | kl 0.0025 | off_frac 0.04 | H 0.15 |    163s
Update 233/250: return     nan (  0 eps) | EV +0.99 | kl 0.0302 | off_frac 0.03 | H 0.11 |    166s
Update 237/250: return     nan (  0 eps) | EV -2.71 | kl 0.0005 | off_frac 0.00 | H 0.15 |    169s
Update 241/250: return     nan (  0 eps) | EV +0.97 | kl 0.0062 | off_frac 0.07 | H 0.13 |    172s
Update 245/250: return     nan (  0 eps) | EV +0.96 | kl 0.0309 | off_frac 0.02 | H 0.07 |    175s
Update 249/250: return     nan (  0 eps) | EV -2.56 | kl 0.0017 | off_frac 0.02 | H 0.14 |    178s
Update 250/250: return  -144.9 ( 64 eps) | EV -3.02 | kl 0.0009 | off_frac 0.01 | H 0.14 |    179s
greedy evaluation of the frozen policy over 64 episodes: -173.1 +- 98.4 (min -388, max -0)
saved results/ppo/Pendulum/nn_seed0.json  (180s)
