Pendulum-v1 | policy = nn: 3 features, 899 trainable policy parameters
Update   1/250: return     nan (  0 eps) | EV +0.01 | kl 0.0176 | off_frac 0.31 | H 1.02 |      1s
Update   5/250: return     nan (  0 eps) | EV +0.81 | kl 0.0156 | off_frac 0.23 | H 0.90 |      4s
Update   9/250: return     nan (  0 eps) | EV +0.90 | kl 0.0087 | off_frac 0.11 | H 0.62 |      6s
Update  13/250: return  -595.9 ( 64 eps) | EV +0.97 | kl 0.0126 | off_frac 0.11 | H 0.47 |      9s
Update  17/250: return     nan (  0 eps) | EV -1.38 | kl 0.0068 | off_frac 0.06 | H 0.55 |     12s
Update  21/250: return     nan (  0 eps) | EV +0.96 | kl 0.0077 | off_frac 0.07 | H 0.47 |     15s
Update  25/250: return  -219.4 ( 64 eps) | EV -3.49 | kl 0.0030 | off_frac 0.03 | H 0.61 |     18s
Update  29/250: return     nan (  0 eps) | EV -3.44 | kl 0.0024 | off_frac 0.01 | H 0.60 |     21s
Update  33/250: return     nan (  0 eps) | EV +0.99 | kl 0.0310 | off_frac 0.08 | H 0.38 |     23s
Update  37/250: return     nan (  0 eps) | EV -21.36 | kl 0.0062 | off_frac 0.10 | H 0.70 |     26s
Update  41/250: return     nan (  0 eps) | EV +1.00 | kl 0.0162 | off_frac 0.09 | H 0.72 |     29s
Update  45/250: return     nan (  0 eps) | EV +0.98 | kl 0.0045 | off_frac 0.05 | H 0.21 |     32s
Update  49/250: return     nan (  0 eps) | EV -5.48 | kl 0.0070 | off_frac 0.10 | H 0.58 |     35s
Update  53/250: return     nan (  0 eps) | EV +0.98 | kl 0.0035 | off_frac 0.03 | H 0.46 |     38s
Update  57/250: return  -302.2 ( 64 eps) | EV +0.97 | kl 0.0046 | off_frac 0.04 | H 0.22 |     41s
Update  61/250: return     nan (  0 eps) | EV +0.98 | kl 0.0084 | off_frac 0.13 | H 0.47 |     44s
Update  65/250: return     nan (  0 eps) | EV +0.98 | kl 0.0145 | off_frac 0.15 | H 0.58 |     47s
Update  69/250: return  -207.1 ( 64 eps) | EV +1.00 | kl 0.0138 | off_frac 0.06 | H 0.45 |     50s
Update  73/250: return     nan (  0 eps) | EV +0.12 | kl 0.0064 | off_frac 0.09 | H 0.51 |     53s
Update  77/250: return     nan (  0 eps) | EV +0.98 | kl 0.0558 | off_frac 0.16 | H 0.35 |     56s
Update  81/250: return     nan (  0 eps) | EV -5.79 | kl 0.0032 | off_frac 0.04 | H 0.51 |     60s
Update  85/250: return     nan (  0 eps) | EV +0.96 | kl 0.0056 | off_frac 0.05 | H 0.51 |     63s
Update  89/250: return     nan (  0 eps) | EV +0.98 | kl 0.0039 | off_frac 0.04 | H 0.22 |     66s
Update  93/250: return     nan (  0 eps) | EV -2.99 | kl 0.0011 | off_frac 0.01 | H 0.46 |     69s
Update  97/250: return     nan (  0 eps) | EV +1.00 | kl 0.0119 | off_frac 0.09 | H 0.28 |     72s
Update 101/250: return     nan (  0 eps) | EV +0.98 | kl 0.0058 | off_frac 0.04 | H 0.11 |     75s
Update 105/250: return     nan (  0 eps) | EV -3.00 | kl 0.0096 | off_frac 0.11 | H 0.24 |     78s
Update 109/250: return     nan (  0 eps) | EV +0.99 | kl 0.0240 | off_frac 0.07 | H 0.28 |     82s
Update 113/250: return  -204.0 ( 64 eps) | EV +1.00 | kl 0.0243 | off_frac 0.04 | H 0.17 |     85s
Update 117/250: return     nan (  0 eps) | EV -3.50 | kl 0.0034 | off_frac 0.04 | H 0.26 |     88s
Update 121/250: return     nan (  0 eps) | EV +0.98 | kl 1.3540 | off_frac 0.20 | H 0.10 |     91s
Update 125/250: return  -353.3 ( 64 eps) | EV -2.64 | kl 0.0013 | off_frac 0.02 | H 0.19 |     94s
Update 129/250: return     nan (  0 eps) | EV +0.99 | kl 0.0045 | off_frac 0.06 | H 0.21 |     97s
Update 133/250: return     nan (  0 eps) | EV +0.98 | kl 0.0139 | off_frac 0.03 | H 0.11 |    100s
Update 137/250: return     nan (  0 eps) | EV -0.53 | kl 0.0004 | off_frac 0.00 | H 0.25 |    103s
Update 141/250: return     nan (  0 eps) | EV -3.59 | kl 0.0043 | off_frac 0.07 | H 0.29 |    106s
Update 145/250: return     nan (  0 eps) | EV +0.98 | kl 0.0530 | off_frac 0.03 | H 0.13 |    108s
Update 149/250: return     nan (  0 eps) | EV -1.13 | kl 0.0086 | off_frac 0.15 | H 0.33 |    111s
Update 153/250: return     nan (  0 eps) | EV +0.86 | kl 0.0061 | off_frac 0.06 | H 0.27 |    114s
Update 157/250: return  -201.0 ( 64 eps) | EV +0.98 | kl 0.0440 | off_frac 0.04 | H 0.13 |    117s
Update 161/250: return     nan (  0 eps) | EV -1.67 | kl 0.0044 | off_frac 0.07 | H 0.39 |    119s
Update 165/250: return     nan (  0 eps) | EV +0.99 | kl 0.0044 | off_frac 0.04 | H 0.30 |    122s
Update 169/250: return  -163.7 ( 64 eps) | EV +1.00 | kl 0.0200 | off_frac 0.12 | H 0.29 |    125s
Update 173/250: return     nan (  0 eps) | EV +0.99 | kl 0.0026 | off_frac 0.02 | H 0.25 |    128s
Update 177/250: return     nan (  0 eps) | EV +0.99 | kl 0.0485 | off_frac 0.07 | H 0.29 |    130s
Update 181/250: return     nan (  0 eps) | EV -0.10 | kl 0.0072 | off_frac 0.11 | H 0.31 |    133s
Update 185/250: return     nan (  0 eps) | EV +0.60 | kl 0.0030 | off_frac 0.04 | H 0.27 |    135s
Update 189/250: return     nan (  0 eps) | EV +0.98 | kl 0.0033 | off_frac 0.03 | H 0.18 |    138s
Update 193/250: return     nan (  0 eps) | EV -0.91 | kl 0.0021 | off_frac 0.03 | H 0.22 |    141s
Update 197/250: return     nan (  0 eps) | EV +0.96 | kl 3.8593 | off_frac 0.18 | H 0.14 |    143s
Update 201/250: return     nan (  0 eps) | EV +0.91 | kl 0.0023 | off_frac 0.02 | H 0.06 |    146s
Update 205/250: return     nan (  0 eps) | EV -0.56 | kl 0.0004 | off_frac 0.00 | H 0.19 |    149s
Update 209/250: return     nan (  0 eps) | EV +0.96 | kl 0.0808 | off_frac 0.03 | H 0.19 |    152s
Update 213/250: return  -184.8 ( 64 eps) | EV +0.99 | kl 0.0148 | off_frac 0.02 | H 0.12 |    154s
Update 217/250: return     nan (  0 eps) | EV -1.78 | kl 0.0028 | off_frac 0.04 | H 0.16 |    157s
Update 221/250: return     nan (  0 eps) | EV +0.99 | kl 0.0393 | off_frac 0.08 | H 0.16 |    160s
Update 225/250: return  -175.1 ( 64 eps) | EV -3.71 | kl 0.0005 | off_frac 0.00 | H 0.13 |    162s
Update 229/250: return     nan (  0 eps) | EV +0.99 | kl 0.0007 | off_frac 0.00 | H 0.15 |    165s
Update 233/250: return     nan (  0 eps) | EV +0.99 | kl 0.0113 | off_frac 0.07 | H 0.17 |    168s
Update 237/250: return     nan (  0 eps) | EV -1.27 | kl 0.0004 | off_frac 0.00 | H 0.14 |    171s
Update 241/250: return     nan (  0 eps) | EV +0.76 | kl 0.0049 | off_frac 0.02 | H 0.12 |    173s
Update 245/250: return     nan (  0 eps) | EV +0.98 | kl 0.8253 | off_frac 0.06 | H 0.04 |    176s
Update 249/250: return     nan (  0 eps) | EV -1.76 | kl 0.1628 | off_frac 0.23 | H 0.22 |    179s
Update 250/250: return  -222.0 ( 64 eps) | EV -2.75 | kl 0.0087 | off_frac 0.09 | H 0.26 |    180s
greedy evaluation of the frozen policy over 64 episodes: -204.9 +- 112.5 (min -432, max -1)
saved results/ppo/Pendulum/nn_seed1.json  (181s)
