Pendulum-v1 | policy = poly2: 9 features, 30 trainable policy parameters
Update   1/250: return     nan (  0 eps) | EV -0.02 | kl 0.0087 | off_frac 0.08 | H 1.09 |      0s
Update   5/250: return     nan (  0 eps) | EV +0.86 | kl 0.0139 | off_frac 0.18 | H 0.99 |      1s
Update   9/250: return     nan (  0 eps) | EV +0.78 | kl 0.0074 | off_frac 0.11 | H 0.80 |      2s
Update  13/250: return -1077.9 ( 64 eps) | EV +0.89 | kl 0.0074 | off_frac 0.09 | H 0.75 |      3s
Update  17/250: return     nan (  0 eps) | EV +0.88 | kl 0.0067 | off_frac 0.10 | H 0.52 |      4s
Update  21/250: return     nan (  0 eps) | EV +0.95 | kl 0.0120 | off_frac 0.18 | H 0.46 |      5s
Update  25/250: return  -704.3 ( 64 eps) | EV +0.93 | kl 0.0087 | off_frac 0.12 | H 0.46 |      6s
Update  29/250: return     nan (  0 eps) | EV +0.94 | kl 0.0043 | off_frac 0.04 | H 0.42 |      7s
Update  33/250: return     nan (  0 eps) | EV +0.96 | kl 0.0043 | off_frac 0.05 | H 0.43 |      8s
Update  37/250: return     nan (  0 eps) | EV +0.94 | kl 0.0013 | off_frac 0.01 | H 0.43 |      8s
Update  41/250: return     nan (  0 eps) | EV +0.94 | kl 0.0021 | off_frac 0.01 | H 0.45 |      9s
Update  45/250: return     nan (  0 eps) | EV +0.98 | kl 0.0089 | off_frac 0.12 | H 0.35 |     10s
Update  49/250: return     nan (  0 eps) | EV +0.95 | kl 0.0045 | off_frac 0.04 | H 0.46 |     11s
Update  53/250: return     nan (  0 eps) | EV +0.97 | kl 0.0003 | off_frac 0.00 | H 0.48 |     12s
Update  57/250: return  -217.2 ( 64 eps) | EV +0.99 | kl 0.0032 | off_frac 0.04 | H 0.37 |     13s
Update  61/250: return     nan (  0 eps) | EV +0.95 | kl 0.0084 | off_frac 0.14 | H 0.49 |     14s
Update  65/250: return     nan (  0 eps) | EV +0.98 | kl 0.0051 | off_frac 0.05 | H 0.45 |     15s
Update  69/250: return  -207.0 ( 64 eps) | EV +0.99 | kl 0.0100 | off_frac 0.18 | H 0.43 |     16s
Update  73/250: return     nan (  0 eps) | EV +0.95 | kl 0.0102 | off_frac 0.18 | H 0.49 |     17s
Update  77/250: return     nan (  0 eps) | EV +0.99 | kl 0.0046 | off_frac 0.05 | H 0.42 |     18s
Update  81/250: return     nan (  0 eps) | EV -1.61 | kl 0.0036 | off_frac 0.00 | H 0.50 |     19s
Update  85/250: return     nan (  0 eps) | EV -0.10 | kl 0.0131 | off_frac 0.24 | H 0.49 |     20s
Update  89/250: return     nan (  0 eps) | EV +0.99 | kl 0.0021 | off_frac 0.03 | H 0.37 |     20s
Update  93/250: return     nan (  0 eps) | EV +0.96 | kl 0.0008 | off_frac 0.00 | H 0.47 |     22s
Update  97/250: return     nan (  0 eps) | EV +0.99 | kl 0.0080 | off_frac 0.14 | H 0.47 |     22s
Update 101/250: return     nan (  0 eps) | EV +0.99 | kl 0.0022 | off_frac 0.03 | H 0.25 |     23s
Update 105/250: return     nan (  0 eps) | EV +0.95 | kl 0.0033 | off_frac 0.00 | H 0.47 |     24s
Update 109/250: return     nan (  0 eps) | EV +0.99 | kl 0.0075 | off_frac 0.12 | H 0.47 |     25s
Update 113/250: return  -183.1 ( 64 eps) | EV +0.99 | kl 0.0092 | off_frac 0.16 | H 0.33 |     26s
Update 117/250: return     nan (  0 eps) | EV +0.98 | kl 0.0082 | off_frac 0.14 | H 0.47 |     27s
Update 121/250: return     nan (  0 eps) | EV +0.99 | kl 0.0019 | off_frac 0.02 | H 0.45 |     28s
Update 125/250: return  -190.4 ( 64 eps) | EV -2.19 | kl 0.0036 | off_frac 0.00 | H 0.49 |     29s
Update 129/250: return     nan (  0 eps) | EV +0.41 | kl 0.0142 | off_frac 0.26 | H 0.47 |     30s
Update 133/250: return     nan (  0 eps) | EV +0.99 | kl 0.0010 | off_frac 0.00 | H 0.37 |     31s
Update 137/250: return     nan (  0 eps) | EV -5.22 | kl 0.0038 | off_frac 0.01 | H 0.47 |     32s
Update 141/250: return     nan (  0 eps) | EV -0.08 | kl 0.0023 | off_frac 0.00 | H 0.48 |     33s
Update 145/250: return     nan (  0 eps) | EV +0.99 | kl 0.0033 | off_frac 0.03 | H 0.26 |     34s
Update 149/250: return     nan (  0 eps) | EV +0.99 | kl 0.0001 | off_frac 0.00 | H 0.46 |     35s
Update 153/250: return     nan (  0 eps) | EV +1.00 | kl 0.0082 | off_frac 0.14 | H 0.47 |     36s
Update 157/250: return  -160.1 ( 64 eps) | EV +1.00 | kl 0.0008 | off_frac 0.01 | H 0.25 |     36s
Update 161/250: return     nan (  0 eps) | EV -4.44 | kl 0.0027 | off_frac 0.00 | H 0.46 |     37s
Update 165/250: return     nan (  0 eps) | EV +1.00 | kl 0.0116 | off_frac 0.21 | H 0.45 |     38s
Update 169/250: return  -136.6 ( 64 eps) | EV +1.00 | kl 0.0020 | off_frac 0.00 | H 0.39 |     39s
Update 173/250: return     nan (  0 eps) | EV -1.73 | kl 0.0034 | off_frac 0.01 | H 0.46 |     40s
Update 177/250: return     nan (  0 eps) | EV +1.00 | kl 0.0047 | off_frac 0.04 | H 0.40 |     41s
Update 181/250: return     nan (  0 eps) | EV -0.83 | kl 0.0022 | off_frac 0.00 | H 0.45 |     42s
Update 185/250: return     nan (  0 eps) | EV -1.33 | kl 0.0000 | off_frac 0.00 | H 0.45 |     43s
Update 189/250: return     nan (  0 eps) | EV +0.99 | kl 0.0032 | off_frac 0.04 | H 0.32 |     44s
Update 193/250: return     nan (  0 eps) | EV -0.97 | kl 0.0037 | off_frac 0.02 | H 0.45 |     45s
Update 197/250: return     nan (  0 eps) | EV -1.57 | kl 0.0014 | off_frac 0.00 | H 0.45 |     46s
Update 201/250: return     nan (  0 eps) | EV +0.99 | kl 0.0014 | off_frac 0.02 | H 0.17 |     47s
Update 205/250: return     nan (  0 eps) | EV -1.84 | kl 0.0029 | off_frac 0.00 | H 0.44 |     48s
Update 209/250: return     nan (  0 eps) | EV +0.47 | kl 0.0037 | off_frac 0.03 | H 0.43 |     49s
Update 213/250: return  -166.3 ( 64 eps) | EV +1.00 | kl 0.0003 | off_frac 0.00 | H 0.29 |     49s
Update 217/250: return     nan (  0 eps) | EV -0.29 | kl 0.0179 | off_frac 0.28 | H 0.43 |     50s
Update 221/250: return     nan (  0 eps) | EV +0.99 | kl 0.0045 | off_frac 0.03 | H 0.42 |     51s
Update 225/250: return  -145.6 ( 64 eps) | EV -2.90 | kl 0.0027 | off_frac 0.00 | H 0.42 |     52s
Update 229/250: return     nan (  0 eps) | EV -2.30 | kl 0.0000 | off_frac 0.00 | H 0.43 |     53s
Update 233/250: return     nan (  0 eps) | EV +1.00 | kl 0.0013 | off_frac 0.01 | H 0.32 |     54s
Update 237/250: return     nan (  0 eps) | EV -3.06 | kl 0.0028 | off_frac 0.00 | H 0.42 |     55s
Update 241/250: return     nan (  0 eps) | EV -5.31 | kl 0.0023 | off_frac 0.00 | H 0.42 |     56s
Update 245/250: return     nan (  0 eps) | EV +0.99 | kl 0.0021 | off_frac 0.03 | H 0.24 |     57s
Update 249/250: return     nan (  0 eps) | EV -1.90 | kl 0.0049 | off_frac 0.04 | H 0.45 |     58s
Update 250/250: return  -161.5 ( 64 eps) | EV -1.61 | kl 0.0033 | off_frac 0.01 | H 0.47 |     58s
greedy evaluation of the frozen policy over 64 episodes: -152.6 +- 81.3 (min -363, max -2)
saved results/ppo/Pendulum/poly2_seed2.json  (59s)
