Pendulum-v1 | policy = poly2: 9 features, 30 trainable policy parameters
Update   1/250: return     nan (  0 eps) | EV -0.08 | kl 0.0129 | off_frac 0.20 | H 1.09 |      0s
Update   5/250: return     nan (  0 eps) | EV +0.86 | kl 0.0086 | off_frac 0.14 | H 0.99 |      1s
Update   9/250: return     nan (  0 eps) | EV +0.90 | kl 0.0100 | off_frac 0.14 | H 0.75 |      2s
Update  13/250: return -1001.2 ( 64 eps) | EV +0.93 | kl 0.0084 | off_frac 0.12 | H 0.63 |      3s
Update  17/250: return     nan (  0 eps) | EV +0.90 | kl 0.0058 | off_frac 0.07 | H 0.47 |      4s
Update  21/250: return     nan (  0 eps) | EV +0.95 | kl 0.0047 | off_frac 0.06 | H 0.45 |      5s
Update  25/250: return  -617.6 ( 64 eps) | EV +0.94 | kl 0.0024 | off_frac 0.02 | H 0.43 |      6s
Update  29/250: return     nan (  0 eps) | EV +0.95 | kl 0.0023 | off_frac 0.02 | H 0.45 |      7s
Update  33/250: return     nan (  0 eps) | EV +0.97 | kl 0.0081 | off_frac 0.13 | H 0.40 |      8s
Update  37/250: return     nan (  0 eps) | EV +0.94 | kl 0.0022 | off_frac 0.01 | H 0.51 |      9s
Update  41/250: return     nan (  0 eps) | EV +0.97 | kl 0.0108 | off_frac 0.20 | H 0.47 |     10s
Update  45/250: return     nan (  0 eps) | EV +0.98 | kl 0.0055 | off_frac 0.07 | H 0.33 |     11s
Update  49/250: return     nan (  0 eps) | EV +0.96 | kl 0.0100 | off_frac 0.18 | H 0.49 |     12s
Update  53/250: return     nan (  0 eps) | EV +0.96 | kl 0.0038 | off_frac 0.01 | H 0.48 |     13s
Update  57/250: return  -227.1 ( 64 eps) | EV +0.98 | kl 0.0064 | off_frac 0.08 | H 0.37 |     14s
Update  61/250: return     nan (  0 eps) | EV +0.94 | kl 0.0055 | off_frac 0.04 | H 0.48 |     15s
Update  65/250: return     nan (  0 eps) | EV +0.98 | kl 0.0054 | off_frac 0.06 | H 0.48 |     16s
Update  69/250: return  -202.0 ( 64 eps) | EV +1.00 | kl 0.0106 | off_frac 0.18 | H 0.43 |     17s
Update  73/250: return     nan (  0 eps) | EV +0.79 | kl 0.0031 | off_frac 0.00 | H 0.52 |     17s
Update  77/250: return     nan (  0 eps) | EV +0.98 | kl 0.0183 | off_frac 0.28 | H 0.41 |     18s
Update  81/250: return     nan (  0 eps) | EV -2.84 | kl 0.0041 | off_frac 0.01 | H 0.49 |     19s
Update  85/250: return     nan (  0 eps) | EV +0.99 | kl 0.0043 | off_frac 0.02 | H 0.49 |     20s
Update  89/250: return     nan (  0 eps) | EV +0.98 | kl 0.0027 | off_frac 0.04 | H 0.39 |     21s
Update  93/250: return     nan (  0 eps) | EV +0.62 | kl 0.0133 | off_frac 0.24 | H 0.49 |     22s
Update  97/250: return     nan (  0 eps) | EV +0.99 | kl 0.0080 | off_frac 0.13 | H 0.50 |     23s
Update 101/250: return     nan (  0 eps) | EV +0.99 | kl 0.0019 | off_frac 0.03 | H 0.27 |     24s
Update 105/250: return     nan (  0 eps) | EV +0.96 | kl 0.0189 | off_frac 0.31 | H 0.45 |     25s
Update 109/250: return     nan (  0 eps) | EV +0.98 | kl 0.0251 | off_frac 0.38 | H 0.47 |     26s
Update 113/250: return  -165.0 ( 64 eps) | EV +1.00 | kl 0.0010 | off_frac 0.01 | H 0.35 |     27s
Update 117/250: return     nan (  0 eps) | EV +0.98 | kl 0.0284 | off_frac 0.40 | H 0.44 |     28s
Update 121/250: return     nan (  0 eps) | EV +1.00 | kl 0.0093 | off_frac 0.15 | H 0.47 |     29s
Update 125/250: return  -163.8 ( 64 eps) | EV -0.76 | kl 0.0001 | off_frac 0.00 | H 0.48 |     29s
Update 129/250: return     nan (  0 eps) | EV -0.27 | kl 0.0088 | off_frac 0.15 | H 0.46 |     30s
Update 133/250: return     nan (  0 eps) | EV +0.99 | kl 0.0009 | off_frac 0.01 | H 0.40 |     31s
Update 137/250: return     nan (  0 eps) | EV -1.79 | kl 0.0026 | off_frac 0.00 | H 0.47 |     32s
Update 141/250: return     nan (  0 eps) | EV -1.37 | kl 0.0031 | off_frac 0.00 | H 0.47 |     33s
Update 145/250: return     nan (  0 eps) | EV +0.99 | kl 0.0022 | off_frac 0.03 | H 0.28 |     34s
Update 149/250: return     nan (  0 eps) | EV -2.26 | kl 0.0038 | off_frac 0.01 | H 0.47 |     35s
Update 153/250: return     nan (  0 eps) | EV +0.99 | kl 0.0162 | off_frac 0.28 | H 0.46 |     36s
Update 157/250: return  -170.8 ( 64 eps) | EV +1.00 | kl 0.0032 | off_frac 0.03 | H 0.27 |     37s
Update 161/250: return     nan (  0 eps) | EV -1.00 | kl 0.0038 | off_frac 0.01 | H 0.45 |     38s
Update 165/250: return     nan (  0 eps) | EV +1.00 | kl 0.0081 | off_frac 0.13 | H 0.46 |     39s
Update 169/250: return  -160.0 ( 64 eps) | EV +1.00 | kl 0.0002 | off_frac 0.00 | H 0.38 |     40s
Update 173/250: return     nan (  0 eps) | EV -0.43 | kl 0.0021 | off_frac 0.00 | H 0.45 |     41s
Update 177/250: return     nan (  0 eps) | EV +1.00 | kl 0.0036 | off_frac 0.03 | H 0.42 |     42s
Update 181/250: return     nan (  0 eps) | EV -2.55 | kl 0.0032 | off_frac 0.00 | H 0.44 |     43s
Update 185/250: return     nan (  0 eps) | EV -0.41 | kl 0.0019 | off_frac 0.00 | H 0.45 |     44s
Update 189/250: return     nan (  0 eps) | EV +1.00 | kl 0.0020 | off_frac 0.02 | H 0.38 |     45s
Update 193/250: return     nan (  0 eps) | EV -0.64 | kl 0.0026 | off_frac 0.00 | H 0.45 |     46s
Update 197/250: return     nan (  0 eps) | EV -1.71 | kl 0.0038 | off_frac 0.02 | H 0.44 |     47s
Update 201/250: return     nan (  0 eps) | EV +0.99 | kl 0.0032 | off_frac 0.02 | H 0.21 |     48s
Update 205/250: return     nan (  0 eps) | EV -4.33 | kl 0.0029 | off_frac 0.00 | H 0.43 |     48s
Update 209/250: return     nan (  0 eps) | EV +0.31 | kl 0.0025 | off_frac 0.00 | H 0.44 |     49s
Update 213/250: return  -147.5 ( 64 eps) | EV +1.00 | kl 0.0022 | off_frac 0.01 | H 0.29 |     50s
Update 217/250: return     nan (  0 eps) | EV -3.47 | kl 0.0019 | off_frac 0.00 | H 0.42 |     51s
Update 221/250: return     nan (  0 eps) | EV +1.00 | kl 0.0040 | off_frac 0.03 | H 0.42 |     52s
Update 225/250: return  -184.9 ( 64 eps) | EV -2.77 | kl 0.0025 | off_frac 0.00 | H 0.42 |     53s
Update 229/250: return     nan (  0 eps) | EV -2.56 | kl 0.0001 | off_frac 0.00 | H 0.43 |     54s
Update 233/250: return     nan (  0 eps) | EV +1.00 | kl 0.0027 | off_frac 0.03 | H 0.34 |     55s
Update 237/250: return     nan (  0 eps) | EV -1.67 | kl 0.0001 | off_frac 0.00 | H 0.41 |     56s
Update 241/250: return     nan (  0 eps) | EV -2.89 | kl 0.0060 | off_frac 0.09 | H 0.42 |     57s
Update 245/250: return     nan (  0 eps) | EV +0.99 | kl 0.0045 | off_frac 0.06 | H 0.29 |     58s
Update 249/250: return     nan (  0 eps) | EV -4.00 | kl 0.0065 | off_frac 0.12 | H 0.41 |     59s
Update 250/250: return  -134.5 ( 64 eps) | EV -1.20 | kl 0.0020 | off_frac 0.00 | H 0.41 |     59s
greedy evaluation of the frozen policy over 64 episodes: -159.1 +- 85.4 (min -371, max -2)
saved results/ppo/Pendulum/poly2_seed0.json  (59s)
