Pendulum-v1 | policy = poly2: 9 features, 30 trainable policy parameters
Update   1/250: return     nan (  0 eps) | EV -0.01 | kl 0.0088 | off_frac 0.12 | H 1.09 |      0s
Update   5/250: return     nan (  0 eps) | EV +0.89 | kl 0.0117 | off_frac 0.17 | H 1.02 |      1s
Update   9/250: return     nan (  0 eps) | EV +0.80 | kl 0.0109 | off_frac 0.19 | H 0.80 |      2s
Update  13/250: return -1075.4 ( 64 eps) | EV +0.89 | kl 0.0082 | off_frac 0.11 | H 0.73 |      3s
Update  17/250: return     nan (  0 eps) | EV +0.89 | kl 0.0038 | off_frac 0.05 | H 0.52 |      4s
Update  21/250: return     nan (  0 eps) | EV +0.94 | kl 0.0029 | off_frac 0.03 | H 0.47 |      5s
Update  25/250: return  -693.5 ( 64 eps) | EV +0.92 | kl 0.0043 | off_frac 0.05 | H 0.48 |      6s
Update  29/250: return     nan (  0 eps) | EV +0.94 | kl 0.0025 | off_frac 0.03 | H 0.41 |      7s
Update  33/250: return     nan (  0 eps) | EV +0.97 | kl 0.0032 | off_frac 0.03 | H 0.46 |      8s
Update  37/250: return     nan (  0 eps) | EV +0.95 | kl 0.0024 | off_frac 0.02 | H 0.44 |      9s
Update  41/250: return     nan (  0 eps) | EV +0.96 | kl 0.0032 | off_frac 0.02 | H 0.46 |      9s
Update  45/250: return     nan (  0 eps) | EV +0.97 | kl 0.0063 | off_frac 0.10 | H 0.40 |     10s
Update  49/250: return     nan (  0 eps) | EV +0.97 | kl 0.0055 | off_frac 0.07 | H 0.45 |     11s
Update  53/250: return     nan (  0 eps) | EV +0.97 | kl 0.0022 | off_frac 0.01 | H 0.45 |     12s
Update  57/250: return  -278.5 ( 64 eps) | EV +0.99 | kl 0.0025 | off_frac 0.04 | H 0.38 |     13s
Update  61/250: return     nan (  0 eps) | EV +0.98 | kl 0.0059 | off_frac 0.07 | H 0.49 |     14s
Update  65/250: return     nan (  0 eps) | EV +0.96 | kl 0.0111 | off_frac 0.19 | H 0.47 |     15s
Update  69/250: return  -182.0 ( 64 eps) | EV +1.00 | kl 0.0058 | off_frac 0.09 | H 0.42 |     16s
Update  73/250: return     nan (  0 eps) | EV +0.98 | kl 0.0003 | off_frac 0.00 | H 0.50 |     17s
Update  77/250: return     nan (  0 eps) | EV +0.98 | kl 0.0163 | off_frac 0.27 | H 0.44 |     18s
Update  81/250: return     nan (  0 eps) | EV +0.97 | kl 0.0145 | off_frac 0.26 | H 0.49 |     19s
Update  85/250: return     nan (  0 eps) | EV +0.92 | kl 0.0094 | off_frac 0.16 | H 0.48 |     20s
Update  89/250: return     nan (  0 eps) | EV +0.99 | kl 0.0063 | off_frac 0.07 | H 0.35 |     21s
Update  93/250: return     nan (  0 eps) | EV +0.94 | kl 0.0069 | off_frac 0.10 | H 0.50 |     21s
Update  97/250: return     nan (  0 eps) | EV +0.95 | kl 0.0252 | off_frac 0.36 | H 0.42 |     22s
Update 101/250: return     nan (  0 eps) | EV +0.99 | kl 0.0035 | off_frac 0.04 | H 0.30 |     23s
Update 105/250: return     nan (  0 eps) | EV +0.97 | kl 0.0073 | off_frac 0.10 | H 0.48 |     24s
Update 109/250: return     nan (  0 eps) | EV +0.99 | kl 0.0078 | off_frac 0.13 | H 0.48 |     25s
Update 113/250: return  -159.4 ( 64 eps) | EV +1.00 | kl 0.0062 | off_frac 0.10 | H 0.35 |     26s
Update 117/250: return     nan (  0 eps) | EV +0.95 | kl 0.0084 | off_frac 0.13 | H 0.48 |     27s
Update 121/250: return     nan (  0 eps) | EV +1.00 | kl 0.0231 | off_frac 0.35 | H 0.46 |     28s
Update 125/250: return  -183.2 ( 64 eps) | EV +0.90 | kl 0.0208 | off_frac 0.33 | H 0.46 |     29s
Update 129/250: return     nan (  0 eps) | EV +0.99 | kl 0.0045 | off_frac 0.03 | H 0.48 |     30s
Update 133/250: return     nan (  0 eps) | EV +0.99 | kl 0.0023 | off_frac 0.02 | H 0.38 |     30s
Update 137/250: return     nan (  0 eps) | EV -2.35 | kl 0.0006 | off_frac 0.00 | H 0.48 |     31s
Update 141/250: return     nan (  0 eps) | EV +0.97 | kl 0.0096 | off_frac 0.17 | H 0.47 |     32s
Update 145/250: return     nan (  0 eps) | EV +0.99 | kl 0.0040 | off_frac 0.04 | H 0.26 |     33s
Update 149/250: return     nan (  0 eps) | EV -3.79 | kl 0.0062 | off_frac 0.09 | H 0.47 |     34s
Update 153/250: return     nan (  0 eps) | EV -1.09 | kl 0.0188 | off_frac 0.31 | H 0.46 |     35s
Update 157/250: return  -163.7 ( 64 eps) | EV +0.99 | kl 0.0022 | off_frac 0.02 | H 0.28 |     36s
Update 161/250: return     nan (  0 eps) | EV -1.70 | kl 0.0036 | off_frac 0.00 | H 0.47 |     37s
Update 165/250: return     nan (  0 eps) | EV +1.00 | kl 0.0000 | off_frac 0.00 | H 0.46 |     38s
Update 169/250: return  -149.5 ( 64 eps) | EV +1.00 | kl 0.0001 | off_frac 0.00 | H 0.38 |     39s
Update 173/250: return     nan (  0 eps) | EV -0.40 | kl 0.0013 | off_frac 0.00 | H 0.46 |     40s
Update 177/250: return     nan (  0 eps) | EV +1.00 | kl 0.0044 | off_frac 0.03 | H 0.43 |     41s
Update 181/250: return     nan (  0 eps) | EV -1.95 | kl 0.0029 | off_frac 0.00 | H 0.45 |     42s
Update 185/250: return     nan (  0 eps) | EV -1.80 | kl 0.0024 | off_frac 0.00 | H 0.46 |     42s
Update 189/250: return     nan (  0 eps) | EV +1.00 | kl 0.0074 | off_frac 0.11 | H 0.37 |     43s
Update 193/250: return     nan (  0 eps) | EV -3.55 | kl 0.0029 | off_frac 0.00 | H 0.45 |     44s
Update 197/250: return     nan (  0 eps) | EV +0.26 | kl 0.0033 | off_frac 0.00 | H 0.44 |     45s
Update 201/250: return     nan (  0 eps) | EV +0.99 | kl 0.0020 | off_frac 0.02 | H 0.19 |     46s
Update 205/250: return     nan (  0 eps) | EV -1.84 | kl 0.0021 | off_frac 0.00 | H 0.43 |     47s
Update 209/250: return     nan (  0 eps) | EV +0.92 | kl 0.0060 | off_frac 0.09 | H 0.43 |     48s
Update 213/250: return  -156.9 ( 64 eps) | EV +0.99 | kl 0.0010 | off_frac 0.00 | H 0.30 |     49s
Update 217/250: return     nan (  0 eps) | EV -1.16 | kl 0.0003 | off_frac 0.00 | H 0.43 |     50s
Update 221/250: return     nan (  0 eps) | EV +1.00 | kl 0.0124 | off_frac 0.21 | H 0.41 |     51s
Update 225/250: return  -164.4 ( 64 eps) | EV -2.06 | kl 0.0020 | off_frac 0.00 | H 0.42 |     52s
Update 229/250: return     nan (  0 eps) | EV -1.98 | kl 0.0033 | off_frac 0.01 | H 0.42 |     53s
Update 233/250: return     nan (  0 eps) | EV +1.00 | kl 0.0057 | off_frac 0.09 | H 0.35 |     53s
Update 237/250: return     nan (  0 eps) | EV -2.38 | kl 0.0026 | off_frac 0.00 | H 0.41 |     54s
Update 241/250: return     nan (  0 eps) | EV -3.84 | kl 0.0192 | off_frac 0.29 | H 0.41 |     55s
Update 245/250: return     nan (  0 eps) | EV +1.00 | kl 0.0022 | off_frac 0.03 | H 0.26 |     56s
Update 249/250: return     nan (  0 eps) | EV -1.58 | kl 0.0032 | off_frac 0.01 | H 0.40 |     57s
Update 250/250: return  -164.0 ( 64 eps) | EV -1.47 | kl 0.0049 | off_frac 0.06 | H 0.41 |     57s
greedy evaluation of the frozen policy over 64 episodes: -147.1 +- 79.3 (min -261, max -2)
saved results/ppo/Pendulum/poly2_seed1.json  (58s)
