policy = linear: 4 features, 10 trainable policy parameters
Update   1/60: return   16.6 ( 71 eps) | EV +0.01 | kl 0.0107 | off_frac 0.18 | H 0.68 |      0s
Update   2/60: return   22.7 ( 75 eps) | EV -0.28 | kl 0.0092 | off_frac 0.10 | H 0.66 |      0s
Update   3/60: return   32.2 ( 54 eps) | EV -0.02 | kl 0.0117 | off_frac 0.12 | H 0.62 |      1s
Update   4/60: return   35.3 ( 28 eps) | EV +0.09 | kl 0.0097 | off_frac 0.10 | H 0.59 |      1s
Update   5/60: return   45.9 ( 16 eps) | EV +0.09 | kl 0.0055 | off_frac 0.06 | H 0.55 |      1s
Update   6/60: return   84.5 (  6 eps) | EV +0.12 | kl 0.0063 | off_frac 0.08 | H 0.54 |      1s
Update   7/60: return  115.3 (  9 eps) | EV -0.01 | kl 0.0032 | off_frac 0.03 | H 0.53 |      1s
Update   8/60: return  132.0 ( 13 eps) | EV +0.14 | kl 0.0064 | off_frac 0.08 | H 0.51 |      1s
Update   9/60: return  119.5 (  6 eps) | EV +0.39 | kl 0.0082 | off_frac 0.11 | H 0.51 |      2s
Update  10/60: return  195.6 (  7 eps) | EV +0.78 | kl 0.0126 | off_frac 0.21 | H 0.52 |      2s
Update  11/60: return  241.7 (  6 eps) | EV +0.85 | kl 0.0135 | off_frac 0.22 | H 0.52 |      2s
Update  12/60: return  218.4 (  9 eps) | EV +0.67 | kl 0.0048 | off_frac 0.04 | H 0.52 |      2s
Update  13/60: return  190.0 ( 13 eps) | EV +0.69 | kl 0.0189 | off_frac 0.32 | H 0.51 |      2s
Update  14/60: return  234.0 (  9 eps) | EV +0.85 | kl 0.0327 | off_frac 0.43 | H 0.49 |      3s
Update  15/60: return  224.0 (  5 eps) | EV +0.85 | kl 0.0158 | off_frac 0.24 | H 0.50 |      3s
Update  16/60: return  196.9 ( 22 eps) | EV +0.49 | kl 0.0051 | off_frac 0.05 | H 0.49 |      3s
Update  17/60: return  163.8 ( 10 eps) | EV +0.53 | kl 0.0205 | off_frac 0.31 | H 0.48 |      3s
Update  18/60: return  316.0 (  6 eps) | EV +0.86 | kl 0.0251 | off_frac 0.36 | H 0.48 |      3s
Update  19/60: return  179.4 (  9 eps) | EV +0.83 | kl 0.0055 | off_frac 0.07 | H 0.47 |      3s
Update  20/60: return  301.2 (  5 eps) | EV +0.81 | kl 0.0046 | off_frac 0.05 | H 0.45 |      4s
Update  21/60: return  175.0 (  5 eps) | EV +0.87 | kl 0.0055 | off_frac 0.07 | H 0.44 |      4s
Update  22/60: return  226.5 (  2 eps) | EV +0.65 | kl 0.0048 | off_frac 0.06 | H 0.43 |      4s
Update  23/60: return  500.0 (  1 eps) | EV +0.94 | kl 0.0023 | off_frac 0.02 | H 0.44 |      4s
Update  24/60: return  353.5 (  2 eps) | EV +0.96 | kl 0.0028 | off_frac 0.03 | H 0.42 |      4s
Update  25/60: return  364.5 (  4 eps) | EV +0.95 | kl 0.0049 | off_frac 0.07 | H 0.42 |      5s
Update  26/60: return  295.2 (  4 eps) | EV +0.95 | kl 0.0066 | off_frac 0.09 | H 0.42 |      5s
Update  27/60: return  350.8 (  6 eps) | EV +0.95 | kl 0.0020 | off_frac 0.02 | H 0.42 |      5s
Update  28/60: return  412.0 (  7 eps) | EV +0.95 | kl 0.0038 | off_frac 0.05 | H 0.41 |      5s
Update  29/60: return  415.5 (  4 eps) | EV +0.96 | kl 0.0054 | off_frac 0.07 | H 0.42 |      5s
Update  30/60: return  394.0 (  5 eps) | EV +0.92 | kl 0.0046 | off_frac 0.06 | H 0.42 |      5s
Update  31/60: return  500.0 (  3 eps) | EV +0.91 | kl 0.0055 | off_frac 0.08 | H 0.40 |      6s
Update  32/60: return  465.8 (  9 eps) | EV +0.60 | kl 0.0006 | off_frac 0.00 | H 0.41 |      6s
Update  33/60: return  500.0 (  4 eps) | EV +0.88 | kl 0.0175 | off_frac 0.24 | H 0.39 |      6s
Update  34/60: return  500.0 (  6 eps) | EV +0.94 | kl 0.0224 | off_frac 0.29 | H 0.39 |      6s
Update  35/60: return  500.0 (  5 eps) | EV +0.93 | kl 0.0064 | off_frac 0.10 | H 0.40 |      6s
Update  36/60: return  458.5 (  4 eps) | EV +0.51 | kl 0.0071 | off_frac 0.09 | H 0.38 |      7s
Update  37/60: return  425.3 (  3 eps) | EV +0.38 | kl 0.0082 | off_frac 0.13 | H 0.38 |      7s
Update  38/60: return  371.0 (  2 eps) | EV +0.29 | kl 0.0018 | off_frac 0.02 | H 0.37 |      7s
Update  39/60: return  500.0 (  2 eps) | EV +0.89 | kl 0.0062 | off_frac 0.09 | H 0.36 |      7s
Update  40/60: return    nan (  0 eps) | EV +0.96 | kl 0.0083 | off_frac 0.13 | H 0.36 |      7s
Update  41/60: return  440.2 (  4 eps) | EV +0.67 | kl 0.0005 | off_frac 0.00 | H 0.37 |      8s
Update  42/60: return  500.0 (  7 eps) | EV +0.81 | kl 0.0072 | off_frac 0.11 | H 0.36 |      8s
Update  43/60: return  500.0 (  2 eps) | EV +0.84 | kl 0.0126 | off_frac 0.19 | H 0.36 |      8s
Update  44/60: return  500.0 (  8 eps) | EV +0.81 | kl 0.0115 | off_frac 0.16 | H 0.37 |      8s
Update  45/60: return  389.4 (  5 eps) | EV +0.11 | kl 0.0029 | off_frac 0.04 | H 0.35 |      8s
Update  46/60: return  500.0 (  3 eps) | EV +0.34 | kl 0.0108 | off_frac 0.17 | H 0.36 |      8s
Update  47/60: return  500.0 (  7 eps) | EV +0.55 | kl 0.0154 | off_frac 0.21 | H 0.35 |      9s
Update  48/60: return  500.0 (  8 eps) | EV +0.78 | kl 0.0005 | off_frac 0.00 | H 0.34 |      9s
Update  49/60: return  500.0 (  2 eps) | EV +0.74 | kl 0.0065 | off_frac 0.10 | H 0.34 |      9s
Update  50/60: return  500.0 (  6 eps) | EV +0.85 | kl 0.0152 | off_frac 0.20 | H 0.33 |      9s
Update  51/60: return  500.0 (  3 eps) | EV +0.80 | kl 0.0076 | off_frac 0.12 | H 0.34 |      9s
Update  52/60: return  500.0 (  6 eps) | EV +0.66 | kl 0.0019 | off_frac 0.02 | H 0.34 |     10s
Update  53/60: return  398.7 (  3 eps) | EV +0.11 | kl 0.0014 | off_frac 0.01 | H 0.33 |     10s
Update  54/60: return  500.0 (  1 eps) | EV +0.77 | kl 0.0152 | off_frac 0.21 | H 0.32 |     10s
Update  55/60: return  500.0 (  1 eps) | EV +0.95 | kl 0.0114 | off_frac 0.16 | H 0.32 |     10s
Update  56/60: return  500.0 (  3 eps) | EV +0.84 | kl 0.0048 | off_frac 0.07 | H 0.32 |     10s
Update  57/60: return  500.0 (  1 eps) | EV +0.88 | kl 0.0045 | off_frac 0.07 | H 0.32 |     10s
Update  58/60: return  486.9 (  8 eps) | EV +0.31 | kl 0.0010 | off_frac 0.01 | H 0.32 |     11s
Update  59/60: return  500.0 (  5 eps) | EV +0.83 | kl 0.0008 | off_frac 0.00 | H 0.32 |     11s
Update  60/60: return  500.0 (  5 eps) | EV +0.71 | kl 0.0010 | off_frac 0.01 | H 0.31 |     11s
greedy evaluation over 64 episodes: 500.0 +- 0.0 (min 500, 100% reach 500)
saved results/ppo/linear_noise0.4_seed2.json  (12s)
