policy = linear: 4 features, 10 trainable policy parameters
Update   1/60: return   16.6 ( 71 eps) | EV +0.01 | kl 0.0102 | off_frac 0.20 | H 0.68 |      0s
Update   2/60: return   23.5 ( 77 eps) | EV -0.26 | kl 0.0088 | off_frac 0.10 | H 0.66 |      0s
Update   3/60: return   28.1 ( 47 eps) | EV -0.02 | kl 0.0103 | off_frac 0.11 | H 0.63 |      1s
Update   4/60: return   42.7 ( 26 eps) | EV +0.05 | kl 0.0060 | off_frac 0.06 | H 0.61 |      1s
Update   5/60: return   71.3 ( 15 eps) | EV +0.01 | kl 0.0035 | off_frac 0.03 | H 0.60 |      1s
Update   6/60: return  102.2 (  9 eps) | EV +0.15 | kl 0.0043 | off_frac 0.03 | H 0.59 |      1s
Update   7/60: return   59.5 (  2 eps) | EV +0.42 | kl 0.0056 | off_frac 0.05 | H 0.58 |      1s
Update   8/60: return  133.3 (  6 eps) | EV +0.41 | kl 0.0098 | off_frac 0.13 | H 0.57 |      1s
Update   9/60: return  125.8 (  6 eps) | EV +0.38 | kl 0.0058 | off_frac 0.05 | H 0.58 |      2s
Update  10/60: return  182.6 ( 15 eps) | EV +0.31 | kl 0.0034 | off_frac 0.01 | H 0.58 |      2s
Update  11/60: return  214.7 ( 12 eps) | EV +0.68 | kl 0.0077 | off_frac 0.07 | H 0.57 |      2s
Update  12/60: return  241.7 (  7 eps) | EV +0.85 | kl 0.0064 | off_frac 0.07 | H 0.57 |      2s
Update  13/60: return  251.4 (  5 eps) | EV +0.83 | kl 0.0094 | off_frac 0.12 | H 0.57 |      2s
Update  14/60: return  192.1 (  8 eps) | EV +0.66 | kl 0.0045 | off_frac 0.04 | H 0.54 |      3s
Update  15/60: return  250.3 (  6 eps) | EV +0.94 | kl 0.0123 | off_frac 0.20 | H 0.55 |      3s
Update  16/60: return  196.2 (  4 eps) | EV +0.93 | kl 0.0154 | off_frac 0.28 | H 0.56 |      3s
Update  17/60: return  290.7 (  7 eps) | EV +0.96 | kl 0.0240 | off_frac 0.37 | H 0.56 |      3s
Update  18/60: return  265.7 (  9 eps) | EV +0.90 | kl 0.0043 | off_frac 0.01 | H 0.56 |      3s
Update  19/60: return  287.0 (  6 eps) | EV +0.95 | kl 0.0032 | off_frac 0.01 | H 0.56 |      4s
Update  20/60: return  367.3 (  6 eps) | EV +0.81 | kl 0.0035 | off_frac 0.02 | H 0.55 |      4s
Update  21/60: return  327.0 (  2 eps) | EV +0.81 | kl 0.0068 | off_frac 0.08 | H 0.55 |      4s
Update  22/60: return  348.3 (  3 eps) | EV +0.97 | kl 0.0183 | off_frac 0.30 | H 0.55 |      4s
Update  23/60: return  286.0 (  8 eps) | EV +0.98 | kl 0.0092 | off_frac 0.14 | H 0.56 |      4s
Update  24/60: return  363.0 (  7 eps) | EV +0.97 | kl 0.0191 | off_frac 0.33 | H 0.56 |      4s
Update  25/60: return  387.7 ( 10 eps) | EV +0.75 | kl 0.0011 | off_frac 0.00 | H 0.55 |      5s
Update  26/60: return  378.2 (  6 eps) | EV +0.70 | kl 0.0068 | off_frac 0.08 | H 0.55 |      5s
Update  27/60: return  346.5 (  4 eps) | EV +0.10 | kl 0.0078 | off_frac 0.11 | H 0.53 |      5s
Update  28/60: return  306.0 (  1 eps) | EV +0.78 | kl 0.0207 | off_frac 0.31 | H 0.53 |      5s
Update  29/60: return  500.0 (  2 eps) | EV +0.97 | kl 0.0247 | off_frac 0.39 | H 0.53 |      5s
Update  30/60: return  500.0 (  3 eps) | EV +0.97 | kl 0.0181 | off_frac 0.32 | H 0.54 |      6s
Update  31/60: return  426.5 (  4 eps) | EV +0.73 | kl 0.0028 | off_frac 0.02 | H 0.53 |      6s
Update  32/60: return  485.2 (  4 eps) | EV +0.57 | kl 0.0030 | off_frac 0.03 | H 0.53 |      6s
Update  33/60: return    nan (  0 eps) | EV +0.91 | kl 0.0180 | off_frac 0.32 | H 0.50 |      6s
Update  34/60: return  500.0 (  3 eps) | EV +0.97 | kl 0.0324 | off_frac 0.44 | H 0.50 |      6s
Update  35/60: return  500.0 (  5 eps) | EV +0.85 | kl 0.0211 | off_frac 0.33 | H 0.53 |      7s
Update  36/60: return  500.0 (  2 eps) | EV +0.47 | kl 0.0111 | off_frac 0.18 | H 0.53 |      7s
Update  37/60: return  500.0 (  3 eps) | EV +0.83 | kl 0.0092 | off_frac 0.15 | H 0.52 |      7s
Update  38/60: return  500.0 (  3 eps) | EV +0.84 | kl 0.0102 | off_frac 0.16 | H 0.51 |      7s
Update  39/60: return  500.0 ( 10 eps) | EV +0.83 | kl 0.0118 | off_frac 0.20 | H 0.51 |      7s
Update  40/60: return  500.0 (  7 eps) | EV +0.88 | kl 0.0083 | off_frac 0.12 | H 0.52 |      7s
Update  41/60: return  500.0 ( 10 eps) | EV +0.81 | kl 0.0134 | off_frac 0.25 | H 0.51 |      8s
Update  42/60: return  500.0 (  5 eps) | EV +0.74 | kl 0.0105 | off_frac 0.18 | H 0.51 |      8s
Update  43/60: return  500.0 (  2 eps) | EV +0.78 | kl 0.0080 | off_frac 0.12 | H 0.53 |      8s
Update  44/60: return  500.0 (  2 eps) | EV +0.82 | kl 0.0351 | off_frac 0.48 | H 0.51 |      8s
Update  45/60: return  500.0 (  2 eps) | EV +0.25 | kl 0.0196 | off_frac 0.33 | H 0.51 |      8s
Update  46/60: return  500.0 (  3 eps) | EV +0.59 | kl 0.0105 | off_frac 0.16 | H 0.51 |      9s
Update  47/60: return  500.0 (  4 eps) | EV +0.70 | kl 0.0277 | off_frac 0.41 | H 0.49 |      9s
Update  48/60: return  500.0 (  3 eps) | EV +0.56 | kl 0.0052 | off_frac 0.07 | H 0.49 |      9s
Update  49/60: return  396.5 (  2 eps) | EV +0.03 | kl 0.0045 | off_frac 0.06 | H 0.47 |      9s
Update  50/60: return  500.0 (  5 eps) | EV -0.28 | kl 0.0038 | off_frac 0.02 | H 0.49 |      9s
Update  51/60: return  500.0 (  4 eps) | EV +0.58 | kl 0.0054 | off_frac 0.06 | H 0.49 |      9s
Update  52/60: return  500.0 (  2 eps) | EV +0.71 | kl 0.0042 | off_frac 0.05 | H 0.47 |     10s
Update  53/60: return  500.0 (  2 eps) | EV +0.83 | kl 0.0193 | off_frac 0.32 | H 0.48 |     10s
Update  54/60: return  500.0 (  5 eps) | EV +0.57 | kl 0.0031 | off_frac 0.03 | H 0.49 |     10s
Update  55/60: return  500.0 ( 10 eps) | EV +0.48 | kl 0.0044 | off_frac 0.05 | H 0.49 |     10s
Update  56/60: return  500.0 (  8 eps) | EV +0.79 | kl 0.0223 | off_frac 0.30 | H 0.48 |     10s
Update  57/60: return  500.0 (  7 eps) | EV -0.30 | kl 0.0010 | off_frac 0.00 | H 0.49 |     11s
Update  58/60: return  500.0 (  5 eps) | EV +0.19 | kl 0.0228 | off_frac 0.34 | H 0.47 |     11s
Update  59/60: return  500.0 (  1 eps) | EV +0.19 | kl 0.0103 | off_frac 0.18 | H 0.48 |     11s
Update  60/60: return  500.0 (  1 eps) | EV +0.72 | kl 0.0198 | off_frac 0.31 | H 0.47 |     11s
greedy evaluation over 64 episodes: 500.0 +- 0.0 (min 500, 100% reach 500)
saved results/ppo/linear_noise0.1_seed2.json  (12s)
