policy = linear: 4 features, 10 trainable policy parameters
Update   1/60: return   16.6 ( 71 eps) | EV -0.00 | kl 0.0067 | off_frac 0.08 | H 0.69 |      0s
Update   2/60: return   21.5 ( 86 eps) | EV -0.30 | kl 0.0107 | off_frac 0.15 | H 0.66 |      0s
Update   3/60: return   28.0 ( 51 eps) | EV -0.01 | kl 0.0100 | off_frac 0.10 | H 0.63 |      0s
Update   4/60: return   42.1 ( 29 eps) | EV +0.01 | kl 0.0094 | off_frac 0.10 | H 0.60 |      1s
Update   5/60: return   51.3 ( 22 eps) | EV +0.07 | kl 0.0078 | off_frac 0.09 | H 0.57 |      1s
Update   6/60: return   79.1 ( 13 eps) | EV +0.04 | kl 0.0033 | off_frac 0.03 | H 0.55 |      1s
Update   7/60: return   98.4 ( 11 eps) | EV +0.12 | kl 0.0060 | off_frac 0.06 | H 0.55 |      1s
Update   8/60: return  151.0 (  8 eps) | EV +0.31 | kl 0.0049 | off_frac 0.05 | H 0.53 |      1s
Update   9/60: return  138.1 ( 15 eps) | EV +0.44 | kl 0.0051 | off_frac 0.04 | H 0.52 |      1s
Update  10/60: return  171.8 (  5 eps) | EV +0.90 | kl 0.0016 | off_frac 0.00 | H 0.52 |      1s
Update  11/60: return  165.8 (  9 eps) | EV +0.81 | kl 0.0076 | off_frac 0.10 | H 0.49 |      2s
Update  12/60: return  211.6 (  7 eps) | EV +0.83 | kl 0.0082 | off_frac 0.12 | H 0.50 |      2s
Update  13/60: return  200.7 ( 11 eps) | EV +0.74 | kl 0.0062 | off_frac 0.08 | H 0.48 |      2s
Update  14/60: return  261.7 (  3 eps) | EV +0.94 | kl 0.0065 | off_frac 0.08 | H 0.49 |      2s
Update  15/60: return  301.0 (  3 eps) | EV +0.96 | kl 0.0078 | off_frac 0.09 | H 0.49 |      2s
Update  16/60: return  233.7 (  7 eps) | EV +0.93 | kl 0.0137 | off_frac 0.19 | H 0.49 |      2s
Update  17/60: return  262.2 (  4 eps) | EV +0.89 | kl 0.0023 | off_frac 0.02 | H 0.46 |      2s
Update  18/60: return  234.2 (  8 eps) | EV +0.81 | kl 0.0035 | off_frac 0.04 | H 0.47 |      3s
Update  19/60: return  327.2 (  4 eps) | EV +0.90 | kl 0.0059 | off_frac 0.08 | H 0.46 |      3s
Update  20/60: return  319.2 (  5 eps) | EV +0.83 | kl 0.0081 | off_frac 0.12 | H 0.45 |      3s
Update  21/60: return  413.3 (  3 eps) | EV +0.90 | kl 0.0035 | off_frac 0.03 | H 0.44 |      3s
Update  22/60: return  439.7 (  3 eps) | EV +0.95 | kl 0.0052 | off_frac 0.06 | H 0.44 |      3s
Update  23/60: return  473.0 (  1 eps) | EV +0.93 | kl 0.0128 | off_frac 0.16 | H 0.44 |      3s
Update  24/60: return  497.7 (  6 eps) | EV +0.94 | kl 0.0094 | off_frac 0.13 | H 0.43 |      3s
Update  25/60: return  229.5 (  4 eps) | EV +0.75 | kl 0.0042 | off_frac 0.06 | H 0.43 |      4s
Update  26/60: return  500.0 (  4 eps) | EV +0.94 | kl 0.0120 | off_frac 0.18 | H 0.43 |      4s
Update  27/60: return  497.0 (  4 eps) | EV +0.75 | kl 0.0027 | off_frac 0.03 | H 0.43 |      4s
Update  28/60: return  477.8 (  8 eps) | EV +0.93 | kl 0.0112 | off_frac 0.16 | H 0.42 |      4s
Update  29/60: return  437.6 ( 10 eps) | EV +0.65 | kl 0.0040 | off_frac 0.05 | H 0.41 |      4s
Update  30/60: return  500.0 (  1 eps) | EV +0.88 | kl 0.0063 | off_frac 0.10 | H 0.40 |      4s
Update  31/60: return  500.0 (  1 eps) | EV +0.91 | kl 0.0101 | off_frac 0.15 | H 0.39 |      4s
Update  32/60: return  453.0 (  7 eps) | EV +0.24 | kl 0.0064 | off_frac 0.08 | H 0.38 |      5s
Update  33/60: return  500.0 (  5 eps) | EV +0.64 | kl 0.0194 | off_frac 0.27 | H 0.38 |      5s
Update  34/60: return  500.0 (  5 eps) | EV +0.66 | kl 0.0077 | off_frac 0.12 | H 0.38 |      5s
Update  35/60: return  500.0 (  1 eps) | EV +0.56 | kl 0.0073 | off_frac 0.10 | H 0.38 |      5s
Update  36/60: return  500.0 (  5 eps) | EV +0.85 | kl 0.0109 | off_frac 0.18 | H 0.38 |      5s
Update  37/60: return  500.0 (  2 eps) | EV +0.75 | kl 0.0119 | off_frac 0.18 | H 0.37 |      5s
Update  38/60: return  500.0 (  3 eps) | EV +0.68 | kl 0.0080 | off_frac 0.12 | H 0.37 |      5s
Update  39/60: return  415.0 (  2 eps) | EV +0.10 | kl 0.0026 | off_frac 0.03 | H 0.36 |      6s
Update  40/60: return  488.2 (  5 eps) | EV +0.27 | kl 0.0089 | off_frac 0.14 | H 0.35 |      6s
Update  41/60: return  500.0 (  5 eps) | EV +0.25 | kl 0.0202 | off_frac 0.26 | H 0.35 |      6s
Update  42/60: return  500.0 (  5 eps) | EV +0.02 | kl 0.0022 | off_frac 0.02 | H 0.34 |      6s
Update  43/60: return  500.0 (  2 eps) | EV -0.43 | kl 0.0100 | off_frac 0.15 | H 0.34 |      6s
Update  44/60: return  500.0 ( 10 eps) | EV +0.32 | kl 0.0150 | off_frac 0.21 | H 0.34 |      6s
Update  45/60: return  500.0 (  5 eps) | EV +0.61 | kl 0.0002 | off_frac 0.00 | H 0.35 |      6s
Update  46/60: return  500.0 (  2 eps) | EV +0.83 | kl 0.0113 | off_frac 0.18 | H 0.33 |      6s
Update  47/60: return  500.0 (  3 eps) | EV +0.84 | kl 0.0125 | off_frac 0.20 | H 0.33 |      7s
Update  48/60: return  500.0 (  4 eps) | EV +0.72 | kl 0.0099 | off_frac 0.15 | H 0.33 |      7s
Update  49/60: return  500.0 (  6 eps) | EV +0.75 | kl 0.0023 | off_frac 0.02 | H 0.33 |      7s
Update  50/60: return  444.0 (  6 eps) | EV +0.00 | kl 0.0040 | off_frac 0.05 | H 0.33 |      7s
Update  51/60: return  500.0 (  3 eps) | EV +0.10 | kl 0.0065 | off_frac 0.11 | H 0.32 |      7s
Update  52/60: return  445.4 (  5 eps) | EV +0.24 | kl 0.0046 | off_frac 0.06 | H 0.32 |      7s
Update  53/60: return  500.0 (  2 eps) | EV +0.14 | kl 0.0067 | off_frac 0.09 | H 0.31 |      7s
Update  54/60: return  500.0 (  2 eps) | EV +0.81 | kl 0.0015 | off_frac 0.02 | H 0.30 |      8s
Update  55/60: return  500.0 (  5 eps) | EV +0.92 | kl 0.0033 | off_frac 0.04 | H 0.31 |      8s
Update  56/60: return  500.0 (  1 eps) | EV +0.92 | kl 0.0056 | off_frac 0.09 | H 0.31 |      8s
Update  57/60: return  500.0 (  5 eps) | EV +0.87 | kl 0.0059 | off_frac 0.09 | H 0.30 |      8s
Update  58/60: return  500.0 (  5 eps) | EV +0.86 | kl 0.0033 | off_frac 0.04 | H 0.31 |      8s
Update  59/60: return  500.0 (  3 eps) | EV +0.89 | kl 0.0008 | off_frac 0.01 | H 0.30 |      8s
Update  60/60: return  500.0 ( 11 eps) | EV +0.78 | kl 0.0004 | off_frac 0.00 | H 0.29 |      8s
greedy evaluation over 64 episodes: 476.0 +- 57.9 (min 228, 81% reach 500)
saved results/ppo/linear_noise0.4_seed0.json  (9s)
