policy = linear: 4 features, 10 trainable policy parameters
Update   1/60: return   16.6 ( 71 eps) | EV -0.00 | kl 0.0076 | off_frac 0.11 | H 0.69 |      0s
Update   2/60: return   21.8 ( 88 eps) | EV -0.31 | kl 0.0100 | off_frac 0.13 | H 0.66 |      0s
Update   3/60: return   25.5 ( 51 eps) | EV -0.00 | kl 0.0098 | off_frac 0.11 | H 0.63 |      1s
Update   4/60: return   51.5 ( 26 eps) | EV +0.03 | kl 0.0070 | off_frac 0.08 | H 0.60 |      1s
Update   5/60: return   50.1 ( 16 eps) | EV +0.05 | kl 0.0072 | off_frac 0.08 | H 0.58 |      1s
Update   6/60: return   76.8 ( 12 eps) | EV +0.06 | kl 0.0038 | off_frac 0.04 | H 0.57 |      1s
Update   7/60: return  116.0 (  8 eps) | EV +0.07 | kl 0.0050 | off_frac 0.05 | H 0.56 |      1s
Update   8/60: return  168.2 (  5 eps) | EV +0.20 | kl 0.0019 | off_frac 0.01 | H 0.57 |      2s
Update   9/60: return  169.0 (  5 eps) | EV +0.54 | kl 0.0052 | off_frac 0.06 | H 0.56 |      2s
Update  10/60: return  192.7 (  6 eps) | EV +0.74 | kl 0.0064 | off_frac 0.07 | H 0.54 |      2s
Update  11/60: return  210.0 (  7 eps) | EV +0.79 | kl 0.0032 | off_frac 0.03 | H 0.54 |      2s
Update  12/60: return  183.0 (  1 eps) | EV +0.73 | kl 0.0071 | off_frac 0.09 | H 0.54 |      2s
Update  13/60: return  276.2 (  4 eps) | EV +0.52 | kl 0.0031 | off_frac 0.03 | H 0.54 |      2s
Update  14/60: return    nan (  0 eps) | EV +0.93 | kl 0.0062 | off_frac 0.08 | H 0.55 |      3s
Update  15/60: return  306.0 (  3 eps) | EV +0.80 | kl 0.0033 | off_frac 0.04 | H 0.53 |      3s
Update  16/60: return  339.4 (  5 eps) | EV +0.80 | kl 0.0042 | off_frac 0.04 | H 0.53 |      3s
Update  17/60: return    nan (  0 eps) | EV +0.95 | kl 0.0045 | off_frac 0.05 | H 0.52 |      3s
Update  18/60: return  374.7 (  3 eps) | EV +0.91 | kl 0.0075 | off_frac 0.11 | H 0.53 |      3s
Update  19/60: return  450.6 (  5 eps) | EV +0.71 | kl 0.0040 | off_frac 0.05 | H 0.54 |      3s
Update  20/60: return  478.3 ( 11 eps) | EV +0.86 | kl 0.0115 | off_frac 0.19 | H 0.51 |      4s
Update  21/60: return  490.4 (  7 eps) | EV +0.98 | kl 0.0163 | off_frac 0.28 | H 0.52 |      4s
Update  22/60: return  480.0 (  6 eps) | EV +0.96 | kl 0.0133 | off_frac 0.22 | H 0.51 |      4s
Update  23/60: return  441.0 (  5 eps) | EV +0.65 | kl 0.0063 | off_frac 0.08 | H 0.51 |      4s
Update  24/60: return  500.0 (  1 eps) | EV +0.93 | kl 0.0326 | off_frac 0.40 | H 0.49 |      4s
Update  25/60: return  498.2 (  6 eps) | EV +0.67 | kl 0.0162 | off_frac 0.26 | H 0.50 |      5s
Update  26/60: return  450.7 (  6 eps) | EV +0.20 | kl 0.0050 | off_frac 0.07 | H 0.50 |      5s
Update  27/60: return  500.0 (  3 eps) | EV +0.10 | kl 0.0068 | off_frac 0.10 | H 0.48 |      5s
Update  28/60: return  500.0 (  1 eps) | EV +0.61 | kl 0.0239 | off_frac 0.34 | H 0.47 |      5s
Update  29/60: return  500.0 (  4 eps) | EV +0.73 | kl 0.0164 | off_frac 0.27 | H 0.48 |      5s
Update  30/60: return  500.0 (  1 eps) | EV +0.75 | kl 0.0045 | off_frac 0.06 | H 0.49 |      5s
Update  31/60: return  500.0 (  5 eps) | EV +0.88 | kl 0.0086 | off_frac 0.13 | H 0.48 |      6s
Update  32/60: return  500.0 (  1 eps) | EV +0.74 | kl 0.0173 | off_frac 0.28 | H 0.46 |      6s
Update  33/60: return  500.0 (  1 eps) | EV +0.40 | kl 0.0073 | off_frac 0.11 | H 0.47 |      6s
Update  34/60: return  500.0 (  4 eps) | EV +0.75 | kl 0.0206 | off_frac 0.29 | H 0.45 |      6s
Update  35/60: return  500.0 (  7 eps) | EV +0.64 | kl 0.0190 | off_frac 0.29 | H 0.46 |      6s
Update  36/60: return  500.0 (  9 eps) | EV +0.49 | kl 0.0125 | off_frac 0.21 | H 0.46 |      7s
Update  37/60: return  500.0 (  6 eps) | EV +0.77 | kl 0.0152 | off_frac 0.21 | H 0.45 |      7s
Update  38/60: return  500.0 (  7 eps) | EV +0.74 | kl 0.0213 | off_frac 0.30 | H 0.44 |      7s
Update  39/60: return  500.0 (  3 eps) | EV +0.84 | kl 0.0081 | off_frac 0.13 | H 0.45 |      7s
Update  40/60: return  500.0 (  2 eps) | EV +0.79 | kl 0.0083 | off_frac 0.14 | H 0.44 |      7s
Update  41/60: return  500.0 (  6 eps) | EV +0.73 | kl 0.0128 | off_frac 0.20 | H 0.44 |      7s
Update  42/60: return  500.0 (  7 eps) | EV +0.42 | kl 0.0022 | off_frac 0.01 | H 0.43 |      8s
Update  43/60: return    nan (  0 eps) | EV +0.70 | kl 0.0002 | off_frac 0.00 | H 0.44 |      8s
Update  44/60: return  500.0 (  2 eps) | EV +0.83 | kl 0.0099 | off_frac 0.16 | H 0.43 |      8s
Update  45/60: return  500.0 (  3 eps) | EV +0.76 | kl 0.0001 | off_frac 0.00 | H 0.43 |      8s
Update  46/60: return  500.0 (  2 eps) | EV +0.76 | kl 0.0069 | off_frac 0.12 | H 0.42 |      8s
Update  47/60: return  500.0 (  5 eps) | EV +0.77 | kl 0.0028 | off_frac 0.01 | H 0.42 |      9s
Update  48/60: return    nan (  0 eps) | EV +0.89 | kl 0.0079 | off_frac 0.13 | H 0.42 |      9s
Update  49/60: return  500.0 (  3 eps) | EV +0.90 | kl 0.0013 | off_frac 0.00 | H 0.42 |      9s
Update  50/60: return  500.0 (  4 eps) | EV +0.85 | kl 0.0061 | off_frac 0.09 | H 0.41 |      9s
Update  51/60: return  500.0 (  7 eps) | EV +0.77 | kl 0.0005 | off_frac 0.00 | H 0.41 |      9s
Update  52/60: return  500.0 (  9 eps) | EV +0.74 | kl 0.0007 | off_frac 0.00 | H 0.39 |     10s
Update  53/60: return  435.2 (  6 eps) | EV +0.03 | kl 0.0044 | off_frac 0.06 | H 0.39 |     10s
Update  54/60: return  500.0 (  8 eps) | EV -0.00 | kl 0.0015 | off_frac 0.01 | H 0.38 |     10s
Update  55/60: return  500.0 (  1 eps) | EV +0.39 | kl 0.0075 | off_frac 0.13 | H 0.38 |     10s
Update  56/60: return  500.0 (  5 eps) | EV +0.69 | kl 0.0192 | off_frac 0.26 | H 0.38 |     10s
Update  57/60: return  500.0 (  6 eps) | EV +0.49 | kl 0.0148 | off_frac 0.22 | H 0.37 |     10s
Update  58/60: return  500.0 (  4 eps) | EV +0.71 | kl 0.0172 | off_frac 0.25 | H 0.38 |     11s
Update  59/60: return  500.0 (  1 eps) | EV +0.91 | kl 0.0154 | off_frac 0.22 | H 0.37 |     11s
Update  60/60: return  500.0 (  4 eps) | EV +0.85 | kl 0.0034 | off_frac 0.05 | H 0.39 |     11s
greedy evaluation over 64 episodes: 500.0 +- 0.0 (min 500, 100% reach 500)
saved results/ppo/linear_noise0.2_seed0.json  (12s)
