policy = linear: 4 features, 10 trainable policy parameters
Update   1/60: return   16.7 ( 73 eps) | EV -0.01 | kl 0.0081 | off_frac 0.11 | H 0.69 |      0s
Update   2/60: return   25.4 ( 60 eps) | EV -0.23 | kl 0.0090 | off_frac 0.10 | H 0.66 |      0s
Update   3/60: return   32.7 ( 58 eps) | EV -0.02 | kl 0.0094 | off_frac 0.11 | H 0.63 |      0s
Update   4/60: return   40.6 ( 22 eps) | EV +0.05 | kl 0.0088 | off_frac 0.08 | H 0.61 |      1s
Update   5/60: return   66.4 ( 14 eps) | EV -0.03 | kl 0.0063 | off_frac 0.07 | H 0.59 |      1s
Update   6/60: return   85.9 ( 12 eps) | EV +0.07 | kl 0.0108 | off_frac 0.14 | H 0.58 |      1s
Update   7/60: return  126.2 (  6 eps) | EV +0.11 | kl 0.0085 | off_frac 0.13 | H 0.58 |      1s
Update   8/60: return  142.6 ( 14 eps) | EV +0.35 | kl 0.0034 | off_frac 0.02 | H 0.58 |      1s
Update   9/60: return  147.3 ( 13 eps) | EV +0.63 | kl 0.0118 | off_frac 0.19 | H 0.56 |      1s
Update  10/60: return  174.6 ( 11 eps) | EV +0.84 | kl 0.0061 | off_frac 0.07 | H 0.58 |      1s
Update  11/60: return  183.4 ( 10 eps) | EV +0.88 | kl 0.0048 | off_frac 0.05 | H 0.56 |      1s
Update  12/60: return  268.0 (  2 eps) | EV +0.98 | kl 0.0118 | off_frac 0.17 | H 0.56 |      2s
Update  13/60: return  225.0 (  3 eps) | EV +0.97 | kl 0.0079 | off_frac 0.12 | H 0.57 |      2s
Update  14/60: return  237.4 (  5 eps) | EV +0.95 | kl 0.0011 | off_frac 0.00 | H 0.57 |      2s
Update  15/60: return  264.4 (  7 eps) | EV +0.83 | kl 0.0131 | off_frac 0.21 | H 0.55 |      2s
Update  16/60: return  227.6 (  7 eps) | EV +0.89 | kl 0.0255 | off_frac 0.40 | H 0.55 |      2s
Update  17/60: return  248.0 (  4 eps) | EV +0.95 | kl 0.0203 | off_frac 0.34 | H 0.56 |      2s
Update  18/60: return  254.0 (  9 eps) | EV +0.93 | kl 0.0139 | off_frac 0.25 | H 0.56 |      2s
Update  19/60: return  298.7 (  6 eps) | EV +0.82 | kl 0.0036 | off_frac 0.04 | H 0.55 |      2s
Update  20/60: return  401.0 (  6 eps) | EV +0.24 | kl 0.0023 | off_frac 0.01 | H 0.55 |      3s
Update  21/60: return  388.0 (  1 eps) | EV +0.33 | kl 0.0109 | off_frac 0.17 | H 0.54 |      3s
Update  22/60: return  500.0 (  2 eps) | EV +0.95 | kl 0.0428 | off_frac 0.56 | H 0.53 |      3s
Update  23/60: return  398.5 (  2 eps) | EV +0.82 | kl 0.0092 | off_frac 0.13 | H 0.55 |      3s
Update  24/60: return  433.4 (  5 eps) | EV +0.70 | kl 0.0007 | off_frac 0.00 | H 0.55 |      3s
Update  25/60: return  500.0 (  2 eps) | EV +0.98 | kl 0.0039 | off_frac 0.03 | H 0.56 |      3s
Update  26/60: return  486.0 (  7 eps) | EV +0.84 | kl 0.0001 | off_frac 0.00 | H 0.55 |      3s
Update  27/60: return  500.0 (  1 eps) | EV +0.92 | kl 0.0033 | off_frac 0.01 | H 0.56 |      3s
Update  28/60: return    nan (  0 eps) | EV +0.81 | kl 0.0010 | off_frac 0.00 | H 0.57 |      4s
Update  29/60: return  500.0 (  4 eps) | EV +0.90 | kl 0.0069 | off_frac 0.08 | H 0.55 |      4s
Update  30/60: return  500.0 (  5 eps) | EV +0.94 | kl 0.0076 | off_frac 0.11 | H 0.55 |      4s
Update  31/60: return  500.0 (  4 eps) | EV +0.92 | kl 0.0017 | off_frac 0.00 | H 0.54 |      4s
Update  32/60: return  500.0 (  8 eps) | EV +0.96 | kl 0.0198 | off_frac 0.35 | H 0.53 |      4s
Update  33/60: return  500.0 (  7 eps) | EV +0.96 | kl 0.0005 | off_frac 0.00 | H 0.55 |      4s
Update  34/60: return  500.0 (  6 eps) | EV +0.96 | kl 0.0034 | off_frac 0.03 | H 0.54 |      4s
Update  35/60: return  500.0 (  6 eps) | EV +0.97 | kl 0.0038 | off_frac 0.02 | H 0.55 |      4s
Update  36/60: return  500.0 (  4 eps) | EV +0.67 | kl 0.0039 | off_frac 0.03 | H 0.54 |      5s
Update  37/60: return  500.0 (  2 eps) | EV +0.77 | kl 0.0056 | off_frac 0.04 | H 0.52 |      5s
Update  38/60: return  500.0 (  2 eps) | EV +0.75 | kl 0.0142 | off_frac 0.24 | H 0.54 |      5s
Update  39/60: return  500.0 (  3 eps) | EV +0.66 | kl 0.0035 | off_frac 0.04 | H 0.55 |      5s
Update  40/60: return  500.0 (  4 eps) | EV +0.65 | kl 0.0060 | off_frac 0.06 | H 0.54 |      5s
Update  41/60: return  450.2 (  6 eps) | EV +0.01 | kl 0.0009 | off_frac 0.00 | H 0.53 |      5s
Update  42/60: return  500.0 (  3 eps) | EV -1.89 | kl 0.0119 | off_frac 0.19 | H 0.52 |      5s
Update  43/60: return  500.0 (  1 eps) | EV -0.00 | kl 0.0113 | off_frac 0.18 | H 0.53 |      5s
Update  44/60: return  500.0 (  1 eps) | EV +0.44 | kl 0.0055 | off_frac 0.05 | H 0.51 |      5s
Update  45/60: return  500.0 (  3 eps) | EV +0.77 | kl 0.0159 | off_frac 0.28 | H 0.51 |      6s
Update  46/60: return  500.0 (  8 eps) | EV +0.81 | kl 0.0193 | off_frac 0.32 | H 0.51 |      6s
Update  47/60: return  500.0 (  5 eps) | EV +0.49 | kl 0.0135 | off_frac 0.24 | H 0.50 |      6s
Update  48/60: return  500.0 (  7 eps) | EV +0.25 | kl 0.0128 | off_frac 0.22 | H 0.51 |      6s
Update  49/60: return  500.0 (  8 eps) | EV +0.64 | kl 0.0154 | off_frac 0.25 | H 0.51 |      6s
Update  50/60: return  500.0 (  3 eps) | EV +0.87 | kl 0.0029 | off_frac 0.02 | H 0.50 |      6s
Update  51/60: return  500.0 (  7 eps) | EV +0.84 | kl 0.0111 | off_frac 0.17 | H 0.50 |      6s
Update  52/60: return  500.0 (  2 eps) | EV +0.87 | kl 0.0071 | off_frac 0.09 | H 0.51 |      6s
Update  53/60: return  500.0 (  2 eps) | EV +0.60 | kl 0.0074 | off_frac 0.10 | H 0.49 |      7s
Update  54/60: return  500.0 (  2 eps) | EV +0.86 | kl 0.0014 | off_frac 0.00 | H 0.50 |      7s
Update  55/60: return  500.0 (  3 eps) | EV +0.87 | kl 0.0030 | off_frac 0.02 | H 0.49 |      7s
Update  56/60: return  500.0 (  5 eps) | EV +0.80 | kl 0.0081 | off_frac 0.13 | H 0.49 |      7s
Update  57/60: return  500.0 (  5 eps) | EV +0.85 | kl 0.0086 | off_frac 0.15 | H 0.48 |      7s
Update  58/60: return  500.0 (  3 eps) | EV +0.92 | kl 0.0073 | off_frac 0.11 | H 0.48 |      7s
Update  59/60: return    nan (  0 eps) | EV +0.85 | kl 0.0005 | off_frac 0.00 | H 0.49 |      7s
Update  60/60: return  500.0 (  3 eps) | EV +0.81 | kl 0.0086 | off_frac 0.14 | H 0.48 |      8s
greedy evaluation over 64 episodes: 500.0 +- 0.0 (min 500, 100% reach 500)
saved results/ppo/linear_seed0.json  (8s)
