policy = linear: 4 features, 10 trainable policy parameters
Update   1/60: return   16.8 ( 72 eps) | EV +0.00 | kl 0.0059 | off_frac 0.02 | H 0.69 |      0s
Update   2/60: return   25.1 ( 78 eps) | EV -0.27 | kl 0.0066 | off_frac 0.06 | H 0.67 |      0s
Update   3/60: return   27.1 ( 50 eps) | EV -0.05 | kl 0.0078 | off_frac 0.09 | H 0.64 |      0s
Update   4/60: return   39.3 ( 33 eps) | EV +0.05 | kl 0.0099 | off_frac 0.10 | H 0.60 |      0s
Update   5/60: return   44.8 ( 11 eps) | EV +0.04 | kl 0.0046 | off_frac 0.04 | H 0.59 |      1s
Update   6/60: return   87.6 (  9 eps) | EV +0.05 | kl 0.0048 | off_frac 0.05 | H 0.58 |      1s
Update   7/60: return  109.0 ( 10 eps) | EV +0.02 | kl 0.0056 | off_frac 0.06 | H 0.56 |      1s
Update   8/60: return  169.7 (  7 eps) | EV +0.35 | kl 0.0017 | off_frac 0.01 | H 0.57 |      1s
Update   9/60: return  160.7 ( 11 eps) | EV +0.60 | kl 0.0066 | off_frac 0.08 | H 0.56 |      1s
Update  10/60: return  180.4 (  5 eps) | EV +0.87 | kl 0.0026 | off_frac 0.01 | H 0.57 |      1s
Update  11/60: return  226.0 (  7 eps) | EV +0.95 | kl 0.0022 | off_frac 0.01 | H 0.56 |      1s
Update  12/60: return  203.6 (  7 eps) | EV +0.96 | kl 0.0075 | off_frac 0.11 | H 0.56 |      1s
Update  13/60: return  243.3 (  6 eps) | EV +0.98 | kl 0.0106 | off_frac 0.16 | H 0.55 |      2s
Update  14/60: return  249.0 (  5 eps) | EV +0.99 | kl 0.0066 | off_frac 0.11 | H 0.56 |      2s
Update  15/60: return  284.5 (  8 eps) | EV +0.98 | kl 0.0033 | off_frac 0.02 | H 0.55 |      2s
Update  16/60: return  305.9 (  8 eps) | EV +0.98 | kl 0.0096 | off_frac 0.15 | H 0.55 |      2s
Update  17/60: return  313.6 (  5 eps) | EV +0.97 | kl 0.0003 | off_frac 0.00 | H 0.56 |      2s
Update  18/60: return  467.5 (  2 eps) | EV +0.98 | kl 0.0062 | off_frac 0.05 | H 0.56 |      2s
Update  19/60: return  263.0 (  2 eps) | EV +0.96 | kl 0.0112 | off_frac 0.17 | H 0.56 |      2s
Update  20/60: return  342.0 (  4 eps) | EV +0.73 | kl 0.0070 | off_frac 0.07 | H 0.54 |      2s
Update  21/60: return  279.0 (  1 eps) | EV +0.93 | kl 0.0192 | off_frac 0.33 | H 0.55 |      3s
Update  22/60: return  400.5 (  2 eps) | EV +0.97 | kl 0.0358 | off_frac 0.51 | H 0.53 |      3s
Update  23/60: return  369.2 (  5 eps) | EV +0.95 | kl 0.0177 | off_frac 0.30 | H 0.56 |      3s
Update  24/60: return  356.0 (  6 eps) | EV +0.66 | kl 0.0028 | off_frac 0.02 | H 0.54 |      3s
Update  25/60: return  480.1 (  7 eps) | EV +0.81 | kl 0.0035 | off_frac 0.01 | H 0.55 |      3s
Update  26/60: return  499.0 (  4 eps) | EV +0.73 | kl 0.0014 | off_frac 0.00 | H 0.57 |      3s
Update  27/60: return  499.8 (  4 eps) | EV +0.50 | kl 0.0078 | off_frac 0.11 | H 0.55 |      3s
Update  28/60: return  457.7 (  6 eps) | EV +0.93 | kl 0.0170 | off_frac 0.29 | H 0.55 |      3s
Update  29/60: return  453.9 (  7 eps) | EV +0.92 | kl 0.0034 | off_frac 0.01 | H 0.56 |      3s
Update  30/60: return  417.8 ( 12 eps) | EV +0.84 | kl 0.0035 | off_frac 0.01 | H 0.56 |      4s
Update  31/60: return  447.7 ( 10 eps) | EV +0.86 | kl 0.0089 | off_frac 0.13 | H 0.56 |      4s
Update  32/60: return  500.0 (  1 eps) | EV +0.90 | kl 0.0104 | off_frac 0.16 | H 0.56 |      4s
Update  33/60: return    nan (  0 eps) | EV +0.65 | kl 0.0065 | off_frac 0.04 | H 0.56 |      4s
Update  34/60: return  500.0 (  1 eps) | EV +0.33 | kl 0.0112 | off_frac 0.19 | H 0.55 |      4s
Update  35/60: return  339.0 (  1 eps) | EV +0.15 | kl 0.0100 | off_frac 0.15 | H 0.55 |      4s
Update  36/60: return  500.0 (  1 eps) | EV +0.97 | kl 0.0491 | off_frac 0.62 | H 0.54 |      4s
Update  37/60: return  413.5 (  4 eps) | EV +0.40 | kl 0.0054 | off_frac 0.06 | H 0.54 |      4s
Update  38/60: return  499.7 (  3 eps) | EV +0.80 | kl 0.0085 | off_frac 0.12 | H 0.55 |      5s
Update  39/60: return  500.0 (  3 eps) | EV +0.71 | kl 0.0027 | off_frac 0.02 | H 0.54 |      5s
Update  40/60: return  500.0 (  4 eps) | EV +0.89 | kl 0.0192 | off_frac 0.35 | H 0.55 |      5s
Update  41/60: return  500.0 (  5 eps) | EV +0.82 | kl 0.0151 | off_frac 0.27 | H 0.55 |      5s
Update  42/60: return  500.0 (  3 eps) | EV +0.38 | kl 0.0006 | off_frac 0.00 | H 0.56 |      5s
Update  43/60: return  500.0 (  6 eps) | EV +0.76 | kl 0.0231 | off_frac 0.38 | H 0.55 |      5s
Update  44/60: return  500.0 (  5 eps) | EV +0.54 | kl 0.0114 | off_frac 0.18 | H 0.56 |      5s
Update  45/60: return  500.0 ( 10 eps) | EV +0.32 | kl 0.0210 | off_frac 0.33 | H 0.53 |      6s
Update  46/60: return  433.2 ( 11 eps) | EV +0.02 | kl 0.0095 | off_frac 0.12 | H 0.53 |      6s
Update  47/60: return  500.0 (  9 eps) | EV -0.93 | kl 0.0122 | off_frac 0.22 | H 0.54 |      6s
Update  48/60: return    nan (  0 eps) | EV +0.32 | kl 0.0031 | off_frac 0.02 | H 0.53 |      6s
Update  49/60: return  500.0 (  1 eps) | EV +0.78 | kl 0.0128 | off_frac 0.19 | H 0.52 |      6s
Update  50/60: return    nan (  0 eps) | EV +0.68 | kl 0.0215 | off_frac 0.37 | H 0.52 |      6s
Update  51/60: return  500.0 (  1 eps) | EV +0.63 | kl 0.0303 | off_frac 0.43 | H 0.52 |      6s
Update  52/60: return  500.0 (  1 eps) | EV +0.42 | kl 0.0035 | off_frac 0.01 | H 0.54 |      7s
Update  53/60: return  500.0 (  5 eps) | EV +0.86 | kl 0.0131 | off_frac 0.21 | H 0.53 |      7s
Update  54/60: return  500.0 (  3 eps) | EV +0.93 | kl 0.0118 | off_frac 0.21 | H 0.52 |      7s
Update  55/60: return  500.0 (  2 eps) | EV +0.80 | kl 0.0106 | off_frac 0.19 | H 0.53 |      7s
Update  56/60: return  500.0 (  6 eps) | EV +0.64 | kl 0.0015 | off_frac 0.01 | H 0.54 |      7s
Update  57/60: return  500.0 (  3 eps) | EV +0.66 | kl 0.0034 | off_frac 0.04 | H 0.53 |      7s
Update  58/60: return  500.0 (  3 eps) | EV +0.66 | kl 0.0076 | off_frac 0.11 | H 0.53 |      7s
Update  59/60: return  500.0 (  5 eps) | EV +0.37 | kl 0.0025 | off_frac 0.02 | H 0.51 |      8s
Update  60/60: return  500.0 (  5 eps) | EV +0.47 | kl 0.0113 | off_frac 0.18 | H 0.51 |      8s
greedy evaluation over 64 episodes: 500.0 +- 0.0 (min 500, 100% reach 500)
saved results/ppo/linear_seed1.json  (8s)
