policy = linear: 4 features, 10 trainable policy parameters
Update   1/60: return   18.6 ( 70 eps) | EV -0.00 | kl 0.0103 | off_frac 0.17 | H 0.68 |      0s
Update   2/60: return   24.4 ( 72 eps) | EV -0.29 | kl 0.0119 | off_frac 0.15 | H 0.65 |      0s
Update   3/60: return   31.2 ( 42 eps) | EV -0.03 | kl 0.0098 | off_frac 0.10 | H 0.62 |      1s
Update   4/60: return   44.5 ( 24 eps) | EV +0.05 | kl 0.0101 | off_frac 0.09 | H 0.59 |      1s
Update   5/60: return   61.9 ( 24 eps) | EV +0.04 | kl 0.0074 | off_frac 0.08 | H 0.57 |      1s
Update   6/60: return   71.6 ( 22 eps) | EV -0.04 | kl 0.0135 | off_frac 0.18 | H 0.55 |      1s
Update   7/60: return   81.3 ( 11 eps) | EV +0.32 | kl 0.0115 | off_frac 0.16 | H 0.53 |      1s
Update   8/60: return  103.7 ( 15 eps) | EV +0.23 | kl 0.0043 | off_frac 0.04 | H 0.52 |      2s
Update   9/60: return  179.8 (  4 eps) | EV +0.65 | kl 0.0118 | off_frac 0.17 | H 0.52 |      2s
Update  10/60: return  147.2 (  4 eps) | EV +0.85 | kl 0.0115 | off_frac 0.17 | H 0.51 |      2s
Update  11/60: return  191.1 (  8 eps) | EV +0.80 | kl 0.0063 | off_frac 0.09 | H 0.50 |      2s
Update  12/60: return  192.6 ( 10 eps) | EV +0.89 | kl 0.0027 | off_frac 0.02 | H 0.50 |      2s
Update  13/60: return  225.8 (  9 eps) | EV +0.81 | kl 0.0025 | off_frac 0.02 | H 0.48 |      2s
Update  14/60: return  204.6 (  5 eps) | EV +0.82 | kl 0.0125 | off_frac 0.19 | H 0.47 |      3s
Update  15/60: return  278.0 (  4 eps) | EV +0.93 | kl 0.0129 | off_frac 0.21 | H 0.48 |      3s
Update  16/60: return  209.2 (  4 eps) | EV +0.81 | kl 0.0029 | off_frac 0.03 | H 0.46 |      3s
Update  17/60: return  283.4 (  5 eps) | EV +0.85 | kl 0.0050 | off_frac 0.07 | H 0.45 |      3s
Update  18/60: return  211.2 (  4 eps) | EV +0.81 | kl 0.0018 | off_frac 0.01 | H 0.46 |      3s
Update  19/60: return  478.5 (  2 eps) | EV +0.92 | kl 0.0087 | off_frac 0.13 | H 0.45 |      4s
Update  20/60: return  367.3 (  7 eps) | EV +0.74 | kl 0.0033 | off_frac 0.04 | H 0.45 |      4s
Update  21/60: return  390.0 (  5 eps) | EV +0.92 | kl 0.0022 | off_frac 0.01 | H 0.45 |      4s
Update  22/60: return  452.5 (  4 eps) | EV +0.79 | kl 0.0071 | off_frac 0.10 | H 0.45 |      4s
Update  23/60: return  500.0 (  2 eps) | EV +0.97 | kl 0.0143 | off_frac 0.19 | H 0.44 |      4s
Update  24/60: return  357.0 (  7 eps) | EV +0.90 | kl 0.0040 | off_frac 0.05 | H 0.45 |      4s
Update  25/60: return  362.5 (  2 eps) | EV +0.96 | kl 0.0020 | off_frac 0.02 | H 0.43 |      5s
Update  26/60: return  482.8 (  5 eps) | EV +0.95 | kl 0.0038 | off_frac 0.04 | H 0.42 |      5s
Update  27/60: return  499.5 (  8 eps) | EV +0.97 | kl 0.0063 | off_frac 0.09 | H 0.42 |      5s
Update  28/60: return  418.5 (  6 eps) | EV +0.88 | kl 0.0056 | off_frac 0.08 | H 0.41 |      5s
Update  29/60: return  457.3 (  7 eps) | EV +0.85 | kl 0.0052 | off_frac 0.06 | H 0.41 |      5s
Update  30/60: return  500.0 (  2 eps) | EV +0.97 | kl 0.0019 | off_frac 0.02 | H 0.40 |      6s
Update  31/60: return  500.0 (  1 eps) | EV +0.92 | kl 0.0071 | off_frac 0.11 | H 0.41 |      6s
Update  32/60: return  383.2 (  6 eps) | EV +0.39 | kl 0.0068 | off_frac 0.10 | H 0.38 |      6s
Update  33/60: return  500.0 (  5 eps) | EV +0.60 | kl 0.0155 | off_frac 0.23 | H 0.39 |      6s
Update  34/60: return  413.3 (  3 eps) | EV -0.03 | kl 0.0015 | off_frac 0.01 | H 0.39 |      6s
Update  35/60: return  500.0 (  3 eps) | EV +0.91 | kl 0.0201 | off_frac 0.23 | H 0.37 |      7s
Update  36/60: return  500.0 (  5 eps) | EV +0.94 | kl 0.0224 | off_frac 0.28 | H 0.36 |      7s
Update  37/60: return  500.0 (  3 eps) | EV +0.90 | kl 0.0147 | off_frac 0.21 | H 0.37 |      7s
Update  38/60: return  259.8 (  4 eps) | EV +0.15 | kl 0.0036 | off_frac 0.04 | H 0.38 |      7s
Update  39/60: return  500.0 (  3 eps) | EV +0.62 | kl 0.0167 | off_frac 0.22 | H 0.37 |      7s
Update  40/60: return  488.2 (  8 eps) | EV +0.52 | kl 0.0125 | off_frac 0.18 | H 0.36 |      7s
Update  41/60: return  500.0 (  2 eps) | EV +0.92 | kl 0.0088 | off_frac 0.14 | H 0.35 |      8s
Update  42/60: return  500.0 (  3 eps) | EV +0.93 | kl 0.0035 | off_frac 0.05 | H 0.36 |      8s
Update  43/60: return  492.3 (  9 eps) | EV +0.37 | kl 0.0025 | off_frac 0.03 | H 0.33 |      8s
Update  44/60: return  500.0 (  7 eps) | EV +0.81 | kl 0.0136 | off_frac 0.19 | H 0.34 |      8s
Update  45/60: return  500.0 (  2 eps) | EV +0.90 | kl 0.0120 | off_frac 0.17 | H 0.33 |      8s
Update  46/60: return  500.0 (  2 eps) | EV +0.90 | kl 0.0046 | off_frac 0.07 | H 0.34 |      9s
Update  47/60: return  500.0 (  3 eps) | EV +0.88 | kl 0.0023 | off_frac 0.02 | H 0.35 |      9s
Update  48/60: return  500.0 (  8 eps) | EV +0.73 | kl 0.0038 | off_frac 0.05 | H 0.33 |      9s
Update  49/60: return  500.0 (  2 eps) | EV +0.87 | kl 0.0030 | off_frac 0.04 | H 0.33 |      9s
Update  50/60: return  500.0 (  2 eps) | EV +0.91 | kl 0.0032 | off_frac 0.04 | H 0.32 |      9s
Update  51/60: return  500.0 (  5 eps) | EV +0.93 | kl 0.0011 | off_frac 0.01 | H 0.33 |      9s
Update  52/60: return  500.0 (  5 eps) | EV +0.94 | kl 0.0015 | off_frac 0.01 | H 0.32 |     10s
Update  53/60: return  391.5 (  2 eps) | EV +0.19 | kl 0.0043 | off_frac 0.06 | H 0.30 |     10s
Update  54/60: return  500.0 (  3 eps) | EV +0.27 | kl 0.0022 | off_frac 0.03 | H 0.32 |     10s
Update  55/60: return  500.0 (  4 eps) | EV +0.87 | kl 0.0012 | off_frac 0.01 | H 0.31 |     10s
Update  56/60: return  500.0 (  6 eps) | EV +0.82 | kl 0.0115 | off_frac 0.17 | H 0.31 |     10s
Update  57/60: return  500.0 (  3 eps) | EV +0.67 | kl 0.0131 | off_frac 0.18 | H 0.31 |     11s
Update  58/60: return  500.0 (  5 eps) | EV +0.67 | kl 0.0021 | off_frac 0.02 | H 0.32 |     11s
Update  59/60: return  500.0 (  9 eps) | EV +0.85 | kl 0.0126 | off_frac 0.17 | H 0.30 |     11s
Update  60/60: return  500.0 (  3 eps) | EV +0.74 | kl 0.0156 | off_frac 0.20 | H 0.30 |     11s
greedy evaluation over 64 episodes: 500.0 +- 0.0 (min 500, 100% reach 500)
saved results/ppo/linear_noise0.4_seed1.json  (12s)
