policy = linear: 4 features, 10 trainable policy parameters
Update   1/60: return   16.6 ( 71 eps) | EV +0.01 | kl 0.0112 | off_frac 0.20 | H 0.68 |      0s
Update   2/60: return   23.5 ( 73 eps) | EV -0.26 | kl 0.0086 | off_frac 0.09 | H 0.66 |      0s
Update   3/60: return   34.5 ( 49 eps) | EV -0.05 | kl 0.0104 | off_frac 0.12 | H 0.63 |      1s
Update   4/60: return   40.1 ( 29 eps) | EV +0.00 | kl 0.0082 | off_frac 0.08 | H 0.61 |      1s
Update   5/60: return   48.6 ( 12 eps) | EV +0.29 | kl 0.0083 | off_frac 0.09 | H 0.59 |      1s
Update   6/60: return   97.8 ( 11 eps) | EV +0.01 | kl 0.0041 | off_frac 0.04 | H 0.58 |      1s
Update   7/60: return   92.3 ( 10 eps) | EV +0.22 | kl 0.0048 | off_frac 0.04 | H 0.57 |      1s
Update   8/60: return  124.8 (  4 eps) | EV +0.11 | kl 0.0046 | off_frac 0.05 | H 0.56 |      1s
Update   9/60: return  147.3 ( 12 eps) | EV +0.29 | kl 0.0031 | off_frac 0.02 | H 0.56 |      2s
Update  10/60: return  195.4 (  7 eps) | EV +0.77 | kl 0.0051 | off_frac 0.03 | H 0.56 |      2s
Update  11/60: return  206.8 ( 12 eps) | EV +0.88 | kl 0.0072 | off_frac 0.09 | H 0.56 |      2s
Update  12/60: return  239.0 (  6 eps) | EV +0.88 | kl 0.0059 | off_frac 0.08 | H 0.55 |      2s
Update  13/60: return  195.8 (  4 eps) | EV +0.96 | kl 0.0085 | off_frac 0.10 | H 0.55 |      2s
Update  14/60: return  203.8 (  4 eps) | EV +0.89 | kl 0.0192 | off_frac 0.29 | H 0.52 |      3s
Update  15/60: return  289.1 ( 11 eps) | EV +0.94 | kl 0.0088 | off_frac 0.13 | H 0.54 |      3s
Update  16/60: return  251.7 (  9 eps) | EV +0.96 | kl 0.0120 | off_frac 0.21 | H 0.54 |      3s
Update  17/60: return  263.5 (  6 eps) | EV +0.82 | kl 0.0078 | off_frac 0.11 | H 0.53 |      3s
Update  18/60: return  309.8 (  6 eps) | EV +0.88 | kl 0.0151 | off_frac 0.22 | H 0.53 |      3s
Update  19/60: return  301.3 (  3 eps) | EV +0.97 | kl 0.0336 | off_frac 0.42 | H 0.51 |      3s
Update  20/60: return  218.2 (  6 eps) | EV +0.85 | kl 0.0041 | off_frac 0.05 | H 0.51 |      4s
Update  21/60: return  319.0 (  2 eps) | EV +0.85 | kl 0.0057 | off_frac 0.07 | H 0.51 |      4s
Update  22/60: return  455.0 (  2 eps) | EV +0.76 | kl 0.0027 | off_frac 0.01 | H 0.52 |      4s
Update  23/60: return  308.5 (  2 eps) | EV +0.66 | kl 0.0024 | off_frac 0.01 | H 0.52 |      4s
Update  24/60: return  500.0 (  2 eps) | EV +0.78 | kl 0.0049 | off_frac 0.06 | H 0.52 |      4s
Update  25/60: return  466.6 (  8 eps) | EV +0.24 | kl 0.0032 | off_frac 0.03 | H 0.49 |      5s
Update  26/60: return  500.0 (  2 eps) | EV +0.94 | kl 0.0044 | off_frac 0.05 | H 0.49 |      5s
Update  27/60: return  500.0 (  3 eps) | EV +0.94 | kl 0.0044 | off_frac 0.04 | H 0.48 |      5s
Update  28/60: return  490.8 (  6 eps) | EV +0.30 | kl 0.0028 | off_frac 0.03 | H 0.48 |      5s
Update  29/60: return  500.0 (  1 eps) | EV +0.69 | kl 0.0170 | off_frac 0.27 | H 0.48 |      5s
Update  30/60: return  500.0 (  4 eps) | EV +0.62 | kl 0.0213 | off_frac 0.32 | H 0.48 |      5s
Update  31/60: return  500.0 (  7 eps) | EV +0.67 | kl 0.0106 | off_frac 0.15 | H 0.46 |      6s
Update  32/60: return  500.0 (  7 eps) | EV +0.82 | kl 0.0114 | off_frac 0.17 | H 0.46 |      6s
Update  33/60: return  500.0 (  7 eps) | EV +0.91 | kl 0.0205 | off_frac 0.31 | H 0.46 |      6s
Update  34/60: return  500.0 (  2 eps) | EV +0.92 | kl 0.0106 | off_frac 0.19 | H 0.45 |      6s
Update  35/60: return  500.0 (  3 eps) | EV +0.68 | kl 0.0045 | off_frac 0.03 | H 0.46 |      6s
Update  36/60: return  500.0 (  7 eps) | EV +0.13 | kl 0.0029 | off_frac 0.03 | H 0.46 |      7s
Update  37/60: return  500.0 (  1 eps) | EV +0.22 | kl 0.0168 | off_frac 0.25 | H 0.45 |      7s
Update  38/60: return  500.0 (  4 eps) | EV +0.15 | kl 0.0038 | off_frac 0.03 | H 0.45 |      7s
Update  39/60: return    nan (  0 eps) | EV -0.08 | kl 0.0062 | off_frac 0.08 | H 0.43 |      7s
Update  40/60: return  500.0 (  6 eps) | EV -0.15 | kl 0.0114 | off_frac 0.19 | H 0.43 |      7s
Update  41/60: return  500.0 (  5 eps) | EV +0.23 | kl 0.0034 | off_frac 0.03 | H 0.42 |      7s
Update  42/60: return  500.0 (  4 eps) | EV +0.54 | kl 0.0068 | off_frac 0.11 | H 0.42 |      8s
Update  43/60: return  500.0 (  3 eps) | EV +0.64 | kl 0.0127 | off_frac 0.20 | H 0.41 |      8s
Update  44/60: return  500.0 (  3 eps) | EV +0.71 | kl 0.0030 | off_frac 0.03 | H 0.41 |      8s
Update  45/60: return  500.0 (  1 eps) | EV +0.25 | kl 0.0045 | off_frac 0.06 | H 0.41 |      8s
Update  46/60: return  500.0 (  7 eps) | EV +0.48 | kl 0.0098 | off_frac 0.16 | H 0.41 |      8s
Update  47/60: return  500.0 (  9 eps) | EV +0.26 | kl 0.0082 | off_frac 0.14 | H 0.41 |      9s
Update  48/60: return  500.0 (  4 eps) | EV +0.44 | kl 0.0111 | off_frac 0.16 | H 0.41 |      9s
Update  49/60: return  500.0 (  6 eps) | EV +0.47 | kl 0.0111 | off_frac 0.18 | H 0.40 |      9s
Update  50/60: return  500.0 (  4 eps) | EV +0.30 | kl 0.0008 | off_frac 0.00 | H 0.39 |      9s
Update  51/60: return  500.0 (  3 eps) | EV +0.43 | kl 0.0072 | off_frac 0.12 | H 0.40 |      9s
Update  52/60: return  500.0 (  5 eps) | EV +0.29 | kl 0.0077 | off_frac 0.13 | H 0.39 |      9s
Update  53/60: return    nan (  0 eps) | EV +0.46 | kl 0.0061 | off_frac 0.09 | H 0.38 |     10s
Update  54/60: return  500.0 (  4 eps) | EV +0.70 | kl 0.0119 | off_frac 0.20 | H 0.37 |     10s
Update  55/60: return    nan (  0 eps) | EV +0.63 | kl 0.0032 | off_frac 0.03 | H 0.38 |     10s
Update  56/60: return  500.0 (  8 eps) | EV +0.34 | kl 0.0014 | off_frac 0.00 | H 0.38 |     10s
Update  57/60: return  500.0 (  3 eps) | EV +0.14 | kl 0.0118 | off_frac 0.19 | H 0.38 |     10s
Update  58/60: return  500.0 (  4 eps) | EV +0.31 | kl 0.0112 | off_frac 0.19 | H 0.38 |     11s
Update  59/60: return  500.0 (  5 eps) | EV +0.12 | kl 0.0003 | off_frac 0.00 | H 0.38 |     11s
Update  60/60: return  500.0 (  1 eps) | EV +0.59 | kl 0.0065 | off_frac 0.10 | H 0.38 |     11s
greedy evaluation over 64 episodes: 500.0 +- 0.0 (min 500, 100% reach 500)
saved results/ppo/linear_noise0.2_seed2.json  (12s)
