policy = linear: 4 features, 10 trainable policy parameters
Update   1/60: return   16.6 ( 71 eps) | EV -0.00 | kl 0.0079 | off_frac 0.10 | H 0.69 |      0s
Update   2/60: return   22.1 ( 87 eps) | EV -0.31 | kl 0.0095 | off_frac 0.11 | H 0.66 |      0s
Update   3/60: return   27.5 ( 48 eps) | EV -0.00 | kl 0.0093 | off_frac 0.10 | H 0.63 |      1s
Update   4/60: return   43.2 ( 30 eps) | EV +0.05 | kl 0.0069 | off_frac 0.08 | H 0.61 |      1s
Update   5/60: return   65.9 ( 18 eps) | EV +0.02 | kl 0.0055 | off_frac 0.06 | H 0.59 |      1s
Update   6/60: return   70.3 (  9 eps) | EV +0.19 | kl 0.0051 | off_frac 0.05 | H 0.58 |      1s
Update   7/60: return  116.0 (  8 eps) | EV +0.20 | kl 0.0052 | off_frac 0.05 | H 0.58 |      1s
Update   8/60: return  146.6 (  9 eps) | EV +0.38 | kl 0.0043 | off_frac 0.04 | H 0.58 |      2s
Update   9/60: return  182.3 (  6 eps) | EV +0.68 | kl 0.0014 | off_frac 0.00 | H 0.57 |      2s
Update  10/60: return  182.6 (  5 eps) | EV +0.83 | kl 0.0034 | off_frac 0.02 | H 0.56 |      2s
Update  11/60: return  207.2 (  4 eps) | EV +0.94 | kl 0.0091 | off_frac 0.11 | H 0.56 |      2s
Update  12/60: return  236.5 (  8 eps) | EV +0.94 | kl 0.0022 | off_frac 0.01 | H 0.58 |      3s
Update  13/60: return  247.7 (  3 eps) | EV +0.96 | kl 0.0091 | off_frac 0.13 | H 0.56 |      3s
Update  14/60: return  244.2 (  6 eps) | EV +0.87 | kl 0.0030 | off_frac 0.02 | H 0.59 |      3s
Update  15/60: return  260.1 (  8 eps) | EV +0.83 | kl 0.0107 | off_frac 0.17 | H 0.56 |      3s
Update  16/60: return  244.5 (  6 eps) | EV +0.97 | kl 0.0277 | off_frac 0.43 | H 0.55 |      3s
Update  17/60: return  262.8 ( 10 eps) | EV +0.92 | kl 0.0074 | off_frac 0.11 | H 0.55 |      4s
Update  18/60: return  218.0 (  8 eps) | EV +0.96 | kl 0.0061 | off_frac 0.06 | H 0.54 |      4s
Update  19/60: return  339.3 (  3 eps) | EV +0.96 | kl 0.0083 | off_frac 0.11 | H 0.55 |      4s
Update  20/60: return  493.1 (  7 eps) | EV +0.94 | kl 0.0068 | off_frac 0.09 | H 0.56 |      4s
Update  21/60: return  432.8 (  5 eps) | EV +0.52 | kl 0.0049 | off_frac 0.05 | H 0.55 |      4s
Update  22/60: return  500.0 (  2 eps) | EV +0.97 | kl 0.0196 | off_frac 0.33 | H 0.53 |      5s
Update  23/60: return  500.0 (  1 eps) | EV +0.98 | kl 0.0171 | off_frac 0.29 | H 0.54 |      5s
Update  24/60: return  435.2 (  6 eps) | EV +0.96 | kl 0.0148 | off_frac 0.26 | H 0.55 |      5s
Update  25/60: return  422.3 (  6 eps) | EV +0.77 | kl 0.0007 | off_frac 0.00 | H 0.55 |      5s
Update  26/60: return  500.0 (  1 eps) | EV +0.78 | kl 0.0017 | off_frac 0.00 | H 0.57 |      5s
Update  27/60: return    nan (  0 eps) | EV +0.94 | kl 0.0131 | off_frac 0.22 | H 0.55 |      5s
Update  28/60: return  448.5 (  2 eps) | EV +0.86 | kl 0.0056 | off_frac 0.05 | H 0.56 |      6s
Update  29/60: return    nan (  0 eps) | EV +0.94 | kl 0.0073 | off_frac 0.09 | H 0.55 |      6s
Update  30/60: return  463.8 (  4 eps) | EV +0.43 | kl 0.0036 | off_frac 0.03 | H 0.54 |      6s
Update  31/60: return  464.0 (  8 eps) | EV +0.12 | kl 0.0031 | off_frac 0.03 | H 0.54 |      6s
Update  32/60: return  500.0 (  4 eps) | EV -0.91 | kl 0.0023 | off_frac 0.00 | H 0.54 |      6s
Update  33/60: return  500.0 ( 14 eps) | EV +0.34 | kl 0.0017 | off_frac 0.00 | H 0.54 |      7s
Update  34/60: return  500.0 (  3 eps) | EV +0.46 | kl 0.0137 | off_frac 0.23 | H 0.52 |      7s
Update  35/60: return  500.0 (  4 eps) | EV +0.35 | kl 0.0131 | off_frac 0.25 | H 0.52 |      7s
Update  36/60: return  500.0 (  6 eps) | EV -0.08 | kl 0.0089 | off_frac 0.14 | H 0.53 |      7s
Update  37/60: return  500.0 (  4 eps) | EV +0.85 | kl 0.0172 | off_frac 0.29 | H 0.52 |      7s
Update  38/60: return  500.0 (  2 eps) | EV +0.95 | kl 0.0316 | off_frac 0.45 | H 0.51 |      8s
Update  39/60: return  500.0 (  4 eps) | EV +0.86 | kl 0.0161 | off_frac 0.27 | H 0.53 |      8s
Update  40/60: return  500.0 (  6 eps) | EV +0.71 | kl 0.0001 | off_frac 0.00 | H 0.53 |      8s
Update  41/60: return  500.0 (  2 eps) | EV +0.87 | kl 0.0122 | off_frac 0.21 | H 0.52 |      8s
Update  42/60: return  500.0 (  1 eps) | EV +0.80 | kl 0.0193 | off_frac 0.33 | H 0.50 |      8s
Update  43/60: return  500.0 (  1 eps) | EV +0.50 | kl 0.0168 | off_frac 0.29 | H 0.51 |      9s
Update  44/60: return  500.0 (  1 eps) | EV +0.43 | kl 0.0055 | off_frac 0.06 | H 0.52 |      9s
Update  45/60: return  500.0 (  1 eps) | EV +0.74 | kl 0.0298 | off_frac 0.42 | H 0.51 |      9s
Update  46/60: return  500.0 (  7 eps) | EV +0.84 | kl 0.0217 | off_frac 0.34 | H 0.51 |      9s
Update  47/60: return  500.0 (  6 eps) | EV +0.40 | kl 0.0043 | off_frac 0.03 | H 0.52 |      9s
Update  48/60: return  500.0 (  6 eps) | EV +0.65 | kl 0.0191 | off_frac 0.33 | H 0.50 |     10s
Update  49/60: return  500.0 ( 12 eps) | EV +0.32 | kl 0.0159 | off_frac 0.27 | H 0.51 |     10s
Update  50/60: return  500.0 (  1 eps) | EV +0.58 | kl 0.0053 | off_frac 0.04 | H 0.50 |     10s
Update  51/60: return  500.0 (  7 eps) | EV +0.71 | kl 0.0161 | off_frac 0.27 | H 0.50 |     10s
Update  52/60: return  500.0 (  5 eps) | EV +0.74 | kl 0.0043 | off_frac 0.03 | H 0.51 |     10s
Update  53/60: return  500.0 (  4 eps) | EV +0.74 | kl 0.0045 | off_frac 0.03 | H 0.50 |     11s
Update  54/60: return    nan (  0 eps) | EV +0.64 | kl 0.0191 | off_frac 0.31 | H 0.49 |     11s
Update  55/60: return  500.0 (  5 eps) | EV +0.40 | kl 0.0008 | off_frac 0.00 | H 0.49 |     11s
Update  56/60: return  500.0 (  6 eps) | EV +0.63 | kl 0.0072 | off_frac 0.11 | H 0.50 |     11s
Update  57/60: return  500.0 (  1 eps) | EV -1.79 | kl 0.0022 | off_frac 0.00 | H 0.50 |     11s
Update  58/60: return  500.0 (  1 eps) | EV +0.71 | kl 0.0037 | off_frac 0.02 | H 0.50 |     12s
Update  59/60: return  500.0 (  1 eps) | EV +0.67 | kl 0.0007 | off_frac 0.00 | H 0.48 |     12s
Update  60/60: return  500.0 (  1 eps) | EV +0.67 | kl 0.0126 | off_frac 0.23 | H 0.47 |     12s
greedy evaluation over 64 episodes: 500.0 +- 0.0 (min 500, 100% reach 500)
saved results/ppo/linear_noise0.05_seed0.json  (13s)
