policy = linear: 4 features, 10 trainable policy parameters
Update   1/60: return   18.6 ( 70 eps) | EV -0.00 | kl 0.0101 | off_frac 0.19 | H 0.68 |      0s
Update   2/60: return   23.8 ( 66 eps) | EV -0.27 | kl 0.0109 | off_frac 0.12 | H 0.65 |      0s
Update   3/60: return   36.1 ( 40 eps) | EV -0.04 | kl 0.0072 | off_frac 0.08 | H 0.63 |      1s
Update   4/60: return   46.5 ( 31 eps) | EV -0.00 | kl 0.0074 | off_frac 0.08 | H 0.60 |      1s
Update   5/60: return   53.8 ( 13 eps) | EV +0.13 | kl 0.0044 | off_frac 0.04 | H 0.59 |      1s
Update   6/60: return   84.9 (  8 eps) | EV +0.13 | kl 0.0127 | off_frac 0.16 | H 0.57 |      1s
Update   7/60: return  111.9 ( 16 eps) | EV -0.13 | kl 0.0043 | off_frac 0.04 | H 0.58 |      1s
Update   8/60: return  139.7 (  9 eps) | EV +0.44 | kl 0.0063 | off_frac 0.07 | H 0.57 |      2s
Update   9/60: return  176.8 (  5 eps) | EV +0.79 | kl 0.0190 | off_frac 0.33 | H 0.56 |      2s
Update  10/60: return  153.8 (  8 eps) | EV +0.73 | kl 0.0011 | off_frac 0.00 | H 0.57 |      2s
Update  11/60: return  188.7 (  7 eps) | EV +0.82 | kl 0.0061 | off_frac 0.08 | H 0.54 |      2s
Update  12/60: return  196.8 (  4 eps) | EV +0.93 | kl 0.0011 | off_frac 0.00 | H 0.56 |      2s
Update  13/60: return  241.8 (  6 eps) | EV +0.94 | kl 0.0144 | off_frac 0.24 | H 0.55 |      3s
Update  14/60: return  212.4 ( 11 eps) | EV +0.91 | kl 0.0144 | off_frac 0.25 | H 0.54 |      3s
Update  15/60: return  243.5 (  6 eps) | EV +0.95 | kl 0.0183 | off_frac 0.34 | H 0.55 |      3s
Update  16/60: return  272.0 (  2 eps) | EV +0.90 | kl 0.0158 | off_frac 0.27 | H 0.56 |      3s
Update  17/60: return  262.6 (  8 eps) | EV +0.65 | kl 0.0047 | off_frac 0.05 | H 0.55 |      3s
Update  18/60: return  348.2 (  4 eps) | EV +0.54 | kl 0.0089 | off_frac 0.09 | H 0.54 |      3s
Update  19/60: return  425.4 (  5 eps) | EV +0.95 | kl 0.0288 | off_frac 0.40 | H 0.53 |      4s
Update  20/60: return  348.3 (  6 eps) | EV +0.98 | kl 0.0186 | off_frac 0.31 | H 0.53 |      4s
Update  21/60: return  240.4 ( 11 eps) | EV +0.94 | kl 0.0065 | off_frac 0.06 | H 0.54 |      4s
Update  22/60: return  373.7 ( 10 eps) | EV +0.93 | kl 0.0098 | off_frac 0.15 | H 0.54 |      4s
Update  23/60: return  312.5 (  6 eps) | EV +0.87 | kl 0.0034 | off_frac 0.00 | H 0.54 |      4s
Update  24/60: return  421.7 (  3 eps) | EV +0.86 | kl 0.0043 | off_frac 0.03 | H 0.55 |      5s
Update  25/60: return    nan (  0 eps) | EV +0.62 | kl 0.0040 | off_frac 0.05 | H 0.55 |      5s
Update  26/60: return  500.0 (  4 eps) | EV +0.93 | kl 0.0265 | off_frac 0.39 | H 0.53 |      5s
Update  27/60: return  500.0 (  4 eps) | EV +0.92 | kl 0.0145 | off_frac 0.26 | H 0.54 |      5s
Update  28/60: return  500.0 (  2 eps) | EV +0.84 | kl 0.0046 | off_frac 0.02 | H 0.55 |      5s
Update  29/60: return  500.0 (  2 eps) | EV +0.37 | kl 0.0196 | off_frac 0.31 | H 0.53 |      5s
Update  30/60: return  500.0 (  2 eps) | EV +0.67 | kl 0.0178 | off_frac 0.31 | H 0.53 |      6s
Update  31/60: return    nan (  0 eps) | EV +0.44 | kl 0.0065 | off_frac 0.08 | H 0.53 |      6s
Update  32/60: return  500.0 (  2 eps) | EV +0.75 | kl 0.0137 | off_frac 0.22 | H 0.51 |      6s
Update  33/60: return  500.0 (  3 eps) | EV +0.67 | kl 0.0117 | off_frac 0.21 | H 0.52 |      6s
Update  34/60: return  500.0 (  5 eps) | EV +0.65 | kl 0.0057 | off_frac 0.06 | H 0.50 |      6s
Update  35/60: return  500.0 (  6 eps) | EV +0.61 | kl 0.0136 | off_frac 0.24 | H 0.51 |      7s
Update  36/60: return  500.0 (  6 eps) | EV +0.47 | kl 0.0009 | off_frac 0.00 | H 0.51 |      7s
Update  37/60: return  500.0 ( 11 eps) | EV +0.48 | kl 0.0135 | off_frac 0.22 | H 0.51 |      7s
Update  38/60: return  500.0 ( 10 eps) | EV +0.31 | kl 0.0130 | off_frac 0.21 | H 0.51 |      7s
Update  39/60: return  500.0 (  5 eps) | EV +0.42 | kl 0.0041 | off_frac 0.03 | H 0.49 |      7s
Update  40/60: return  500.0 (  2 eps) | EV +0.45 | kl 0.0158 | off_frac 0.28 | H 0.48 |      7s
Update  41/60: return  500.0 (  2 eps) | EV +0.22 | kl 0.0071 | off_frac 0.10 | H 0.49 |      8s
Update  42/60: return  500.0 (  4 eps) | EV +0.53 | kl 0.0052 | off_frac 0.05 | H 0.50 |      8s
Update  43/60: return  500.0 (  3 eps) | EV +0.61 | kl 0.0165 | off_frac 0.28 | H 0.50 |      8s
Update  44/60: return  500.0 (  2 eps) | EV +0.69 | kl 0.0043 | off_frac 0.04 | H 0.48 |      8s
Update  45/60: return  500.0 (  2 eps) | EV +0.55 | kl 0.0032 | off_frac 0.03 | H 0.48 |      8s
Update  46/60: return  500.0 (  1 eps) | EV +0.53 | kl 0.0172 | off_frac 0.29 | H 0.46 |      9s
Update  47/60: return    nan (  0 eps) | EV +0.31 | kl 0.0092 | off_frac 0.15 | H 0.49 |      9s
Update  48/60: return  500.0 (  4 eps) | EV +0.59 | kl 0.0001 | off_frac 0.00 | H 0.47 |      9s
Update  49/60: return  500.0 (  4 eps) | EV +0.78 | kl 0.0121 | off_frac 0.20 | H 0.47 |      9s
Update  50/60: return  500.0 (  4 eps) | EV +0.82 | kl 0.0089 | off_frac 0.14 | H 0.49 |      9s
Update  51/60: return  500.0 (  6 eps) | EV +0.61 | kl 0.0002 | off_frac 0.00 | H 0.48 |      9s
Update  52/60: return  500.0 ( 11 eps) | EV +0.43 | kl 0.0073 | off_frac 0.11 | H 0.47 |     10s
Update  53/60: return  500.0 ( 10 eps) | EV +0.01 | kl 0.0018 | off_frac 0.01 | H 0.46 |     10s
Update  54/60: return  500.0 (  8 eps) | EV +0.07 | kl 0.0027 | off_frac 0.00 | H 0.47 |     10s
Update  55/60: return  500.0 (  3 eps) | EV +0.23 | kl 0.0101 | off_frac 0.16 | H 0.47 |     10s
Update  56/60: return    nan (  0 eps) | EV +0.23 | kl 0.0015 | off_frac 0.00 | H 0.46 |     10s
Update  57/60: return  500.0 (  3 eps) | EV +0.09 | kl 0.0006 | off_frac 0.00 | H 0.46 |     11s
Update  58/60: return  500.0 (  5 eps) | EV -0.13 | kl 0.0001 | off_frac 0.00 | H 0.47 |     11s
Update  59/60: return  500.0 (  1 eps) | EV -0.78 | kl 0.0008 | off_frac 0.00 | H 0.45 |     11s
Update  60/60: return  500.0 (  2 eps) | EV +0.22 | kl 0.0018 | off_frac 0.01 | H 0.45 |     11s
greedy evaluation over 64 episodes: 500.0 +- 0.0 (min 500, 100% reach 500)
saved results/ppo/linear_noise0.1_seed1.json  (12s)
