policy = linear: 4 features, 10 trainable policy parameters
Update   1/60: return   18.6 ( 70 eps) | EV -0.00 | kl 0.0099 | off_frac 0.19 | H 0.68 |      0s
Update   2/60: return   23.6 ( 66 eps) | EV -0.27 | kl 0.0103 | off_frac 0.12 | H 0.65 |      0s
Update   3/60: return   33.8 ( 40 eps) | EV -0.05 | kl 0.0075 | off_frac 0.07 | H 0.63 |      1s
Update   4/60: return   49.4 ( 29 eps) | EV -0.04 | kl 0.0076 | off_frac 0.08 | H 0.60 |      1s
Update   5/60: return   55.9 ( 11 eps) | EV +0.15 | kl 0.0062 | off_frac 0.07 | H 0.59 |      1s
Update   6/60: return   94.4 (  8 eps) | EV +0.23 | kl 0.0116 | off_frac 0.17 | H 0.58 |      1s
Update   7/60: return  115.0 ( 17 eps) | EV +0.22 | kl 0.0022 | off_frac 0.01 | H 0.59 |      1s
Update   8/60: return  115.7 ( 11 eps) | EV +0.71 | kl 0.0167 | off_frac 0.28 | H 0.57 |      2s
Update   9/60: return  156.4 (  7 eps) | EV +0.85 | kl 0.0163 | off_frac 0.30 | H 0.58 |      2s
Update  10/60: return  163.8 (  9 eps) | EV +0.72 | kl 0.0024 | off_frac 0.01 | H 0.58 |      2s
Update  11/60: return  183.0 (  8 eps) | EV +0.88 | kl 0.0061 | off_frac 0.08 | H 0.57 |      2s
Update  12/60: return  178.8 ( 10 eps) | EV +0.90 | kl 0.0183 | off_frac 0.28 | H 0.57 |      2s
Update  13/60: return  161.3 (  6 eps) | EV +0.86 | kl 0.0088 | off_frac 0.11 | H 0.55 |      3s
Update  14/60: return  272.0 (  5 eps) | EV +0.95 | kl 0.0086 | off_frac 0.13 | H 0.57 |      3s
Update  15/60: return  305.4 (  5 eps) | EV +0.86 | kl 0.0025 | off_frac 0.00 | H 0.57 |      3s
Update  16/60: return  321.5 (  4 eps) | EV +0.79 | kl 0.0059 | off_frac 0.06 | H 0.58 |      3s
Update  17/60: return  344.0 (  2 eps) | EV +0.86 | kl 0.0199 | off_frac 0.32 | H 0.55 |      3s
Update  18/60: return    nan (  0 eps) | EV +0.91 | kl 0.0247 | off_frac 0.33 | H 0.56 |      3s
Update  19/60: return  271.7 (  3 eps) | EV +0.40 | kl 0.0026 | off_frac 0.01 | H 0.57 |      4s
Update  20/60: return  339.0 (  2 eps) | EV +0.41 | kl 0.0058 | off_frac 0.07 | H 0.55 |      4s
Update  21/60: return  373.0 (  2 eps) | EV +0.50 | kl 0.0109 | off_frac 0.16 | H 0.55 |      4s
Update  22/60: return  500.0 (  3 eps) | EV +0.90 | kl 0.0204 | off_frac 0.33 | H 0.53 |      4s
Update  23/60: return  500.0 (  6 eps) | EV +0.94 | kl 0.0166 | off_frac 0.27 | H 0.54 |      4s
Update  24/60: return  474.2 (  4 eps) | EV +0.45 | kl 0.0026 | off_frac 0.02 | H 0.55 |      5s
Update  25/60: return  482.6 (  8 eps) | EV +0.25 | kl 0.0064 | off_frac 0.08 | H 0.54 |      5s
Update  26/60: return  500.0 (  8 eps) | EV +0.80 | kl 0.0207 | off_frac 0.37 | H 0.55 |      5s
Update  27/60: return  500.0 (  5 eps) | EV +0.61 | kl 0.0143 | off_frac 0.26 | H 0.55 |      5s
Update  28/60: return  500.0 (  8 eps) | EV +0.68 | kl 0.0006 | off_frac 0.00 | H 0.55 |      5s
Update  29/60: return  500.0 (  3 eps) | EV +0.87 | kl 0.0101 | off_frac 0.14 | H 0.54 |      6s
Update  30/60: return  500.0 (  2 eps) | EV +0.87 | kl 0.0134 | off_frac 0.24 | H 0.53 |      6s
Update  31/60: return  500.0 (  5 eps) | EV +0.78 | kl 0.0192 | off_frac 0.32 | H 0.53 |      6s
Update  32/60: return  500.0 (  5 eps) | EV +0.54 | kl 0.0092 | off_frac 0.14 | H 0.53 |      6s
Update  33/60: return    nan (  0 eps) | EV +0.45 | kl 0.0116 | off_frac 0.16 | H 0.52 |      6s
Update  34/60: return  500.0 (  1 eps) | EV +0.77 | kl 0.0190 | off_frac 0.31 | H 0.50 |      7s
Update  35/60: return  500.0 (  3 eps) | EV +0.85 | kl 0.0167 | off_frac 0.29 | H 0.51 |      7s
Update  36/60: return  500.0 (  2 eps) | EV +0.95 | kl 0.0032 | off_frac 0.00 | H 0.52 |      7s
Update  37/60: return  500.0 (  1 eps) | EV +0.90 | kl 0.0001 | off_frac 0.00 | H 0.52 |      7s
Update  38/60: return  500.0 (  3 eps) | EV +0.66 | kl 0.0049 | off_frac 0.04 | H 0.52 |      7s
Update  39/60: return  500.0 (  7 eps) | EV +0.49 | kl 0.0103 | off_frac 0.19 | H 0.50 |      8s
Update  40/60: return  500.0 (  6 eps) | EV +0.71 | kl 0.0037 | off_frac 0.02 | H 0.51 |      8s
Update  41/60: return  500.0 (  7 eps) | EV +0.22 | kl 0.0018 | off_frac 0.00 | H 0.51 |      8s
Update  42/60: return  500.0 (  8 eps) | EV +0.37 | kl 0.0096 | off_frac 0.16 | H 0.50 |      8s
Update  43/60: return  500.0 (  7 eps) | EV +0.36 | kl 0.0082 | off_frac 0.12 | H 0.50 |      8s
Update  44/60: return  500.0 (  4 eps) | EV +0.25 | kl 0.0107 | off_frac 0.19 | H 0.50 |      9s
Update  45/60: return  500.0 (  4 eps) | EV +0.51 | kl 0.0030 | off_frac 0.03 | H 0.49 |      9s
Update  46/60: return  500.0 (  3 eps) | EV +0.84 | kl 0.0193 | off_frac 0.32 | H 0.48 |      9s
Update  47/60: return  500.0 (  4 eps) | EV +0.80 | kl 0.0114 | off_frac 0.19 | H 0.49 |      9s
Update  48/60: return  500.0 (  4 eps) | EV +0.66 | kl 0.0001 | off_frac 0.00 | H 0.49 |      9s
Update  49/60: return    nan (  0 eps) | EV +0.66 | kl 0.0056 | off_frac 0.06 | H 0.49 |     10s
Update  50/60: return  500.0 (  2 eps) | EV +0.55 | kl 0.0128 | off_frac 0.22 | H 0.47 |     10s
Update  51/60: return  500.0 (  3 eps) | EV +0.68 | kl 0.0043 | off_frac 0.04 | H 0.48 |     10s
Update  52/60: return  500.0 (  2 eps) | EV +0.73 | kl 0.0011 | off_frac 0.01 | H 0.49 |     10s
Update  53/60: return  500.0 (  1 eps) | EV +0.55 | kl 0.0014 | off_frac 0.01 | H 0.49 |     10s
Update  54/60: return  500.0 (  8 eps) | EV +0.70 | kl 0.0101 | off_frac 0.17 | H 0.48 |     10s
Update  55/60: return  500.0 (  4 eps) | EV +0.60 | kl 0.0053 | off_frac 0.08 | H 0.49 |     11s
Update  56/60: return  500.0 (  7 eps) | EV +0.23 | kl 0.0022 | off_frac 0.01 | H 0.49 |     11s
Update  57/60: return  500.0 (  7 eps) | EV +0.49 | kl 0.0050 | off_frac 0.04 | H 0.49 |     11s
Update  58/60: return  500.0 (  5 eps) | EV +0.60 | kl 0.0108 | off_frac 0.18 | H 0.48 |     11s
Update  59/60: return  500.0 (  8 eps) | EV +0.39 | kl 0.0001 | off_frac 0.00 | H 0.48 |     11s
Update  60/60: return  500.0 (  4 eps) | EV +0.75 | kl 0.0076 | off_frac 0.12 | H 0.48 |     12s
greedy evaluation over 64 episodes: 500.0 +- 0.0 (min 500, 100% reach 500)
saved results/ppo/linear_noise0.05_seed1.json  (12s)
