policy = linear: 4 features, 10 trainable policy parameters
Update   1/60: return   16.6 ( 71 eps) | EV -0.00 | kl 0.0079 | off_frac 0.11 | H 0.69 |      0s
Update   2/60: return   22.1 ( 87 eps) | EV -0.31 | kl 0.0096 | off_frac 0.12 | H 0.66 |      0s
Update   3/60: return   25.8 ( 47 eps) | EV +0.00 | kl 0.0087 | off_frac 0.09 | H 0.64 |      1s
Update   4/60: return   50.3 ( 31 eps) | EV +0.05 | kl 0.0068 | off_frac 0.08 | H 0.61 |      1s
Update   5/60: return   56.2 ( 12 eps) | EV +0.02 | kl 0.0059 | off_frac 0.06 | H 0.59 |      1s
Update   6/60: return   78.5 ( 15 eps) | EV +0.00 | kl 0.0019 | off_frac 0.01 | H 0.58 |      1s
Update   7/60: return  103.0 (  6 eps) | EV +0.27 | kl 0.0114 | off_frac 0.16 | H 0.57 |      1s
Update   8/60: return  127.9 (  7 eps) | EV +0.47 | kl 0.0018 | off_frac 0.01 | H 0.56 |      2s
Update   9/60: return  169.3 (  6 eps) | EV +0.55 | kl 0.0047 | off_frac 0.05 | H 0.56 |      2s
Update  10/60: return  191.2 (  6 eps) | EV +0.80 | kl 0.0038 | off_frac 0.04 | H 0.58 |      2s
Update  11/60: return  193.9 (  9 eps) | EV +0.87 | kl 0.0031 | off_frac 0.00 | H 0.57 |      2s
Update  12/60: return  256.5 (  2 eps) | EV +0.89 | kl 0.0057 | off_frac 0.06 | H 0.58 |      2s
Update  13/60: return  248.7 (  6 eps) | EV +0.90 | kl 0.0145 | off_frac 0.25 | H 0.57 |      2s
Update  14/60: return  257.0 (  8 eps) | EV +0.87 | kl 0.0056 | off_frac 0.07 | H 0.57 |      3s
Update  15/60: return  286.0 (  6 eps) | EV +0.83 | kl 0.0021 | off_frac 0.01 | H 0.57 |      3s
Update  16/60: return  220.0 (  6 eps) | EV +0.74 | kl 0.0107 | off_frac 0.15 | H 0.54 |      3s
Update  17/60: return  287.5 (  4 eps) | EV +0.90 | kl 0.0110 | off_frac 0.18 | H 0.56 |      3s
Update  18/60: return  421.3 (  3 eps) | EV +0.90 | kl 0.0057 | off_frac 0.04 | H 0.56 |      3s
Update  19/60: return  476.5 (  4 eps) | EV +0.95 | kl 0.0031 | off_frac 0.03 | H 0.55 |      4s
Update  20/60: return  456.5 (  4 eps) | EV +0.94 | kl 0.0095 | off_frac 0.13 | H 0.54 |      4s
Update  21/60: return    nan (  0 eps) | EV +0.99 | kl 0.0202 | off_frac 0.35 | H 0.53 |      4s
Update  22/60: return  426.5 (  6 eps) | EV +0.98 | kl 0.0139 | off_frac 0.22 | H 0.54 |      4s
Update  23/60: return  344.0 (  4 eps) | EV +0.97 | kl 0.0115 | off_frac 0.19 | H 0.55 |      4s
Update  24/60: return  485.8 (  5 eps) | EV +0.87 | kl 0.0048 | off_frac 0.06 | H 0.53 |      5s
Update  25/60: return  500.0 (  3 eps) | EV +0.85 | kl 0.0025 | off_frac 0.02 | H 0.55 |      5s
Update  26/60: return  491.4 (  5 eps) | EV +0.69 | kl 0.0035 | off_frac 0.03 | H 0.55 |      5s
Update  27/60: return  452.6 ( 10 eps) | EV +0.84 | kl 0.0071 | off_frac 0.10 | H 0.55 |      5s
Update  28/60: return  293.4 (  9 eps) | EV +0.90 | kl 0.0002 | off_frac 0.00 | H 0.55 |      5s
Update  29/60: return  342.0 ( 21 eps) | EV +0.90 | kl 0.0064 | off_frac 0.06 | H 0.53 |      5s
Update  30/60: return  318.2 ( 15 eps) | EV +0.98 | kl 0.0096 | off_frac 0.16 | H 0.53 |      6s
Update  31/60: return  293.3 (  9 eps) | EV +0.99 | kl 0.0114 | off_frac 0.19 | H 0.52 |      6s
Update  32/60: return  172.7 (  6 eps) | EV +1.00 | kl 0.0161 | off_frac 0.28 | H 0.52 |      6s
Update  33/60: return  192.0 (  5 eps) | EV +1.00 | kl 0.0224 | off_frac 0.35 | H 0.51 |      6s
Update  34/60: return  187.0 (  7 eps) | EV +0.99 | kl 0.0095 | off_frac 0.15 | H 0.52 |      6s
Update  35/60: return  207.0 (  2 eps) | EV +0.99 | kl 0.0110 | off_frac 0.19 | H 0.51 |      7s
Update  36/60: return  241.0 (  2 eps) | EV +0.98 | kl 0.0068 | off_frac 0.09 | H 0.52 |      7s
Update  37/60: return  242.0 (  1 eps) | EV +0.95 | kl 0.0024 | off_frac 0.01 | H 0.52 |      7s
Update  38/60: return    nan (  0 eps) | EV +0.91 | kl 0.0041 | off_frac 0.04 | H 0.53 |      7s
Update  39/60: return    nan (  0 eps) | EV +0.84 | kl 0.0061 | off_frac 0.10 | H 0.54 |      7s
Update  40/60: return    nan (  0 eps) | EV +0.95 | kl 0.0212 | off_frac 0.29 | H 0.52 |      8s
Update  41/60: return  235.0 (  2 eps) | EV +0.55 | kl 0.0175 | off_frac 0.28 | H 0.53 |      8s
Update  42/60: return  304.3 (  3 eps) | EV +0.56 | kl 0.0076 | off_frac 0.08 | H 0.54 |      8s
Update  43/60: return  405.8 (  4 eps) | EV +0.32 | kl 0.0029 | off_frac 0.02 | H 0.53 |      8s
Update  44/60: return  500.0 (  3 eps) | EV +0.11 | kl 0.0067 | off_frac 0.09 | H 0.53 |      8s
Update  45/60: return  500.0 ( 21 eps) | EV +0.59 | kl 0.0279 | off_frac 0.42 | H 0.52 |      9s
Update  46/60: return  500.0 (  8 eps) | EV +0.67 | kl 0.0054 | off_frac 0.07 | H 0.52 |      9s
Update  47/60: return  500.0 (  5 eps) | EV +0.68 | kl 0.0233 | off_frac 0.37 | H 0.49 |      9s
Update  48/60: return  500.0 (  7 eps) | EV +0.76 | kl 0.0242 | off_frac 0.35 | H 0.51 |      9s
Update  49/60: return  500.0 (  3 eps) | EV +0.33 | kl 0.0004 | off_frac 0.00 | H 0.52 |      9s
Update  50/60: return  500.0 (  3 eps) | EV +0.32 | kl 0.0303 | off_frac 0.41 | H 0.50 |     10s
Update  51/60: return  500.0 (  2 eps) | EV +0.29 | kl 0.0291 | off_frac 0.42 | H 0.50 |     10s
Update  52/60: return  500.0 (  2 eps) | EV +0.17 | kl 0.0153 | off_frac 0.25 | H 0.50 |     10s
Update  53/60: return  256.0 (  2 eps) | EV +0.04 | kl 0.0044 | off_frac 0.05 | H 0.48 |     10s
Update  54/60: return    nan (  0 eps) | EV -1.47 | kl 0.0167 | off_frac 0.27 | H 0.49 |     10s
Update  55/60: return    nan (  0 eps) | EV +0.12 | kl 0.0100 | off_frac 0.17 | H 0.49 |     10s
Update  56/60: return  500.0 (  1 eps) | EV +0.31 | kl 0.0026 | off_frac 0.02 | H 0.48 |     11s
Update  57/60: return  500.0 (  3 eps) | EV +0.79 | kl 0.0049 | off_frac 0.05 | H 0.47 |     11s
Update  58/60: return  500.0 (  2 eps) | EV +0.77 | kl 0.0096 | off_frac 0.17 | H 0.47 |     11s
Update  59/60: return  500.0 (  3 eps) | EV +0.75 | kl 0.0116 | off_frac 0.20 | H 0.47 |     11s
Update  60/60: return  500.0 ( 11 eps) | EV +0.79 | kl 0.0117 | off_frac 0.20 | H 0.47 |     11s
greedy evaluation over 64 episodes: 310.7 +- 25.7 (min 247, 0% reach 500)
saved results/ppo/linear_noise0.1_seed0.json  (12s)
