policy = linear: 4 features, 10 trainable policy parameters
Update   1/60: return   16.6 ( 71 eps) | EV +0.01 | kl 0.0103 | off_frac 0.21 | H 0.68 |      0s
Update   2/60: return   23.6 ( 78 eps) | EV -0.27 | kl 0.0085 | off_frac 0.10 | H 0.66 |      0s
Update   3/60: return   29.2 ( 51 eps) | EV -0.02 | kl 0.0103 | off_frac 0.11 | H 0.63 |      1s
Update   4/60: return   41.2 ( 26 eps) | EV +0.05 | kl 0.0054 | off_frac 0.06 | H 0.61 |      1s
Update   5/60: return   61.9 ( 15 eps) | EV -0.05 | kl 0.0035 | off_frac 0.04 | H 0.59 |      1s
Update   6/60: return   74.9 (  8 eps) | EV +0.14 | kl 0.0047 | off_frac 0.05 | H 0.58 |      1s
Update   7/60: return  118.2 (  4 eps) | EV +0.40 | kl 0.0063 | off_frac 0.07 | H 0.58 |      1s
Update   8/60: return  125.2 (  5 eps) | EV +0.41 | kl 0.0083 | off_frac 0.12 | H 0.56 |      2s
Update   9/60: return  157.7 (  9 eps) | EV +0.48 | kl 0.0065 | off_frac 0.04 | H 0.58 |      2s
Update  10/60: return  212.7 (  6 eps) | EV +0.72 | kl 0.0125 | off_frac 0.21 | H 0.57 |      2s
Update  11/60: return  228.3 (  6 eps) | EV +0.87 | kl 0.0076 | off_frac 0.07 | H 0.57 |      2s
Update  12/60: return  229.1 ( 10 eps) | EV +0.94 | kl 0.0084 | off_frac 0.10 | H 0.58 |      2s
Update  13/60: return  212.9 ( 17 eps) | EV +0.65 | kl 0.0110 | off_frac 0.14 | H 0.57 |      2s
Update  14/60: return  194.8 ( 15 eps) | EV +0.80 | kl 0.0313 | off_frac 0.42 | H 0.54 |      3s
Update  15/60: return  203.0 (  5 eps) | EV +0.96 | kl 0.0423 | off_frac 0.59 | H 0.53 |      3s
Update  16/60: return  226.3 ( 11 eps) | EV +0.97 | kl 0.0246 | off_frac 0.43 | H 0.56 |      3s
Update  17/60: return  207.0 (  8 eps) | EV +0.88 | kl 0.0059 | off_frac 0.05 | H 0.57 |      3s
Update  18/60: return  255.0 (  5 eps) | EV +0.90 | kl 0.0043 | off_frac 0.05 | H 0.57 |      3s
Update  19/60: return  380.7 (  3 eps) | EV +0.94 | kl 0.0056 | off_frac 0.05 | H 0.57 |      4s
Update  20/60: return  301.1 (  8 eps) | EV +0.98 | kl 0.0225 | off_frac 0.34 | H 0.55 |      4s
Update  21/60: return  190.0 ( 19 eps) | EV +0.98 | kl 0.0109 | off_frac 0.15 | H 0.55 |      4s
Update  22/60: return  204.6 (  5 eps) | EV +0.98 | kl 0.0225 | off_frac 0.39 | H 0.54 |      4s
Update  23/60: return  291.2 ( 12 eps) | EV +0.95 | kl 0.0054 | off_frac 0.02 | H 0.55 |      4s
Update  24/60: return  292.7 (  3 eps) | EV +0.93 | kl 0.0048 | off_frac 0.03 | H 0.56 |      5s
Update  25/60: return  367.3 (  3 eps) | EV +0.92 | kl 0.0020 | off_frac 0.00 | H 0.55 |      5s
Update  26/60: return  364.3 (  3 eps) | EV +0.87 | kl 0.0019 | off_frac 0.01 | H 0.54 |      5s
Update  27/60: return    nan (  0 eps) | EV +0.80 | kl 0.0014 | off_frac 0.01 | H 0.54 |      5s
Update  28/60: return  283.0 (  1 eps) | EV +0.09 | kl 0.0086 | off_frac 0.12 | H 0.53 |      5s
Update  29/60: return  500.0 (  4 eps) | EV +0.73 | kl 0.0413 | off_frac 0.53 | H 0.52 |      5s
Update  30/60: return    nan (  0 eps) | EV +0.77 | kl 0.0306 | off_frac 0.48 | H 0.55 |      6s
Update  31/60: return  500.0 (  1 eps) | EV +0.62 | kl 0.0145 | off_frac 0.24 | H 0.54 |      6s
Update  32/60: return  324.5 (  2 eps) | EV +0.04 | kl 0.0065 | off_frac 0.09 | H 0.54 |      6s
Update  33/60: return    nan (  0 eps) | EV +0.69 | kl 0.0527 | off_frac 0.59 | H 0.52 |      6s
Update  34/60: return  500.0 (  6 eps) | EV +0.72 | kl 0.0418 | off_frac 0.54 | H 0.51 |      6s
Update  35/60: return  171.7 (  3 eps) | EV +0.09 | kl 0.0057 | off_frac 0.08 | H 0.52 |      7s
Update  36/60: return  500.0 ( 10 eps) | EV -1.35 | kl 0.0091 | off_frac 0.13 | H 0.53 |      7s
Update  37/60: return  500.0 ( 16 eps) | EV -0.20 | kl 0.0190 | off_frac 0.31 | H 0.52 |      7s
Update  38/60: return  500.0 (  8 eps) | EV +0.00 | kl 0.0116 | off_frac 0.18 | H 0.52 |      7s
Update  39/60: return  500.0 (  8 eps) | EV +0.01 | kl 0.0032 | off_frac 0.03 | H 0.51 |      7s
Update  40/60: return  500.0 (  3 eps) | EV +0.39 | kl 0.0142 | off_frac 0.25 | H 0.52 |      7s
Update  41/60: return  500.0 (  2 eps) | EV +0.73 | kl 0.0087 | off_frac 0.14 | H 0.50 |      8s
Update  42/60: return  500.0 (  2 eps) | EV +0.82 | kl 0.0007 | off_frac 0.00 | H 0.50 |      8s
Update  43/60: return    nan (  0 eps) | EV +0.75 | kl 0.0018 | off_frac 0.00 | H 0.51 |      8s
Update  44/60: return  500.0 (  2 eps) | EV +0.80 | kl 0.0010 | off_frac 0.00 | H 0.49 |      8s
Update  45/60: return  500.0 (  2 eps) | EV +0.91 | kl 0.0028 | off_frac 0.01 | H 0.49 |      8s
Update  46/60: return  500.0 (  1 eps) | EV +0.94 | kl 0.0001 | off_frac 0.00 | H 0.50 |      9s
Update  47/60: return  500.0 (  2 eps) | EV +0.90 | kl 0.0014 | off_frac 0.00 | H 0.49 |      9s
Update  48/60: return    nan (  0 eps) | EV +0.87 | kl 0.0032 | off_frac 0.01 | H 0.49 |      9s
Update  49/60: return  500.0 (  2 eps) | EV +0.86 | kl 0.0005 | off_frac 0.00 | H 0.48 |      9s
Update  50/60: return  500.0 (  5 eps) | EV +0.80 | kl 0.0105 | off_frac 0.18 | H 0.47 |      9s
Update  51/60: return  500.0 (  4 eps) | EV +0.83 | kl 0.0030 | off_frac 0.01 | H 0.48 |      9s
Update  52/60: return  500.0 ( 12 eps) | EV +0.84 | kl 0.0070 | off_frac 0.10 | H 0.47 |     10s
Update  53/60: return  500.0 ( 14 eps) | EV +0.76 | kl 0.0033 | off_frac 0.03 | H 0.47 |     10s
Update  54/60: return  500.0 ( 10 eps) | EV +0.67 | kl 0.0002 | off_frac 0.00 | H 0.48 |     10s
Update  55/60: return  500.0 (  4 eps) | EV +0.56 | kl 0.0053 | off_frac 0.06 | H 0.48 |     10s
Update  56/60: return  500.0 (  4 eps) | EV +0.52 | kl 0.0030 | off_frac 0.03 | H 0.47 |     10s
Update  57/60: return  500.0 (  1 eps) | EV +0.61 | kl 0.0119 | off_frac 0.21 | H 0.47 |     11s
Update  58/60: return  500.0 (  1 eps) | EV +0.44 | kl 0.0003 | off_frac 0.00 | H 0.46 |     11s
Update  59/60: return    nan (  0 eps) | EV +0.24 | kl 0.0065 | off_frac 0.08 | H 0.46 |     11s
Update  60/60: return  500.0 (  4 eps) | EV +0.30 | kl 0.0052 | off_frac 0.06 | H 0.46 |     11s
greedy evaluation over 64 episodes: 500.0 +- 0.0 (min 500, 100% reach 500)
saved results/ppo/linear_noise0.05_seed2.json  (12s)
