policy = linear: 4 features, 10 trainable policy parameters
Update   1/60: return   16.6 ( 83 eps) | EV +0.01 | kl 0.0071 | off_frac 0.07 | H 0.69 |      0s
Update   2/60: return   23.1 ( 80 eps) | EV -0.33 | kl 0.0107 | off_frac 0.14 | H 0.66 |      0s
Update   3/60: return   24.6 ( 50 eps) | EV +0.00 | kl 0.0100 | off_frac 0.10 | H 0.63 |      0s
Update   4/60: return   41.1 ( 32 eps) | EV +0.04 | kl 0.0069 | off_frac 0.07 | H 0.61 |      1s
Update   5/60: return   52.7 ( 16 eps) | EV +0.19 | kl 0.0049 | off_frac 0.05 | H 0.59 |      1s
Update   6/60: return   95.3 ( 11 eps) | EV +0.08 | kl 0.0063 | off_frac 0.08 | H 0.60 |      1s
Update   7/60: return  106.8 ( 14 eps) | EV +0.23 | kl 0.0061 | off_frac 0.06 | H 0.58 |      1s
Update   8/60: return  155.2 (  6 eps) | EV +0.64 | kl 0.0070 | off_frac 0.10 | H 0.58 |      1s
Update   9/60: return  163.3 (  7 eps) | EV +0.73 | kl 0.0020 | off_frac 0.01 | H 0.58 |      1s
Update  10/60: return  151.5 (  2 eps) | EV +0.92 | kl 0.0113 | off_frac 0.18 | H 0.57 |      1s
Update  11/60: return  206.0 (  2 eps) | EV +0.94 | kl 0.0061 | off_frac 0.09 | H 0.57 |      1s
Update  12/60: return  207.1 (  9 eps) | EV +0.79 | kl 0.0050 | off_frac 0.05 | H 0.56 |      2s
Update  13/60: return  239.0 (  3 eps) | EV +0.90 | kl 0.0046 | off_frac 0.05 | H 0.56 |      2s
Update  14/60: return  274.0 (  6 eps) | EV +0.79 | kl 0.0100 | off_frac 0.14 | H 0.56 |      2s
Update  15/60: return  193.0 (  2 eps) | EV +0.70 | kl 0.0036 | off_frac 0.03 | H 0.56 |      2s
Update  16/60: return  325.3 (  3 eps) | EV +0.88 | kl 0.0069 | off_frac 0.10 | H 0.57 |      2s
Update  17/60: return  378.2 (  4 eps) | EV +0.91 | kl 0.0183 | off_frac 0.33 | H 0.55 |      2s
Update  18/60: return  396.0 (  1 eps) | EV +0.96 | kl 0.0180 | off_frac 0.30 | H 0.54 |      2s
Update  19/60: return  489.2 (  5 eps) | EV +0.81 | kl 0.0048 | off_frac 0.05 | H 0.55 |      2s
Update  20/60: return  495.0 (  3 eps) | EV +0.89 | kl 0.0044 | off_frac 0.05 | H 0.56 |      3s
Update  21/60: return  436.0 (  3 eps) | EV +0.42 | kl 0.0119 | off_frac 0.20 | H 0.55 |      3s
Update  22/60: return  499.0 (  7 eps) | EV +0.76 | kl 0.0325 | off_frac 0.46 | H 0.53 |      3s
Update  23/60: return  500.0 (  7 eps) | EV +0.91 | kl 0.0201 | off_frac 0.34 | H 0.56 |      3s
Update  24/60: return  500.0 (  6 eps) | EV +0.84 | kl 0.0072 | off_frac 0.08 | H 0.57 |      3s
Update  25/60: return  385.1 (  8 eps) | EV +0.03 | kl 0.0072 | off_frac 0.09 | H 0.53 |      3s
Update  26/60: return  474.3 (  3 eps) | EV -0.10 | kl 0.0068 | off_frac 0.07 | H 0.54 |      3s
Update  27/60: return  500.0 (  2 eps) | EV -0.73 | kl 0.0105 | off_frac 0.18 | H 0.53 |      3s
Update  28/60: return  500.0 (  6 eps) | EV +0.36 | kl 0.0079 | off_frac 0.10 | H 0.53 |      4s
Update  29/60: return  500.0 (  3 eps) | EV +0.28 | kl 0.0011 | off_frac 0.00 | H 0.53 |      4s
Update  30/60: return  474.6 (  5 eps) | EV +0.09 | kl 0.0044 | off_frac 0.03 | H 0.53 |      4s
Update  31/60: return  500.0 (  3 eps) | EV +0.55 | kl 0.0330 | off_frac 0.48 | H 0.51 |      4s
Update  32/60: return  500.0 (  1 eps) | EV +0.44 | kl 0.0140 | off_frac 0.25 | H 0.52 |      4s
Update  33/60: return  500.0 (  4 eps) | EV -0.26 | kl 0.0118 | off_frac 0.20 | H 0.52 |      4s
Update  34/60: return  500.0 (  3 eps) | EV +0.69 | kl 0.0127 | off_frac 0.21 | H 0.53 |      4s
Update  35/60: return  500.0 (  4 eps) | EV +0.84 | kl 0.0026 | off_frac 0.01 | H 0.52 |      4s
Update  36/60: return  500.0 (  1 eps) | EV +0.89 | kl 0.0099 | off_frac 0.16 | H 0.50 |      4s
Update  37/60: return  500.0 (  4 eps) | EV +0.97 | kl 0.0080 | off_frac 0.12 | H 0.51 |      5s
Update  38/60: return  500.0 (  7 eps) | EV +0.99 | kl 0.0086 | off_frac 0.14 | H 0.50 |      5s
Update  39/60: return  485.8 (  8 eps) | EV +0.62 | kl 0.0012 | off_frac 0.00 | H 0.50 |      5s
Update  40/60: return  498.9 (  7 eps) | EV +0.60 | kl 0.0096 | off_frac 0.15 | H 0.51 |      5s
Update  41/60: return  500.0 (  5 eps) | EV +0.85 | kl 0.0137 | off_frac 0.23 | H 0.51 |      5s
Update  42/60: return  500.0 (  2 eps) | EV +0.84 | kl 0.0137 | off_frac 0.25 | H 0.51 |      5s
Update  43/60: return  500.0 (  3 eps) | EV +0.78 | kl 0.0041 | off_frac 0.04 | H 0.51 |      5s
Update  44/60: return  500.0 (  4 eps) | EV +0.80 | kl 0.0046 | off_frac 0.04 | H 0.51 |      5s
Update  45/60: return  500.0 (  5 eps) | EV +0.92 | kl 0.0024 | off_frac 0.02 | H 0.52 |      6s
Update  46/60: return  500.0 (  3 eps) | EV +0.95 | kl 0.0061 | off_frac 0.08 | H 0.53 |      6s
Update  47/60: return  500.0 (  4 eps) | EV +0.95 | kl 0.0004 | off_frac 0.00 | H 0.52 |      6s
Update  48/60: return  380.2 (  4 eps) | EV +0.27 | kl 0.0002 | off_frac 0.00 | H 0.53 |      6s
Update  49/60: return  446.0 (  2 eps) | EV +0.28 | kl 0.0037 | off_frac 0.01 | H 0.52 |      6s
Update  50/60: return  500.0 (  5 eps) | EV +0.98 | kl 0.0083 | off_frac 0.13 | H 0.51 |      6s
Update  51/60: return  500.0 (  2 eps) | EV +0.98 | kl 0.0113 | off_frac 0.20 | H 0.51 |      6s
Update  52/60: return  500.0 (  2 eps) | EV +0.98 | kl 0.0110 | off_frac 0.19 | H 0.51 |      6s
Update  53/60: return  500.0 (  5 eps) | EV +0.97 | kl 0.0056 | off_frac 0.06 | H 0.50 |      7s
Update  54/60: return  500.0 (  6 eps) | EV +0.96 | kl 0.0059 | off_frac 0.06 | H 0.50 |      7s
Update  55/60: return  500.0 (  7 eps) | EV +0.97 | kl 0.0089 | off_frac 0.13 | H 0.49 |      7s
Update  56/60: return  500.0 (  9 eps) | EV +0.97 | kl 0.0011 | off_frac 0.00 | H 0.50 |      7s
Update  57/60: return  500.0 (  4 eps) | EV +0.97 | kl 0.0056 | off_frac 0.07 | H 0.51 |      7s
Update  58/60: return  500.0 (  1 eps) | EV +0.97 | kl 0.0052 | off_frac 0.04 | H 0.51 |      7s
Update  59/60: return  500.0 (  4 eps) | EV +0.95 | kl 0.0027 | off_frac 0.00 | H 0.51 |      7s
Update  60/60: return  500.0 (  3 eps) | EV +0.91 | kl 0.0155 | off_frac 0.26 | H 0.50 |      7s
greedy evaluation over 64 episodes: 500.0 +- 0.0 (min 500, 100% reach 500)
saved results/ppo/linear_seed2.json  (8s)
