policy = linear: 4 features, 10 trainable policy parameters
Update   1/60: return   18.6 ( 70 eps) | EV -0.00 | kl 0.0106 | off_frac 0.20 | H 0.68 |      0s
Update   2/60: return   23.9 ( 68 eps) | EV -0.27 | kl 0.0102 | off_frac 0.12 | H 0.65 |      0s
Update   3/60: return   31.6 ( 36 eps) | EV -0.04 | kl 0.0088 | off_frac 0.10 | H 0.62 |      0s
Update   4/60: return   49.1 ( 26 eps) | EV +0.01 | kl 0.0072 | off_frac 0.08 | H 0.60 |      1s
Update   5/60: return   65.2 ( 16 eps) | EV +0.18 | kl 0.0067 | off_frac 0.07 | H 0.58 |      1s
Update   6/60: return   90.7 (  9 eps) | EV -0.04 | kl 0.0052 | off_frac 0.05 | H 0.56 |      1s
Update   7/60: return  114.6 (  8 eps) | EV +0.06 | kl 0.0063 | off_frac 0.07 | H 0.55 |      1s
Update   8/60: return  123.0 (  6 eps) | EV +0.44 | kl 0.0085 | off_frac 0.11 | H 0.56 |      1s
Update   9/60: return  174.5 (  2 eps) | EV +0.86 | kl 0.0194 | off_frac 0.37 | H 0.56 |      1s
Update  10/60: return  190.0 (  7 eps) | EV +0.70 | kl 0.0018 | off_frac 0.00 | H 0.56 |      1s
Update  11/60: return  204.2 (  8 eps) | EV +0.89 | kl 0.0147 | off_frac 0.26 | H 0.55 |      2s
Update  12/60: return  225.4 (  7 eps) | EV +0.94 | kl 0.0125 | off_frac 0.20 | H 0.55 |      2s
Update  13/60: return  255.3 ( 13 eps) | EV +0.95 | kl 0.0072 | off_frac 0.10 | H 0.55 |      2s
Update  14/60: return  232.7 (  7 eps) | EV +0.92 | kl 0.0017 | off_frac 0.01 | H 0.55 |      2s
Update  15/60: return  332.7 (  3 eps) | EV +0.97 | kl 0.0013 | off_frac 0.00 | H 0.55 |      2s
Update  16/60: return  324.5 (  6 eps) | EV +0.85 | kl 0.0074 | off_frac 0.10 | H 0.55 |      2s
Update  17/60: return    nan (  0 eps) | EV +0.97 | kl 0.0287 | off_frac 0.38 | H 0.52 |      2s
Update  18/60: return  465.0 (  2 eps) | EV +0.93 | kl 0.0221 | off_frac 0.38 | H 0.53 |      3s
Update  19/60: return  384.3 (  9 eps) | EV +0.67 | kl 0.0025 | off_frac 0.02 | H 0.53 |      3s
Update  20/60: return  284.0 (  6 eps) | EV +0.28 | kl 0.0088 | off_frac 0.13 | H 0.51 |      3s
Update  21/60: return  500.0 (  2 eps) | EV +0.81 | kl 0.0335 | off_frac 0.43 | H 0.50 |      3s
Update  22/60: return  500.0 (  1 eps) | EV +0.97 | kl 0.0374 | off_frac 0.46 | H 0.50 |      3s
Update  23/60: return  435.0 (  6 eps) | EV +0.97 | kl 0.0183 | off_frac 0.28 | H 0.52 |      3s
Update  24/60: return  303.2 (  4 eps) | EV +0.69 | kl 0.0028 | off_frac 0.02 | H 0.51 |      3s
Update  25/60: return    nan (  0 eps) | EV +0.90 | kl 0.0035 | off_frac 0.03 | H 0.51 |      4s
Update  26/60: return  488.4 (  9 eps) | EV +0.73 | kl 0.0031 | off_frac 0.01 | H 0.51 |      4s
Update  27/60: return  500.0 (  4 eps) | EV +0.94 | kl 0.0110 | off_frac 0.16 | H 0.50 |      4s
Update  28/60: return  500.0 (  5 eps) | EV +0.96 | kl 0.0132 | off_frac 0.19 | H 0.49 |      4s
Update  29/60: return  500.0 (  7 eps) | EV +0.88 | kl 0.0065 | off_frac 0.09 | H 0.50 |      4s
Update  30/60: return  420.8 (  6 eps) | EV +0.18 | kl 0.0051 | off_frac 0.06 | H 0.48 |      4s
Update  31/60: return  500.0 (  1 eps) | EV +0.47 | kl 0.0093 | off_frac 0.15 | H 0.48 |      4s
Update  32/60: return  500.0 (  4 eps) | EV +0.47 | kl 0.0212 | off_frac 0.32 | H 0.48 |      5s
Update  33/60: return    nan (  0 eps) | EV +0.54 | kl 0.0036 | off_frac 0.03 | H 0.50 |      5s
Update  34/60: return  500.0 (  4 eps) | EV +0.76 | kl 0.0147 | off_frac 0.24 | H 0.47 |      5s
Update  35/60: return  500.0 (  6 eps) | EV +0.89 | kl 0.0203 | off_frac 0.30 | H 0.47 |      5s
Update  36/60: return  500.0 (  6 eps) | EV +0.88 | kl 0.0070 | off_frac 0.11 | H 0.47 |      5s
Update  37/60: return  455.3 (  3 eps) | EV +0.28 | kl 0.0033 | off_frac 0.04 | H 0.46 |      5s
Update  38/60: return  500.0 (  2 eps) | EV +0.75 | kl 0.0113 | off_frac 0.19 | H 0.47 |      5s
Update  39/60: return  500.0 (  5 eps) | EV +0.20 | kl 0.0169 | off_frac 0.27 | H 0.47 |      5s
Update  40/60: return  460.5 (  4 eps) | EV -0.00 | kl 0.0018 | off_frac 0.01 | H 0.46 |      6s
Update  41/60: return  500.0 (  3 eps) | EV +0.33 | kl 0.0272 | off_frac 0.35 | H 0.45 |      6s
Update  42/60: return  500.0 (  6 eps) | EV +0.33 | kl 0.0129 | off_frac 0.21 | H 0.45 |      6s
Update  43/60: return  500.0 (  5 eps) | EV +0.32 | kl 0.0021 | off_frac 0.01 | H 0.44 |      6s
Update  44/60: return  500.0 (  7 eps) | EV +0.82 | kl 0.0100 | off_frac 0.17 | H 0.43 |      6s
Update  45/60: return  500.0 (  7 eps) | EV +0.92 | kl 0.0166 | off_frac 0.27 | H 0.44 |      6s
Update  46/60: return  500.0 (  2 eps) | EV +0.83 | kl 0.0142 | off_frac 0.24 | H 0.44 |      6s
Update  47/60: return  500.0 (  2 eps) | EV +0.28 | kl 0.0069 | off_frac 0.11 | H 0.44 |      7s
Update  48/60: return  500.0 (  2 eps) | EV +0.76 | kl 0.0109 | off_frac 0.19 | H 0.43 |      7s
Update  49/60: return  500.0 (  2 eps) | EV +0.92 | kl 0.0315 | off_frac 0.36 | H 0.43 |      7s
Update  50/60: return  500.0 (  5 eps) | EV +0.67 | kl 0.0108 | off_frac 0.18 | H 0.43 |      7s
Update  51/60: return  500.0 (  7 eps) | EV +0.73 | kl 0.0075 | off_frac 0.12 | H 0.42 |      7s
Update  52/60: return  500.0 (  3 eps) | EV +0.69 | kl 0.0141 | off_frac 0.21 | H 0.42 |      7s
Update  53/60: return  500.0 (  3 eps) | EV +0.71 | kl 0.0046 | off_frac 0.05 | H 0.41 |      7s
Update  54/60: return  500.0 (  3 eps) | EV +0.73 | kl 0.0170 | off_frac 0.23 | H 0.41 |      8s
Update  55/60: return  500.0 (  6 eps) | EV +0.70 | kl 0.0088 | off_frac 0.13 | H 0.42 |      8s
Update  56/60: return  500.0 (  1 eps) | EV +0.32 | kl 0.0003 | off_frac 0.00 | H 0.41 |      8s
Update  57/60: return  500.0 (  5 eps) | EV +0.45 | kl 0.0016 | off_frac 0.00 | H 0.42 |      8s
Update  58/60: return  500.0 (  5 eps) | EV +0.32 | kl 0.0126 | off_frac 0.19 | H 0.43 |      8s
Update  59/60: return  500.0 (  5 eps) | EV +0.52 | kl 0.0014 | off_frac 0.01 | H 0.40 |      8s
Update  60/60: return  500.0 (  7 eps) | EV +0.68 | kl 0.0046 | off_frac 0.06 | H 0.41 |      8s
greedy evaluation over 64 episodes: 500.0 +- 0.0 (min 500, 100% reach 500)
saved results/ppo/linear_noise0.2_seed1.json  (9s)
