policy = mr: 17 features, 36 trainable policy parameters
Update   1/60: return   17.2 ( 67 eps) | EV +0.01 | kl 0.0091 | off_frac 0.12 | H 0.68 |     17s
Update   2/60: return   24.2 ( 79 eps) | EV -0.29 | kl 0.0089 | off_frac 0.11 | H 0.66 |     35s
Update   3/60: return   25.5 ( 56 eps) | EV -0.03 | kl 0.0152 | off_frac 0.20 | H 0.63 |     56s
Update   4/60: return   34.6 ( 43 eps) | EV +0.07 | kl 0.0134 | off_frac 0.14 | H 0.58 |     74s
Update   5/60: return   54.0 ( 24 eps) | EV +0.21 | kl 0.0085 | off_frac 0.09 | H 0.55 |     91s
Update   6/60: return   57.9 ( 17 eps) | EV +0.09 | kl 0.0120 | off_frac 0.12 | H 0.52 |    108s
Update   7/60: return   88.7 (  9 eps) | EV +0.13 | kl 0.0054 | off_frac 0.06 | H 0.51 |    125s
Update   8/60: return  121.2 ( 11 eps) | EV +0.33 | kl 0.0094 | off_frac 0.11 | H 0.48 |    142s
Update   9/60: return  159.7 ( 10 eps) | EV +0.82 | kl 0.0065 | off_frac 0.10 | H 0.49 |    159s
Update  10/60: return  187.0 (  7 eps) | EV +0.95 | kl 0.0060 | off_frac 0.08 | H 0.52 |    176s
Update  11/60: return  174.2 ( 11 eps) | EV +0.93 | kl 0.0045 | off_frac 0.06 | H 0.51 |    193s
Update  12/60: return  192.2 (  4 eps) | EV +0.93 | kl 0.0047 | off_frac 0.05 | H 0.51 |    209s
Update  13/60: return  209.2 ( 10 eps) | EV +0.96 | kl 0.0069 | off_frac 0.10 | H 0.50 |    226s
Update  14/60: return  197.8 (  4 eps) | EV +0.98 | kl 0.0079 | off_frac 0.11 | H 0.48 |    243s
Update  15/60: return  237.5 (  6 eps) | EV +0.98 | kl 0.0089 | off_frac 0.12 | H 0.48 |    260s
Update  16/60: return  278.5 (  4 eps) | EV +0.96 | kl 0.0052 | off_frac 0.07 | H 0.47 |    277s
Update  17/60: return  237.5 (  4 eps) | EV +0.92 | kl 0.0064 | off_frac 0.09 | H 0.45 |    294s
Update  18/60: return  325.3 (  3 eps) | EV +0.98 | kl 0.0072 | off_frac 0.10 | H 0.45 |    311s
Update  19/60: return  322.9 (  9 eps) | EV +0.95 | kl 0.0068 | off_frac 0.09 | H 0.46 |    329s
Update  20/60: return  308.6 ( 10 eps) | EV +0.97 | kl 0.0064 | off_frac 0.09 | H 0.44 |    349s
Update  21/60: return  302.5 (  8 eps) | EV +0.96 | kl 0.0062 | off_frac 0.08 | H 0.44 |    383s
Update  22/60: return  297.5 ( 10 eps) | EV +0.83 | kl 0.0118 | off_frac 0.14 | H 0.45 |    414s
Update  23/60: return  355.8 (  9 eps) | EV +0.93 | kl 0.0056 | off_frac 0.07 | H 0.44 |    431s
Update  24/60: return  297.0 (  6 eps) | EV +0.84 | kl 0.0046 | off_frac 0.06 | H 0.44 |    448s
Update  25/60: return  387.5 (  2 eps) | EV +0.93 | kl 0.0169 | off_frac 0.17 | H 0.44 |    465s
Update  26/60: return  416.4 (  5 eps) | EV +0.94 | kl 0.0082 | off_frac 0.12 | H 0.43 |    482s
Update  27/60: return  273.2 (  4 eps) | EV +0.93 | kl 0.0078 | off_frac 0.10 | H 0.43 |    500s
Update  28/60: return  357.0 (  2 eps) | EV +0.97 | kl 0.0028 | off_frac 0.03 | H 0.41 |    517s
Update  29/60: return  253.3 (  3 eps) | EV +0.98 | kl 0.0065 | off_frac 0.09 | H 0.42 |    534s
Update  30/60: return  287.7 (  7 eps) | EV +0.98 | kl 0.0128 | off_frac 0.15 | H 0.42 |    551s
Update  31/60: return  287.4 (  9 eps) | EV +0.93 | kl 0.0112 | off_frac 0.11 | H 0.40 |    568s
Update  32/60: return  306.1 ( 17 eps) | EV +0.96 | kl 0.0147 | off_frac 0.19 | H 0.41 |    585s
Update  33/60: return  334.8 ( 13 eps) | EV +0.95 | kl 0.0083 | off_frac 0.10 | H 0.41 |    601s
Update  34/60: return  365.0 (  5 eps) | EV +0.99 | kl 0.0105 | off_frac 0.13 | H 0.41 |    618s
Update  35/60: return  400.9 (  9 eps) | EV +0.97 | kl 0.0058 | off_frac 0.08 | H 0.40 |    635s
Update  36/60: return  390.0 (  2 eps) | EV +0.98 | kl 0.0084 | off_frac 0.11 | H 0.40 |    652s
Update  37/60: return  244.0 (  1 eps) | EV +0.99 | kl 0.0083 | off_frac 0.09 | H 0.39 |    670s
Update  38/60: return  199.0 (  2 eps) | EV +0.87 | kl 0.0121 | off_frac 0.13 | H 0.36 |    703s
Update  39/60: return  247.0 (  2 eps) | EV +0.72 | kl 0.0158 | off_frac 0.17 | H 0.35 |    737s
Update  40/60: return    nan (  0 eps) | EV +0.73 | kl 0.0059 | off_frac 0.07 | H 0.36 |    773s
Update  41/60: return  347.5 (  2 eps) | EV +0.65 | kl 0.0019 | off_frac 0.02 | H 0.36 |    805s
Update  42/60: return  397.0 (  1 eps) | EV +0.72 | kl 0.0082 | off_frac 0.10 | H 0.36 |    822s
Update  43/60: return    nan (  0 eps) | EV +0.96 | kl 0.0099 | off_frac 0.15 | H 0.35 |    839s
Update  44/60: return  500.0 (  1 eps) | EV +0.93 | kl 0.0081 | off_frac 0.12 | H 0.35 |    856s
Update  45/60: return  454.0 (  3 eps) | EV +0.69 | kl 0.0038 | off_frac 0.04 | H 0.36 |    872s
Update  46/60: return  500.0 (  6 eps) | EV +0.90 | kl 0.0048 | off_frac 0.06 | H 0.35 |    890s
Update  47/60: return  500.0 (  7 eps) | EV +0.87 | kl 0.0076 | off_frac 0.09 | H 0.35 |    907s
Update  48/60: return  500.0 ( 14 eps) | EV +0.85 | kl 0.0049 | off_frac 0.06 | H 0.36 |    924s
Update  49/60: return  395.6 ( 14 eps) | EV +0.40 | kl 0.0216 | off_frac 0.19 | H 0.34 |    941s
Update  50/60: return  443.2 (  8 eps) | EV +0.45 | kl 0.0120 | off_frac 0.13 | H 0.34 |    958s
Update  51/60: return  500.0 (  5 eps) | EV +0.60 | kl 0.0068 | off_frac 0.09 | H 0.32 |    975s
Update  52/60: return  500.0 (  2 eps) | EV +0.87 | kl 0.0087 | off_frac 0.11 | H 0.32 |    992s
Update  53/60: return  500.0 (  2 eps) | EV +0.89 | kl 0.0022 | off_frac 0.02 | H 0.32 |   1009s
Update  54/60: return  500.0 (  2 eps) | EV +0.92 | kl 0.0079 | off_frac 0.09 | H 0.32 |   1026s
Update  55/60: return  500.0 (  1 eps) | EV +0.96 | kl 0.0072 | off_frac 0.09 | H 0.33 |   1043s
Update  56/60: return  374.0 (  2 eps) | EV +0.96 | kl 0.0127 | off_frac 0.14 | H 0.31 |   1061s
Update  57/60: return  500.0 (  1 eps) | EV +0.96 | kl 0.0070 | off_frac 0.10 | H 0.31 |   1078s
Update  58/60: return  500.0 (  1 eps) | EV +0.97 | kl 0.0045 | off_frac 0.06 | H 0.31 |   1095s
Update  59/60: return    nan (  0 eps) | EV +0.96 | kl 0.0066 | off_frac 0.08 | H 0.31 |   1112s
Update  60/60: return  500.0 (  1 eps) | EV +0.96 | kl 0.0049 | off_frac 0.07 | H 0.29 |   1129s
greedy evaluation over 64 episodes: 500.0 +- 0.0 (min 500, 100% reach 500)
saved results/ppo/mr_seed0.json  (1390s)
