policy = mr: 17 features, 36 trainable policy parameters
Update   1/60: return   17.2 ( 67 eps) | EV +0.01 | kl 0.0128 | off_frac 0.22 | H 0.68 |      8s
Update   2/60: return   24.3 ( 75 eps) | EV -0.28 | kl 0.0090 | off_frac 0.10 | H 0.65 |     16s
Update   3/60: return   31.2 ( 51 eps) | EV -0.05 | kl 0.0074 | off_frac 0.08 | H 0.63 |     24s
Update   4/60: return   37.9 ( 40 eps) | EV +0.08 | kl 0.0070 | off_frac 0.07 | H 0.60 |     32s
Update   5/60: return   46.3 ( 28 eps) | EV +0.21 | kl 0.0141 | off_frac 0.18 | H 0.55 |     40s
Update   6/60: return   71.9 ( 21 eps) | EV +0.18 | kl 0.0147 | off_frac 0.14 | H 0.51 |     48s
Update   7/60: return  100.6 ( 10 eps) | EV +0.37 | kl 0.0058 | off_frac 0.07 | H 0.51 |     56s
Update   8/60: return  115.6 ( 13 eps) | EV +0.56 | kl 0.0075 | off_frac 0.10 | H 0.51 |     65s
Update   9/60: return  107.1 ( 11 eps) | EV +0.61 | kl 0.0094 | off_frac 0.12 | H 0.48 |     73s
Update  10/60: return  156.8 (  5 eps) | EV +0.92 | kl 0.0084 | off_frac 0.12 | H 0.47 |     81s
Update  11/60: return  187.7 ( 11 eps) | EV +0.89 | kl 0.0046 | off_frac 0.06 | H 0.48 |     89s
Update  12/60: return  183.1 ( 14 eps) | EV +0.93 | kl 0.0040 | off_frac 0.05 | H 0.48 |     97s
Update  13/60: return  180.8 (  9 eps) | EV +0.97 | kl 0.0044 | off_frac 0.06 | H 0.48 |    105s
Update  14/60: return  170.0 ( 12 eps) | EV +0.96 | kl 0.0088 | off_frac 0.12 | H 0.47 |    113s
Update  15/60: return  175.7 ( 11 eps) | EV +0.98 | kl 0.0218 | off_frac 0.29 | H 0.46 |    121s
Update  16/60: return  221.8 (  8 eps) | EV +0.99 | kl 0.0110 | off_frac 0.16 | H 0.47 |    129s
Update  17/60: return  218.9 ( 15 eps) | EV +0.98 | kl 0.0139 | off_frac 0.20 | H 0.48 |    137s
Update  18/60: return  148.9 (  9 eps) | EV +0.82 | kl 0.0134 | off_frac 0.15 | H 0.46 |    144s
Update  19/60: return  139.9 ( 10 eps) | EV +0.83 | kl 0.0153 | off_frac 0.21 | H 0.45 |    152s
Update  20/60: return  224.9 (  9 eps) | EV +0.97 | kl 0.0211 | off_frac 0.27 | H 0.43 |    160s
Update  21/60: return  193.3 ( 13 eps) | EV +0.98 | kl 0.0247 | off_frac 0.25 | H 0.40 |    168s
Update  22/60: return  242.5 (  8 eps) | EV +0.99 | kl 0.0118 | off_frac 0.13 | H 0.38 |    175s
Update  23/60: return  224.4 (  5 eps) | EV +0.99 | kl 0.0077 | off_frac 0.10 | H 0.37 |    183s
Update  24/60: return  244.5 (  4 eps) | EV +0.99 | kl 0.0044 | off_frac 0.06 | H 0.38 |    191s
Update  25/60: return  276.0 (  3 eps) | EV +0.98 | kl 0.0065 | off_frac 0.08 | H 0.36 |    199s
Update  26/60: return  226.3 (  3 eps) | EV +0.95 | kl 0.0067 | off_frac 0.08 | H 0.37 |    207s
Update  27/60: return  203.3 (  3 eps) | EV +0.95 | kl 0.0073 | off_frac 0.09 | H 0.37 |    215s
Update  28/60: return  229.8 (  4 eps) | EV +0.94 | kl 0.0055 | off_frac 0.07 | H 0.35 |    223s
Update  29/60: return  296.9 (  8 eps) | EV +0.87 | kl 0.0048 | off_frac 0.06 | H 0.38 |    231s
Update  30/60: return  334.4 (  9 eps) | EV +0.80 | kl 0.0033 | off_frac 0.04 | H 0.37 |    239s
Update  31/60: return  346.0 (  6 eps) | EV +0.78 | kl 0.0047 | off_frac 0.06 | H 0.34 |    247s
Update  32/60: return  403.0 (  2 eps) | EV +0.94 | kl 0.0075 | off_frac 0.09 | H 0.34 |    256s
Update  33/60: return  447.5 (  4 eps) | EV +0.94 | kl 0.0080 | off_frac 0.09 | H 0.35 |    264s
Update  34/60: return  466.5 (  6 eps) | EV +0.94 | kl 0.0048 | off_frac 0.06 | H 0.34 |    272s
Update  35/60: return  500.0 (  3 eps) | EV +0.96 | kl 0.0054 | off_frac 0.07 | H 0.35 |    280s
Update  36/60: return  343.4 ( 12 eps) | EV +0.35 | kl 0.0063 | off_frac 0.07 | H 0.35 |    289s
Update  37/60: return  341.2 (  5 eps) | EV +0.57 | kl 0.0086 | off_frac 0.10 | H 0.33 |    297s
Update  38/60: return  437.5 (  2 eps) | EV +0.65 | kl 0.0072 | off_frac 0.08 | H 0.32 |    306s
Update  39/60: return  500.0 (  2 eps) | EV +0.86 | kl 0.0064 | off_frac 0.07 | H 0.33 |    314s
Update  40/60: return  500.0 (  3 eps) | EV +0.97 | kl 0.0232 | off_frac 0.19 | H 0.33 |    323s
Update  41/60: return    nan (  0 eps) | EV +0.97 | kl 0.0086 | off_frac 0.11 | H 0.33 |    331s
Update  42/60: return  464.2 (  6 eps) | EV +0.70 | kl 0.0070 | off_frac 0.08 | H 0.33 |    340s
Update  43/60: return  484.0 (  3 eps) | EV +0.95 | kl 0.0033 | off_frac 0.04 | H 0.32 |    348s
Update  44/60: return  421.7 (  3 eps) | EV +0.94 | kl 0.0092 | off_frac 0.11 | H 0.33 |    356s
Update  45/60: return  475.4 (  7 eps) | EV +0.95 | kl 0.0205 | off_frac 0.20 | H 0.33 |    365s
Update  46/60: return  412.1 (  9 eps) | EV +0.75 | kl 0.0089 | off_frac 0.10 | H 0.31 |    374s
Update  47/60: return  374.8 (  9 eps) | EV +0.84 | kl 0.0061 | off_frac 0.08 | H 0.31 |    392s
Update  48/60: return  500.0 (  4 eps) | EV +0.58 | kl 0.0081 | off_frac 0.10 | H 0.30 |    410s
Update  49/60: return  500.0 (  3 eps) | EV +0.77 | kl 0.0080 | off_frac 0.10 | H 0.31 |    427s
Update  50/60: return  500.0 (  4 eps) | EV +0.91 | kl 0.0050 | off_frac 0.07 | H 0.31 |    444s
Update  51/60: return  382.0 (  4 eps) | EV +0.55 | kl 0.0106 | off_frac 0.11 | H 0.30 |    460s
Update  52/60: return  471.8 (  9 eps) | EV +0.76 | kl 0.0083 | off_frac 0.11 | H 0.29 |    477s
Update  53/60: return  500.0 (  2 eps) | EV +0.95 | kl 0.0081 | off_frac 0.11 | H 0.28 |    494s
Update  54/60: return  500.0 (  2 eps) | EV +0.98 | kl 0.0047 | off_frac 0.06 | H 0.29 |    510s
Update  55/60: return  500.0 (  2 eps) | EV +0.98 | kl 0.0120 | off_frac 0.12 | H 0.29 |    527s
Update  56/60: return  434.7 (  3 eps) | EV +0.86 | kl 0.0083 | off_frac 0.10 | H 0.28 |    544s
Update  57/60: return  500.0 (  1 eps) | EV +0.92 | kl 0.0065 | off_frac 0.08 | H 0.30 |    560s
Update  58/60: return  500.0 (  5 eps) | EV +0.86 | kl 0.0061 | off_frac 0.07 | H 0.30 |    577s
Update  59/60: return  500.0 (  3 eps) | EV +0.84 | kl 0.0082 | off_frac 0.08 | H 0.29 |    594s
Update  60/60: return  437.8 (  4 eps) | EV +0.47 | kl 0.0143 | off_frac 0.14 | H 0.28 |    610s
greedy evaluation over 64 episodes: 393.4 +- 62.0 (min 289, 14% reach 500)
saved results/ppo/mr_Tavg10_seed0.json  (923s)
