policy = mr: 17 features, 36 trainable policy parameters
Update   1/60: return   16.9 ( 77 eps) | EV +0.00 | kl 0.0082 | off_frac 0.09 | H 0.69 |     17s
Update   2/60: return   24.0 ( 65 eps) | EV -0.23 | kl 0.0099 | off_frac 0.14 | H 0.67 |     35s
Update   3/60: return   28.4 ( 65 eps) | EV -0.02 | kl 0.0135 | off_frac 0.20 | H 0.63 |     56s
Update   4/60: return   40.5 ( 31 eps) | EV +0.13 | kl 0.0074 | off_frac 0.08 | H 0.60 |     74s
Update   5/60: return   45.8 ( 24 eps) | EV +0.23 | kl 0.0106 | off_frac 0.11 | H 0.57 |     91s
Update   6/60: return   75.2 ( 22 eps) | EV +0.01 | kl 0.0140 | off_frac 0.17 | H 0.53 |    108s
Update   7/60: return  104.9 ( 11 eps) | EV +0.22 | kl 0.0150 | off_frac 0.19 | H 0.51 |    125s
Update   8/60: return  118.8 ( 10 eps) | EV +0.60 | kl 0.0058 | off_frac 0.08 | H 0.51 |    142s
Update   9/60: return  127.8 ( 12 eps) | EV +0.85 | kl 0.0053 | off_frac 0.07 | H 0.51 |    159s
Update  10/60: return  145.7 (  9 eps) | EV +0.95 | kl 0.0068 | off_frac 0.09 | H 0.52 |    177s
Update  11/60: return  163.6 ( 10 eps) | EV +0.97 | kl 0.0133 | off_frac 0.18 | H 0.51 |    194s
Update  12/60: return  164.3 ( 10 eps) | EV +0.96 | kl 0.0100 | off_frac 0.14 | H 0.52 |    211s
Update  13/60: return  191.2 ( 11 eps) | EV +0.95 | kl 0.0126 | off_frac 0.17 | H 0.52 |    228s
Update  14/60: return  149.3 ( 19 eps) | EV +0.77 | kl 0.0040 | off_frac 0.04 | H 0.51 |    245s
Update  15/60: return  166.1 ( 21 eps) | EV +0.81 | kl 0.0082 | off_frac 0.09 | H 0.48 |    262s
Update  16/60: return  138.0 (  4 eps) | EV +0.78 | kl 0.0255 | off_frac 0.29 | H 0.46 |    279s
Update  17/60: return  205.0 (  3 eps) | EV +0.95 | kl 0.0117 | off_frac 0.16 | H 0.45 |    297s
Update  18/60: return  189.2 (  5 eps) | EV +0.96 | kl 0.0064 | off_frac 0.08 | H 0.44 |    314s
Update  19/60: return  266.6 (  5 eps) | EV +0.96 | kl 0.0061 | off_frac 0.08 | H 0.44 |    331s
Update  20/60: return  222.0 (  5 eps) | EV +0.97 | kl 0.0064 | off_frac 0.10 | H 0.44 |    356s
Update  21/60: return  240.5 (  2 eps) | EV +0.96 | kl 0.0065 | off_frac 0.09 | H 0.44 |    391s
Update  22/60: return  245.0 (  3 eps) | EV +0.95 | kl 0.0078 | off_frac 0.10 | H 0.44 |    418s
Update  23/60: return  264.8 (  5 eps) | EV +0.95 | kl 0.0086 | off_frac 0.12 | H 0.43 |    436s
Update  24/60: return  312.7 (  7 eps) | EV +0.78 | kl 0.0054 | off_frac 0.07 | H 0.44 |    453s
Update  25/60: return  293.7 ( 10 eps) | EV +0.69 | kl 0.0063 | off_frac 0.08 | H 0.44 |    471s
Update  26/60: return  332.4 (  8 eps) | EV +0.90 | kl 0.0119 | off_frac 0.16 | H 0.43 |    488s
Update  27/60: return  475.6 (  5 eps) | EV +0.92 | kl 0.0267 | off_frac 0.27 | H 0.41 |    505s
Update  28/60: return  369.0 (  5 eps) | EV +0.76 | kl 0.0137 | off_frac 0.16 | H 0.41 |    522s
Update  29/60: return  497.7 (  3 eps) | EV +0.80 | kl 0.0130 | off_frac 0.15 | H 0.41 |    539s
Update  30/60: return  500.0 (  6 eps) | EV +0.92 | kl 0.0071 | off_frac 0.10 | H 0.41 |    556s
Update  31/60: return  500.0 (  2 eps) | EV +0.90 | kl 0.0150 | off_frac 0.18 | H 0.40 |    573s
Update  32/60: return  287.0 (  2 eps) | EV +0.64 | kl 0.0029 | off_frac 0.03 | H 0.40 |    590s
Update  33/60: return  262.5 (  4 eps) | EV +0.61 | kl 0.0046 | off_frac 0.07 | H 0.40 |    608s
Update  34/60: return  402.8 (  5 eps) | EV +0.73 | kl 0.0150 | off_frac 0.15 | H 0.38 |    624s
Update  35/60: return  500.0 (  3 eps) | EV +0.82 | kl 0.0072 | off_frac 0.10 | H 0.38 |    642s
Update  36/60: return  497.2 (  4 eps) | EV +0.79 | kl 0.0045 | off_frac 0.06 | H 0.39 |    659s
Update  37/60: return  250.0 (  2 eps) | EV +0.71 | kl 0.0097 | off_frac 0.11 | H 0.39 |    682s
Update  38/60: return  429.6 (  7 eps) | EV +0.91 | kl 0.0200 | off_frac 0.20 | H 0.36 |    717s
Update  39/60: return  449.5 (  4 eps) | EV +0.94 | kl 0.0136 | off_frac 0.15 | H 0.38 |    752s
Update  40/60: return  500.0 (  9 eps) | EV +0.87 | kl 0.0075 | off_frac 0.11 | H 0.38 |    787s
Update  41/60: return  500.0 (  5 eps) | EV +0.81 | kl 0.0081 | off_frac 0.10 | H 0.40 |    812s
Update  42/60: return  414.4 (  8 eps) | EV +0.37 | kl 0.0141 | off_frac 0.15 | H 0.38 |    829s
Update  43/60: return  407.5 (  4 eps) | EV +0.94 | kl 0.0092 | off_frac 0.12 | H 0.38 |    846s
Update  44/60: return  474.8 (  4 eps) | EV +0.98 | kl 0.0103 | off_frac 0.13 | H 0.37 |    863s
Update  45/60: return  443.8 (  6 eps) | EV +0.98 | kl 0.0103 | off_frac 0.14 | H 0.35 |    880s
Update  46/60: return  500.0 (  2 eps) | EV +0.99 | kl 0.0062 | off_frac 0.09 | H 0.34 |    896s
Update  47/60: return  500.0 (  2 eps) | EV +0.97 | kl 0.0047 | off_frac 0.06 | H 0.33 |    913s
Update  48/60: return  500.0 (  1 eps) | EV +0.94 | kl 0.0027 | off_frac 0.03 | H 0.33 |    931s
Update  49/60: return  500.0 (  4 eps) | EV +0.92 | kl 0.0064 | off_frac 0.08 | H 0.32 |    948s
Update  50/60: return  500.0 (  3 eps) | EV +0.88 | kl 0.0192 | off_frac 0.19 | H 0.33 |    965s
Update  51/60: return  500.0 (  4 eps) | EV +0.91 | kl 0.0043 | off_frac 0.06 | H 0.33 |    982s
Update  52/60: return  426.5 (  4 eps) | EV +0.52 | kl 0.0106 | off_frac 0.11 | H 0.33 |   1000s
Update  53/60: return  453.0 (  4 eps) | EV +0.88 | kl 0.0110 | off_frac 0.11 | H 0.32 |   1017s
Update  54/60: return  500.0 (  7 eps) | EV +0.96 | kl 0.0128 | off_frac 0.15 | H 0.32 |   1034s
Update  55/60: return  460.2 (  5 eps) | EV +0.87 | kl 0.0059 | off_frac 0.08 | H 0.33 |   1052s
Update  56/60: return  478.7 (  9 eps) | EV +0.47 | kl 0.0045 | off_frac 0.05 | H 0.33 |   1069s
Update  57/60: return  487.1 (  7 eps) | EV +0.45 | kl 0.0040 | off_frac 0.05 | H 0.32 |   1087s
Update  58/60: return  500.0 (  3 eps) | EV +0.77 | kl 0.0171 | off_frac 0.19 | H 0.33 |   1104s
Update  59/60: return  500.0 (  2 eps) | EV +0.64 | kl 0.0087 | off_frac 0.12 | H 0.31 |   1121s
Update  60/60: return  500.0 (  4 eps) | EV +0.95 | kl 0.0027 | off_frac 0.04 | H 0.32 |   1139s
greedy evaluation over 64 episodes: 500.0 +- 0.0 (min 500, 100% reach 500)
saved results/ppo/mr_seed1.json  (1405s)
