policy = mr: 17 features, 36 trainable policy parameters
Update   1/60: return   16.4 ( 77 eps) | EV +0.00 | kl 0.0097 | off_frac 0.15 | H 0.68 |      7s
Update   2/60: return   21.9 ( 74 eps) | EV -0.24 | kl 0.0074 | off_frac 0.08 | H 0.67 |     15s
Update   3/60: return   28.1 ( 71 eps) | EV -0.01 | kl 0.0096 | off_frac 0.11 | H 0.64 |     22s
Update   4/60: return   33.8 ( 42 eps) | EV +0.08 | kl 0.0063 | off_frac 0.06 | H 0.63 |     29s
Update   5/60: return   43.5 ( 35 eps) | EV +0.27 | kl 0.0115 | off_frac 0.13 | H 0.59 |     36s
Update   6/60: return   56.8 ( 33 eps) | EV +0.25 | kl 0.0130 | off_frac 0.15 | H 0.55 |     43s
Update   7/60: return   69.0 ( 19 eps) | EV +0.36 | kl 0.0143 | off_frac 0.17 | H 0.52 |     51s
Update   8/60: return   93.0 ( 24 eps) | EV +0.44 | kl 0.0056 | off_frac 0.07 | H 0.52 |     58s
Update   9/60: return   94.3 ( 15 eps) | EV +0.74 | kl 0.0064 | off_frac 0.08 | H 0.51 |     65s
Update  10/60: return   92.4 (  8 eps) | EV +0.87 | kl 0.0137 | off_frac 0.16 | H 0.50 |     72s
Update  11/60: return  117.3 ( 16 eps) | EV +0.88 | kl 0.0086 | off_frac 0.12 | H 0.51 |     79s
Update  12/60: return  148.6 (  9 eps) | EV +0.96 | kl 0.0140 | off_frac 0.17 | H 0.49 |     86s
Update  13/60: return  182.0 (  7 eps) | EV +0.96 | kl 0.0101 | off_frac 0.13 | H 0.46 |     93s
Update  14/60: return  195.1 (  9 eps) | EV +0.96 | kl 0.0028 | off_frac 0.03 | H 0.45 |    101s
Update  15/60: return  160.0 (  7 eps) | EV +0.97 | kl 0.0093 | off_frac 0.12 | H 0.45 |    108s
Update  16/60: return  220.5 (  8 eps) | EV +0.97 | kl 0.0101 | off_frac 0.12 | H 0.45 |    115s
Update  17/60: return  209.3 (  7 eps) | EV +0.98 | kl 0.0066 | off_frac 0.09 | H 0.44 |    122s
Update  18/60: return  229.7 ( 11 eps) | EV +0.97 | kl 0.0072 | off_frac 0.10 | H 0.45 |    130s
Update  19/60: return  215.9 (  7 eps) | EV +0.98 | kl 0.0051 | off_frac 0.07 | H 0.44 |    137s
Update  20/60: return  244.2 (  8 eps) | EV +0.98 | kl 0.0048 | off_frac 0.06 | H 0.44 |    144s
Update  21/60: return  228.7 ( 11 eps) | EV +0.88 | kl 0.0048 | off_frac 0.06 | H 0.42 |    151s
Update  22/60: return  309.6 (  8 eps) | EV +0.97 | kl 0.0090 | off_frac 0.11 | H 0.42 |    158s
Update  23/60: return  275.0 (  6 eps) | EV +0.98 | kl 0.0091 | off_frac 0.12 | H 0.42 |    165s
Update  24/60: return  171.5 (  4 eps) | EV +0.95 | kl 0.0103 | off_frac 0.12 | H 0.42 |    172s
Update  25/60: return  265.0 (  1 eps) | EV +0.98 | kl 0.0066 | off_frac 0.08 | H 0.42 |    179s
Update  26/60: return  288.2 (  8 eps) | EV +0.94 | kl 0.0099 | off_frac 0.11 | H 0.43 |    187s
Update  27/60: return  363.7 (  3 eps) | EV +0.98 | kl 0.0058 | off_frac 0.08 | H 0.42 |    194s
Update  28/60: return  281.2 (  8 eps) | EV +0.85 | kl 0.0094 | off_frac 0.11 | H 0.40 |    201s
Update  29/60: return  274.7 (  3 eps) | EV +0.93 | kl 0.0140 | off_frac 0.15 | H 0.36 |    208s
Update  30/60: return  422.0 (  1 eps) | EV +0.96 | kl 0.0090 | off_frac 0.11 | H 0.36 |    215s
Update  31/60: return  426.8 (  4 eps) | EV +0.97 | kl 0.0098 | off_frac 0.11 | H 0.37 |    222s
Update  32/60: return  444.0 (  3 eps) | EV +0.98 | kl 0.0071 | off_frac 0.09 | H 0.35 |    229s
Update  33/60: return  399.7 (  6 eps) | EV +0.98 | kl 0.0139 | off_frac 0.14 | H 0.34 |    237s
Update  34/60: return  360.0 (  8 eps) | EV +0.96 | kl 0.0091 | off_frac 0.11 | H 0.35 |    244s
Update  35/60: return  412.2 (  5 eps) | EV +0.94 | kl 0.0075 | off_frac 0.09 | H 0.36 |    252s
Update  36/60: return  407.0 (  9 eps) | EV +0.79 | kl 0.0085 | off_frac 0.10 | H 0.36 |    259s
Update  37/60: return  343.6 (  8 eps) | EV +0.90 | kl 0.0078 | off_frac 0.10 | H 0.34 |    265s
Update  38/60: return  490.2 (  6 eps) | EV +0.86 | kl 0.0120 | off_frac 0.16 | H 0.32 |    270s
Update  39/60: return  440.0 (  5 eps) | EV +0.95 | kl 0.0155 | off_frac 0.16 | H 0.31 |    275s
Update  40/60: return    nan (  0 eps) | EV +0.97 | kl 0.0037 | off_frac 0.05 | H 0.31 |    280s
Update  41/60: return  443.5 (  2 eps) | EV +0.82 | kl 0.0046 | off_frac 0.06 | H 0.31 |    285s
Update  42/60: return  482.3 (  3 eps) | EV +0.82 | kl 0.0076 | off_frac 0.09 | H 0.31 |    290s
Update  43/60: return  500.0 (  3 eps) | EV +0.94 | kl 0.0047 | off_frac 0.06 | H 0.30 |    295s
Update  44/60: return  500.0 (  3 eps) | EV +0.96 | kl 0.0094 | off_frac 0.11 | H 0.30 |    299s
Update  45/60: return  500.0 (  1 eps) | EV +0.95 | kl 0.0079 | off_frac 0.09 | H 0.30 |    304s
Update  46/60: return  310.0 (  3 eps) | EV +0.59 | kl 0.0110 | off_frac 0.12 | H 0.31 |    309s
Update  47/60: return  475.4 (  5 eps) | EV +0.65 | kl 0.0109 | off_frac 0.11 | H 0.30 |    314s
Update  48/60: return  500.0 (  5 eps) | EV +0.85 | kl 0.0104 | off_frac 0.11 | H 0.29 |    319s
Update  49/60: return  495.3 (  7 eps) | EV +0.67 | kl 0.0073 | off_frac 0.08 | H 0.28 |    324s
Update  50/60: return  499.5 (  6 eps) | EV +0.74 | kl 0.0052 | off_frac 0.07 | H 0.29 |    328s
Update  51/60: return  344.3 (  3 eps) | EV +0.22 | kl 0.0110 | off_frac 0.11 | H 0.30 |    333s
Update  52/60: return  500.0 ( 13 eps) | EV +0.49 | kl 0.0067 | off_frac 0.08 | H 0.29 |    338s
Update  53/60: return  500.0 (  4 eps) | EV +0.67 | kl 0.0096 | off_frac 0.10 | H 0.29 |    343s
Update  54/60: return  500.0 (  8 eps) | EV +0.89 | kl 0.0056 | off_frac 0.07 | H 0.29 |    348s
Update  55/60: return    nan (  0 eps) | EV +0.91 | kl 0.0057 | off_frac 0.07 | H 0.29 |    353s
Update  56/60: return  350.3 (  3 eps) | EV +0.46 | kl 0.0087 | off_frac 0.10 | H 0.28 |    358s
Update  57/60: return  444.7 (  3 eps) | EV +0.74 | kl 0.0068 | off_frac 0.08 | H 0.29 |    362s
Update  58/60: return  420.2 (  4 eps) | EV +0.67 | kl 0.0048 | off_frac 0.07 | H 0.30 |    367s
Update  59/60: return  398.2 (  5 eps) | EV +0.54 | kl 0.0031 | off_frac 0.04 | H 0.27 |    372s
Update  60/60: return  345.0 (  7 eps) | EV +0.56 | kl 0.0107 | off_frac 0.11 | H 0.28 |    377s
greedy evaluation over 64 episodes: 484.3 +- 53.1 (min 239, 89% reach 500)
saved results/ppo/mr_Tavg5_seed2.json  (450s)
