policy = mr: 128 features, 258 trainable policy parameters
Update   1/60: return   17.2 ( 73 eps) | EV +0.01 | kl 0.0125 | off_frac 0.20 | H 0.68 |     34s
Update   2/60: return   21.2 ( 86 eps) | EV -0.35 | kl 0.0136 | off_frac 0.22 | H 0.67 |     68s
Update   3/60: return   25.4 ( 70 eps) | EV +0.02 | kl 0.0179 | off_frac 0.27 | H 0.64 |    103s
Update   4/60: return   32.0 ( 55 eps) | EV +0.15 | kl 0.0162 | off_frac 0.23 | H 0.61 |    134s
Update   5/60: return   38.0 ( 53 eps) | EV +0.14 | kl 0.0167 | off_frac 0.21 | H 0.56 |    168s
Update   6/60: return   41.3 ( 29 eps) | EV +0.17 | kl 0.0190 | off_frac 0.22 | H 0.53 |    202s
Update   7/60: return   63.0 ( 30 eps) | EV +0.26 | kl 0.0178 | off_frac 0.19 | H 0.49 |    236s
Update   8/60: return   75.5 ( 23 eps) | EV +0.35 | kl 0.0131 | off_frac 0.16 | H 0.48 |    270s
Update   9/60: return   76.6 ( 21 eps) | EV +0.66 | kl 0.0085 | off_frac 0.11 | H 0.47 |    304s
Update  10/60: return   83.7 ( 14 eps) | EV +0.87 | kl 0.0182 | off_frac 0.19 | H 0.46 |    339s
Update  11/60: return  111.9 (  8 eps) | EV +0.93 | kl 0.0204 | off_frac 0.22 | H 0.45 |    373s
Update  12/60: return  140.3 ( 13 eps) | EV +0.95 | kl 0.0161 | off_frac 0.18 | H 0.45 |    407s
Update  13/60: return  147.0 (  8 eps) | EV +0.94 | kl 0.0152 | off_frac 0.16 | H 0.42 |    441s
Update  14/60: return  151.0 (  9 eps) | EV +0.93 | kl 0.0146 | off_frac 0.17 | H 0.41 |    474s
Update  15/60: return  197.5 (  8 eps) | EV +0.94 | kl 0.0105 | off_frac 0.13 | H 0.40 |    507s
Update  16/60: return  221.2 (  8 eps) | EV +0.93 | kl 0.0252 | off_frac 0.21 | H 0.38 |    541s
Update  17/60: return  225.6 (  5 eps) | EV +0.96 | kl 0.0135 | off_frac 0.16 | H 0.37 |    575s
Update  18/60: return  216.4 (  5 eps) | EV +0.96 | kl 0.0132 | off_frac 0.14 | H 0.37 |    609s
Update  19/60: return  257.0 (  8 eps) | EV +0.92 | kl 0.0120 | off_frac 0.13 | H 0.36 |    644s
Update  20/60: return  252.4 (  9 eps) | EV +0.84 | kl 0.0094 | off_frac 0.10 | H 0.36 |    678s
Update  21/60: return  243.3 (  6 eps) | EV +0.94 | kl 0.0159 | off_frac 0.16 | H 0.34 |    711s
Update  22/60: return  299.7 (  3 eps) | EV +0.92 | kl 0.0129 | off_frac 0.13 | H 0.33 |    745s
Update  23/60: return  295.3 (  3 eps) | EV +0.95 | kl 0.0089 | off_frac 0.11 | H 0.33 |    779s
Update  24/60: return  361.0 (  2 eps) | EV +0.91 | kl 0.0126 | off_frac 0.15 | H 0.34 |    812s
Update  25/60: return  328.5 (  2 eps) | EV +0.81 | kl 0.0119 | off_frac 0.12 | H 0.32 |    845s
Update  26/60: return  303.3 (  3 eps) | EV +0.92 | kl 0.0108 | off_frac 0.12 | H 0.33 |    879s
Update  27/60: return  360.0 (  3 eps) | EV +0.78 | kl 0.0253 | off_frac 0.18 | H 0.32 |    913s
Update  28/60: return  371.0 (  4 eps) | EV +0.84 | kl 0.0224 | off_frac 0.17 | H 0.32 |    946s
Update  29/60: return  465.3 (  7 eps) | EV +0.95 | kl 0.0168 | off_frac 0.15 | H 0.31 |    980s
Update  30/60: return  500.0 (  4 eps) | EV +0.97 | kl 0.0154 | off_frac 0.15 | H 0.33 |   1014s
Update  31/60: return  500.0 (  5 eps) | EV +0.96 | kl 0.0145 | off_frac 0.14 | H 0.30 |   1049s
Update  32/60: return  500.0 (  5 eps) | EV +0.94 | kl 0.0153 | off_frac 0.15 | H 0.32 |   1083s
Update  33/60: return  449.2 (  4 eps) | EV +0.62 | kl 0.0211 | off_frac 0.16 | H 0.31 |   1117s
Update  34/60: return  457.4 (  7 eps) | EV +0.52 | kl 0.0226 | off_frac 0.16 | H 0.30 |   1151s
Update  35/60: return  500.0 (  7 eps) | EV +0.65 | kl 0.0066 | off_frac 0.07 | H 0.30 |   1192s
Update  36/60: return  500.0 (  6 eps) | EV +0.94 | kl 0.0199 | off_frac 0.15 | H 0.30 |   1246s
Update  37/60: return  500.0 (  4 eps) | EV +0.94 | kl 0.0205 | off_frac 0.16 | H 0.30 |   1299s
Update  38/60: return  500.0 (  2 eps) | EV +0.92 | kl 0.0111 | off_frac 0.11 | H 0.29 |   1351s
Update  39/60: return  500.0 (  1 eps) | EV +0.90 | kl 0.0114 | off_frac 0.12 | H 0.28 |   1392s
Update  40/60: return  500.0 (  1 eps) | EV +0.90 | kl 0.0185 | off_frac 0.16 | H 0.28 |   1427s
Update  41/60: return  500.0 (  2 eps) | EV +0.89 | kl 0.0089 | off_frac 0.10 | H 0.28 |   1462s
Update  42/60: return  500.0 (  3 eps) | EV +0.91 | kl 0.0101 | off_frac 0.11 | H 0.28 |   1496s
Update  43/60: return  500.0 (  3 eps) | EV +0.80 | kl 0.0126 | off_frac 0.12 | H 0.27 |   1529s
Update  44/60: return  500.0 (  6 eps) | EV +0.52 | kl 0.0125 | off_frac 0.12 | H 0.26 |   1563s
Update  45/60: return  500.0 (  4 eps) | EV +0.53 | kl 0.0118 | off_frac 0.10 | H 0.25 |   1597s
Update  46/60: return  500.0 (  6 eps) | EV +0.73 | kl 0.0188 | off_frac 0.16 | H 0.27 |   1628s
Update  47/60: return  500.0 (  5 eps) | EV +0.67 | kl 0.0093 | off_frac 0.11 | H 0.27 |   1651s
Update  48/60: return  500.0 (  4 eps) | EV +0.65 | kl 0.0120 | off_frac 0.11 | H 0.26 |   1675s
Update  49/60: return  500.0 (  5 eps) | EV +0.72 | kl 0.0108 | off_frac 0.10 | H 0.26 |   1698s
Update  50/60: return  489.5 ( 10 eps) | EV +0.06 | kl 0.0068 | off_frac 0.07 | H 0.26 |   1722s
Update  51/60: return  425.5 (  6 eps) | EV +0.24 | kl 0.0108 | off_frac 0.11 | H 0.27 |   1745s
Update  52/60: return  500.0 (  4 eps) | EV -0.14 | kl 0.0247 | off_frac 0.16 | H 0.24 |   1769s
Update  53/60: return  500.0 (  3 eps) | EV -0.59 | kl 0.0233 | off_frac 0.18 | H 0.26 |   1792s
Update  54/60: return  500.0 (  3 eps) | EV +0.24 | kl 0.0275 | off_frac 0.17 | H 0.25 |   1815s
Update  55/60: return    nan (  0 eps) | EV +0.88 | kl 0.0206 | off_frac 0.16 | H 0.26 |   1839s
Update  56/60: return  500.0 (  2 eps) | EV +0.95 | kl 0.0098 | off_frac 0.10 | H 0.27 |   1863s
Update  57/60: return  500.0 (  2 eps) | EV +0.98 | kl 0.0113 | off_frac 0.13 | H 0.27 |   1886s
Update  58/60: return  454.7 (  3 eps) | EV +0.37 | kl 0.0111 | off_frac 0.10 | H 0.26 |   1910s
Update  59/60: return  500.0 (  6 eps) | EV +0.94 | kl 0.0135 | off_frac 0.12 | H 0.25 |   1933s
Update  60/60: return  500.0 (  5 eps) | EV +0.98 | kl 0.0102 | off_frac 0.10 | H 0.26 |   1956s
greedy evaluation over 64 episodes: 500.0 +- 0.0 (min 500, 100% reach 500)
saved results/ppo/mr_allmodes_seed0.json  (2386s)
