policy = mr: 17 features, 36 trainable policy parameters
Update   1/60: return   17.2 ( 67 eps) | EV +0.01 | kl 0.0110 | off_frac 0.16 | H 0.68 |     45s
Update   2/60: return   23.7 ( 69 eps) | EV -0.29 | kl 0.0161 | off_frac 0.27 | H 0.65 |     79s
Update   3/60: return   29.7 ( 42 eps) | EV -0.06 | kl 0.0103 | off_frac 0.11 | H 0.61 |    106s
Update   4/60: return   51.0 ( 20 eps) | EV +0.09 | kl 0.0089 | off_frac 0.10 | H 0.56 |    124s
Update   5/60: return   64.1 (  9 eps) | EV +0.11 | kl 0.0061 | off_frac 0.07 | H 0.54 |    141s
Update   6/60: return  102.5 ( 13 eps) | EV +0.14 | kl 0.0086 | off_frac 0.10 | H 0.50 |    158s
Update   7/60: return  112.8 ( 12 eps) | EV +0.36 | kl 0.0030 | off_frac 0.03 | H 0.51 |    183s
Update   8/60: return  151.4 (  5 eps) | EV +0.78 | kl 0.0042 | off_frac 0.05 | H 0.51 |    218s
Update   9/60: return  188.7 (  6 eps) | EV +0.77 | kl 0.0104 | off_frac 0.15 | H 0.52 |    253s
Update  10/60: return  201.6 ( 11 eps) | EV +0.82 | kl 0.0057 | off_frac 0.07 | H 0.52 |    288s
Update  11/60: return  227.2 (  8 eps) | EV +0.97 | kl 0.0054 | off_frac 0.06 | H 0.52 |    322s
Update  12/60: return  192.3 (  7 eps) | EV +0.97 | kl 0.0050 | off_frac 0.06 | H 0.52 |    356s
Update  13/60: return  217.5 ( 13 eps) | EV +0.96 | kl 0.0117 | off_frac 0.20 | H 0.51 |    391s
Update  14/60: return  221.5 (  6 eps) | EV +0.99 | kl 0.0190 | off_frac 0.29 | H 0.51 |    425s
Update  15/60: return  250.7 ( 13 eps) | EV +0.98 | kl 0.0173 | off_frac 0.24 | H 0.47 |    459s
Update  16/60: return  270.2 (  4 eps) | EV +0.96 | kl 0.0106 | off_frac 0.16 | H 0.46 |    495s
Update  17/60: return  223.0 (  2 eps) | EV +0.98 | kl 0.0034 | off_frac 0.04 | H 0.46 |    529s
Update  18/60: return  270.3 (  3 eps) | EV +0.97 | kl 0.0025 | off_frac 0.03 | H 0.46 |    564s
Update  19/60: return  288.5 ( 13 eps) | EV +0.97 | kl 0.0057 | off_frac 0.08 | H 0.47 |    599s
Update  20/60: return  220.8 ( 16 eps) | EV +0.98 | kl 0.0047 | off_frac 0.06 | H 0.48 |    634s
Update  21/60: return  255.3 ( 13 eps) | EV +0.99 | kl 0.0109 | off_frac 0.18 | H 0.45 |    668s
Update  22/60: return  222.9 (  9 eps) | EV +0.99 | kl 0.0113 | off_frac 0.16 | H 0.45 |    713s
Update  23/60: return  325.7 (  3 eps) | EV +1.00 | kl 0.0115 | off_frac 0.17 | H 0.43 |    761s
Update  24/60: return  219.4 (  7 eps) | EV +1.00 | kl 0.0120 | off_frac 0.17 | H 0.42 |    796s
Update  25/60: return  238.8 (  4 eps) | EV +0.98 | kl 0.0048 | off_frac 0.07 | H 0.42 |    829s
Update  26/60: return  242.0 (  9 eps) | EV +0.96 | kl 0.0036 | off_frac 0.04 | H 0.43 |    864s
Update  27/60: return  379.0 (  3 eps) | EV +0.98 | kl 0.0078 | off_frac 0.10 | H 0.45 |    898s
Update  28/60: return  233.6 ( 16 eps) | EV +0.93 | kl 0.0118 | off_frac 0.18 | H 0.45 |    932s
Update  29/60: return  215.7 (  9 eps) | EV +0.97 | kl 0.0340 | off_frac 0.34 | H 0.43 |    965s
Update  30/60: return  268.1 ( 10 eps) | EV +0.95 | kl 0.0200 | off_frac 0.25 | H 0.44 |    999s
Update  31/60: return  243.6 ( 12 eps) | EV +0.92 | kl 0.0109 | off_frac 0.17 | H 0.44 |   1033s
Update  32/60: return  242.4 (  8 eps) | EV +0.96 | kl 0.0033 | off_frac 0.04 | H 0.43 |   1068s
Update  33/60: return  377.0 (  2 eps) | EV +0.94 | kl 0.0044 | off_frac 0.06 | H 0.42 |   1103s
Update  34/60: return  404.0 (  1 eps) | EV +0.97 | kl 0.0097 | off_frac 0.12 | H 0.41 |   1136s
Update  35/60: return  500.0 (  1 eps) | EV +0.97 | kl 0.0041 | off_frac 0.06 | H 0.43 |   1171s
Update  36/60: return  343.0 (  2 eps) | EV +0.72 | kl 0.0097 | off_frac 0.12 | H 0.43 |   1205s
Update  37/60: return  231.0 (  1 eps) | EV +0.68 | kl 0.0094 | off_frac 0.12 | H 0.44 |   1241s
Update  38/60: return  219.0 (  1 eps) | EV +0.45 | kl 0.0109 | off_frac 0.16 | H 0.44 |   1275s
Update  39/60: return  323.0 (  1 eps) | EV +0.57 | kl 0.0047 | off_frac 0.06 | H 0.45 |   1309s
Update  40/60: return    nan (  0 eps) | EV +0.85 | kl 0.0021 | off_frac 0.02 | H 0.44 |   1344s
Update  41/60: return  423.0 (  2 eps) | EV +0.36 | kl 0.0090 | off_frac 0.10 | H 0.42 |   1378s
Update  42/60: return  500.0 (  4 eps) | EV +0.38 | kl 0.0095 | off_frac 0.13 | H 0.43 |   1413s
Update  43/60: return  500.0 (  6 eps) | EV +0.83 | kl 0.0062 | off_frac 0.08 | H 0.40 |   1448s
Update  44/60: return  500.0 ( 11 eps) | EV +0.97 | kl 0.0066 | off_frac 0.08 | H 0.38 |   1481s
Update  45/60: return  500.0 (  9 eps) | EV +0.98 | kl 0.0049 | off_frac 0.06 | H 0.36 |   1514s
Update  46/60: return  500.0 (  9 eps) | EV +0.98 | kl 0.0025 | off_frac 0.02 | H 0.36 |   1549s
Update  47/60: return  500.0 ( 11 eps) | EV +0.97 | kl 0.0051 | off_frac 0.06 | H 0.37 |   1583s
Update  48/60: return  500.0 (  5 eps) | EV +0.95 | kl 0.0019 | off_frac 0.02 | H 0.35 |   1617s
Update  49/60: return  500.0 (  1 eps) | EV +0.89 | kl 0.0040 | off_frac 0.04 | H 0.34 |   1652s
Update  50/60: return  500.0 (  1 eps) | EV +0.87 | kl 0.0022 | off_frac 0.02 | H 0.35 |   1687s
Update  51/60: return  500.0 (  1 eps) | EV +0.81 | kl 0.0017 | off_frac 0.01 | H 0.34 |   1720s
Update  52/60: return  500.0 (  1 eps) | EV +0.85 | kl 0.0026 | off_frac 0.03 | H 0.34 |   1754s
Update  53/60: return  500.0 (  1 eps) | EV +0.82 | kl 0.0018 | off_frac 0.02 | H 0.32 |   1789s
Update  54/60: return  500.0 (  1 eps) | EV +0.78 | kl 0.0015 | off_frac 0.01 | H 0.32 |   1823s
Update  55/60: return  500.0 (  1 eps) | EV +0.75 | kl 0.0020 | off_frac 0.02 | H 0.31 |   1857s
Update  56/60: return    nan (  0 eps) | EV +0.74 | kl 0.0024 | off_frac 0.03 | H 0.32 |   1891s
Update  57/60: return  500.0 (  3 eps) | EV +0.71 | kl 0.0023 | off_frac 0.02 | H 0.33 |   1925s
Update  58/60: return  500.0 (  3 eps) | EV +0.69 | kl 0.0032 | off_frac 0.04 | H 0.34 |   1959s
Update  59/60: return  500.0 ( 11 eps) | EV +0.55 | kl 0.0017 | off_frac 0.02 | H 0.33 |   1994s
Update  60/60: return  500.0 (  9 eps) | EV +0.79 | kl 0.0017 | off_frac 0.02 | H 0.31 |   2028s
greedy evaluation over 64 episodes: 500.0 +- 0.0 (min 500, 100% reach 500)
saved results/ppo/mr_eps1.0_seed0.json  (2631s)
