policy = mr: 17 features, 36 trainable policy parameters
Update   1/60: return   16.4 ( 77 eps) | EV +0.00 | kl 0.0103 | off_frac 0.15 | H 0.68 |      8s
Update   2/60: return   22.6 ( 70 eps) | EV -0.24 | kl 0.0096 | off_frac 0.12 | H 0.66 |     16s
Update   3/60: return   26.7 ( 59 eps) | EV -0.03 | kl 0.0102 | off_frac 0.11 | H 0.63 |     24s
Update   4/60: return   36.2 ( 50 eps) | EV +0.06 | kl 0.0094 | off_frac 0.11 | H 0.60 |     32s
Update   5/60: return   49.5 ( 27 eps) | EV +0.09 | kl 0.0150 | off_frac 0.17 | H 0.56 |     40s
Update   6/60: return   64.9 ( 13 eps) | EV +0.05 | kl 0.0098 | off_frac 0.11 | H 0.53 |     48s
Update   7/60: return   69.6 ( 11 eps) | EV +0.06 | kl 0.0057 | off_frac 0.07 | H 0.51 |     56s
Update   8/60: return  119.0 (  8 eps) | EV +0.40 | kl 0.0068 | off_frac 0.09 | H 0.51 |     63s
Update   9/60: return  143.8 ( 10 eps) | EV +0.64 | kl 0.0065 | off_frac 0.09 | H 0.49 |     71s
Update  10/60: return  161.8 ( 14 eps) | EV +0.87 | kl 0.0088 | off_frac 0.12 | H 0.50 |     79s
Update  11/60: return  186.5 ( 13 eps) | EV +0.93 | kl 0.0064 | off_frac 0.07 | H 0.49 |     87s
Update  12/60: return  188.4 (  7 eps) | EV +0.97 | kl 0.0058 | off_frac 0.07 | H 0.46 |     96s
Update  13/60: return  226.8 (  6 eps) | EV +0.98 | kl 0.0046 | off_frac 0.06 | H 0.46 |    104s
Update  14/60: return  208.8 ( 10 eps) | EV +0.98 | kl 0.0103 | off_frac 0.12 | H 0.47 |    112s
Update  15/60: return  171.0 (  6 eps) | EV +0.99 | kl 0.0064 | off_frac 0.08 | H 0.45 |    120s
Update  16/60: return  189.1 (  8 eps) | EV +0.99 | kl 0.0034 | off_frac 0.04 | H 0.46 |    128s
Update  17/60: return  239.1 ( 13 eps) | EV +0.98 | kl 0.0034 | off_frac 0.04 | H 0.46 |    137s
Update  18/60: return  218.8 (  6 eps) | EV +0.99 | kl 0.0045 | off_frac 0.06 | H 0.46 |    145s
Update  19/60: return  291.7 (  7 eps) | EV +0.99 | kl 0.0064 | off_frac 0.08 | H 0.45 |    155s
Update  20/60: return  254.7 (  3 eps) | EV +0.99 | kl 0.0034 | off_frac 0.04 | H 0.44 |    167s
Update  21/60: return  302.0 (  4 eps) | EV +0.98 | kl 0.0058 | off_frac 0.08 | H 0.44 |    178s
Update  22/60: return  235.2 (  6 eps) | EV +0.85 | kl 0.0120 | off_frac 0.14 | H 0.41 |    190s
Update  23/60: return  274.5 (  6 eps) | EV +0.94 | kl 0.0083 | off_frac 0.10 | H 0.40 |    202s
Update  24/60: return  316.5 (  4 eps) | EV +0.95 | kl 0.0072 | off_frac 0.08 | H 0.39 |    214s
Update  25/60: return  379.5 (  4 eps) | EV +0.96 | kl 0.0140 | off_frac 0.15 | H 0.41 |    226s
Update  26/60: return  309.6 ( 10 eps) | EV +0.89 | kl 0.0093 | off_frac 0.10 | H 0.39 |    238s
Update  27/60: return  256.9 (  7 eps) | EV +0.87 | kl 0.0069 | off_frac 0.08 | H 0.37 |    250s
Update  28/60: return  344.4 (  8 eps) | EV +0.85 | kl 0.0075 | off_frac 0.09 | H 0.37 |    262s
Update  29/60: return  284.7 (  6 eps) | EV +0.81 | kl 0.0150 | off_frac 0.14 | H 0.36 |    274s
Update  30/60: return  376.8 (  9 eps) | EV +0.86 | kl 0.0054 | off_frac 0.07 | H 0.34 |    286s
Update  31/60: return  479.0 (  4 eps) | EV +0.88 | kl 0.0082 | off_frac 0.12 | H 0.35 |    297s
Update  32/60: return  259.0 (  2 eps) | EV +0.84 | kl 0.0197 | off_frac 0.18 | H 0.35 |    309s
Update  33/60: return  393.2 (  5 eps) | EV +0.92 | kl 0.0057 | off_frac 0.07 | H 0.36 |    320s
Update  34/60: return  249.1 (  8 eps) | EV +0.58 | kl 0.0042 | off_frac 0.06 | H 0.36 |    332s
Update  35/60: return  322.5 (  6 eps) | EV +0.77 | kl 0.0082 | off_frac 0.09 | H 0.33 |    344s
Update  36/60: return  405.2 (  4 eps) | EV +0.86 | kl 0.0144 | off_frac 0.15 | H 0.32 |    355s
Update  37/60: return  379.3 (  3 eps) | EV +0.82 | kl 0.0137 | off_frac 0.14 | H 0.32 |    367s
Update  38/60: return  417.4 (  5 eps) | EV +0.78 | kl 0.0098 | off_frac 0.10 | H 0.31 |    378s
Update  39/60: return  429.0 (  2 eps) | EV +0.93 | kl 0.0067 | off_frac 0.09 | H 0.30 |    390s
Update  40/60: return  389.5 (  2 eps) | EV +0.91 | kl 0.0083 | off_frac 0.09 | H 0.31 |    402s
Update  41/60: return  447.0 (  3 eps) | EV +0.74 | kl 0.0108 | off_frac 0.12 | H 0.30 |    413s
Update  42/60: return  429.2 (  6 eps) | EV +0.62 | kl 0.0096 | off_frac 0.10 | H 0.31 |    425s
Update  43/60: return  437.6 (  9 eps) | EV +0.75 | kl 0.0113 | off_frac 0.12 | H 0.31 |    437s
Update  44/60: return  350.2 ( 11 eps) | EV +0.73 | kl 0.0064 | off_frac 0.08 | H 0.29 |    449s
Update  45/60: return  461.8 (  8 eps) | EV +0.73 | kl 0.0314 | off_frac 0.21 | H 0.29 |    460s
Update  46/60: return  500.0 (  1 eps) | EV +0.78 | kl 0.0091 | off_frac 0.11 | H 0.29 |    472s
Update  47/60: return  454.2 (  4 eps) | EV +0.91 | kl 0.0067 | off_frac 0.08 | H 0.32 |    484s
Update  48/60: return  234.0 (  2 eps) | EV +0.91 | kl 0.0099 | off_frac 0.11 | H 0.31 |    495s
Update  49/60: return  466.4 (  5 eps) | EV +0.68 | kl 0.0063 | off_frac 0.08 | H 0.30 |    507s
Update  50/60: return  500.0 (  7 eps) | EV +0.86 | kl 0.0060 | off_frac 0.07 | H 0.29 |    519s
Update  51/60: return  374.5 (  2 eps) | EV +0.79 | kl 0.0100 | off_frac 0.11 | H 0.30 |    531s
Update  52/60: return  359.3 (  3 eps) | EV +0.89 | kl 0.0064 | off_frac 0.07 | H 0.30 |    543s
Update  53/60: return  500.0 (  1 eps) | EV +0.84 | kl 0.0062 | off_frac 0.08 | H 0.30 |    555s
Update  54/60: return  472.0 (  6 eps) | EV +0.55 | kl 0.0072 | off_frac 0.08 | H 0.30 |    566s
Update  55/60: return  500.0 (  1 eps) | EV +0.90 | kl 0.0101 | off_frac 0.12 | H 0.29 |    578s
Update  56/60: return  475.0 (  2 eps) | EV +0.75 | kl 0.0074 | off_frac 0.09 | H 0.30 |    590s
Update  57/60: return  451.5 (  6 eps) | EV +0.88 | kl 0.0059 | off_frac 0.08 | H 0.30 |    602s
Update  58/60: return  500.0 (  5 eps) | EV +0.95 | kl 0.0045 | off_frac 0.07 | H 0.31 |    613s
Update  59/60: return  500.0 (  8 eps) | EV +0.97 | kl 0.0155 | off_frac 0.15 | H 0.32 |    625s
Update  60/60: return  500.0 (  7 eps) | EV +0.94 | kl 0.0081 | off_frac 0.10 | H 0.33 |    637s
greedy evaluation over 64 episodes: 497.9 +- 16.9 (min 364, 98% reach 500)
saved results/ppo/mr_Tavg10_seed2.json  (797s)
