policy = mr: 17 features, 36 trainable policy parameters
Update   1/60: return   17.2 ( 67 eps) | EV +0.01 | kl 0.0070 | off_frac 0.09 | H 0.69 |     18s
Update   2/60: return   22.6 ( 90 eps) | EV -0.36 | kl 0.0069 | off_frac 0.09 | H 0.68 |     35s
Update   3/60: return   23.3 ( 86 eps) | EV -0.00 | kl 0.0115 | off_frac 0.17 | H 0.67 |     60s
Update   4/60: return   21.9 ( 95 eps) | EV +0.20 | kl 0.0064 | off_frac 0.08 | H 0.67 |     95s
Update   5/60: return   23.8 ( 85 eps) | EV +0.38 | kl 0.0116 | off_frac 0.17 | H 0.64 |    130s
Update   6/60: return   23.4 ( 77 eps) | EV +0.35 | kl 0.0102 | off_frac 0.14 | H 0.62 |    165s
Update   7/60: return   27.6 ( 70 eps) | EV +0.33 | kl 0.0110 | off_frac 0.12 | H 0.58 |    200s
Update   8/60: return   32.1 ( 58 eps) | EV +0.39 | kl 0.0067 | off_frac 0.07 | H 0.56 |    235s
Update   9/60: return   35.6 ( 49 eps) | EV +0.47 | kl 0.0129 | off_frac 0.13 | H 0.50 |    270s
Update  10/60: return   38.3 ( 49 eps) | EV +0.54 | kl 0.0056 | off_frac 0.07 | H 0.49 |    305s
Update  11/60: return   39.3 ( 34 eps) | EV +0.54 | kl 0.0077 | off_frac 0.08 | H 0.47 |    340s
Update  12/60: return   46.7 ( 27 eps) | EV +0.59 | kl 0.0064 | off_frac 0.08 | H 0.43 |    375s
Update  13/60: return   83.6 ( 23 eps) | EV +0.59 | kl 0.0125 | off_frac 0.16 | H 0.40 |    410s
Update  14/60: return   77.4 ( 30 eps) | EV +0.65 | kl 0.0089 | off_frac 0.10 | H 0.40 |    445s
Update  15/60: return   66.6 ( 30 eps) | EV +0.67 | kl 0.0086 | off_frac 0.11 | H 0.39 |    482s
Update  16/60: return   72.7 ( 30 eps) | EV +0.70 | kl 0.0119 | off_frac 0.14 | H 0.40 |    518s
Update  17/60: return   73.1 ( 34 eps) | EV +0.67 | kl 0.0083 | off_frac 0.10 | H 0.38 |    554s
Update  18/60: return   68.1 ( 25 eps) | EV +0.66 | kl 0.0066 | off_frac 0.09 | H 0.38 |    590s
Update  19/60: return   63.5 ( 20 eps) | EV +0.72 | kl 0.0053 | off_frac 0.07 | H 0.34 |    628s
Update  20/60: return   95.9 ( 24 eps) | EV +0.76 | kl 0.0136 | off_frac 0.13 | H 0.32 |    659s
Update  21/60: return   85.6 ( 26 eps) | EV +0.74 | kl 0.0045 | off_frac 0.06 | H 0.33 |    696s
Update  22/60: return   86.1 ( 23 eps) | EV +0.80 | kl 0.0126 | off_frac 0.13 | H 0.30 |    734s
Update  23/60: return   87.1 ( 17 eps) | EV +0.81 | kl 0.0080 | off_frac 0.10 | H 0.29 |    772s
Update  24/60: return  102.3 ( 19 eps) | EV +0.79 | kl 0.0055 | off_frac 0.06 | H 0.29 |    808s
Update  25/60: return   91.3 ( 31 eps) | EV +0.81 | kl 0.0105 | off_frac 0.13 | H 0.30 |    845s
Update  26/60: return   74.5 ( 27 eps) | EV +0.73 | kl 0.0088 | off_frac 0.09 | H 0.29 |    882s
Update  27/60: return   94.3 ( 18 eps) | EV +0.83 | kl 0.0156 | off_frac 0.15 | H 0.31 |    919s
Update  28/60: return   84.1 ( 18 eps) | EV +0.81 | kl 0.0094 | off_frac 0.09 | H 0.28 |    955s
Update  29/60: return   96.7 ( 19 eps) | EV +0.82 | kl 0.0059 | off_frac 0.06 | H 0.26 |    991s
Update  30/60: return  110.8 ( 29 eps) | EV +0.84 | kl 0.0052 | off_frac 0.07 | H 0.28 |   1027s
Update  31/60: return   72.6 ( 24 eps) | EV +0.70 | kl 0.0080 | off_frac 0.09 | H 0.26 |   1062s
Update  32/60: return   77.0 ( 22 eps) | EV +0.78 | kl 0.0062 | off_frac 0.07 | H 0.25 |   1098s
Update  33/60: return   88.6 ( 26 eps) | EV +0.83 | kl 0.0070 | off_frac 0.08 | H 0.26 |   1134s
Update  34/60: return  100.1 ( 23 eps) | EV +0.79 | kl 0.0080 | off_frac 0.09 | H 0.25 |   1171s
Update  35/60: return   97.7 ( 16 eps) | EV +0.84 | kl 0.0125 | off_frac 0.12 | H 0.26 |   1208s
Update  36/60: return   97.3 ( 19 eps) | EV +0.85 | kl 0.0099 | off_frac 0.10 | H 0.24 |   1245s
Update  37/60: return   84.0 ( 30 eps) | EV +0.86 | kl 0.0076 | off_frac 0.09 | H 0.24 |   1282s
Update  38/60: return  100.6 ( 21 eps) | EV +0.87 | kl 0.0087 | off_frac 0.08 | H 0.23 |   1319s
Update  39/60: return   96.5 ( 20 eps) | EV +0.80 | kl 0.0065 | off_frac 0.07 | H 0.23 |   1354s
Update  40/60: return   87.2 ( 22 eps) | EV +0.83 | kl 0.0044 | off_frac 0.05 | H 0.24 |   1391s
Update  41/60: return  107.8 ( 20 eps) | EV +0.87 | kl 0.0082 | off_frac 0.08 | H 0.24 |   1428s
Update  42/60: return  107.7 ( 19 eps) | EV +0.87 | kl 0.0073 | off_frac 0.08 | H 0.22 |   1463s
Update  43/60: return   96.9 ( 22 eps) | EV +0.82 | kl 0.0080 | off_frac 0.08 | H 0.22 |   1490s
Update  44/60: return   83.3 ( 18 eps) | EV +0.82 | kl 0.0051 | off_frac 0.06 | H 0.22 |   1507s
Update  45/60: return  111.6 ( 21 eps) | EV +0.88 | kl 0.0071 | off_frac 0.07 | H 0.21 |   1524s
Update  46/60: return   86.3 ( 24 eps) | EV +0.85 | kl 0.0116 | off_frac 0.09 | H 0.21 |   1541s
Update  47/60: return   92.5 ( 19 eps) | EV +0.87 | kl 0.0056 | off_frac 0.06 | H 0.20 |   1559s
Update  48/60: return  100.8 ( 26 eps) | EV +0.86 | kl 0.0039 | off_frac 0.05 | H 0.21 |   1579s
Update  49/60: return   93.3 ( 24 eps) | EV +0.83 | kl 0.0057 | off_frac 0.07 | H 0.22 |   1596s
Update  50/60: return  107.3 ( 19 eps) | EV +0.88 | kl 0.0077 | off_frac 0.08 | H 0.21 |   1615s
Update  51/60: return   95.8 ( 14 eps) | EV +0.92 | kl 0.0131 | off_frac 0.12 | H 0.21 |   1633s
Update  52/60: return   87.5 ( 28 eps) | EV +0.79 | kl 0.0067 | off_frac 0.07 | H 0.20 |   1651s
Update  53/60: return   98.2 ( 20 eps) | EV +0.90 | kl 0.0033 | off_frac 0.04 | H 0.20 |   1669s
Update  54/60: return   99.0 ( 25 eps) | EV +0.85 | kl 0.0077 | off_frac 0.08 | H 0.20 |   1686s
Update  55/60: return  106.9 ( 16 eps) | EV +0.89 | kl 0.0107 | off_frac 0.09 | H 0.21 |   1704s
Update  56/60: return  109.1 ( 15 eps) | EV +0.95 | kl 0.0093 | off_frac 0.09 | H 0.19 |   1721s
Update  57/60: return   94.0 ( 22 eps) | EV +0.84 | kl 0.0093 | off_frac 0.08 | H 0.19 |   1738s
Update  58/60: return  103.9 ( 25 eps) | EV +0.82 | kl 0.0084 | off_frac 0.09 | H 0.20 |   1756s
Update  59/60: return   74.8 ( 35 eps) | EV +0.79 | kl 0.0047 | off_frac 0.06 | H 0.20 |   1774s
Update  60/60: return   90.2 ( 17 eps) | EV +0.83 | kl 0.0109 | off_frac 0.11 | H 0.21 |   1791s
greedy evaluation over 64 episodes: 102.5 +- 44.9 (min 9, 0% reach 500)
saved results/ppo/mr_signed_seed0.json  (1874s)
