policy = mr: 17 features, 36 trainable policy parameters
Update   1/60: return   16.9 ( 77 eps) | EV +0.00 | kl 0.0107 | off_frac 0.17 | H 0.68 |     16s
Update   2/60: return   23.7 ( 75 eps) | EV -0.22 | kl 0.0094 | off_frac 0.14 | H 0.67 |     33s
Update   3/60: return   25.7 ( 64 eps) | EV -0.04 | kl 0.0117 | off_frac 0.16 | H 0.64 |     49s
Update   4/60: return   35.7 ( 35 eps) | EV +0.10 | kl 0.0097 | off_frac 0.10 | H 0.60 |     66s
Update   5/60: return   48.6 ( 25 eps) | EV +0.21 | kl 0.0126 | off_frac 0.14 | H 0.56 |     82s
Update   6/60: return   58.9 ( 14 eps) | EV +0.10 | kl 0.0133 | off_frac 0.15 | H 0.53 |     98s
Update   7/60: return   94.9 ( 19 eps) | EV +0.19 | kl 0.0079 | off_frac 0.09 | H 0.52 |    115s
Update   8/60: return  121.5 ( 17 eps) | EV +0.57 | kl 0.0096 | off_frac 0.12 | H 0.51 |    132s
Update   9/60: return  103.0 (  5 eps) | EV +0.78 | kl 0.0046 | off_frac 0.06 | H 0.50 |    148s
Update  10/60: return  151.8 ( 11 eps) | EV +0.91 | kl 0.0053 | off_frac 0.06 | H 0.52 |    162s
Update  11/60: return  171.8 ( 12 eps) | EV +0.93 | kl 0.0072 | off_frac 0.09 | H 0.49 |    174s
Update  12/60: return  219.2 (  6 eps) | EV +0.98 | kl 0.0062 | off_frac 0.08 | H 0.50 |    186s
Update  13/60: return  189.8 (  9 eps) | EV +0.99 | kl 0.0066 | off_frac 0.09 | H 0.48 |    198s
Update  14/60: return  192.6 (  8 eps) | EV +0.96 | kl 0.0128 | off_frac 0.17 | H 0.47 |    211s
Update  15/60: return  200.8 (  6 eps) | EV +0.92 | kl 0.0140 | off_frac 0.17 | H 0.48 |    223s
Update  16/60: return  228.0 (  7 eps) | EV +0.95 | kl 0.0042 | off_frac 0.05 | H 0.49 |    235s
Update  17/60: return  235.2 (  4 eps) | EV +0.91 | kl 0.0092 | off_frac 0.11 | H 0.51 |    248s
Update  18/60: return  273.2 (  9 eps) | EV +0.87 | kl 0.0137 | off_frac 0.17 | H 0.47 |    260s
Update  19/60: return  374.0 (  5 eps) | EV +0.94 | kl 0.0157 | off_frac 0.22 | H 0.45 |    273s
Update  20/60: return  228.2 (  4 eps) | EV +0.98 | kl 0.0147 | off_frac 0.21 | H 0.43 |    285s
Update  21/60: return  294.3 (  3 eps) | EV +0.99 | kl 0.0173 | off_frac 0.20 | H 0.42 |    297s
Update  22/60: return  219.5 (  2 eps) | EV +0.97 | kl 0.0057 | off_frac 0.08 | H 0.43 |    310s
Update  23/60: return    nan (  0 eps) | EV +0.98 | kl 0.0056 | off_frac 0.07 | H 0.43 |    322s
Update  24/60: return  350.5 (  6 eps) | EV +0.84 | kl 0.0098 | off_frac 0.13 | H 0.44 |    334s
Update  25/60: return  316.2 (  4 eps) | EV +0.72 | kl 0.0049 | off_frac 0.06 | H 0.43 |    346s
Update  26/60: return  440.7 (  6 eps) | EV +0.89 | kl 0.0077 | off_frac 0.11 | H 0.41 |    359s
Update  27/60: return  424.8 (  6 eps) | EV +0.95 | kl 0.0059 | off_frac 0.08 | H 0.41 |    371s
Update  28/60: return  423.3 ( 10 eps) | EV +0.96 | kl 0.0068 | off_frac 0.09 | H 0.41 |    384s
Update  29/60: return  500.0 (  4 eps) | EV +0.99 | kl 0.0087 | off_frac 0.11 | H 0.39 |    396s
Update  30/60: return  390.5 ( 13 eps) | EV +0.97 | kl 0.0100 | off_frac 0.12 | H 0.38 |    409s
Update  31/60: return  410.4 (  9 eps) | EV +0.98 | kl 0.0098 | off_frac 0.13 | H 0.40 |    421s
Update  32/60: return  312.9 ( 10 eps) | EV +0.98 | kl 0.0054 | off_frac 0.07 | H 0.38 |    433s
Update  33/60: return  179.4 ( 10 eps) | EV +0.87 | kl 0.0055 | off_frac 0.08 | H 0.38 |    446s
Update  34/60: return  347.0 (  5 eps) | EV +0.96 | kl 0.0038 | off_frac 0.05 | H 0.38 |    458s
Update  35/60: return  247.4 (  7 eps) | EV +0.86 | kl 0.0117 | off_frac 0.13 | H 0.36 |    470s
Update  36/60: return  293.0 (  1 eps) | EV +0.94 | kl 0.0046 | off_frac 0.06 | H 0.35 |    483s
Update  37/60: return  296.0 (  1 eps) | EV +0.90 | kl 0.0100 | off_frac 0.12 | H 0.36 |    495s
Update  38/60: return  500.0 (  1 eps) | EV +0.96 | kl 0.0050 | off_frac 0.06 | H 0.36 |    507s
Update  39/60: return  273.7 (  3 eps) | EV +0.79 | kl 0.0047 | off_frac 0.06 | H 0.36 |    519s
Update  40/60: return  500.0 (  1 eps) | EV +0.96 | kl 0.0041 | off_frac 0.05 | H 0.35 |    531s
Update  41/60: return  277.0 (  2 eps) | EV +0.77 | kl 0.0075 | off_frac 0.09 | H 0.36 |    543s
Update  42/60: return  368.3 (  3 eps) | EV +0.67 | kl 0.0128 | off_frac 0.13 | H 0.33 |    555s
Update  43/60: return  296.0 (  4 eps) | EV +0.66 | kl 0.0053 | off_frac 0.07 | H 0.35 |    567s
Update  44/60: return  500.0 (  5 eps) | EV +0.70 | kl 0.0095 | off_frac 0.11 | H 0.33 |    575s
Update  45/60: return  500.0 (  6 eps) | EV +0.93 | kl 0.0041 | off_frac 0.06 | H 0.34 |    584s
Update  46/60: return  489.3 (  9 eps) | EV +0.77 | kl 0.0066 | off_frac 0.09 | H 0.34 |    592s
Update  47/60: return  500.0 (  8 eps) | EV +0.90 | kl 0.0096 | off_frac 0.11 | H 0.33 |    600s
Update  48/60: return  500.0 (  5 eps) | EV +0.97 | kl 0.0054 | off_frac 0.07 | H 0.36 |    608s
Update  49/60: return  500.0 (  6 eps) | EV +0.92 | kl 0.0113 | off_frac 0.12 | H 0.35 |    617s
Update  50/60: return  432.7 (  6 eps) | EV +0.53 | kl 0.0066 | off_frac 0.08 | H 0.35 |    627s
Update  51/60: return  462.9 (  7 eps) | EV +0.53 | kl 0.0135 | off_frac 0.13 | H 0.34 |    640s
Update  52/60: return  500.0 (  1 eps) | EV +0.92 | kl 0.0070 | off_frac 0.09 | H 0.32 |    652s
Update  53/60: return  500.0 (  1 eps) | EV +0.99 | kl 0.0035 | off_frac 0.05 | H 0.33 |    664s
Update  54/60: return  500.0 (  1 eps) | EV +0.98 | kl 0.0104 | off_frac 0.11 | H 0.34 |    677s
Update  55/60: return  500.0 (  2 eps) | EV +0.96 | kl 0.0046 | off_frac 0.06 | H 0.34 |    690s
Update  56/60: return  399.5 (  2 eps) | EV +0.47 | kl 0.0127 | off_frac 0.13 | H 0.33 |    702s
Update  57/60: return  412.0 (  2 eps) | EV +0.62 | kl 0.0133 | off_frac 0.13 | H 0.31 |    715s
Update  58/60: return  484.5 (  6 eps) | EV +0.92 | kl 0.0129 | off_frac 0.14 | H 0.30 |    727s
Update  59/60: return  500.0 (  3 eps) | EV +0.91 | kl 0.0035 | off_frac 0.04 | H 0.30 |    740s
Update  60/60: return  500.0 (  4 eps) | EV +0.93 | kl 0.0070 | off_frac 0.09 | H 0.30 |    752s
greedy evaluation over 64 episodes: 473.8 +- 66.0 (min 230, 81% reach 500)
saved results/ppo/mr_Tavg10_seed1.json  (932s)
