policy = mr: 17 features, 36 trainable policy parameters
Update   1/60: return   17.2 ( 67 eps) | EV +0.01 | kl 0.0126 | off_frac 0.21 | H 0.68 |      5s
Update   2/60: return   24.2 ( 82 eps) | EV -0.29 | kl 0.0085 | off_frac 0.11 | H 0.66 |     10s
Update   3/60: return   27.7 ( 59 eps) | EV -0.06 | kl 0.0065 | off_frac 0.06 | H 0.64 |     14s
Update   4/60: return   35.9 ( 43 eps) | EV +0.04 | kl 0.0089 | off_frac 0.09 | H 0.61 |     19s
Update   5/60: return   41.6 ( 29 eps) | EV +0.12 | kl 0.0119 | off_frac 0.13 | H 0.57 |     24s
Update   6/60: return   64.2 ( 17 eps) | EV +0.43 | kl 0.0114 | off_frac 0.13 | H 0.56 |     29s
Update   7/60: return   87.4 ( 18 eps) | EV +0.46 | kl 0.0112 | off_frac 0.15 | H 0.54 |     34s
Update   8/60: return   85.3 ( 19 eps) | EV +0.38 | kl 0.0113 | off_frac 0.14 | H 0.53 |     39s
Update   9/60: return  107.4 ( 10 eps) | EV +0.59 | kl 0.0139 | off_frac 0.18 | H 0.51 |     43s
Update  10/60: return  138.2 ( 10 eps) | EV +0.67 | kl 0.0095 | off_frac 0.13 | H 0.50 |     49s
Update  11/60: return  213.3 (  3 eps) | EV +0.92 | kl 0.0096 | off_frac 0.13 | H 0.50 |     54s
Update  12/60: return  205.4 (  8 eps) | EV +0.94 | kl 0.0064 | off_frac 0.09 | H 0.48 |     59s
Update  13/60: return  203.1 ( 10 eps) | EV +0.91 | kl 0.0189 | off_frac 0.23 | H 0.48 |     64s
Update  14/60: return  182.5 (  4 eps) | EV +0.89 | kl 0.0110 | off_frac 0.15 | H 0.48 |     69s
Update  15/60: return  213.5 ( 14 eps) | EV +0.88 | kl 0.0083 | off_frac 0.10 | H 0.47 |     73s
Update  16/60: return  199.2 (  8 eps) | EV +0.90 | kl 0.0048 | off_frac 0.06 | H 0.48 |     78s
Update  17/60: return  235.3 (  6 eps) | EV +0.94 | kl 0.0061 | off_frac 0.09 | H 0.47 |     83s
Update  18/60: return  268.3 (  7 eps) | EV +0.77 | kl 0.0105 | off_frac 0.11 | H 0.46 |     89s
Update  19/60: return  302.5 (  2 eps) | EV +0.91 | kl 0.0135 | off_frac 0.19 | H 0.45 |     94s
Update  20/60: return  301.8 (  5 eps) | EV +0.79 | kl 0.0133 | off_frac 0.14 | H 0.42 |     99s
Update  21/60: return  425.0 (  2 eps) | EV +0.94 | kl 0.0070 | off_frac 0.09 | H 0.41 |    104s
Update  22/60: return  365.5 (  2 eps) | EV +0.95 | kl 0.0061 | off_frac 0.07 | H 0.41 |    109s
Update  23/60: return  276.9 ( 13 eps) | EV +0.88 | kl 0.0056 | off_frac 0.08 | H 0.41 |    114s
Update  24/60: return  301.7 (  7 eps) | EV +0.95 | kl 0.0073 | off_frac 0.09 | H 0.40 |    119s
Update  25/60: return  275.9 (  9 eps) | EV +0.94 | kl 0.0090 | off_frac 0.10 | H 0.40 |    124s
Update  26/60: return  318.7 ( 11 eps) | EV +0.96 | kl 0.0191 | off_frac 0.18 | H 0.39 |    129s
Update  27/60: return  354.6 (  8 eps) | EV +0.96 | kl 0.0094 | off_frac 0.14 | H 0.39 |    134s
Update  28/60: return  294.3 ( 10 eps) | EV +0.90 | kl 0.0093 | off_frac 0.11 | H 0.40 |    139s
Update  29/60: return  243.9 (  7 eps) | EV +0.85 | kl 0.0067 | off_frac 0.08 | H 0.40 |    144s
Update  30/60: return  342.4 (  8 eps) | EV +0.87 | kl 0.0085 | off_frac 0.10 | H 0.40 |    149s
Update  31/60: return  270.6 (  7 eps) | EV +0.65 | kl 0.0138 | off_frac 0.14 | H 0.37 |    154s
Update  32/60: return    nan (  0 eps) | EV +0.92 | kl 0.0122 | off_frac 0.15 | H 0.38 |    158s
Update  33/60: return  353.3 (  3 eps) | EV +0.96 | kl 0.0079 | off_frac 0.09 | H 0.37 |    163s
Update  34/60: return  271.2 (  4 eps) | EV +0.84 | kl 0.0115 | off_frac 0.12 | H 0.37 |    168s
Update  35/60: return  329.8 (  5 eps) | EV +0.91 | kl 0.0090 | off_frac 0.11 | H 0.37 |    174s
Update  36/60: return    nan (  0 eps) | EV +0.96 | kl 0.0126 | off_frac 0.13 | H 0.36 |    178s
Update  37/60: return  212.5 (  4 eps) | EV +0.73 | kl 0.0056 | off_frac 0.07 | H 0.36 |    183s
Update  38/60: return  498.0 (  2 eps) | EV +0.96 | kl 0.0108 | off_frac 0.12 | H 0.35 |    190s
Update  39/60: return  500.0 (  1 eps) | EV +0.97 | kl 0.0070 | off_frac 0.09 | H 0.35 |    196s
Update  40/60: return  476.3 (  3 eps) | EV +0.92 | kl 0.0072 | off_frac 0.10 | H 0.34 |    201s
Update  41/60: return  500.0 (  6 eps) | EV +0.95 | kl 0.0092 | off_frac 0.10 | H 0.35 |    206s
Update  42/60: return  423.5 (  6 eps) | EV +0.79 | kl 0.0116 | off_frac 0.14 | H 0.33 |    211s
Update  43/60: return  482.3 (  6 eps) | EV +0.94 | kl 0.0067 | off_frac 0.09 | H 0.33 |    216s
Update  44/60: return  499.2 ( 10 eps) | EV +0.78 | kl 0.0026 | off_frac 0.04 | H 0.32 |    221s
Update  45/60: return  476.0 (  8 eps) | EV +0.85 | kl 0.0087 | off_frac 0.11 | H 0.33 |    227s
Update  46/60: return  422.0 (  8 eps) | EV +0.28 | kl 0.0150 | off_frac 0.14 | H 0.32 |    232s
Update  47/60: return  500.0 (  3 eps) | EV +0.07 | kl 0.0117 | off_frac 0.12 | H 0.32 |    237s
Update  48/60: return    nan (  0 eps) | EV +0.83 | kl 0.0088 | off_frac 0.10 | H 0.32 |    241s
Update  49/60: return  500.0 (  5 eps) | EV +0.94 | kl 0.0072 | off_frac 0.10 | H 0.31 |    246s
Update  50/60: return  442.8 (  4 eps) | EV +0.73 | kl 0.0160 | off_frac 0.14 | H 0.32 |    251s
Update  51/60: return  422.3 (  3 eps) | EV +0.49 | kl 0.0087 | off_frac 0.10 | H 0.31 |    256s
Update  52/60: return  263.0 (  1 eps) | EV +0.77 | kl 0.0199 | off_frac 0.17 | H 0.30 |    261s
Update  53/60: return  492.2 (  4 eps) | EV +0.78 | kl 0.0072 | off_frac 0.08 | H 0.31 |    267s
Update  54/60: return  500.0 (  1 eps) | EV +0.97 | kl 0.0169 | off_frac 0.15 | H 0.32 |    272s
Update  55/60: return  348.7 (  6 eps) | EV +0.60 | kl 0.0071 | off_frac 0.09 | H 0.30 |    277s
Update  56/60: return  495.5 (  6 eps) | EV +0.91 | kl 0.0060 | off_frac 0.07 | H 0.30 |    282s
Update  57/60: return  433.3 (  6 eps) | EV +0.88 | kl 0.0067 | off_frac 0.08 | H 0.29 |    287s
Update  58/60: return  460.7 (  3 eps) | EV +0.69 | kl 0.0117 | off_frac 0.11 | H 0.28 |    292s
Update  59/60: return  490.4 (  5 eps) | EV +0.49 | kl 0.0156 | off_frac 0.13 | H 0.30 |    297s
Update  60/60: return  500.0 (  7 eps) | EV +0.87 | kl 0.0055 | off_frac 0.07 | H 0.29 |    301s
greedy evaluation over 64 episodes: 259.1 +- 34.1 (min 206, 0% reach 500)
saved results/ppo/mr_Tavg5_seed0.json  (357s)
