policy = mr: 17 features, 36 trainable policy parameters
Update   1/60: return   16.9 ( 77 eps) | EV +0.00 | kl 0.0122 | off_frac 0.21 | H 0.68 |      8s
Update   2/60: return   23.9 ( 64 eps) | EV -0.23 | kl 0.0086 | off_frac 0.10 | H 0.66 |     15s
Update   3/60: return   28.2 ( 57 eps) | EV -0.07 | kl 0.0121 | off_frac 0.17 | H 0.63 |     23s
Update   4/60: return   37.1 ( 49 eps) | EV +0.13 | kl 0.0092 | off_frac 0.11 | H 0.60 |     30s
Update   5/60: return   50.9 ( 39 eps) | EV +0.14 | kl 0.0133 | off_frac 0.15 | H 0.56 |     38s
Update   6/60: return   62.2 ( 20 eps) | EV +0.19 | kl 0.0149 | off_frac 0.19 | H 0.53 |     46s
Update   7/60: return   65.7 (  7 eps) | EV +0.51 | kl 0.0127 | off_frac 0.15 | H 0.52 |     53s
Update   8/60: return  114.7 ( 10 eps) | EV +0.69 | kl 0.0067 | off_frac 0.07 | H 0.50 |     61s
Update   9/60: return  129.5 ( 13 eps) | EV +0.80 | kl 0.0112 | off_frac 0.15 | H 0.50 |     69s
Update  10/60: return  140.1 (  9 eps) | EV +0.90 | kl 0.0071 | off_frac 0.09 | H 0.49 |     77s
Update  11/60: return  160.4 (  7 eps) | EV +0.95 | kl 0.0072 | off_frac 0.10 | H 0.49 |     85s
Update  12/60: return  203.1 (  7 eps) | EV +0.91 | kl 0.0064 | off_frac 0.08 | H 0.47 |     93s
Update  13/60: return  210.1 ( 10 eps) | EV +0.94 | kl 0.0043 | off_frac 0.05 | H 0.47 |    100s
Update  14/60: return  233.2 ( 12 eps) | EV +0.96 | kl 0.0063 | off_frac 0.08 | H 0.47 |    108s
Update  15/60: return  215.7 (  6 eps) | EV +0.99 | kl 0.0092 | off_frac 0.12 | H 0.46 |    115s
Update  16/60: return  234.9 (  7 eps) | EV +0.99 | kl 0.0060 | off_frac 0.08 | H 0.46 |    123s
Update  17/60: return  239.3 (  9 eps) | EV +0.99 | kl 0.0046 | off_frac 0.06 | H 0.46 |    131s
Update  18/60: return  229.1 (  7 eps) | EV +0.91 | kl 0.0081 | off_frac 0.11 | H 0.45 |    138s
Update  19/60: return  243.5 (  2 eps) | EV +0.98 | kl 0.0127 | off_frac 0.17 | H 0.45 |    146s
Update  20/60: return  261.7 (  6 eps) | EV +0.97 | kl 0.0087 | off_frac 0.10 | H 0.45 |    153s
Update  21/60: return  272.9 ( 11 eps) | EV +0.94 | kl 0.0127 | off_frac 0.15 | H 0.47 |    161s
Update  22/60: return  237.5 (  6 eps) | EV +0.89 | kl 0.0092 | off_frac 0.11 | H 0.45 |    168s
Update  23/60: return  263.3 (  6 eps) | EV +0.91 | kl 0.0192 | off_frac 0.22 | H 0.45 |    176s
Update  24/60: return  290.0 (  6 eps) | EV +0.95 | kl 0.0245 | off_frac 0.25 | H 0.41 |    183s
Update  25/60: return  295.5 (  6 eps) | EV +0.89 | kl 0.0105 | off_frac 0.13 | H 0.40 |    191s
Update  26/60: return  335.8 (  5 eps) | EV +0.95 | kl 0.0099 | off_frac 0.11 | H 0.40 |    199s
Update  27/60: return  339.2 (  4 eps) | EV +0.97 | kl 0.0097 | off_frac 0.12 | H 0.39 |    207s
Update  28/60: return  321.3 (  6 eps) | EV +0.91 | kl 0.0097 | off_frac 0.11 | H 0.36 |    214s
Update  29/60: return  426.8 (  4 eps) | EV +0.97 | kl 0.0034 | off_frac 0.04 | H 0.38 |    222s
Update  30/60: return  281.6 ( 12 eps) | EV +0.97 | kl 0.0149 | off_frac 0.14 | H 0.37 |    230s
Update  31/60: return  236.1 ( 11 eps) | EV +0.98 | kl 0.0086 | off_frac 0.10 | H 0.37 |    238s
Update  32/60: return  317.4 ( 12 eps) | EV +0.96 | kl 0.0142 | off_frac 0.14 | H 0.36 |    245s
Update  33/60: return  364.5 ( 11 eps) | EV +0.92 | kl 0.0149 | off_frac 0.15 | H 0.37 |    252s
Update  34/60: return  259.2 (  6 eps) | EV +0.94 | kl 0.0090 | off_frac 0.13 | H 0.38 |    260s
Update  35/60: return    nan (  0 eps) | EV +0.96 | kl 0.0079 | off_frac 0.10 | H 0.39 |    267s
Update  36/60: return  281.5 (  4 eps) | EV +0.89 | kl 0.0168 | off_frac 0.17 | H 0.38 |    275s
Update  37/60: return  268.7 (  3 eps) | EV +0.79 | kl 0.0165 | off_frac 0.17 | H 0.39 |    282s
Update  38/60: return  280.9 (  7 eps) | EV +0.76 | kl 0.0136 | off_frac 0.14 | H 0.37 |    290s
Update  39/60: return  244.0 ( 10 eps) | EV +0.78 | kl 0.0204 | off_frac 0.20 | H 0.36 |    298s
Update  40/60: return  224.0 (  2 eps) | EV +0.95 | kl 0.0309 | off_frac 0.23 | H 0.34 |    306s
Update  41/60: return  299.7 (  6 eps) | EV +0.95 | kl 0.0092 | off_frac 0.10 | H 0.34 |    314s
Update  42/60: return  327.6 (  5 eps) | EV +0.98 | kl 0.0048 | off_frac 0.06 | H 0.33 |    321s
Update  43/60: return  361.8 (  4 eps) | EV +0.99 | kl 0.0057 | off_frac 0.08 | H 0.31 |    329s
Update  44/60: return  422.5 (  6 eps) | EV +0.96 | kl 0.0194 | off_frac 0.16 | H 0.31 |    336s
Update  45/60: return  391.0 (  6 eps) | EV +0.97 | kl 0.0157 | off_frac 0.14 | H 0.32 |    344s
Update  46/60: return  381.0 (  6 eps) | EV +0.82 | kl 0.0088 | off_frac 0.11 | H 0.32 |    352s
Update  47/60: return  379.0 ( 12 eps) | EV +0.57 | kl 0.0104 | off_frac 0.11 | H 0.30 |    360s
Update  48/60: return  365.0 (  3 eps) | EV +0.86 | kl 0.0219 | off_frac 0.17 | H 0.29 |    368s
Update  49/60: return  384.3 (  6 eps) | EV +0.83 | kl 0.0052 | off_frac 0.07 | H 0.30 |    375s
Update  50/60: return    nan (  0 eps) | EV +0.98 | kl 0.0086 | off_frac 0.09 | H 0.30 |    383s
Update  51/60: return  443.5 (  2 eps) | EV +0.98 | kl 0.0080 | off_frac 0.10 | H 0.28 |    391s
Update  52/60: return  340.0 (  1 eps) | EV +0.97 | kl 0.0124 | off_frac 0.14 | H 0.28 |    398s
Update  53/60: return  458.7 (  6 eps) | EV +0.65 | kl 0.0026 | off_frac 0.04 | H 0.29 |    406s
Update  54/60: return  383.9 (  8 eps) | EV +0.69 | kl 0.0064 | off_frac 0.07 | H 0.28 |    414s
Update  55/60: return  476.8 (  5 eps) | EV +0.83 | kl 0.0172 | off_frac 0.13 | H 0.27 |    422s
Update  56/60: return  368.8 (  5 eps) | EV +0.88 | kl 0.0126 | off_frac 0.12 | H 0.28 |    429s
Update  57/60: return  443.5 (  4 eps) | EV +0.96 | kl 0.0069 | off_frac 0.10 | H 0.27 |    437s
Update  58/60: return  373.0 (  2 eps) | EV +0.96 | kl 0.0061 | off_frac 0.07 | H 0.27 |    444s
Update  59/60: return  488.2 (  5 eps) | EV +0.96 | kl 0.0100 | off_frac 0.09 | H 0.28 |    452s
Update  60/60: return  341.5 (  6 eps) | EV +0.45 | kl 0.0092 | off_frac 0.10 | H 0.27 |    460s
greedy evaluation over 64 episodes: 488.0 +- 56.0 (min 80, 92% reach 500)
saved results/ppo/mr_Tavg5_seed1.json  (582s)
