policy = mr: 17 features, 36 trainable policy parameters
Update   1/60: return   17.2 ( 67 eps) | EV +0.01 | kl 0.0131 | off_frac 0.22 | H 0.68 |     20s
Update   2/60: return   23.8 ( 77 eps) | EV -0.26 | kl 0.0087 | off_frac 0.12 | H 0.66 |     38s
Update   3/60: return   29.8 ( 70 eps) | EV -0.08 | kl 0.0102 | off_frac 0.11 | H 0.63 |     56s
Update   4/60: return   31.2 ( 62 eps) | EV +0.12 | kl 0.0100 | off_frac 0.13 | H 0.62 |     74s
Update   5/60: return   33.5 ( 47 eps) | EV +0.33 | kl 0.0156 | off_frac 0.20 | H 0.58 |     92s
Update   6/60: return   41.5 ( 25 eps) | EV +0.27 | kl 0.0265 | off_frac 0.29 | H 0.53 |    109s
Update   7/60: return   54.7 ( 12 eps) | EV +0.49 | kl 0.0121 | off_frac 0.16 | H 0.54 |    127s
Update   8/60: return   92.8 ( 16 eps) | EV +0.76 | kl 0.0094 | off_frac 0.13 | H 0.52 |    144s
Update   9/60: return  104.8 ( 14 eps) | EV +0.66 | kl 0.0079 | off_frac 0.11 | H 0.53 |    161s
Update  10/60: return  120.4 ( 14 eps) | EV +0.53 | kl 0.0077 | off_frac 0.11 | H 0.52 |    179s
Update  11/60: return  157.2 ( 10 eps) | EV +0.73 | kl 0.0074 | off_frac 0.10 | H 0.52 |    196s
Update  12/60: return  169.0 ( 10 eps) | EV +0.79 | kl 0.0094 | off_frac 0.12 | H 0.50 |    214s
Update  13/60: return  178.9 (  9 eps) | EV +0.90 | kl 0.0068 | off_frac 0.09 | H 0.50 |    231s
Update  14/60: return  194.0 (  7 eps) | EV +0.96 | kl 0.0082 | off_frac 0.11 | H 0.47 |    248s
Update  15/60: return  170.7 (  9 eps) | EV +0.98 | kl 0.0054 | off_frac 0.07 | H 0.47 |    266s
Update  16/60: return  197.3 ( 13 eps) | EV +0.97 | kl 0.0044 | off_frac 0.05 | H 0.48 |    284s
Update  17/60: return  233.3 (  7 eps) | EV +0.98 | kl 0.0094 | off_frac 0.13 | H 0.47 |    300s
Update  18/60: return  256.5 (  6 eps) | EV +0.99 | kl 0.0068 | off_frac 0.09 | H 0.48 |    318s
Update  19/60: return  272.1 (  7 eps) | EV +0.99 | kl 0.0082 | off_frac 0.12 | H 0.47 |    335s
Update  20/60: return  234.6 ( 16 eps) | EV +0.93 | kl 0.0072 | off_frac 0.10 | H 0.48 |    352s
Update  21/60: return  198.3 (  7 eps) | EV +0.96 | kl 0.0143 | off_frac 0.18 | H 0.48 |    369s
Update  22/60: return  170.5 ( 13 eps) | EV +0.86 | kl 0.0110 | off_frac 0.16 | H 0.45 |    386s
Update  23/60: return  219.3 (  7 eps) | EV +0.95 | kl 0.0264 | off_frac 0.31 | H 0.42 |    403s
Update  24/60: return  194.6 (  9 eps) | EV +0.97 | kl 0.0224 | off_frac 0.25 | H 0.40 |    420s
Update  25/60: return  148.0 (  2 eps) | EV +0.94 | kl 0.0167 | off_frac 0.20 | H 0.39 |    438s
Update  26/60: return  191.8 (  5 eps) | EV +0.97 | kl 0.0089 | off_frac 0.10 | H 0.39 |    456s
Update  27/60: return  340.0 (  2 eps) | EV +0.96 | kl 0.0028 | off_frac 0.03 | H 0.39 |    474s
Update  28/60: return  340.0 (  4 eps) | EV +0.96 | kl 0.0059 | off_frac 0.08 | H 0.39 |    492s
Update  29/60: return  425.3 (  3 eps) | EV +0.89 | kl 0.0115 | off_frac 0.13 | H 0.38 |    510s
Update  30/60: return  239.0 ( 10 eps) | EV +0.90 | kl 0.0113 | off_frac 0.13 | H 0.40 |    529s
Update  31/60: return  330.3 (  7 eps) | EV +0.93 | kl 0.0057 | off_frac 0.07 | H 0.40 |    546s
Update  32/60: return  309.8 ( 10 eps) | EV +0.90 | kl 0.0105 | off_frac 0.12 | H 0.38 |    570s
Update  33/60: return  319.0 (  5 eps) | EV +0.94 | kl 0.0110 | off_frac 0.13 | H 0.39 |    608s
Update  34/60: return  365.7 (  7 eps) | EV +0.91 | kl 0.0099 | off_frac 0.12 | H 0.39 |    644s
Update  35/60: return  401.4 (  7 eps) | EV +0.81 | kl 0.0123 | off_frac 0.15 | H 0.38 |    681s
Update  36/60: return  403.9 ( 10 eps) | EV +0.33 | kl 0.0046 | off_frac 0.06 | H 0.39 |    718s
Update  37/60: return  273.0 (  4 eps) | EV +0.73 | kl 0.0080 | off_frac 0.10 | H 0.38 |    755s
Update  38/60: return  491.0 (  3 eps) | EV +0.81 | kl 0.0176 | off_frac 0.18 | H 0.37 |    791s
Update  39/60: return    nan (  0 eps) | EV +0.96 | kl 0.0048 | off_frac 0.06 | H 0.38 |    827s
Update  40/60: return  500.0 (  1 eps) | EV +0.96 | kl 0.0046 | off_frac 0.06 | H 0.37 |    863s
Update  41/60: return  293.4 (  5 eps) | EV +0.64 | kl 0.0093 | off_frac 0.11 | H 0.37 |    911s
Update  42/60: return  500.0 (  1 eps) | EV +0.96 | kl 0.0042 | off_frac 0.05 | H 0.38 |    949s
Update  43/60: return    nan (  0 eps) | EV +0.96 | kl 0.0088 | off_frac 0.11 | H 0.38 |   1004s
Update  44/60: return  374.0 (  3 eps) | EV +0.40 | kl 0.0135 | off_frac 0.14 | H 0.39 |   1050s
Update  45/60: return  458.8 (  5 eps) | EV +0.65 | kl 0.0125 | off_frac 0.13 | H 0.38 |   1091s
Update  46/60: return  472.6 (  8 eps) | EV +0.53 | kl 0.0112 | off_frac 0.13 | H 0.37 |   1144s
Update  47/60: return  431.2 ( 12 eps) | EV +0.53 | kl 0.0044 | off_frac 0.06 | H 0.35 |   1187s
Update  48/60: return  470.6 (  7 eps) | EV +0.75 | kl 0.0109 | off_frac 0.12 | H 0.38 |   1222s
Update  49/60: return  500.0 (  4 eps) | EV +0.90 | kl 0.0073 | off_frac 0.09 | H 0.36 |   1248s
Update  50/60: return  475.2 (  4 eps) | EV +0.82 | kl 0.0088 | off_frac 0.11 | H 0.36 |   1265s
Update  51/60: return  426.4 (  5 eps) | EV +0.78 | kl 0.0110 | off_frac 0.13 | H 0.38 |   1282s
Update  52/60: return  444.4 (  7 eps) | EV +0.62 | kl 0.0108 | off_frac 0.13 | H 0.37 |   1300s
Update  53/60: return  500.0 (  3 eps) | EV +0.94 | kl 0.0084 | off_frac 0.09 | H 0.38 |   1326s
Update  54/60: return  446.3 (  3 eps) | EV +0.80 | kl 0.0056 | off_frac 0.07 | H 0.37 |   1362s
Update  55/60: return  366.0 (  2 eps) | EV +0.77 | kl 0.0091 | off_frac 0.12 | H 0.38 |   1397s
Update  56/60: return  454.4 (  5 eps) | EV +0.70 | kl 0.0118 | off_frac 0.13 | H 0.38 |   1431s
Update  57/60: return  298.0 (  4 eps) | EV +0.43 | kl 0.0085 | off_frac 0.10 | H 0.36 |   1466s
Update  58/60: return  328.2 (  5 eps) | EV +0.53 | kl 0.0104 | off_frac 0.12 | H 0.34 |   1500s
Update  59/60: return  388.8 (  4 eps) | EV +0.75 | kl 0.0098 | off_frac 0.13 | H 0.34 |   1534s
Update  60/60: return  370.0 (  3 eps) | EV +0.80 | kl 0.0102 | off_frac 0.11 | H 0.34 |   1568s
greedy evaluation over 64 episodes: 486.4 +- 36.9 (min 362, 86% reach 500)
saved results/ppo/mr_eps0.3_seed0.json  (2129s)
