policy = mr: 17 features, 36 trainable policy parameters
Update   1/60: return   16.4 ( 77 eps) | EV +0.00 | kl 0.0094 | off_frac 0.13 | H 0.68 |     17s
Update   2/60: return   22.0 ( 70 eps) | EV -0.22 | kl 0.0116 | off_frac 0.16 | H 0.66 |     34s
Update   3/60: return   29.9 ( 52 eps) | EV -0.07 | kl 0.0125 | off_frac 0.17 | H 0.62 |     61s
Update   4/60: return   41.9 ( 37 eps) | EV +0.04 | kl 0.0059 | off_frac 0.07 | H 0.60 |     96s
Update   5/60: return   59.5 ( 29 eps) | EV +0.07 | kl 0.0130 | off_frac 0.13 | H 0.56 |    131s
Update   6/60: return   76.1 ( 14 eps) | EV +0.13 | kl 0.0136 | off_frac 0.17 | H 0.54 |    165s
Update   7/60: return   92.3 (  6 eps) | EV +0.19 | kl 0.0067 | off_frac 0.09 | H 0.53 |    200s
Update   8/60: return  104.8 ( 13 eps) | EV +0.49 | kl 0.0046 | off_frac 0.06 | H 0.54 |    235s
Update   9/60: return  135.8 ( 12 eps) | EV +0.80 | kl 0.0088 | off_frac 0.12 | H 0.52 |    270s
Update  10/60: return  151.1 ( 16 eps) | EV +0.93 | kl 0.0153 | off_frac 0.22 | H 0.50 |    304s
Update  11/60: return  172.9 (  7 eps) | EV +0.97 | kl 0.0140 | off_frac 0.21 | H 0.51 |    339s
Update  12/60: return  129.1 (  9 eps) | EV +0.77 | kl 0.0083 | off_frac 0.11 | H 0.51 |    374s
Update  13/60: return  125.3 ( 24 eps) | EV +0.45 | kl 0.0050 | off_frac 0.06 | H 0.50 |    408s
Update  14/60: return  153.8 ( 18 eps) | EV +0.71 | kl 0.0111 | off_frac 0.15 | H 0.49 |    444s
Update  15/60: return  176.1 ( 13 eps) | EV +0.89 | kl 0.0383 | off_frac 0.40 | H 0.46 |    479s
Update  16/60: return  234.6 (  5 eps) | EV +0.95 | kl 0.0200 | off_frac 0.26 | H 0.45 |    515s
Update  17/60: return  163.0 (  5 eps) | EV +0.96 | kl 0.0105 | off_frac 0.16 | H 0.44 |    551s
Update  18/60: return  185.8 (  9 eps) | EV +0.90 | kl 0.0080 | off_frac 0.11 | H 0.44 |    586s
Update  19/60: return  254.3 (  3 eps) | EV +0.91 | kl 0.0125 | off_frac 0.16 | H 0.44 |    623s
Update  20/60: return  412.0 (  1 eps) | EV +0.96 | kl 0.0064 | off_frac 0.09 | H 0.45 |    653s
Update  21/60: return  194.1 (  9 eps) | EV +0.88 | kl 0.0063 | off_frac 0.08 | H 0.46 |    690s
Update  22/60: return  225.3 ( 23 eps) | EV +0.99 | kl 0.0093 | off_frac 0.14 | H 0.45 |    728s
Update  23/60: return  219.9 ( 15 eps) | EV +0.99 | kl 0.0050 | off_frac 0.07 | H 0.45 |    765s
Update  24/60: return  268.0 (  8 eps) | EV +0.99 | kl 0.0064 | off_frac 0.10 | H 0.44 |    802s
Update  25/60: return  343.6 (  5 eps) | EV +0.99 | kl 0.0103 | off_frac 0.17 | H 0.43 |    839s
Update  26/60: return  169.2 ( 12 eps) | EV +0.99 | kl 0.0127 | off_frac 0.19 | H 0.44 |    876s
Update  27/60: return  183.8 ( 14 eps) | EV +0.98 | kl 0.0068 | off_frac 0.09 | H 0.45 |    913s
Update  28/60: return  195.2 ( 17 eps) | EV +0.96 | kl 0.0047 | off_frac 0.06 | H 0.46 |    949s
Update  29/60: return  191.1 ( 10 eps) | EV +0.93 | kl 0.0080 | off_frac 0.10 | H 0.47 |    984s
Update  30/60: return  306.0 (  3 eps) | EV +0.96 | kl 0.0035 | off_frac 0.04 | H 0.47 |   1019s
Update  31/60: return  228.0 (  1 eps) | EV +0.97 | kl 0.0045 | off_frac 0.06 | H 0.46 |   1054s
Update  32/60: return    nan (  0 eps) | EV +0.97 | kl 0.0050 | off_frac 0.07 | H 0.45 |   1090s
Update  33/60: return  230.0 (  1 eps) | EV +0.95 | kl 0.0085 | off_frac 0.11 | H 0.45 |   1125s
Update  34/60: return  216.0 (  2 eps) | EV +0.84 | kl 0.0050 | off_frac 0.06 | H 0.43 |   1161s
Update  35/60: return  293.0 (  1 eps) | EV +0.95 | kl 0.0073 | off_frac 0.09 | H 0.43 |   1198s
Update  36/60: return  283.2 (  4 eps) | EV +0.66 | kl 0.0085 | off_frac 0.10 | H 0.43 |   1234s
Update  37/60: return  249.5 (  2 eps) | EV +0.87 | kl 0.0123 | off_frac 0.15 | H 0.42 |   1271s
Update  38/60: return  411.5 (  2 eps) | EV +0.88 | kl 0.0089 | off_frac 0.12 | H 0.42 |   1308s
Update  39/60: return  391.3 (  6 eps) | EV +0.85 | kl 0.0092 | off_frac 0.12 | H 0.42 |   1344s
Update  40/60: return  426.3 (  3 eps) | EV +0.88 | kl 0.0168 | off_frac 0.21 | H 0.40 |   1380s
Update  41/60: return  500.0 (  3 eps) | EV +0.95 | kl 0.0066 | off_frac 0.10 | H 0.40 |   1417s
Update  42/60: return  486.5 ( 11 eps) | EV +0.86 | kl 0.0085 | off_frac 0.11 | H 0.40 |   1453s
Update  43/60: return  498.4 ( 14 eps) | EV +0.84 | kl 0.0067 | off_frac 0.10 | H 0.40 |   1484s
Update  44/60: return  500.0 (  7 eps) | EV +0.95 | kl 0.0039 | off_frac 0.05 | H 0.38 |   1502s
Update  45/60: return  500.0 (  6 eps) | EV +0.96 | kl 0.0059 | off_frac 0.08 | H 0.38 |   1519s
Update  46/60: return  500.0 (  2 eps) | EV +0.91 | kl 0.0087 | off_frac 0.13 | H 0.39 |   1536s
Update  47/60: return  203.3 (  3 eps) | EV +0.20 | kl 0.0042 | off_frac 0.06 | H 0.40 |   1554s
Update  48/60: return  410.5 (  2 eps) | EV +0.93 | kl 0.0269 | off_frac 0.28 | H 0.38 |   1571s
Update  49/60: return  500.0 (  1 eps) | EV +0.96 | kl 0.0192 | off_frac 0.23 | H 0.39 |   1591s
Update  50/60: return  500.0 (  1 eps) | EV +0.97 | kl 0.0140 | off_frac 0.18 | H 0.40 |   1608s
Update  51/60: return  463.5 (  6 eps) | EV +0.89 | kl 0.0064 | off_frac 0.08 | H 0.38 |   1625s
Update  52/60: return  443.0 (  3 eps) | EV +0.41 | kl 0.0181 | off_frac 0.17 | H 0.35 |   1643s
Update  53/60: return  500.0 (  1 eps) | EV +0.76 | kl 0.0090 | off_frac 0.12 | H 0.36 |   1660s
Update  54/60: return  500.0 (  3 eps) | EV +0.85 | kl 0.0166 | off_frac 0.19 | H 0.37 |   1678s
Update  55/60: return  500.0 (  1 eps) | EV +0.70 | kl 0.0080 | off_frac 0.10 | H 0.36 |   1695s
Update  56/60: return  466.0 (  6 eps) | EV +0.14 | kl 0.0123 | off_frac 0.14 | H 0.38 |   1712s
Update  57/60: return  500.0 (  4 eps) | EV +0.83 | kl 0.0143 | off_frac 0.19 | H 0.37 |   1729s
Update  58/60: return  500.0 ( 10 eps) | EV +0.57 | kl 0.0154 | off_frac 0.18 | H 0.36 |   1747s
Update  59/60: return  493.1 ( 14 eps) | EV +0.44 | kl 0.0072 | off_frac 0.10 | H 0.35 |   1764s
Update  60/60: return  500.0 (  5 eps) | EV +0.12 | kl 0.0070 | off_frac 0.08 | H 0.35 |   1781s
greedy evaluation over 64 episodes: 500.0 +- 0.0 (min 500, 100% reach 500)
saved results/ppo/mr_seed2.json  (2048s)
