CartPole-v1 | policy = mr (normal, intensity): 17 features, 36 trainable policy parameters
Update   1/60: return    16.4 ( 77 eps) | EV +0.00 | kl 0.0132 | off_frac 0.30 | H 0.68 |     24s
Update   2/60: return    22.6 ( 62 eps) | EV -0.21 | kl 0.0104 | off_frac 0.11 | H 0.65 |     50s
Update   3/60: return    36.1 ( 40 eps) | EV -0.07 | kl 0.0150 | off_frac 0.19 | H 0.60 |     75s
Update   4/60: return    56.3 ( 19 eps) | EV +0.04 | kl 0.0086 | off_frac 0.12 | H 0.58 |     98s
Update   5/60: return    73.7 ( 16 eps) | EV +0.02 | kl 0.0072 | off_frac 0.08 | H 0.57 |    119s
Update   6/60: return    97.2 ( 17 eps) | EV +0.23 | kl 0.0053 | off_frac 0.05 | H 0.55 |    140s
Update   7/60: return   136.0 (  3 eps) | EV +0.75 | kl 0.0180 | off_frac 0.28 | H 0.55 |    160s
Update   8/60: return   139.4 (  9 eps) | EV +0.87 | kl 0.0165 | off_frac 0.23 | H 0.54 |    181s
Update   9/60: return   158.8 ( 15 eps) | EV +0.77 | kl 0.0065 | off_frac 0.11 | H 0.55 |    201s
Update  10/60: return   155.8 ( 17 eps) | EV +0.73 | kl 0.0041 | off_frac 0.04 | H 0.55 |    221s
Update  11/60: return   129.1 ( 14 eps) | EV +0.84 | kl 0.0121 | off_frac 0.16 | H 0.52 |    241s
Update  12/60: return   185.9 (  8 eps) | EV +0.96 | kl 0.0209 | off_frac 0.34 | H 0.50 |    260s
Update  13/60: return   229.0 (  7 eps) | EV +0.98 | kl 0.0239 | off_frac 0.31 | H 0.49 |    280s
Update  14/60: return   188.3 (  6 eps) | EV +0.97 | kl 0.0124 | off_frac 0.19 | H 0.50 |    301s
Update  15/60: return   201.4 ( 11 eps) | EV +0.90 | kl 0.0041 | off_frac 0.04 | H 0.51 |    321s
Update  16/60: return   188.4 (  9 eps) | EV +0.95 | kl 0.0047 | off_frac 0.06 | H 0.51 |    341s
Update  17/60: return   184.8 ( 10 eps) | EV +0.98 | kl 0.0044 | off_frac 0.05 | H 0.53 |    361s
Update  18/60: return   197.5 ( 13 eps) | EV +0.97 | kl 0.0071 | off_frac 0.10 | H 0.53 |    382s
Update  19/60: return   202.0 ( 13 eps) | EV +0.96 | kl 0.0182 | off_frac 0.28 | H 0.49 |    403s
Update  20/60: return   163.9 ( 12 eps) | EV +0.97 | kl 0.0148 | off_frac 0.19 | H 0.45 |    424s
Update  21/60: return   198.5 ( 11 eps) | EV +0.96 | kl 0.0076 | off_frac 0.11 | H 0.46 |    445s
Update  22/60: return   269.3 (  6 eps) | EV +0.98 | kl 0.0104 | off_frac 0.16 | H 0.45 |    464s
Update  23/60: return   194.1 (  8 eps) | EV +0.97 | kl 0.0086 | off_frac 0.11 | H 0.48 |    483s
Update  24/60: return   156.0 (  8 eps) | EV +0.86 | kl 0.0099 | off_frac 0.14 | H 0.45 |    501s
Update  25/60: return   315.0 (  6 eps) | EV +0.96 | kl 0.0060 | off_frac 0.08 | H 0.46 |    519s
Update  26/60: return   313.3 (  3 eps) | EV +0.98 | kl 0.0087 | off_frac 0.13 | H 0.47 |    538s
Update  27/60: return   231.5 (  6 eps) | EV +0.96 | kl 0.0039 | off_frac 0.05 | H 0.47 |    557s
Update  28/60: return   298.5 (  8 eps) | EV +0.92 | kl 0.0020 | off_frac 0.01 | H 0.47 |    576s
Update  29/60: return   271.7 (  3 eps) | EV +0.92 | kl 0.0102 | off_frac 0.10 | H 0.51 |    595s
Update  30/60: return   309.2 (  6 eps) | EV +0.90 | kl 0.0066 | off_frac 0.07 | H 0.49 |    614s
Update  31/60: return   313.7 (  7 eps) | EV +0.79 | kl 0.0074 | off_frac 0.10 | H 0.47 |    635s
Update  32/60: return   401.3 (  3 eps) | EV +0.91 | kl 0.0045 | off_frac 0.06 | H 0.45 |    653s
Update  33/60: return     nan (  0 eps) | EV +0.95 | kl 0.0052 | off_frac 0.06 | H 0.45 |    671s
Update  34/60: return   454.3 (  3 eps) | EV +0.64 | kl 0.0020 | off_frac 0.01 | H 0.46 |    690s
Update  35/60: return   442.0 (  1 eps) | EV +0.65 | kl 0.0034 | off_frac 0.04 | H 0.46 |    710s
Update  36/60: return   474.0 (  5 eps) | EV +0.90 | kl 0.0083 | off_frac 0.07 | H 0.44 |    730s
Update  37/60: return   473.0 (  2 eps) | EV +0.98 | kl 0.0018 | off_frac 0.02 | H 0.46 |    749s
Update  38/60: return   479.0 (  3 eps) | EV +0.97 | kl 0.0024 | off_frac 0.03 | H 0.43 |    768s
Update  39/60: return   500.0 (  3 eps) | EV +0.98 | kl 0.0041 | off_frac 0.06 | H 0.40 |    788s
Update  40/60: return   500.0 (  7 eps) | EV +0.97 | kl 0.0018 | off_frac 0.02 | H 0.40 |    806s
Update  41/60: return   500.0 (  5 eps) | EV +0.93 | kl 0.0049 | off_frac 0.07 | H 0.40 |    824s
Update  42/60: return   500.0 (  5 eps) | EV +0.93 | kl 0.0081 | off_frac 0.15 | H 0.39 |    843s
Update  43/60: return   500.0 (  7 eps) | EV +0.84 | kl 0.0061 | off_frac 0.10 | H 0.39 |    862s
Update  44/60: return   500.0 (  6 eps) | EV +0.89 | kl 0.0008 | off_frac 0.01 | H 0.38 |    881s
Update  45/60: return   500.0 (  4 eps) | EV +0.97 | kl 0.0022 | off_frac 0.02 | H 0.41 |    899s
Update  46/60: return   500.0 (  7 eps) | EV +0.86 | kl 0.0021 | off_frac 0.01 | H 0.42 |    916s
Update  47/60: return   500.0 (  5 eps) | EV +0.27 | kl 0.0104 | off_frac 0.19 | H 0.41 |    935s
Update  48/60: return   500.0 (  1 eps) | EV +0.16 | kl 0.0046 | off_frac 0.06 | H 0.41 |    952s
Update  49/60: return     nan (  0 eps) | EV +0.25 | kl 0.0051 | off_frac 0.07 | H 0.41 |    970s
Update  50/60: return   500.0 (  3 eps) | EV +0.33 | kl 0.0015 | off_frac 0.00 | H 0.42 |    988s
Update  51/60: return   500.0 (  3 eps) | EV -0.28 | kl 0.0061 | off_frac 0.06 | H 0.38 |   1006s
Update  52/60: return   500.0 (  3 eps) | EV +0.28 | kl 0.0037 | off_frac 0.04 | H 0.37 |   1024s
Update  53/60: return   500.0 (  3 eps) | EV +0.42 | kl 0.0050 | off_frac 0.08 | H 0.37 |   1059s
Update  54/60: return   500.0 (  3 eps) | EV +0.48 | kl 0.0034 | off_frac 0.04 | H 0.39 |   1091s
Update  55/60: return   500.0 (  4 eps) | EV +0.73 | kl 0.0049 | off_frac 0.07 | H 0.38 |   1117s
Update  56/60: return   500.0 (  7 eps) | EV +0.72 | kl 0.0020 | off_frac 0.02 | H 0.38 |   1145s
Update  57/60: return   500.0 (  3 eps) | EV +0.80 | kl 0.0047 | off_frac 0.05 | H 0.37 |   1174s
Update  58/60: return   500.0 (  7 eps) | EV +0.74 | kl 0.0019 | off_frac 0.01 | H 0.36 |   1202s
Update  59/60: return   500.0 (  6 eps) | EV +0.58 | kl 0.0031 | off_frac 0.04 | H 0.39 |   1230s
Update  60/60: return   500.0 (  6 eps) | EV +0.66 | kl 0.0028 | off_frac 0.03 | H 0.37 |   1258s
ring health: {'unstable_fraction': 0.0, 'calls': 124416, 'substepped': 0, 'reprepared': 151}
greedy evaluation of the frozen policy over 64 episodes: 500.0 +- 0.0 (min 500, max 500)
saved results/ppo/CartPole/mr_normal_seed2.json  (1700s)
