CartPole-v1 | policy = mr (normal, intensity): 17 features, 36 trainable policy parameters
Update   1/60: return    17.2 ( 67 eps) | EV +0.01 | kl 0.0120 | off_frac 0.20 | H 0.68 |     12s
Update   2/60: return    24.2 ( 64 eps) | EV -0.27 | kl 0.0114 | off_frac 0.15 | H 0.65 |     25s
Update   3/60: return    33.6 ( 45 eps) | EV -0.08 | kl 0.0135 | off_frac 0.18 | H 0.61 |     37s
Update   4/60: return    47.3 ( 19 eps) | EV +0.08 | kl 0.0056 | off_frac 0.06 | H 0.59 |     48s
Update   5/60: return    67.2 (  8 eps) | EV +0.17 | kl 0.0069 | off_frac 0.10 | H 0.55 |     57s
Update   6/60: return   118.2 ( 13 eps) | EV +0.02 | kl 0.0055 | off_frac 0.06 | H 0.56 |     67s
Update   7/60: return   122.2 ( 10 eps) | EV +0.40 | kl 0.0044 | off_frac 0.04 | H 0.55 |     77s
Update   8/60: return   154.7 ( 10 eps) | EV +0.73 | kl 0.0150 | off_frac 0.25 | H 0.55 |     87s
Update   9/60: return   182.0 (  6 eps) | EV +0.86 | kl 0.0071 | off_frac 0.06 | H 0.52 |     96s
Update  10/60: return   200.3 ( 13 eps) | EV +0.89 | kl 0.0042 | off_frac 0.04 | H 0.52 |    107s
Update  11/60: return   264.3 (  3 eps) | EV +0.97 | kl 0.0063 | off_frac 0.08 | H 0.52 |    115s
Update  12/60: return   193.8 (  6 eps) | EV +0.98 | kl 0.0054 | off_frac 0.07 | H 0.52 |    124s
Update  13/60: return   224.0 (  8 eps) | EV +0.99 | kl 0.0056 | off_frac 0.08 | H 0.51 |    134s
Update  14/60: return   242.9 (  7 eps) | EV +0.99 | kl 0.0056 | off_frac 0.07 | H 0.50 |    148s
Update  15/60: return   267.5 (  2 eps) | EV +1.00 | kl 0.0088 | off_frac 0.13 | H 0.49 |    165s
Update  16/60: return   244.5 ( 11 eps) | EV +0.99 | kl 0.0067 | off_frac 0.10 | H 0.50 |    184s
Update  17/60: return   269.6 (  5 eps) | EV +0.99 | kl 0.0039 | off_frac 0.04 | H 0.48 |    202s
Update  18/60: return   298.2 (  4 eps) | EV +0.99 | kl 0.0026 | off_frac 0.02 | H 0.48 |    221s
Update  19/60: return   346.1 (  7 eps) | EV +0.98 | kl 0.0040 | off_frac 0.04 | H 0.47 |    241s
Update  20/60: return   367.4 (  8 eps) | EV +0.98 | kl 0.0071 | off_frac 0.10 | H 0.46 |    262s
Update  21/60: return   370.5 (  4 eps) | EV +0.98 | kl 0.0050 | off_frac 0.06 | H 0.45 |    282s
Update  22/60: return   402.0 (  1 eps) | EV +0.97 | kl 0.0024 | off_frac 0.02 | H 0.47 |    301s
Update  23/60: return   371.7 (  3 eps) | EV +0.86 | kl 0.0027 | off_frac 0.03 | H 0.47 |    321s
Update  24/60: return   389.7 (  3 eps) | EV +0.84 | kl 0.0056 | off_frac 0.06 | H 0.46 |    341s
Update  25/60: return   441.5 (  2 eps) | EV +0.96 | kl 0.0108 | off_frac 0.18 | H 0.45 |    361s
Update  26/60: return   431.0 (  1 eps) | EV +0.96 | kl 0.0034 | off_frac 0.04 | H 0.47 |    380s
Update  27/60: return   500.0 (  2 eps) | EV +0.98 | kl 0.0050 | off_frac 0.05 | H 0.43 |    401s
Update  28/60: return   387.9 (  8 eps) | EV +0.96 | kl 0.0055 | off_frac 0.07 | H 0.42 |    421s
Update  29/60: return   401.1 ( 14 eps) | EV +0.98 | kl 0.0063 | off_frac 0.11 | H 0.42 |    440s
Update  30/60: return   379.6 ( 13 eps) | EV +0.97 | kl 0.0073 | off_frac 0.11 | H 0.43 |    461s
Update  31/60: return   432.7 (  9 eps) | EV +0.99 | kl 0.0184 | off_frac 0.25 | H 0.42 |    480s
Update  32/60: return   445.5 (  6 eps) | EV +0.99 | kl 0.0219 | off_frac 0.30 | H 0.44 |    499s
Update  33/60: return   385.7 (  3 eps) | EV +0.96 | kl 0.0107 | off_frac 0.19 | H 0.44 |    518s
Update  34/60: return   439.0 (  3 eps) | EV +0.97 | kl 0.0025 | off_frac 0.01 | H 0.47 |    537s
Update  35/60: return   426.0 (  3 eps) | EV +0.90 | kl 0.0065 | off_frac 0.07 | H 0.50 |    556s
Update  36/60: return   200.1 ( 10 eps) | EV +0.50 | kl 0.0139 | off_frac 0.19 | H 0.48 |    579s
Update  37/60: return   222.5 ( 22 eps) | EV +0.68 | kl 0.0097 | off_frac 0.14 | H 0.49 |    609s
Update  38/60: return   298.5 (  6 eps) | EV +0.78 | kl 0.0135 | off_frac 0.21 | H 0.45 |    630s
Update  39/60: return   301.3 (  3 eps) | EV +0.92 | kl 0.0319 | off_frac 0.41 | H 0.48 |    651s
Update  40/60: return   269.0 (  1 eps) | EV +0.87 | kl 0.0051 | off_frac 0.06 | H 0.47 |    670s
Update  41/60: return   334.0 (  2 eps) | EV +0.94 | kl 0.0044 | off_frac 0.05 | H 0.48 |    689s
Update  42/60: return   500.0 (  1 eps) | EV +0.99 | kl 0.0106 | off_frac 0.13 | H 0.48 |    710s
Update  43/60: return   394.2 (  6 eps) | EV +0.99 | kl 0.0110 | off_frac 0.14 | H 0.47 |    732s
Update  44/60: return   324.7 (  3 eps) | EV +0.98 | kl 0.0134 | off_frac 0.19 | H 0.45 |    753s
Update  45/60: return   438.2 (  4 eps) | EV +0.95 | kl 0.0124 | off_frac 0.20 | H 0.45 |    776s
Update  46/60: return   404.0 (  4 eps) | EV +0.88 | kl 0.0161 | off_frac 0.16 | H 0.44 |    801s
Update  47/60: return   500.0 (  3 eps) | EV +0.88 | kl 0.0078 | off_frac 0.11 | H 0.43 |    825s
Update  48/60: return     nan (  0 eps) | EV +0.81 | kl 0.0056 | off_frac 0.07 | H 0.43 |    850s
Update  49/60: return   500.0 (  1 eps) | EV +0.96 | kl 0.0252 | off_frac 0.26 | H 0.43 |    870s
Update  50/60: return   500.0 (  3 eps) | EV +0.99 | kl 0.0087 | off_frac 0.12 | H 0.39 |    889s
Update  51/60: return   500.0 (  1 eps) | EV +1.00 | kl 0.0064 | off_frac 0.09 | H 0.36 |    908s
Update  52/60: return   500.0 ( 15 eps) | EV +1.00 | kl 0.0078 | off_frac 0.11 | H 0.36 |    930s
Update  53/60: return   500.0 ( 15 eps) | EV +0.99 | kl 0.0032 | off_frac 0.04 | H 0.39 |    949s
Update  54/60: return   500.0 (  3 eps) | EV +0.94 | kl 0.0041 | off_frac 0.06 | H 0.40 |    968s
Update  55/60: return   444.4 (  5 eps) | EV +0.24 | kl 0.0061 | off_frac 0.04 | H 0.39 |    987s
Update  56/60: return   500.0 (  1 eps) | EV +0.62 | kl 0.0247 | off_frac 0.32 | H 0.41 |   1005s
Update  57/60: return   500.0 (  2 eps) | EV +0.92 | kl 0.0004 | off_frac 0.00 | H 0.40 |   1022s
Update  58/60: return   500.0 (  1 eps) | EV +0.84 | kl 0.0017 | off_frac 0.00 | H 0.39 |   1041s
Update  59/60: return   500.0 (  5 eps) | EV +0.76 | kl 0.0053 | off_frac 0.07 | H 0.41 |   1060s
Update  60/60: return   500.0 (  4 eps) | EV +0.72 | kl 0.0135 | off_frac 0.18 | H 0.39 |   1078s
ring health: {'unstable_fraction': 0.0, 'calls': 124416, 'substepped': 0, 'reprepared': 183}
greedy evaluation of the frozen policy over 64 episodes: 500.0 +- 0.0 (min 500, max 500)
saved results/ppo/CartPole/mr_normal_seed0.json  (1364s)
