CartPole-v1 | policy = mr (normal, intensity): 17 features, 36 trainable policy parameters
Update   1/60: return    16.9 ( 77 eps) | EV +0.00 | kl 0.0134 | off_frac 0.23 | H 0.68 |     25s
Update   2/60: return    24.8 ( 54 eps) | EV -0.22 | kl 0.0155 | off_frac 0.28 | H 0.64 |     50s
Update   3/60: return    34.2 ( 31 eps) | EV -0.03 | kl 0.0100 | off_frac 0.13 | H 0.61 |     74s
Update   4/60: return    57.4 ( 14 eps) | EV +0.17 | kl 0.0074 | off_frac 0.09 | H 0.59 |     85s
Update   5/60: return    86.5 ( 11 eps) | EV +0.24 | kl 0.0055 | off_frac 0.06 | H 0.57 |     95s
Update   6/60: return   125.5 (  8 eps) | EV +0.55 | kl 0.0092 | off_frac 0.11 | H 0.54 |    105s
Update   7/60: return   149.2 (  6 eps) | EV +0.67 | kl 0.0031 | off_frac 0.02 | H 0.55 |    115s
Update   8/60: return   172.7 (  9 eps) | EV +0.56 | kl 0.0049 | off_frac 0.05 | H 0.53 |    125s
Update   9/60: return   188.1 ( 10 eps) | EV +0.91 | kl 0.0086 | off_frac 0.14 | H 0.52 |    135s
Update  10/60: return   216.1 (  8 eps) | EV +0.96 | kl 0.0057 | off_frac 0.05 | H 0.52 |    145s
Update  11/60: return   227.4 ( 10 eps) | EV +0.96 | kl 0.0029 | off_frac 0.03 | H 0.52 |    155s
Update  12/60: return   215.1 ( 14 eps) | EV +0.96 | kl 0.0124 | off_frac 0.18 | H 0.50 |    165s
Update  13/60: return   198.5 ( 10 eps) | EV +0.99 | kl 0.0031 | off_frac 0.03 | H 0.52 |    174s
Update  14/60: return   232.3 (  7 eps) | EV +0.99 | kl 0.0081 | off_frac 0.09 | H 0.49 |    191s
Update  15/60: return   190.7 (  3 eps) | EV +0.99 | kl 0.0047 | off_frac 0.06 | H 0.51 |    210s
Update  16/60: return   278.2 (  4 eps) | EV +0.99 | kl 0.0061 | off_frac 0.08 | H 0.52 |    229s
Update  17/60: return   246.0 (  2 eps) | EV +0.98 | kl 0.0059 | off_frac 0.06 | H 0.49 |    248s
Update  18/60: return   295.8 (  5 eps) | EV +0.98 | kl 0.0122 | off_frac 0.19 | H 0.48 |    267s
Update  19/60: return   330.0 (  2 eps) | EV +0.99 | kl 0.0135 | off_frac 0.23 | H 0.49 |    286s
Update  20/60: return   334.0 (  3 eps) | EV +0.98 | kl 0.0139 | off_frac 0.19 | H 0.46 |    304s
Update  21/60: return   321.0 (  4 eps) | EV +0.97 | kl 0.0100 | off_frac 0.14 | H 0.45 |    325s
Update  22/60: return   311.5 (  4 eps) | EV +0.95 | kl 0.0020 | off_frac 0.02 | H 0.47 |    346s
Update  23/60: return   358.0 (  1 eps) | EV +0.94 | kl 0.0037 | off_frac 0.04 | H 0.45 |    364s
Update  24/60: return     nan (  0 eps) | EV +0.96 | kl 0.0044 | off_frac 0.06 | H 0.43 |    383s
Update  25/60: return   499.0 (  4 eps) | EV +0.97 | kl 0.0096 | off_frac 0.16 | H 0.42 |    404s
Update  26/60: return   344.8 (  4 eps) | EV +0.68 | kl 0.0126 | off_frac 0.17 | H 0.44 |    424s
Update  27/60: return   425.9 ( 16 eps) | EV +0.69 | kl 0.0054 | off_frac 0.08 | H 0.47 |    445s
Update  28/60: return   475.8 ( 13 eps) | EV +0.77 | kl 0.0042 | off_frac 0.05 | H 0.48 |    467s
Update  29/60: return   500.0 (  7 eps) | EV +0.95 | kl 0.0157 | off_frac 0.21 | H 0.45 |    486s
Update  30/60: return   467.5 (  6 eps) | EV +0.52 | kl 0.0019 | off_frac 0.03 | H 0.47 |    507s
Update  31/60: return   388.0 (  5 eps) | EV +0.27 | kl 0.0025 | off_frac 0.01 | H 0.49 |    528s
Update  32/60: return   500.0 (  1 eps) | EV -0.08 | kl 0.0060 | off_frac 0.08 | H 0.47 |    547s
Update  33/60: return     nan (  0 eps) | EV +0.70 | kl 0.0058 | off_frac 0.07 | H 0.46 |    566s
Update  34/60: return   500.0 (  1 eps) | EV +0.85 | kl 0.0039 | off_frac 0.04 | H 0.46 |    584s
Update  35/60: return     nan (  0 eps) | EV +0.86 | kl 0.0031 | off_frac 0.03 | H 0.45 |    602s
Update  36/60: return   500.0 (  1 eps) | EV +0.74 | kl 0.0028 | off_frac 0.01 | H 0.46 |    621s
Update  37/60: return   500.0 (  2 eps) | EV +0.61 | kl 0.0070 | off_frac 0.11 | H 0.46 |    640s
Update  38/60: return   500.0 (  4 eps) | EV +0.78 | kl 0.0052 | off_frac 0.06 | H 0.44 |    658s
Update  39/60: return     nan (  0 eps) | EV +0.79 | kl 0.0037 | off_frac 0.04 | H 0.42 |    677s
Update  40/60: return   500.0 (  1 eps) | EV +0.92 | kl 0.0051 | off_frac 0.07 | H 0.43 |    696s
Update  41/60: return   500.0 (  4 eps) | EV +0.96 | kl 0.0035 | off_frac 0.04 | H 0.41 |    713s
Update  42/60: return   500.0 (  7 eps) | EV +0.96 | kl 0.0043 | off_frac 0.05 | H 0.41 |    732s
Update  43/60: return   500.0 ( 18 eps) | EV +0.96 | kl 0.0022 | off_frac 0.00 | H 0.42 |    751s
Update  44/60: return   500.0 (  9 eps) | EV +0.95 | kl 0.0030 | off_frac 0.02 | H 0.42 |    770s
Update  45/60: return   500.0 (  6 eps) | EV +0.94 | kl 0.0028 | off_frac 0.02 | H 0.43 |    784s
Update  46/60: return   500.0 (  9 eps) | EV +0.92 | kl 0.0018 | off_frac 0.02 | H 0.40 |    802s
Update  47/60: return   500.0 (  2 eps) | EV +0.90 | kl 0.0057 | off_frac 0.05 | H 0.38 |    830s
Update  48/60: return     nan (  0 eps) | EV +0.91 | kl 0.0009 | off_frac 0.00 | H 0.39 |    859s
Update  49/60: return   500.0 (  1 eps) | EV +0.92 | kl 0.0044 | off_frac 0.05 | H 0.40 |    887s
Update  50/60: return     nan (  0 eps) | EV +0.93 | kl 0.0024 | off_frac 0.01 | H 0.40 |    916s
Update  51/60: return     nan (  0 eps) | EV +0.91 | kl 0.0025 | off_frac 0.02 | H 0.40 |    944s
Update  52/60: return   500.0 (  2 eps) | EV +0.85 | kl 0.0018 | off_frac 0.00 | H 0.39 |    972s
Update  53/60: return   500.0 (  4 eps) | EV +0.85 | kl 0.0026 | off_frac 0.02 | H 0.38 |   1001s
Update  54/60: return   500.0 (  1 eps) | EV +0.88 | kl 0.0022 | off_frac 0.01 | H 0.38 |   1030s
Update  55/60: return     nan (  0 eps) | EV +0.86 | kl 0.0030 | off_frac 0.03 | H 0.36 |   1057s
Update  56/60: return   500.0 (  4 eps) | EV +0.91 | kl 0.0019 | off_frac 0.01 | H 0.36 |   1085s
Update  57/60: return   500.0 (  1 eps) | EV +0.92 | kl 0.0021 | off_frac 0.00 | H 0.35 |   1112s
Update  58/60: return   500.0 ( 14 eps) | EV +0.92 | kl 0.0020 | off_frac 0.01 | H 0.35 |   1142s
Update  59/60: return   500.0 ( 15 eps) | EV +0.94 | kl 0.0019 | off_frac 0.00 | H 0.35 |   1170s
Update  60/60: return   500.0 (  8 eps) | EV +0.91 | kl 0.0024 | off_frac 0.02 | H 0.33 |   1188s
ring health: {'unstable_fraction': 0.0, 'calls': 124416, 'substepped': 0, 'reprepared': 121}
greedy evaluation of the frozen policy over 64 episodes: 500.0 +- 0.0 (min 500, max 500)
saved results/ppo/CartPole/mr_normal_seed1.json  (1464s)
