CartPole-v1 | policy = mr (rolls, intensity): 17 features, 36 trainable policy parameters
Update   1/60: return    17.2 ( 67 eps) | EV +0.01 | kl 0.0110 | off_frac 0.10 | H 0.68 |     59s
Update   2/60: return    24.7 ( 69 eps) | EV -0.28 | kl 0.0058 | off_frac 0.02 | H 0.66 |    131s
Update   3/60: return    32.0 ( 46 eps) | EV -0.06 | kl 0.0111 | off_frac 0.14 | H 0.63 |    196s
Update   4/60: return    38.7 ( 26 eps) | EV +0.05 | kl 0.0154 | off_frac 0.20 | H 0.58 |    254s
Update   5/60: return    61.4 ( 14 eps) | EV +0.20 | kl 0.0043 | off_frac 0.04 | H 0.57 |    301s
Update   6/60: return    99.4 (  5 eps) | EV +0.25 | kl 0.0039 | off_frac 0.03 | H 0.57 |    344s
Update   7/60: return   124.9 (  9 eps) | EV +0.15 | kl 0.0079 | off_frac 0.07 | H 0.54 |    392s
Update   8/60: return   156.0 (  3 eps) | EV +0.41 | kl 0.0090 | off_frac 0.13 | H 0.56 |    430s
Update   9/60: return   196.0 (  3 eps) | EV +0.53 | kl 0.0077 | off_frac 0.11 | H 0.55 |    466s
Update  10/60: return   196.8 (  4 eps) | EV +0.68 | kl 0.0111 | off_frac 0.16 | H 0.57 |    502s
Update  11/60: return   214.7 ( 12 eps) | EV +0.67 | kl 0.0106 | off_frac 0.13 | H 0.59 |    540s
Update  12/60: return   229.0 (  9 eps) | EV +0.73 | kl 0.0042 | off_frac 0.04 | H 0.56 |    575s
Update  13/60: return   236.7 ( 19 eps) | EV +0.90 | kl 0.0093 | off_frac 0.14 | H 0.55 |    624s
Update  14/60: return   267.2 ( 14 eps) | EV +0.94 | kl 0.0134 | off_frac 0.24 | H 0.55 |    657s
Update  15/60: return   187.7 (  6 eps) | EV +0.98 | kl 0.0067 | off_frac 0.06 | H 0.57 |    683s
Update  16/60: return   160.4 (  9 eps) | EV +0.93 | kl 0.0178 | off_frac 0.21 | H 0.53 |    710s
Update  17/60: return   165.3 ( 10 eps) | EV +0.98 | kl 0.0063 | off_frac 0.08 | H 0.56 |    741s
Update  18/60: return   236.7 (  7 eps) | EV +0.97 | kl 0.0098 | off_frac 0.13 | H 0.57 |    769s
Update  19/60: return   252.0 ( 11 eps) | EV +0.77 | kl 0.0045 | off_frac 0.04 | H 0.56 |    806s
Update  20/60: return   190.1 ( 10 eps) | EV +0.68 | kl 0.0053 | off_frac 0.05 | H 0.56 |    840s
Update  21/60: return   119.0 (  4 eps) | EV +0.89 | kl 0.0127 | off_frac 0.18 | H 0.54 |    871s
Update  22/60: return   194.0 (  3 eps) | EV +0.97 | kl 0.0250 | off_frac 0.30 | H 0.50 |    900s
Update  23/60: return   256.6 (  8 eps) | EV +0.95 | kl 0.0066 | off_frac 0.08 | H 0.52 |    933s
Update  24/60: return   289.5 (  4 eps) | EV +0.96 | kl 0.0051 | off_frac 0.05 | H 0.50 |    962s
Update  25/60: return   323.0 (  1 eps) | EV +0.99 | kl 0.0064 | off_frac 0.07 | H 0.48 |    985s
Update  26/60: return   353.6 (  5 eps) | EV +0.96 | kl 0.0014 | off_frac 0.01 | H 0.48 |   1015s
Update  27/60: return   363.5 (  2 eps) | EV +0.99 | kl 0.0015 | off_frac 0.01 | H 0.46 |   1037s
Update  28/60: return   392.0 (  3 eps) | EV +0.99 | kl 0.0060 | off_frac 0.09 | H 0.44 |   1063s
Update  29/60: return   293.2 ( 16 eps) | EV +1.00 | kl 0.0078 | off_frac 0.12 | H 0.44 |   1100s
Update  30/60: return   303.5 ( 14 eps) | EV +1.00 | kl 0.0083 | off_frac 0.11 | H 0.43 |   1133s
Update  31/60: return   357.3 (  9 eps) | EV +0.99 | kl 0.0063 | off_frac 0.09 | H 0.42 |   1164s
Update  32/60: return   433.8 (  8 eps) | EV +0.99 | kl 0.0079 | off_frac 0.11 | H 0.45 |   1192s
Update  33/60: return   397.8 (  6 eps) | EV +0.99 | kl 0.0145 | off_frac 0.21 | H 0.44 |   1217s
Update  34/60: return   344.0 (  2 eps) | EV +0.98 | kl 0.0082 | off_frac 0.13 | H 0.44 |   1241s
Update  35/60: return   447.2 (  4 eps) | EV +0.98 | kl 0.0107 | off_frac 0.16 | H 0.46 |   1266s
Update  36/60: return   259.0 (  2 eps) | EV +0.98 | kl 0.0125 | off_frac 0.20 | H 0.47 |   1291s
Update  37/60: return   260.0 (  1 eps) | EV +0.98 | kl 0.0066 | off_frac 0.09 | H 0.47 |   1313s
Update  38/60: return   303.5 (  4 eps) | EV +0.93 | kl 0.0051 | off_frac 0.06 | H 0.50 |   1342s
Update  39/60: return     nan (  0 eps) | EV +0.97 | kl 0.0078 | off_frac 0.09 | H 0.48 |   1370s
Update  40/60: return   193.8 (  6 eps) | EV +0.59 | kl 0.0028 | off_frac 0.02 | H 0.49 |   1405s
Update  41/60: return   239.7 (  3 eps) | EV +0.86 | kl 0.0035 | off_frac 0.02 | H 0.50 |   1436s
Update  42/60: return    70.0 (  1 eps) | EV +0.96 | kl 0.0085 | off_frac 0.12 | H 0.50 |   1466s
Update  43/60: return   379.0 (  4 eps) | EV +0.91 | kl 0.0088 | off_frac 0.10 | H 0.47 |   1497s
Update  44/60: return   359.0 (  9 eps) | EV +0.86 | kl 0.0070 | off_frac 0.09 | H 0.46 |   1531s
Update  45/60: return   490.4 ( 14 eps) | EV +0.90 | kl 0.0085 | off_frac 0.11 | H 0.47 |   1564s
Update  46/60: return   473.2 ( 13 eps) | EV +0.59 | kl 0.0029 | off_frac 0.01 | H 0.47 |   1591s
Update  47/60: return   500.0 (  9 eps) | EV +0.93 | kl 0.0022 | off_frac 0.02 | H 0.46 |   1616s
Update  48/60: return   500.0 (  2 eps) | EV +0.89 | kl 0.0111 | off_frac 0.18 | H 0.44 |   1638s
Update  49/60: return   500.0 (  2 eps) | EV +0.94 | kl 0.0156 | off_frac 0.21 | H 0.45 |   1661s
Update  50/60: return   500.0 (  1 eps) | EV +0.92 | kl 0.0080 | off_frac 0.11 | H 0.45 |   1682s
Update  51/60: return     nan (  0 eps) | EV +0.86 | kl 0.0070 | off_frac 0.10 | H 0.47 |   1708s
Update  52/60: return   500.0 (  1 eps) | EV +0.41 | kl 0.0050 | off_frac 0.06 | H 0.50 |   1732s
Update  53/60: return   500.0 (  1 eps) | EV +0.85 | kl 0.0096 | off_frac 0.14 | H 0.49 |   1745s
Update  54/60: return   297.9 (  8 eps) | EV +0.18 | kl 0.0045 | off_frac 0.04 | H 0.50 |   1762s
Update  55/60: return   361.2 (  5 eps) | EV +0.40 | kl 0.0067 | off_frac 0.07 | H 0.47 |   1774s
Update  56/60: return   500.0 (  4 eps) | EV +0.89 | kl 0.0027 | off_frac 0.02 | H 0.50 |   1786s
Update  57/60: return   500.0 (  1 eps) | EV +0.87 | kl 0.0011 | off_frac 0.01 | H 0.49 |   1797s
Update  58/60: return   500.0 (  2 eps) | EV +0.91 | kl 0.0069 | off_frac 0.08 | H 0.47 |   1823s
Update  59/60: return   500.0 (  3 eps) | EV +0.89 | kl 0.0061 | off_frac 0.08 | H 0.48 |   1859s
Update  60/60: return   500.0 (  8 eps) | EV +0.81 | kl 0.0130 | off_frac 0.18 | H 0.44 |   1895s
ring health: {'unstable_fraction': 0.0, 'calls': 124416, 'substepped': 111520, 'reprepared': 4}
greedy evaluation of the frozen policy over 64 episodes: 500.0 +- 0.0 (min 500, max 500)
saved results/ppo/CartPole/mr_rolls_seed0.json  (2370s)
