CartPole-v1 | policy = mr (soliton, intensity): 17 features, 36 trainable policy parameters
Update   1/60: return    17.2 ( 67 eps) | EV +0.01 | kl 0.0102 | off_frac 0.16 | H 0.68 |     14s
Update   2/60: return    23.4 ( 74 eps) | EV -0.28 | kl 0.0073 | off_frac 0.06 | H 0.67 |     29s
Update   3/60: return    28.5 ( 58 eps) | EV -0.05 | kl 0.0071 | off_frac 0.08 | H 0.64 |     45s
Update   4/60: return    36.7 ( 30 eps) | EV +0.01 | kl 0.0127 | off_frac 0.11 | H 0.61 |     59s
Update   5/60: return    51.5 ( 21 eps) | EV +0.01 | kl 0.0071 | off_frac 0.07 | H 0.58 |     71s
Update   6/60: return    71.3 (  7 eps) | EV +0.12 | kl 0.0057 | off_frac 0.06 | H 0.57 |     81s
Update   7/60: return   130.4 (  5 eps) | EV +0.03 | kl 0.0093 | off_frac 0.13 | H 0.56 |     91s
Update   8/60: return   169.7 (  6 eps) | EV +0.21 | kl 0.0022 | off_frac 0.02 | H 0.59 |    101s
Update   9/60: return   168.2 ( 10 eps) | EV +0.44 | kl 0.0041 | off_frac 0.03 | H 0.55 |    112s
Update  10/60: return   193.1 (  7 eps) | EV +0.83 | kl 0.0121 | off_frac 0.16 | H 0.55 |    123s
Update  11/60: return   184.0 (  7 eps) | EV +0.92 | kl 0.0089 | off_frac 0.11 | H 0.56 |    134s
Update  12/60: return   227.7 (  7 eps) | EV +0.96 | kl 0.0135 | off_frac 0.22 | H 0.57 |    145s
Update  13/60: return   261.4 ( 13 eps) | EV +0.95 | kl 0.0101 | off_frac 0.15 | H 0.55 |    158s
Update  14/60: return   211.9 ( 17 eps) | EV +0.78 | kl 0.0054 | off_frac 0.07 | H 0.54 |    171s
Update  15/60: return   217.1 (  7 eps) | EV +0.90 | kl 0.0087 | off_frac 0.12 | H 0.54 |    182s
Update  16/60: return   192.2 (  4 eps) | EV +0.95 | kl 0.0131 | off_frac 0.18 | H 0.53 |    192s
Update  17/60: return   155.6 (  8 eps) | EV +0.99 | kl 0.0177 | off_frac 0.28 | H 0.50 |    204s
Update  18/60: return   183.6 ( 14 eps) | EV +0.99 | kl 0.0117 | off_frac 0.21 | H 0.50 |    216s
Update  19/60: return   212.5 ( 11 eps) | EV +0.99 | kl 0.0123 | off_frac 0.20 | H 0.50 |    227s
Update  20/60: return   296.5 ( 12 eps) | EV +0.98 | kl 0.0067 | off_frac 0.08 | H 0.50 |    239s
Update  21/60: return   346.4 (  5 eps) | EV +0.97 | kl 0.0084 | off_frac 0.12 | H 0.49 |    248s
Update  22/60: return   364.5 (  2 eps) | EV +0.97 | kl 0.0070 | off_frac 0.10 | H 0.50 |    257s
Update  23/60: return     nan (  0 eps) | EV +0.94 | kl 0.0083 | off_frac 0.12 | H 0.51 |    265s
Update  24/60: return   194.0 (  1 eps) | EV +0.60 | kl 0.0047 | off_frac 0.06 | H 0.52 |    274s
Update  25/60: return   500.0 (  1 eps) | EV +0.95 | kl 0.0038 | off_frac 0.04 | H 0.52 |    283s
Update  26/60: return   223.5 ( 11 eps) | EV +0.98 | kl 0.0067 | off_frac 0.10 | H 0.51 |    292s
Update  27/60: return   274.8 ( 21 eps) | EV +0.99 | kl 0.0050 | off_frac 0.05 | H 0.50 |    303s
Update  28/60: return   299.7 ( 17 eps) | EV +0.99 | kl 0.0102 | off_frac 0.14 | H 0.49 |    314s
Update  29/60: return   344.2 (  8 eps) | EV +0.99 | kl 0.0149 | off_frac 0.23 | H 0.49 |    323s
Update  30/60: return   414.7 (  3 eps) | EV +0.99 | kl 0.0096 | off_frac 0.13 | H 0.48 |    330s
Update  31/60: return   257.9 (  9 eps) | EV +0.99 | kl 0.0074 | off_frac 0.10 | H 0.48 |    341s
Update  32/60: return   176.7 (  3 eps) | EV +0.99 | kl 0.0064 | off_frac 0.09 | H 0.47 |    350s
Update  33/60: return   217.8 (  6 eps) | EV +0.97 | kl 0.0046 | off_frac 0.05 | H 0.46 |    360s
Update  34/60: return   220.4 (  5 eps) | EV +0.98 | kl 0.0054 | off_frac 0.06 | H 0.45 |    369s
Update  35/60: return   256.5 (  2 eps) | EV +0.98 | kl 0.0074 | off_frac 0.11 | H 0.45 |    379s
Update  36/60: return   288.5 (  4 eps) | EV +0.97 | kl 0.0030 | off_frac 0.03 | H 0.43 |    388s
Update  37/60: return   300.2 (  4 eps) | EV +0.96 | kl 0.0017 | off_frac 0.01 | H 0.43 |    397s
Update  38/60: return   342.0 (  1 eps) | EV +0.97 | kl 0.0060 | off_frac 0.09 | H 0.42 |    406s
Update  39/60: return   360.5 (  2 eps) | EV +0.95 | kl 0.0034 | off_frac 0.05 | H 0.42 |    415s
Update  40/60: return     nan (  0 eps) | EV +0.96 | kl 0.0048 | off_frac 0.06 | H 0.39 |    424s
Update  41/60: return     nan (  0 eps) | EV +0.92 | kl 0.0045 | off_frac 0.06 | H 0.38 |    432s
Update  42/60: return   500.0 (  1 eps) | EV +0.86 | kl 0.0012 | off_frac 0.00 | H 0.38 |    440s
Update  43/60: return   500.0 (  7 eps) | EV +0.85 | kl 0.0073 | off_frac 0.11 | H 0.38 |    451s
Update  44/60: return   500.0 ( 14 eps) | EV +0.71 | kl 0.0047 | off_frac 0.07 | H 0.38 |    464s
Update  45/60: return   500.0 (  4 eps) | EV +0.76 | kl 0.0027 | off_frac 0.03 | H 0.39 |    473s
Update  46/60: return   500.0 (  5 eps) | EV +0.95 | kl 0.0038 | off_frac 0.05 | H 0.40 |    483s
Update  47/60: return   492.7 (  9 eps) | EV +0.29 | kl 0.0009 | off_frac 0.00 | H 0.41 |    494s
Update  48/60: return   500.0 (  3 eps) | EV +0.42 | kl 0.0043 | off_frac 0.05 | H 0.41 |    502s
Update  49/60: return   500.0 (  4 eps) | EV +0.94 | kl 0.0024 | off_frac 0.02 | H 0.40 |    511s
Update  50/60: return   499.0 (  5 eps) | EV +0.36 | kl 0.0119 | off_frac 0.12 | H 0.39 |    520s
Update  51/60: return   500.0 (  2 eps) | EV +0.87 | kl 0.0029 | off_frac 0.03 | H 0.38 |    529s
Update  52/60: return   500.0 (  6 eps) | EV +0.89 | kl 0.0020 | off_frac 0.02 | H 0.38 |    537s
Update  53/60: return   500.0 (  1 eps) | EV +0.91 | kl 0.0060 | off_frac 0.08 | H 0.35 |    546s
Update  54/60: return   500.0 (  2 eps) | EV +0.94 | kl 0.0088 | off_frac 0.14 | H 0.37 |    554s
Update  55/60: return   500.0 (  1 eps) | EV +0.96 | kl 0.0062 | off_frac 0.09 | H 0.37 |    563s
Update  56/60: return     nan (  0 eps) | EV +0.87 | kl 0.0030 | off_frac 0.04 | H 0.38 |    571s
Update  57/60: return     nan (  0 eps) | EV +0.81 | kl 0.0041 | off_frac 0.06 | H 0.37 |    580s
Update  58/60: return   500.0 (  2 eps) | EV +0.62 | kl 0.0038 | off_frac 0.05 | H 0.37 |    588s
Update  59/60: return   500.0 (  9 eps) | EV +0.81 | kl 0.0014 | off_frac 0.01 | H 0.37 |    598s
Update  60/60: return   500.0 ( 13 eps) | EV +0.67 | kl 0.0022 | off_frac 0.02 | H 0.36 |    607s
ring health: {'unstable_fraction': 0.0, 'calls': 124416, 'substepped': 113701, 'reprepared': 0}
greedy evaluation of the frozen policy over 64 episodes: 500.0 +- 0.0 (min 500, max 500)
saved results/ppo/CartPole/mr_soliton_eps0.02_seed0.json  (738s)
