CartPole-v1 | policy = mr (soliton, intensity): 17 features, 36 trainable policy parameters
Update   1/60: return    17.2 ( 67 eps) | EV +0.01 | kl 0.0107 | off_frac 0.19 | H 0.68 |     14s
Update   2/60: return    23.1 ( 74 eps) | EV -0.26 | kl 0.0062 | off_frac 0.01 | H 0.67 |     31s
Update   3/60: return    29.7 ( 57 eps) | EV -0.07 | kl 0.0090 | off_frac 0.11 | H 0.64 |     47s
Update   4/60: return    40.3 ( 38 eps) | EV +0.05 | kl 0.0098 | off_frac 0.09 | H 0.61 |     62s
Update   5/60: return    49.8 ( 20 eps) | EV +0.09 | kl 0.0086 | off_frac 0.10 | H 0.58 |     75s
Update   6/60: return    69.7 ( 10 eps) | EV +0.12 | kl 0.0090 | off_frac 0.08 | H 0.57 |     85s
Update   7/60: return   122.8 (  6 eps) | EV +0.04 | kl 0.0098 | off_frac 0.12 | H 0.58 |     97s
Update   8/60: return   141.0 (  6 eps) | EV +0.37 | kl 0.0050 | off_frac 0.05 | H 0.59 |    108s
Update   9/60: return   136.4 (  8 eps) | EV +0.60 | kl 0.0019 | off_frac 0.01 | H 0.57 |    119s
Update  10/60: return   157.9 ( 15 eps) | EV +0.74 | kl 0.0036 | off_frac 0.02 | H 0.57 |    133s
Update  11/60: return   218.1 (  9 eps) | EV +0.94 | kl 0.0058 | off_frac 0.07 | H 0.57 |    144s
Update  12/60: return   196.8 ( 13 eps) | EV +0.96 | kl 0.0035 | off_frac 0.04 | H 0.56 |    158s
Update  13/60: return   249.5 ( 11 eps) | EV +0.98 | kl 0.0038 | off_frac 0.04 | H 0.55 |    170s
Update  14/60: return   266.0 (  1 eps) | EV +0.99 | kl 0.0066 | off_frac 0.07 | H 0.54 |    179s
Update  15/60: return   357.0 (  1 eps) | EV +0.98 | kl 0.0029 | off_frac 0.02 | H 0.54 |    188s
Update  16/60: return   254.2 (  4 eps) | EV +0.98 | kl 0.0046 | off_frac 0.06 | H 0.53 |    198s
Update  17/60: return   244.6 (  7 eps) | EV +0.96 | kl 0.0073 | off_frac 0.11 | H 0.53 |    208s
Update  18/60: return   323.3 (  3 eps) | EV +0.95 | kl 0.0031 | off_frac 0.01 | H 0.54 |    218s
Update  19/60: return   500.0 (  2 eps) | EV +0.97 | kl 0.0070 | off_frac 0.10 | H 0.53 |    227s
Update  20/60: return   301.0 (  1 eps) | EV +0.92 | kl 0.0060 | off_frac 0.08 | H 0.53 |    235s
Update  21/60: return   500.0 (  1 eps) | EV +0.88 | kl 0.0045 | off_frac 0.04 | H 0.53 |    244s
Update  22/60: return     nan (  0 eps) | EV +0.84 | kl 0.0021 | off_frac 0.01 | H 0.52 |    253s
Update  23/60: return     nan (  0 eps) | EV +0.94 | kl 0.0049 | off_frac 0.05 | H 0.52 |    264s
Update  24/60: return   500.0 (  1 eps) | EV +0.97 | kl 0.0034 | off_frac 0.03 | H 0.52 |    275s
Update  25/60: return   500.0 (  6 eps) | EV +0.98 | kl 0.0099 | off_frac 0.15 | H 0.50 |    286s
Update  26/60: return   500.0 (  6 eps) | EV +0.96 | kl 0.0049 | off_frac 0.03 | H 0.50 |    296s
Update  27/60: return   500.0 ( 11 eps) | EV +0.80 | kl 0.0039 | off_frac 0.02 | H 0.50 |    307s
Update  28/60: return   500.0 ( 14 eps) | EV +0.83 | kl 0.0051 | off_frac 0.06 | H 0.51 |    317s
Update  29/60: return   500.0 (  7 eps) | EV +0.92 | kl 0.0032 | off_frac 0.03 | H 0.52 |    325s
Update  30/60: return   500.0 (  1 eps) | EV +0.87 | kl 0.0074 | off_frac 0.09 | H 0.49 |    334s
Update  31/60: return   500.0 (  1 eps) | EV +0.81 | kl 0.0100 | off_frac 0.12 | H 0.48 |    343s
Update  32/60: return   500.0 (  8 eps) | EV +0.47 | kl 0.0039 | off_frac 0.04 | H 0.48 |    352s
Update  33/60: return   500.0 (  2 eps) | EV +0.11 | kl 0.0027 | off_frac 0.03 | H 0.50 |    361s
Update  34/60: return   500.0 (  3 eps) | EV +0.35 | kl 0.0049 | off_frac 0.06 | H 0.51 |    370s
Update  35/60: return   500.0 (  3 eps) | EV -0.00 | kl 0.0083 | off_frac 0.13 | H 0.51 |    380s
Update  36/60: return     nan (  0 eps) | EV +0.04 | kl 0.0065 | off_frac 0.08 | H 0.50 |    388s
Update  37/60: return   500.0 (  1 eps) | EV +0.64 | kl 0.0017 | off_frac 0.01 | H 0.50 |    397s
Update  38/60: return     nan (  0 eps) | EV +0.52 | kl 0.0042 | off_frac 0.05 | H 0.47 |    405s
Update  39/60: return     nan (  0 eps) | EV +0.61 | kl 0.0066 | off_frac 0.06 | H 0.45 |    414s
Update  40/60: return   500.0 (  4 eps) | EV +0.82 | kl 0.0015 | off_frac 0.01 | H 0.47 |    423s
Update  41/60: return   500.0 (  5 eps) | EV +0.52 | kl 0.0017 | off_frac 0.01 | H 0.47 |    432s
Update  42/60: return   500.0 (  7 eps) | EV +0.34 | kl 0.0044 | off_frac 0.04 | H 0.46 |    442s
Update  43/60: return   500.0 ( 12 eps) | EV +0.38 | kl 0.0044 | off_frac 0.05 | H 0.46 |    452s
Update  44/60: return   500.0 ( 13 eps) | EV +0.43 | kl 0.0016 | off_frac 0.01 | H 0.46 |    462s
Update  45/60: return   500.0 (  4 eps) | EV +0.65 | kl 0.0054 | off_frac 0.08 | H 0.45 |    471s
Update  46/60: return   500.0 (  1 eps) | EV +0.71 | kl 0.0072 | off_frac 0.11 | H 0.45 |    479s
Update  47/60: return   500.0 (  2 eps) | EV +0.64 | kl 0.0064 | off_frac 0.08 | H 0.45 |    488s
Update  48/60: return   500.0 (  8 eps) | EV +0.64 | kl 0.0024 | off_frac 0.02 | H 0.44 |    498s
Update  49/60: return   500.0 (  2 eps) | EV +0.64 | kl 0.0026 | off_frac 0.03 | H 0.43 |    507s
Update  50/60: return   500.0 (  3 eps) | EV +0.73 | kl 0.0016 | off_frac 0.02 | H 0.45 |    516s
Update  51/60: return   500.0 (  2 eps) | EV +0.75 | kl 0.0025 | off_frac 0.03 | H 0.46 |    525s
Update  52/60: return   500.0 (  1 eps) | EV +0.68 | kl 0.0047 | off_frac 0.05 | H 0.44 |    533s
Update  53/60: return     nan (  0 eps) | EV +0.63 | kl 0.0052 | off_frac 0.06 | H 0.43 |    542s
Update  54/60: return     nan (  0 eps) | EV +0.47 | kl 0.0038 | off_frac 0.04 | H 0.44 |    551s
Update  55/60: return     nan (  0 eps) | EV +0.35 | kl 0.0049 | off_frac 0.07 | H 0.44 |    560s
Update  56/60: return   500.0 (  5 eps) | EV +0.48 | kl 0.0032 | off_frac 0.04 | H 0.46 |    569s
Update  57/60: return   500.0 (  6 eps) | EV +0.49 | kl 0.0051 | off_frac 0.05 | H 0.46 |    578s
Update  58/60: return   500.0 ( 10 eps) | EV +0.56 | kl 0.0044 | off_frac 0.06 | H 0.45 |    587s
Update  59/60: return   500.0 ( 14 eps) | EV +0.55 | kl 0.0009 | off_frac 0.00 | H 0.44 |    597s
Update  60/60: return   500.0 (  9 eps) | EV +0.85 | kl 0.0084 | off_frac 0.13 | H 0.43 |    606s
ring health: {'unstable_fraction': 0.0, 'calls': 124416, 'substepped': 114292, 'reprepared': 0}
greedy evaluation of the frozen policy over 64 episodes: 500.0 +- 0.0 (min 500, max 500)
saved results/ppo/CartPole/mr_soliton_eps0.02_nodet_seed0.json  (741s)
