policy = nn: 4 features, 898 trainable policy parameters
Update   1/60: return   15.9 ( 77 eps) | EV -0.01 | kl 0.0108 | off_frac 0.13 | H 0.68 |      0s
Update   2/60: return   23.9 ( 76 eps) | EV -0.31 | kl 0.0103 | off_frac 0.16 | H 0.67 |      0s
Update   3/60: return   29.9 ( 52 eps) | EV -0.05 | kl 0.0114 | off_frac 0.11 | H 0.63 |      0s
Update   4/60: return   40.9 ( 30 eps) | EV +0.25 | kl 0.0118 | off_frac 0.13 | H 0.62 |      0s
Update   5/60: return   44.7 ( 23 eps) | EV +0.40 | kl 0.0125 | off_frac 0.17 | H 0.60 |      1s
Update   6/60: return   82.2 ( 22 eps) | EV +0.25 | kl 0.0114 | off_frac 0.15 | H 0.57 |      1s
Update   7/60: return   80.2 ( 17 eps) | EV +0.26 | kl 0.0076 | off_frac 0.10 | H 0.56 |      1s
Update   8/60: return  130.1 ( 11 eps) | EV +0.76 | kl 0.0150 | off_frac 0.14 | H 0.53 |      1s
Update   9/60: return  102.3 ( 11 eps) | EV +0.91 | kl 0.0078 | off_frac 0.08 | H 0.55 |      1s
Update  10/60: return  135.7 ( 18 eps) | EV +0.98 | kl 0.0139 | off_frac 0.24 | H 0.56 |      1s
Update  11/60: return  151.4 ( 18 eps) | EV +0.97 | kl 0.0104 | off_frac 0.07 | H 0.55 |      1s
Update  12/60: return  192.0 (  8 eps) | EV +0.96 | kl 0.0047 | off_frac 0.06 | H 0.52 |      1s
Update  13/60: return    nan (  0 eps) | EV +0.98 | kl 0.0051 | off_frac 0.05 | H 0.51 |      1s
Update  14/60: return  191.4 (  5 eps) | EV +0.70 | kl 0.0065 | off_frac 0.06 | H 0.51 |      2s
Update  15/60: return  169.0 (  3 eps) | EV +0.76 | kl 0.0080 | off_frac 0.10 | H 0.49 |      2s
Update  16/60: return  239.7 (  3 eps) | EV +0.93 | kl 0.0057 | off_frac 0.07 | H 0.50 |      2s
Update  17/60: return  196.4 (  5 eps) | EV +0.92 | kl 0.0044 | off_frac 0.05 | H 0.49 |      2s
Update  18/60: return  224.5 (  4 eps) | EV +0.97 | kl 0.0047 | off_frac 0.06 | H 0.51 |      2s
Update  19/60: return  354.0 (  3 eps) | EV +0.95 | kl 0.0068 | off_frac 0.08 | H 0.48 |      2s
Update  20/60: return    nan (  0 eps) | EV +0.90 | kl 0.0044 | off_frac 0.05 | H 0.48 |      2s
Update  21/60: return    nan (  0 eps) | EV +0.92 | kl 0.0072 | off_frac 0.11 | H 0.47 |      2s
Update  22/60: return  500.0 (  1 eps) | EV +0.92 | kl 0.0042 | off_frac 0.03 | H 0.46 |      2s
Update  23/60: return    nan (  0 eps) | EV +0.89 | kl 0.0038 | off_frac 0.04 | H 0.45 |      3s
Update  24/60: return  500.0 (  6 eps) | EV +0.81 | kl 0.0028 | off_frac 0.03 | H 0.47 |      3s
Update  25/60: return  500.0 (  7 eps) | EV +0.67 | kl 0.0029 | off_frac 0.03 | H 0.46 |      3s
Update  26/60: return  500.0 ( 13 eps) | EV +0.42 | kl 0.0034 | off_frac 0.04 | H 0.46 |      3s
Update  27/60: return  500.0 ( 11 eps) | EV +0.12 | kl 0.0029 | off_frac 0.02 | H 0.46 |      3s
Update  28/60: return  500.0 (  4 eps) | EV +0.17 | kl 0.0020 | off_frac 0.01 | H 0.45 |      3s
Update  29/60: return  500.0 (  1 eps) | EV -0.22 | kl 0.0041 | off_frac 0.02 | H 0.45 |      3s
Update  30/60: return  500.0 (  3 eps) | EV -0.05 | kl 0.0025 | off_frac 0.01 | H 0.46 |      3s
Update  31/60: return  500.0 (  4 eps) | EV -0.10 | kl 0.0045 | off_frac 0.03 | H 0.45 |      4s
Update  32/60: return  500.0 (  4 eps) | EV -0.04 | kl 0.0016 | off_frac 0.00 | H 0.44 |      4s
Update  33/60: return  500.0 (  5 eps) | EV -0.03 | kl 0.0020 | off_frac 0.01 | H 0.43 |      4s
Update  34/60: return  500.0 (  4 eps) | EV -0.02 | kl 0.0051 | off_frac 0.06 | H 0.43 |      4s
Update  35/60: return  500.0 (  1 eps) | EV +0.03 | kl 0.0018 | off_frac 0.01 | H 0.42 |      4s
Update  36/60: return    nan (  0 eps) | EV +0.01 | kl 0.0073 | off_frac 0.12 | H 0.42 |      4s
Update  37/60: return    nan (  0 eps) | EV -0.19 | kl 0.0026 | off_frac 0.03 | H 0.40 |      4s
Update  38/60: return  500.0 (  1 eps) | EV +0.13 | kl 0.0032 | off_frac 0.03 | H 0.40 |      4s
Update  39/60: return  500.0 (  1 eps) | EV -0.06 | kl 0.0024 | off_frac 0.01 | H 0.41 |      4s
Update  40/60: return  500.0 (  7 eps) | EV -0.00 | kl 0.0023 | off_frac 0.02 | H 0.41 |      5s
Update  41/60: return  500.0 ( 10 eps) | EV -0.03 | kl 0.0010 | off_frac 0.00 | H 0.41 |      5s
Update  42/60: return  500.0 ( 13 eps) | EV -0.09 | kl 0.0008 | off_frac 0.01 | H 0.40 |      5s
Update  43/60: return  500.0 (  8 eps) | EV -0.08 | kl 0.0016 | off_frac 0.00 | H 0.39 |      5s
Update  44/60: return  500.0 (  2 eps) | EV +0.13 | kl 0.0039 | off_frac 0.05 | H 0.40 |      5s
Update  45/60: return  500.0 (  3 eps) | EV -0.16 | kl 0.0018 | off_frac 0.01 | H 0.39 |      5s
Update  46/60: return  500.0 (  3 eps) | EV -0.07 | kl 0.0035 | off_frac 0.04 | H 0.37 |      5s
Update  47/60: return  500.0 (  4 eps) | EV -0.12 | kl 0.0014 | off_frac 0.00 | H 0.36 |      5s
Update  48/60: return  500.0 (  4 eps) | EV -0.10 | kl 0.0010 | off_frac 0.01 | H 0.38 |      5s
Update  49/60: return  500.0 (  4 eps) | EV -0.06 | kl 0.0012 | off_frac 0.01 | H 0.36 |      6s
Update  50/60: return  500.0 (  4 eps) | EV -0.09 | kl 0.0013 | off_frac 0.01 | H 0.35 |      6s
Update  51/60: return    nan (  0 eps) | EV -0.04 | kl 0.0020 | off_frac 0.02 | H 0.33 |      6s
Update  52/60: return    nan (  0 eps) | EV -0.01 | kl 0.0016 | off_frac 0.01 | H 0.33 |      6s
Update  53/60: return  500.0 (  1 eps) | EV -0.19 | kl 0.0014 | off_frac 0.00 | H 0.33 |      6s
Update  54/60: return    nan (  0 eps) | EV -0.04 | kl 0.0007 | off_frac 0.00 | H 0.35 |      6s
Update  55/60: return  500.0 (  4 eps) | EV +0.08 | kl 0.0020 | off_frac 0.01 | H 0.32 |      6s
Update  56/60: return  500.0 (  7 eps) | EV -0.31 | kl 0.0047 | off_frac 0.07 | H 0.33 |      6s
Update  57/60: return  500.0 ( 11 eps) | EV +0.15 | kl 0.0017 | off_frac 0.02 | H 0.33 |      6s
Update  58/60: return  500.0 ( 12 eps) | EV -0.57 | kl 0.0007 | off_frac 0.00 | H 0.34 |      7s
Update  59/60: return  500.0 (  7 eps) | EV +0.17 | kl 0.0045 | off_frac 0.04 | H 0.31 |      7s
Update  60/60: return    nan (  0 eps) | EV -0.24 | kl 0.0020 | off_frac 0.01 | H 0.30 |      7s
greedy evaluation over 64 episodes: 500.0 +- 0.0 (min 500, 100% reach 500)
saved results/ppo/nn_seed2.json  (7s)
