policy = nn: 4 features, 898 trainable policy parameters
Update   1/60: return   18.9 ( 50 eps) | EV -0.01 | kl 0.0104 | off_frac 0.12 | H 0.67 |      0s
Update   2/60: return   27.2 ( 52 eps) | EV -0.24 | kl 0.0074 | off_frac 0.08 | H 0.66 |      0s
Update   3/60: return   40.5 ( 45 eps) | EV -0.26 | kl 0.0100 | off_frac 0.12 | H 0.63 |      0s
Update   4/60: return   48.1 ( 31 eps) | EV +0.10 | kl 0.0199 | off_frac 0.27 | H 0.59 |      1s
Update   5/60: return   75.9 ( 12 eps) | EV +0.36 | kl 0.0150 | off_frac 0.22 | H 0.58 |      1s
Update   6/60: return   94.9 ( 17 eps) | EV +0.24 | kl 0.0085 | off_frac 0.10 | H 0.59 |      1s
Update   7/60: return  111.8 ( 17 eps) | EV +0.53 | kl 0.0045 | off_frac 0.04 | H 0.58 |      1s
Update   8/60: return  115.3 ( 19 eps) | EV +0.66 | kl 0.0074 | off_frac 0.10 | H 0.56 |      1s
Update   9/60: return  129.2 (  8 eps) | EV +0.89 | kl 0.0062 | off_frac 0.05 | H 0.56 |      1s
Update  10/60: return  142.6 ( 11 eps) | EV +0.88 | kl 0.0115 | off_frac 0.18 | H 0.56 |      1s
Update  11/60: return  122.0 (  7 eps) | EV +0.91 | kl 0.0051 | off_frac 0.05 | H 0.54 |      1s
Update  12/60: return  181.3 ( 11 eps) | EV +0.93 | kl 0.0092 | off_frac 0.14 | H 0.53 |      1s
Update  13/60: return  154.0 (  5 eps) | EV +0.97 | kl 0.0094 | off_frac 0.10 | H 0.52 |      2s
Update  14/60: return  178.6 ( 10 eps) | EV +0.92 | kl 0.0060 | off_frac 0.07 | H 0.52 |      2s
Update  15/60: return  228.8 (  6 eps) | EV +0.94 | kl 0.0086 | off_frac 0.09 | H 0.51 |      2s
Update  16/60: return  258.2 (  6 eps) | EV +0.93 | kl 0.0113 | off_frac 0.12 | H 0.50 |      2s
Update  17/60: return  268.6 (  5 eps) | EV +0.93 | kl 0.0070 | off_frac 0.08 | H 0.49 |      2s
Update  18/60: return  447.0 (  2 eps) | EV +0.97 | kl 0.0076 | off_frac 0.10 | H 0.49 |      2s
Update  19/60: return  348.0 (  2 eps) | EV +0.96 | kl 0.0159 | off_frac 0.25 | H 0.51 |      2s
Update  20/60: return  145.0 (  2 eps) | EV +0.65 | kl 0.0110 | off_frac 0.17 | H 0.50 |      2s
Update  21/60: return  407.5 (  2 eps) | EV +0.91 | kl 0.0039 | off_frac 0.04 | H 0.49 |      2s
Update  22/60: return  500.0 (  1 eps) | EV +0.78 | kl 0.0137 | off_frac 0.22 | H 0.48 |      3s
Update  23/60: return  500.0 (  1 eps) | EV +0.69 | kl 0.0034 | off_frac 0.04 | H 0.46 |      3s
Update  24/60: return  500.0 (  1 eps) | EV +0.69 | kl 0.0039 | off_frac 0.04 | H 0.45 |      3s
Update  25/60: return  500.0 (  2 eps) | EV +0.79 | kl 0.0027 | off_frac 0.02 | H 0.45 |      3s
Update  26/60: return  500.0 (  7 eps) | EV +0.60 | kl 0.0044 | off_frac 0.06 | H 0.42 |      3s
Update  27/60: return  500.0 (  8 eps) | EV +0.51 | kl 0.0037 | off_frac 0.05 | H 0.41 |      3s
Update  28/60: return  500.0 (  7 eps) | EV +0.10 | kl 0.0036 | off_frac 0.04 | H 0.39 |      3s
Update  29/60: return  500.0 (  6 eps) | EV +0.31 | kl 0.0058 | off_frac 0.09 | H 0.39 |      3s
Update  30/60: return  500.0 ( 11 eps) | EV +0.05 | kl 0.0017 | off_frac 0.01 | H 0.39 |      3s
Update  31/60: return  500.0 (  5 eps) | EV +0.04 | kl 0.0020 | off_frac 0.02 | H 0.39 |      4s
Update  32/60: return  500.0 (  4 eps) | EV +0.37 | kl 0.0022 | off_frac 0.02 | H 0.36 |      4s
Update  33/60: return  500.0 (  3 eps) | EV +0.01 | kl 0.0030 | off_frac 0.03 | H 0.36 |      4s
Update  34/60: return  500.0 (  2 eps) | EV -0.04 | kl 0.0052 | off_frac 0.07 | H 0.35 |      4s
Update  35/60: return  500.0 (  2 eps) | EV -0.30 | kl 0.0016 | off_frac 0.01 | H 0.36 |      4s
Update  36/60: return  500.0 (  4 eps) | EV +0.28 | kl 0.0009 | off_frac 0.01 | H 0.34 |      4s
Update  37/60: return    nan (  0 eps) | EV -0.16 | kl 0.0017 | off_frac 0.01 | H 0.34 |      4s
Update  38/60: return  500.0 (  1 eps) | EV +0.33 | kl 0.0015 | off_frac 0.01 | H 0.33 |      4s
Update  39/60: return  500.0 (  1 eps) | EV -0.50 | kl 0.0014 | off_frac 0.01 | H 0.33 |      4s
Update  40/60: return  500.0 (  1 eps) | EV +0.34 | kl 0.0035 | off_frac 0.03 | H 0.32 |      5s
Update  41/60: return  500.0 (  3 eps) | EV +0.32 | kl 0.0058 | off_frac 0.09 | H 0.31 |      5s
Update  42/60: return  500.0 (  9 eps) | EV +0.51 | kl 0.0009 | off_frac 0.00 | H 0.30 |      5s
Update  43/60: return  500.0 (  8 eps) | EV +0.07 | kl 0.0024 | off_frac 0.03 | H 0.29 |      5s
Update  44/60: return  500.0 (  7 eps) | EV -0.15 | kl 0.0041 | off_frac 0.06 | H 0.28 |      5s
Update  45/60: return  500.0 (  6 eps) | EV +0.02 | kl 0.0008 | off_frac 0.00 | H 0.28 |      5s
Update  46/60: return  500.0 ( 10 eps) | EV -0.31 | kl 0.0011 | off_frac 0.01 | H 0.27 |      5s
Update  47/60: return  500.0 (  4 eps) | EV +0.14 | kl 0.0043 | off_frac 0.07 | H 0.26 |      5s
Update  48/60: return  500.0 (  5 eps) | EV +0.25 | kl 0.0023 | off_frac 0.02 | H 0.26 |      5s
Update  49/60: return  500.0 (  3 eps) | EV +0.12 | kl 0.0005 | off_frac 0.00 | H 0.25 |      6s
Update  50/60: return  500.0 (  1 eps) | EV +0.15 | kl 0.0018 | off_frac 0.01 | H 0.25 |      6s
Update  51/60: return  500.0 (  1 eps) | EV +0.22 | kl 0.0036 | off_frac 0.04 | H 0.24 |      6s
Update  52/60: return  500.0 (  4 eps) | EV -0.14 | kl 0.0046 | off_frac 0.08 | H 0.23 |      6s
Update  53/60: return  500.0 (  1 eps) | EV +0.33 | kl 0.0084 | off_frac 0.14 | H 0.25 |      6s
Update  54/60: return  500.0 (  1 eps) | EV +0.33 | kl 0.0047 | off_frac 0.07 | H 0.25 |      6s
Update  55/60: return  500.0 (  1 eps) | EV +0.13 | kl 0.0021 | off_frac 0.01 | H 0.24 |      6s
Update  56/60: return    nan (  0 eps) | EV +0.32 | kl 0.0036 | off_frac 0.04 | H 0.25 |      6s
Update  57/60: return  500.0 (  7 eps) | EV +0.39 | kl 0.0003 | off_frac 0.00 | H 0.23 |      7s
Update  58/60: return  500.0 (  5 eps) | EV -0.26 | kl 0.0031 | off_frac 0.04 | H 0.24 |      7s
Update  59/60: return  500.0 ( 12 eps) | EV +0.07 | kl 0.0023 | off_frac 0.02 | H 0.24 |      7s
Update  60/60: return  500.0 (  4 eps) | EV -0.31 | kl 0.0019 | off_frac 0.01 | H 0.24 |      7s
greedy evaluation over 64 episodes: 500.0 +- 0.0 (min 500, 100% reach 500)
saved results/ppo/nn_seed1.json  (7s)
