policy = nn: 4 features, 898 trainable policy parameters
Update   1/60: return   15.8 ( 80 eps) | EV -0.02 | kl 0.0153 | off_frac 0.31 | H 0.69 |      0s
Update   2/60: return   23.6 ( 69 eps) | EV -0.31 | kl 0.0083 | off_frac 0.07 | H 0.67 |      0s
Update   3/60: return   33.0 ( 51 eps) | EV +0.01 | kl 0.0110 | off_frac 0.13 | H 0.64 |      1s
Update   4/60: return   38.0 ( 40 eps) | EV +0.11 | kl 0.0187 | off_frac 0.21 | H 0.59 |      1s
Update   5/60: return   60.0 ( 20 eps) | EV +0.06 | kl 0.0113 | off_frac 0.11 | H 0.56 |      1s
Update   6/60: return   78.6 ( 11 eps) | EV +0.32 | kl 0.0093 | off_frac 0.12 | H 0.56 |      1s
Update   7/60: return  120.5 ( 12 eps) | EV +0.77 | kl 0.0088 | off_frac 0.10 | H 0.56 |      1s
Update   8/60: return  116.0 (  9 eps) | EV +0.84 | kl 0.0063 | off_frac 0.05 | H 0.56 |      1s
Update   9/60: return  127.9 (  7 eps) | EV +0.84 | kl 0.0102 | off_frac 0.14 | H 0.53 |      2s
Update  10/60: return  148.6 ( 14 eps) | EV +0.88 | kl 0.0073 | off_frac 0.08 | H 0.53 |      2s
Update  11/60: return  185.4 (  9 eps) | EV +0.83 | kl 0.0065 | off_frac 0.09 | H 0.52 |      2s
Update  12/60: return  229.8 (  8 eps) | EV +0.85 | kl 0.0121 | off_frac 0.15 | H 0.52 |      2s
Update  13/60: return  189.9 (  7 eps) | EV +0.90 | kl 0.0054 | off_frac 0.06 | H 0.51 |      2s
Update  14/60: return  197.0 (  3 eps) | EV +0.66 | kl 0.0076 | off_frac 0.10 | H 0.48 |      2s
Update  15/60: return  162.0 (  2 eps) | EV +0.83 | kl 0.0165 | off_frac 0.25 | H 0.46 |      3s
Update  16/60: return  277.5 (  2 eps) | EV +0.27 | kl 0.0081 | off_frac 0.12 | H 0.48 |      3s
Update  17/60: return    nan (  0 eps) | EV +0.92 | kl 0.0031 | off_frac 0.02 | H 0.48 |      3s
Update  18/60: return    nan (  0 eps) | EV +0.99 | kl 0.0065 | off_frac 0.10 | H 0.49 |      3s
Update  19/60: return  397.5 (  6 eps) | EV +0.98 | kl 0.0181 | off_frac 0.27 | H 0.52 |      3s
Update  20/60: return  402.4 (  9 eps) | EV +0.98 | kl 0.0196 | off_frac 0.32 | H 0.50 |      3s
Update  21/60: return  350.8 (  8 eps) | EV +0.98 | kl 0.0138 | off_frac 0.23 | H 0.48 |      4s
Update  22/60: return  397.0 (  4 eps) | EV +0.97 | kl 0.0080 | off_frac 0.11 | H 0.45 |      4s
Update  23/60: return  412.0 (  1 eps) | EV +0.92 | kl 0.0053 | off_frac 0.05 | H 0.45 |      4s
Update  24/60: return  500.0 (  5 eps) | EV +0.95 | kl 0.0040 | off_frac 0.03 | H 0.42 |      4s
Update  25/60: return  500.0 (  4 eps) | EV +0.95 | kl 0.0103 | off_frac 0.09 | H 0.41 |      4s
Update  26/60: return  500.0 (  4 eps) | EV +0.94 | kl 0.0062 | off_frac 0.05 | H 0.39 |      4s
Update  27/60: return  500.0 (  6 eps) | EV +0.72 | kl 0.0018 | off_frac 0.02 | H 0.39 |      5s
Update  28/60: return  500.0 (  7 eps) | EV +0.67 | kl 0.0075 | off_frac 0.12 | H 0.38 |      5s
Update  29/60: return  500.0 (  4 eps) | EV +0.67 | kl 0.0024 | off_frac 0.02 | H 0.38 |      5s
Update  30/60: return  500.0 (  2 eps) | EV +0.79 | kl 0.0097 | off_frac 0.17 | H 0.37 |      5s
Update  31/60: return  500.0 (  3 eps) | EV +0.66 | kl 0.0088 | off_frac 0.14 | H 0.38 |      5s
Update  32/60: return  500.0 (  1 eps) | EV +0.55 | kl 0.0070 | off_frac 0.13 | H 0.37 |      5s
Update  33/60: return    nan (  0 eps) | EV +0.46 | kl 0.0027 | off_frac 0.03 | H 0.37 |      6s
Update  34/60: return  500.0 (  2 eps) | EV +0.79 | kl 0.0031 | off_frac 0.04 | H 0.36 |      6s
Update  35/60: return  500.0 (  8 eps) | EV +0.82 | kl 0.0045 | off_frac 0.06 | H 0.37 |      6s
Update  36/60: return  500.0 (  9 eps) | EV +0.68 | kl 0.0025 | off_frac 0.04 | H 0.35 |      6s
Update  37/60: return  500.0 (  5 eps) | EV +0.43 | kl 0.0051 | off_frac 0.08 | H 0.36 |      6s
Update  38/60: return  500.0 (  4 eps) | EV +0.41 | kl 0.0028 | off_frac 0.04 | H 0.35 |      6s
Update  39/60: return  500.0 (  2 eps) | EV +0.43 | kl 0.0019 | off_frac 0.02 | H 0.33 |      7s
Update  40/60: return  500.0 (  3 eps) | EV +0.26 | kl 0.0009 | off_frac 0.00 | H 0.33 |      7s
Update  41/60: return  500.0 (  7 eps) | EV +0.53 | kl 0.0050 | off_frac 0.09 | H 0.32 |      7s
Update  42/60: return  500.0 (  1 eps) | EV +0.18 | kl 0.0018 | off_frac 0.02 | H 0.33 |      7s
Update  43/60: return  500.0 ( 10 eps) | EV +0.15 | kl 0.0050 | off_frac 0.07 | H 0.33 |      7s
Update  44/60: return  500.0 (  5 eps) | EV +0.34 | kl 0.0026 | off_frac 0.03 | H 0.33 |      7s
Update  45/60: return  500.0 (  3 eps) | EV +0.71 | kl 0.0010 | off_frac 0.01 | H 0.33 |      8s
Update  46/60: return  500.0 (  1 eps) | EV +0.69 | kl 0.0024 | off_frac 0.02 | H 0.31 |      8s
Update  47/60: return  500.0 (  3 eps) | EV +0.52 | kl 0.0037 | off_frac 0.04 | H 0.31 |      8s
Update  48/60: return  500.0 (  1 eps) | EV +0.32 | kl 0.0022 | off_frac 0.02 | H 0.30 |      8s
Update  49/60: return    nan (  0 eps) | EV +0.56 | kl 0.0013 | off_frac 0.01 | H 0.29 |      8s
Update  50/60: return  500.0 (  2 eps) | EV +0.29 | kl 0.0015 | off_frac 0.01 | H 0.28 |      8s
Update  51/60: return  500.0 ( 12 eps) | EV +0.42 | kl 0.0026 | off_frac 0.03 | H 0.28 |      9s
Update  52/60: return  500.0 (  8 eps) | EV +0.32 | kl 0.0042 | off_frac 0.06 | H 0.28 |      9s
Update  53/60: return  500.0 (  5 eps) | EV +0.55 | kl 0.0056 | off_frac 0.06 | H 0.30 |      9s
Update  54/60: return  500.0 (  1 eps) | EV +0.46 | kl 0.0034 | off_frac 0.05 | H 0.28 |      9s
Update  55/60: return  500.0 (  5 eps) | EV +0.21 | kl 0.0010 | off_frac 0.00 | H 0.28 |      9s
Update  56/60: return  500.0 (  1 eps) | EV +0.41 | kl 0.0018 | off_frac 0.02 | H 0.28 |      9s
Update  57/60: return  500.0 (  7 eps) | EV -1.44 | kl 0.0029 | off_frac 0.03 | H 0.28 |     10s
Update  58/60: return  500.0 (  5 eps) | EV +0.64 | kl 0.0039 | off_frac 0.05 | H 0.27 |     10s
Update  59/60: return  500.0 (  7 eps) | EV -0.25 | kl 0.0036 | off_frac 0.05 | H 0.28 |     10s
Update  60/60: return  500.0 (  4 eps) | EV +0.13 | kl 0.0035 | off_frac 0.05 | H 0.28 |     10s
greedy evaluation over 64 episodes: 500.0 +- 0.0 (min 500, 100% reach 500)
saved results/ppo/nn_seed0.json  (10s)
