LunarLander-v3 | policy = linear: 8 features, 36 trainable policy parameters
Update   1/400: return     nan (  0 eps) | EV +0.03 | kl 0.0084 | off_frac 0.11 | H 1.38 |      0s
Update   7/400: return   -93.9 ( 20 eps) | EV +0.82 | kl 0.0131 | off_frac 0.16 | H 1.16 |      1s
Update  13/400: return  -100.4 (  5 eps) | EV +0.56 | kl 0.0153 | off_frac 0.25 | H 1.09 |      2s
Update  19/400: return   -50.5 (  5 eps) | EV +0.85 | kl 0.0134 | off_frac 0.21 | H 1.09 |      3s
Update  25/400: return     nan (  0 eps) | EV +0.82 | kl 0.0123 | off_frac 0.19 | H 0.94 |      4s
Update  31/400: return    60.1 (  3 eps) | EV +0.52 | kl 0.0338 | off_frac 0.39 | H 0.88 |      5s
Update  37/400: return   154.1 (  5 eps) | EV +0.73 | kl 0.0125 | off_frac 0.20 | H 0.82 |      6s
Update  43/400: return   105.8 (  3 eps) | EV +0.84 | kl 0.0084 | off_frac 0.15 | H 0.95 |      7s
Update  49/400: return   126.1 (  3 eps) | EV +0.83 | kl 0.0149 | off_frac 0.25 | H 0.95 |      8s
Update  55/400: return    44.3 (  6 eps) | EV +0.81 | kl 0.0100 | off_frac 0.19 | H 0.88 |      9s
Update  61/400: return    70.1 (  2 eps) | EV +0.71 | kl 0.0047 | off_frac 0.02 | H 0.94 |     10s
Update  67/400: return   153.1 (  2 eps) | EV +0.80 | kl 0.0116 | off_frac 0.15 | H 0.80 |     11s
Update  73/400: return   124.6 (  2 eps) | EV +0.93 | kl 0.0046 | off_frac 0.08 | H 0.81 |     12s
Update  79/400: return   116.9 (  4 eps) | EV +0.98 | kl 0.0118 | off_frac 0.22 | H 0.86 |     14s
Update  85/400: return    38.7 (  6 eps) | EV +0.72 | kl 0.0009 | off_frac 0.01 | H 0.78 |     15s
Update  91/400: return    65.6 (  2 eps) | EV +0.86 | kl 0.0047 | off_frac 0.02 | H 0.79 |     16s
Update  97/400: return   -42.8 (  1 eps) | EV +0.92 | kl 0.0046 | off_frac 0.04 | H 0.84 |     17s
Update 103/400: return    98.6 (  1 eps) | EV +0.98 | kl 0.0029 | off_frac 0.03 | H 0.79 |     18s
Update 109/400: return     1.0 (  1 eps) | EV +0.80 | kl 0.0016 | off_frac 0.01 | H 0.85 |     19s
Update 115/400: return   127.1 (  1 eps) | EV +0.98 | kl 0.0075 | off_frac 0.07 | H 0.87 |     20s
Update 121/400: return    69.5 (  2 eps) | EV +0.90 | kl 0.0068 | off_frac 0.10 | H 0.81 |     21s
Update 127/400: return   135.0 (  6 eps) | EV +0.87 | kl 0.0039 | off_frac 0.04 | H 0.70 |     22s
Update 133/400: return   135.0 (  1 eps) | EV +0.96 | kl 0.0044 | off_frac 0.08 | H 0.83 |     23s
Update 139/400: return    71.4 (  2 eps) | EV +0.94 | kl 0.0020 | off_frac 0.04 | H 0.77 |     24s
Update 145/400: return   131.1 (  4 eps) | EV +0.94 | kl 0.0121 | off_frac 0.23 | H 0.76 |     25s
Update 151/400: return    99.4 (  4 eps) | EV +0.92 | kl 0.0046 | off_frac 0.03 | H 0.75 |     26s
Update 157/400: return   130.5 (  5 eps) | EV +0.89 | kl 0.0034 | off_frac 0.04 | H 0.76 |     27s
Update 163/400: return   158.0 (  7 eps) | EV +0.73 | kl 0.0020 | off_frac 0.02 | H 0.67 |     28s
Update 169/400: return    65.3 (  4 eps) | EV +0.79 | kl 0.0085 | off_frac 0.09 | H 0.81 |     29s
Update 175/400: return    -9.9 (  1 eps) | EV +0.95 | kl 0.0033 | off_frac 0.03 | H 0.71 |     30s
Update 181/400: return   117.1 (  4 eps) | EV +0.84 | kl 0.0022 | off_frac 0.03 | H 0.69 |     31s
Update 187/400: return    51.5 (  7 eps) | EV +0.82 | kl 0.0056 | off_frac 0.06 | H 0.68 |     32s
Update 193/400: return   123.6 (  6 eps) | EV +0.84 | kl 0.0115 | off_frac 0.28 | H 0.71 |     33s
Update 199/400: return   152.5 (  4 eps) | EV +0.82 | kl 0.0126 | off_frac 0.27 | H 0.79 |     35s
Update 205/400: return   127.0 (  5 eps) | EV +0.96 | kl 0.0034 | off_frac 0.05 | H 0.76 |     36s
Update 211/400: return   178.5 (  2 eps) | EV +0.94 | kl 0.0100 | off_frac 0.17 | H 0.76 |     37s
Update 217/400: return   129.3 (  2 eps) | EV +0.89 | kl 0.0014 | off_frac 0.01 | H 0.70 |     38s
Update 223/400: return   198.6 (  3 eps) | EV +0.87 | kl 0.0054 | off_frac 0.03 | H 0.69 |     39s
Update 229/400: return   112.1 (  2 eps) | EV +0.98 | kl 0.0123 | off_frac 0.17 | H 0.72 |     40s
Update 235/400: return   -17.1 (  2 eps) | EV +0.78 | kl 0.0017 | off_frac 0.01 | H 0.70 |     41s
Update 241/400: return   122.4 (  4 eps) | EV +0.88 | kl 0.0114 | off_frac 0.23 | H 0.63 |     42s
Update 247/400: return    99.8 (  7 eps) | EV +0.87 | kl 0.0009 | off_frac 0.00 | H 0.65 |     43s
Update 253/400: return   121.2 (  9 eps) | EV +0.85 | kl 0.0042 | off_frac 0.02 | H 0.65 |     44s
Update 259/400: return   222.9 (  2 eps) | EV +0.84 | kl 0.0086 | off_frac 0.09 | H 0.59 |     45s
Update 265/400: return   119.8 (  1 eps) | EV +0.98 | kl 0.0072 | off_frac 0.08 | H 0.66 |     47s
Update 271/400: return    47.2 (  3 eps) | EV +0.88 | kl 0.0046 | off_frac 0.06 | H 0.66 |     48s
Update 277/400: return    52.7 (  2 eps) | EV +0.92 | kl 0.0033 | off_frac 0.02 | H 0.65 |     49s
Update 283/400: return   111.3 (  3 eps) | EV +0.83 | kl 0.0027 | off_frac 0.03 | H 0.60 |     50s
Update 289/400: return   161.9 (  7 eps) | EV +0.81 | kl 0.0268 | off_frac 0.31 | H 0.60 |     51s
Update 295/400: return    91.6 (  8 eps) | EV +0.77 | kl 0.0105 | off_frac 0.17 | H 0.54 |     52s
Update 301/400: return    75.3 (  7 eps) | EV +0.77 | kl 0.0052 | off_frac 0.06 | H 0.66 |     53s
Update 307/400: return    46.4 (  5 eps) | EV +0.87 | kl 0.0088 | off_frac 0.11 | H 0.62 |     54s
Update 313/400: return   244.4 (  1 eps) | EV +0.90 | kl 0.0139 | off_frac 0.17 | H 0.67 |     55s
Update 319/400: return     4.1 (  3 eps) | EV +0.76 | kl 0.0099 | off_frac 0.04 | H 0.76 |     56s
Update 325/400: return   112.4 (  1 eps) | EV +0.93 | kl 0.0046 | off_frac 0.05 | H 0.79 |     57s
Update 331/400: return   177.1 (  2 eps) | EV +0.83 | kl 0.0073 | off_frac 0.07 | H 0.79 |     58s
Update 337/400: return   168.8 (  3 eps) | EV +0.79 | kl 0.0097 | off_frac 0.16 | H 0.71 |     59s
Update 343/400: return     nan (  0 eps) | EV +0.89 | kl 0.0011 | off_frac 0.01 | H 0.78 |     60s
Update 349/400: return    -5.5 (  3 eps) | EV +0.91 | kl 0.0055 | off_frac 0.04 | H 0.79 |     61s
Update 355/400: return    77.4 (  2 eps) | EV +0.72 | kl 0.0317 | off_frac 0.29 | H 0.82 |     62s
Update 361/400: return   110.1 (  5 eps) | EV +0.84 | kl 0.0212 | off_frac 0.31 | H 0.74 |     63s
Update 367/400: return    88.8 (  5 eps) | EV +0.81 | kl 0.0036 | off_frac 0.02 | H 0.79 |     64s
Update 373/400: return    79.4 (  4 eps) | EV +0.96 | kl 0.0073 | off_frac 0.07 | H 0.82 |     65s
Update 379/400: return   116.1 (  3 eps) | EV +0.90 | kl 0.0139 | off_frac 0.26 | H 0.79 |     66s
Update 385/400: return   210.0 (  3 eps) | EV +0.70 | kl 0.0140 | off_frac 0.16 | H 0.58 |     67s
Update 391/400: return   218.3 (  1 eps) | EV +0.89 | kl 0.0047 | off_frac 0.06 | H 0.76 |     68s
Update 397/400: return    31.0 (  4 eps) | EV +0.81 | kl 0.0045 | off_frac 0.04 | H 0.83 |     69s
Update 400/400: return   165.6 (  8 eps) | EV +0.85 | kl 0.0043 | off_frac 0.06 | H 0.75 |     70s
greedy evaluation of the frozen policy over 64 episodes: 24.9 +- 81.8 (min -75, max 220)
saved results/ppo/LunarLander/linear_seed1.json  (72s)
