LunarLander-v3 | policy = linear: 8 features, 36 trainable policy parameters
Update   1/400: return     nan (  0 eps) | EV -0.03 | kl 0.0140 | off_frac 0.23 | H 1.37 |      0s
Update   7/400: return   -72.6 ( 14 eps) | EV +0.79 | kl 0.0080 | off_frac 0.10 | H 1.13 |      1s
Update  13/400: return   -88.4 (  7 eps) | EV +0.55 | kl 0.0110 | off_frac 0.17 | H 1.06 |      2s
Update  19/400: return   -56.2 (  2 eps) | EV +0.91 | kl 0.0044 | off_frac 0.04 | H 0.94 |      3s
Update  25/400: return    33.2 (  3 eps) | EV +0.80 | kl 0.0020 | off_frac 0.02 | H 0.88 |      4s
Update  31/400: return   189.4 (  1 eps) | EV +0.81 | kl 0.0115 | off_frac 0.18 | H 0.87 |      5s
Update  37/400: return   -18.5 (  3 eps) | EV +0.72 | kl 0.0119 | off_frac 0.14 | H 0.87 |      6s
Update  43/400: return    99.4 (  3 eps) | EV +0.72 | kl 0.0130 | off_frac 0.30 | H 0.78 |      7s
Update  49/400: return     nan (  0 eps) | EV +0.85 | kl 0.0112 | off_frac 0.26 | H 0.81 |      8s
Update  55/400: return    31.3 (  5 eps) | EV +0.57 | kl 0.0032 | off_frac 0.00 | H 0.74 |      9s
Update  61/400: return    90.6 (  2 eps) | EV +0.92 | kl 0.0097 | off_frac 0.10 | H 0.78 |     10s
Update  67/400: return   115.7 (  1 eps) | EV +0.97 | kl 0.0088 | off_frac 0.03 | H 0.75 |     11s
Update  73/400: return   120.3 (  1 eps) | EV +0.89 | kl 0.0015 | off_frac 0.00 | H 0.69 |     12s
Update  79/400: return   115.9 (  5 eps) | EV +0.89 | kl 0.0037 | off_frac 0.02 | H 0.77 |     13s
Update  85/400: return    59.6 (  2 eps) | EV +0.85 | kl 0.0051 | off_frac 0.02 | H 0.70 |     14s
Update  91/400: return   106.6 (  2 eps) | EV +0.92 | kl 0.0115 | off_frac 0.24 | H 0.80 |     15s
Update  97/400: return    63.2 (  4 eps) | EV +0.70 | kl 0.0038 | off_frac 0.02 | H 0.64 |     16s
Update 103/400: return   107.8 (  4 eps) | EV +0.89 | kl 0.0036 | off_frac 0.04 | H 0.66 |     17s
Update 109/400: return    89.3 (  9 eps) | EV +0.90 | kl 0.0049 | off_frac 0.04 | H 0.66 |     19s
Update 115/400: return   121.7 (  4 eps) | EV +0.87 | kl 0.0212 | off_frac 0.35 | H 0.74 |     20s
Update 121/400: return   108.6 (  1 eps) | EV +0.97 | kl 0.0140 | off_frac 0.25 | H 0.86 |     21s
Update 127/400: return   188.7 (  3 eps) | EV +0.91 | kl 0.0040 | off_frac 0.00 | H 0.65 |     22s
Update 133/400: return     nan (  0 eps) | EV +0.97 | kl 0.0114 | off_frac 0.18 | H 0.68 |     23s
Update 139/400: return   116.0 (  6 eps) | EV +0.98 | kl 0.0094 | off_frac 0.14 | H 0.69 |     24s
Update 145/400: return   139.2 (  2 eps) | EV +0.96 | kl 0.0060 | off_frac 0.05 | H 0.74 |     25s
Update 151/400: return   109.7 (  1 eps) | EV +0.95 | kl 0.0131 | off_frac 0.20 | H 0.68 |     26s
Update 157/400: return   139.8 (  2 eps) | EV +0.91 | kl 0.0125 | off_frac 0.19 | H 0.71 |     28s
Update 163/400: return    95.5 (  2 eps) | EV +0.94 | kl 0.0064 | off_frac 0.05 | H 0.64 |     29s
Update 169/400: return   150.1 (  2 eps) | EV +0.99 | kl 0.0120 | off_frac 0.12 | H 0.66 |     30s
Update 175/400: return   143.6 (  1 eps) | EV +0.99 | kl 0.0096 | off_frac 0.13 | H 0.74 |     31s
Update 181/400: return   144.6 (  9 eps) | EV +0.95 | kl 0.0116 | off_frac 0.21 | H 0.67 |     32s
Update 187/400: return   130.3 (  2 eps) | EV +0.34 | kl 0.0271 | off_frac 0.49 | H 0.71 |     34s
Update 193/400: return   137.5 (  1 eps) | EV +0.99 | kl 0.0104 | off_frac 0.11 | H 0.70 |     35s
Update 199/400: return   110.6 (  2 eps) | EV +0.98 | kl 0.0048 | off_frac 0.02 | H 0.70 |     36s
Update 205/400: return    69.2 (  2 eps) | EV +0.99 | kl 0.0029 | off_frac 0.02 | H 0.70 |     37s
Update 211/400: return   187.2 (  3 eps) | EV +0.95 | kl 0.0043 | off_frac 0.04 | H 0.68 |     38s
Update 217/400: return    32.3 (  2 eps) | EV +0.95 | kl 0.0010 | off_frac 0.00 | H 0.65 |     39s
Update 223/400: return   107.8 (  5 eps) | EV +0.97 | kl 0.0028 | off_frac 0.02 | H 0.67 |     40s
Update 229/400: return   128.3 (  1 eps) | EV +0.96 | kl 0.0162 | off_frac 0.29 | H 0.60 |     41s
Update 235/400: return   187.2 (  2 eps) | EV +0.95 | kl 0.0156 | off_frac 0.26 | H 0.63 |     42s
Update 241/400: return   149.1 (  4 eps) | EV +0.94 | kl 0.0098 | off_frac 0.09 | H 0.64 |     43s
Update 247/400: return   164.3 (  4 eps) | EV +0.95 | kl 0.0039 | off_frac 0.02 | H 0.67 |     44s
Update 253/400: return     nan (  0 eps) | EV +0.98 | kl 0.0018 | off_frac 0.01 | H 0.66 |     45s
Update 259/400: return   169.5 (  3 eps) | EV +0.95 | kl 0.0064 | off_frac 0.02 | H 0.64 |     46s
Update 265/400: return   118.7 (  1 eps) | EV +0.99 | kl 0.0092 | off_frac 0.06 | H 0.66 |     47s
Update 271/400: return   131.5 (  3 eps) | EV +0.85 | kl 0.0018 | off_frac 0.00 | H 0.65 |     48s
Update 277/400: return   131.1 (  5 eps) | EV +0.93 | kl 0.0025 | off_frac 0.02 | H 0.66 |     49s
Update 283/400: return   140.4 (  7 eps) | EV +0.93 | kl 0.0074 | off_frac 0.14 | H 0.66 |     50s
Update 289/400: return    81.9 (  4 eps) | EV +0.91 | kl 0.0011 | off_frac 0.00 | H 0.60 |     51s
Update 295/400: return   159.7 (  3 eps) | EV +0.86 | kl 0.0080 | off_frac 0.16 | H 0.51 |     52s
Update 301/400: return   164.1 (  4 eps) | EV +0.95 | kl 0.0020 | off_frac 0.02 | H 0.67 |     54s
Update 307/400: return   100.3 (  3 eps) | EV +0.73 | kl 0.0057 | off_frac 0.02 | H 0.66 |     55s
Update 313/400: return   150.8 (  5 eps) | EV +0.94 | kl 0.0046 | off_frac 0.07 | H 0.64 |     56s
Update 319/400: return   167.9 (  2 eps) | EV +0.90 | kl 0.0047 | off_frac 0.07 | H 0.65 |     57s
Update 325/400: return     nan (  0 eps) | EV +0.84 | kl 0.0045 | off_frac 0.06 | H 0.71 |     57s
Update 331/400: return    93.3 (  2 eps) | EV +0.92 | kl 0.0028 | off_frac 0.02 | H 0.70 |     59s
Update 337/400: return   123.5 (  2 eps) | EV +0.85 | kl 0.0022 | off_frac 0.00 | H 0.61 |     60s
Update 343/400: return   107.1 (  2 eps) | EV +0.98 | kl 0.0079 | off_frac 0.11 | H 0.71 |     61s
Update 349/400: return   132.9 (  2 eps) | EV +0.89 | kl 0.0081 | off_frac 0.10 | H 0.68 |     62s
Update 355/400: return   209.0 (  1 eps) | EV +0.85 | kl 0.0081 | off_frac 0.06 | H 0.63 |     63s
Update 361/400: return   120.7 (  7 eps) | EV +0.84 | kl 0.0003 | off_frac 0.00 | H 0.62 |     64s
Update 367/400: return   118.8 (  2 eps) | EV +0.90 | kl 0.0037 | off_frac 0.02 | H 0.66 |     65s
Update 373/400: return   204.2 (  3 eps) | EV +0.93 | kl 0.0118 | off_frac 0.20 | H 0.64 |     66s
Update 379/400: return   181.4 (  4 eps) | EV +0.94 | kl 0.0060 | off_frac 0.08 | H 0.67 |     67s
Update 385/400: return   131.7 (  3 eps) | EV +0.75 | kl 0.0012 | off_frac 0.01 | H 0.66 |     68s
Update 391/400: return   123.2 (  2 eps) | EV +0.98 | kl 0.0125 | off_frac 0.19 | H 0.74 |     69s
Update 397/400: return   226.6 (  4 eps) | EV +0.80 | kl 0.0046 | off_frac 0.02 | H 0.66 |     70s
Update 400/400: return   106.5 (  4 eps) | EV +0.87 | kl 0.0105 | off_frac 0.10 | H 0.71 |     70s
greedy evaluation of the frozen policy over 64 episodes: 106.0 +- 118.6 (min -116, max 261)
saved results/ppo/LunarLander/linear_seed0.json  (73s)
