LunarLander-v3 | policy = linear: 8 features, 36 trainable policy parameters
Update   1/400: return     nan (  0 eps) | EV +0.04 | kl 0.0111 | off_frac 0.16 | H 1.37 |      0s
Update   7/400: return  -126.2 ( 15 eps) | EV +0.70 | kl 0.0147 | off_frac 0.28 | H 1.22 |      1s
Update  13/400: return   -35.9 (  6 eps) | EV +0.86 | kl 0.0108 | off_frac 0.17 | H 1.11 |      2s
Update  19/400: return   -42.5 (  6 eps) | EV +0.88 | kl 0.0103 | off_frac 0.18 | H 1.13 |      3s
Update  25/400: return     nan (  0 eps) | EV +0.93 | kl 0.0124 | off_frac 0.24 | H 1.01 |      4s
Update  31/400: return    21.6 (  7 eps) | EV +0.60 | kl 0.0025 | off_frac 0.01 | H 0.80 |      5s
Update  37/400: return   111.3 (  3 eps) | EV +0.43 | kl 0.0205 | off_frac 0.31 | H 0.87 |      6s
Update  43/400: return    74.3 (  2 eps) | EV +0.81 | kl 0.0060 | off_frac 0.06 | H 0.85 |      7s
Update  49/400: return    -7.8 (  3 eps) | EV +0.54 | kl 0.0061 | off_frac 0.12 | H 0.94 |      8s
Update  55/400: return    56.2 (  1 eps) | EV +0.96 | kl 0.0050 | off_frac 0.06 | H 0.79 |      9s
Update  61/400: return    88.3 (  1 eps) | EV +0.95 | kl 0.0094 | off_frac 0.19 | H 0.86 |     10s
Update  67/400: return   123.1 (  1 eps) | EV +0.99 | kl 0.0115 | off_frac 0.13 | H 0.83 |     11s
Update  73/400: return    55.0 (  3 eps) | EV +0.91 | kl 0.0106 | off_frac 0.22 | H 0.80 |     12s
Update  79/400: return   112.0 (  4 eps) | EV +0.78 | kl 0.0199 | off_frac 0.52 | H 0.70 |     14s
Update  85/400: return   124.9 (  1 eps) | EV +0.99 | kl 0.0132 | off_frac 0.23 | H 0.75 |     15s
Update  91/400: return    99.0 (  4 eps) | EV +0.97 | kl 0.0097 | off_frac 0.09 | H 0.75 |     16s
Update  97/400: return   131.7 (  3 eps) | EV +0.97 | kl 0.0018 | off_frac 0.00 | H 0.74 |     17s
Update 103/400: return   134.0 (  4 eps) | EV +0.94 | kl 0.0079 | off_frac 0.07 | H 0.71 |     18s
Update 109/400: return     nan (  0 eps) | EV +0.93 | kl 0.0069 | off_frac 0.12 | H 0.74 |     19s
Update 115/400: return   133.0 (  2 eps) | EV +0.97 | kl 0.0049 | off_frac 0.07 | H 0.81 |     20s
Update 121/400: return    96.7 (  6 eps) | EV +0.90 | kl 0.0033 | off_frac 0.02 | H 0.72 |     21s
Update 127/400: return   103.4 (  1 eps) | EV +0.99 | kl 0.0134 | off_frac 0.21 | H 0.72 |     22s
Update 133/400: return   146.1 (  2 eps) | EV +0.97 | kl 0.0068 | off_frac 0.02 | H 0.67 |     23s
Update 139/400: return   149.1 (  4 eps) | EV +0.85 | kl 0.0122 | off_frac 0.20 | H 0.65 |     24s
Update 145/400: return   103.3 (  3 eps) | EV +0.94 | kl 0.0017 | off_frac 0.02 | H 0.69 |     25s
Update 151/400: return     nan (  0 eps) | EV +0.99 | kl 0.0079 | off_frac 0.05 | H 0.71 |     26s
Update 157/400: return    86.0 (  3 eps) | EV +0.89 | kl 0.0053 | off_frac 0.07 | H 0.67 |     28s
Update 163/400: return   137.8 (  1 eps) | EV +0.98 | kl 0.0119 | off_frac 0.26 | H 0.75 |     29s
Update 169/400: return   152.0 (  2 eps) | EV +0.87 | kl 0.0015 | off_frac 0.02 | H 0.70 |     30s
Update 175/400: return   135.5 (  3 eps) | EV +1.00 | kl 0.0025 | off_frac 0.04 | H 0.67 |     31s
Update 181/400: return   118.2 (  2 eps) | EV +1.00 | kl 0.0083 | off_frac 0.02 | H 0.75 |     32s
Update 187/400: return   178.7 (  2 eps) | EV +0.89 | kl 0.0228 | off_frac 0.60 | H 0.69 |     33s
Update 193/400: return   155.5 (  4 eps) | EV +0.94 | kl 0.0073 | off_frac 0.02 | H 0.70 |     34s
Update 199/400: return     nan (  0 eps) | EV +0.99 | kl 0.0096 | off_frac 0.05 | H 0.72 |     35s
Update 205/400: return   130.9 (  7 eps) | EV +0.89 | kl 0.0037 | off_frac 0.01 | H 0.70 |     36s
Update 211/400: return   120.6 (  3 eps) | EV +0.95 | kl 0.0145 | off_frac 0.31 | H 0.74 |     37s
Update 217/400: return   139.0 (  1 eps) | EV +0.99 | kl 0.0111 | off_frac 0.10 | H 0.69 |     38s
Update 223/400: return   148.4 (  1 eps) | EV +0.99 | kl 0.0069 | off_frac 0.06 | H 0.78 |     40s
Update 229/400: return   159.1 (  1 eps) | EV +0.99 | kl 0.0054 | off_frac 0.05 | H 0.72 |     41s
Update 235/400: return   165.6 (  3 eps) | EV +0.91 | kl 0.0023 | off_frac 0.05 | H 0.76 |     42s
Update 241/400: return   141.0 (  2 eps) | EV +0.97 | kl 0.0036 | off_frac 0.03 | H 0.75 |     43s
Update 247/400: return   144.7 (  2 eps) | EV +0.89 | kl 0.0200 | off_frac 0.33 | H 0.75 |     44s
Update 253/400: return   118.3 (  8 eps) | EV +0.91 | kl 0.0024 | off_frac 0.01 | H 0.75 |     45s
Update 259/400: return   135.9 (  4 eps) | EV +0.94 | kl 0.0119 | off_frac 0.12 | H 0.77 |     46s
Update 265/400: return    38.6 (  2 eps) | EV +0.94 | kl 0.0051 | off_frac 0.01 | H 0.78 |     47s
Update 271/400: return    87.7 (  2 eps) | EV +0.97 | kl 0.0034 | off_frac 0.03 | H 0.86 |     48s
Update 277/400: return   154.2 (  3 eps) | EV +0.94 | kl 0.0121 | off_frac 0.20 | H 0.92 |     49s
Update 283/400: return     nan (  0 eps) | EV +0.98 | kl 0.0106 | off_frac 0.16 | H 0.89 |     50s
Update 289/400: return   151.2 (  4 eps) | EV +0.91 | kl 0.0044 | off_frac 0.06 | H 0.77 |     51s
Update 295/400: return   132.7 (  7 eps) | EV +0.84 | kl 0.0025 | off_frac 0.09 | H 0.85 |     52s
Update 301/400: return   127.7 (  2 eps) | EV +0.99 | kl 0.0054 | off_frac 0.05 | H 0.88 |     53s
Update 307/400: return   179.8 (  2 eps) | EV +0.97 | kl 0.0026 | off_frac 0.01 | H 0.89 |     55s
Update 313/400: return   113.0 (  1 eps) | EV +0.99 | kl 0.0215 | off_frac 0.41 | H 0.79 |     56s
Update 319/400: return   221.4 ( 14 eps) | EV +0.51 | kl 0.0252 | off_frac 0.13 | H 0.39 |     57s
Update 325/400: return   154.9 (  5 eps) | EV +0.64 | kl 0.0115 | off_frac 0.16 | H 0.83 |     58s
Update 331/400: return   264.1 (  7 eps) | EV +0.93 | kl 0.0023 | off_frac 0.02 | H 0.59 |     59s
Update 337/400: return   214.1 ( 10 eps) | EV +0.88 | kl 0.0041 | off_frac 0.06 | H 0.58 |     60s
Update 343/400: return   138.3 (  7 eps) | EV +0.90 | kl 0.0091 | off_frac 0.13 | H 0.54 |     61s
Update 349/400: return   221.9 (  5 eps) | EV +0.90 | kl 0.0053 | off_frac 0.08 | H 0.62 |     62s
Update 355/400: return   190.4 (  3 eps) | EV +0.82 | kl 0.0088 | off_frac 0.08 | H 0.63 |     63s
Update 361/400: return   239.4 (  6 eps) | EV +0.92 | kl 0.0100 | off_frac 0.16 | H 0.62 |     65s
Update 367/400: return   205.4 (  9 eps) | EV +0.90 | kl 0.0050 | off_frac 0.07 | H 0.44 |     66s
Update 373/400: return   269.3 (  5 eps) | EV +0.92 | kl 0.0062 | off_frac 0.09 | H 0.57 |     67s
Update 379/400: return   200.4 (  5 eps) | EV +0.93 | kl 0.0079 | off_frac 0.10 | H 0.72 |     68s
Update 385/400: return   262.1 (  7 eps) | EV +0.95 | kl 0.0062 | off_frac 0.08 | H 0.61 |     69s
Update 391/400: return   253.2 (  7 eps) | EV +0.93 | kl 0.0065 | off_frac 0.09 | H 0.61 |     70s
Update 397/400: return   199.0 (  4 eps) | EV +0.94 | kl 0.0066 | off_frac 0.08 | H 0.66 |     71s
Update 400/400: return   213.5 (  6 eps) | EV +0.89 | kl 0.0090 | off_frac 0.14 | H 0.64 |     71s
greedy evaluation of the frozen policy over 64 episodes: 7.2 +- 66.9 (min -50, max 274)
saved results/ppo/LunarLander/linear_seed2.json  (74s)
