LunarLander-v3 | policy = mr (normal, intensity): 33 features, 136 trainable policy parameters
Update   1/250: return     nan (  0 eps) | EV +0.12 | kl 0.0170 | off_frac 0.26 | H 1.37 |      6s
Update   5/250: return   -73.2 ( 11 eps) | EV +0.48 | kl 0.0195 | off_frac 0.35 | H 1.20 |     49s
Update   9/250: return   -25.7 (  9 eps) | EV +0.88 | kl 0.0190 | off_frac 0.24 | H 0.89 |     91s
Update  13/250: return    32.9 (  4 eps) | EV +0.82 | kl 0.0081 | off_frac 0.11 | H 1.00 |    128s
Update  17/250: return    -8.3 (  4 eps) | EV +0.84 | kl 0.0117 | off_frac 0.11 | H 0.94 |    166s
Update  21/250: return     nan (  0 eps) | EV +0.93 | kl 0.0092 | off_frac 0.13 | H 0.92 |    197s
Update  25/250: return   197.3 (  2 eps) | EV +0.69 | kl 0.0098 | off_frac 0.08 | H 0.88 |    224s
Update  29/250: return     nan (  0 eps) | EV +0.87 | kl 0.0122 | off_frac 0.11 | H 0.82 |    258s
Update  33/250: return   -50.1 (  2 eps) | EV +0.79 | kl 0.0123 | off_frac 0.14 | H 0.62 |    294s
Update  37/250: return   188.9 ( 22 eps) | EV +0.21 | kl 0.0125 | off_frac 0.11 | H 0.57 |    329s
Update  41/250: return   200.9 (  1 eps) | EV +0.92 | kl 0.0089 | off_frac 0.14 | H 0.87 |    359s
Update  45/250: return     nan (  0 eps) | EV +0.94 | kl 0.0093 | off_frac 0.14 | H 0.97 |    385s
Update  49/250: return     nan (  0 eps) | EV +0.83 | kl 0.0115 | off_frac 0.18 | H 0.90 |    411s
Update  53/250: return   115.2 (  9 eps) | EV +0.82 | kl 0.0042 | off_frac 0.06 | H 0.65 |    450s
Update  57/250: return   245.3 (  2 eps) | EV +0.88 | kl 0.0053 | off_frac 0.08 | H 0.81 |    486s
Update  61/250: return   157.7 (  7 eps) | EV +0.89 | kl 0.0062 | off_frac 0.06 | H 0.66 |    524s
Update  65/250: return   171.2 (  4 eps) | EV +0.92 | kl 0.0092 | off_frac 0.12 | H 0.73 |    574s
Update  69/250: return    72.9 (  7 eps) | EV +0.89 | kl 0.0066 | off_frac 0.09 | H 0.69 |    617s
Update  73/250: return   121.9 (  9 eps) | EV +0.79 | kl 0.0049 | off_frac 0.05 | H 0.64 |    656s
Update  77/250: return   261.6 (  6 eps) | EV +0.84 | kl 0.0091 | off_frac 0.14 | H 0.67 |    694s
Update  81/250: return   192.9 (  7 eps) | EV +0.72 | kl 0.0051 | off_frac 0.05 | H 0.61 |    731s
Update  85/250: return   212.1 (  9 eps) | EV +0.81 | kl 0.0114 | off_frac 0.12 | H 0.68 |    767s
Update  89/250: return   180.1 (  9 eps) | EV +0.83 | kl 0.0098 | off_frac 0.12 | H 0.58 |    808s
Update  93/250: return   194.4 (  3 eps) | EV +0.88 | kl 0.0118 | off_frac 0.12 | H 0.65 |    849s
Update  97/250: return   269.6 (  9 eps) | EV +0.93 | kl 0.0060 | off_frac 0.07 | H 0.58 |    890s
Update 101/250: return   197.3 (  4 eps) | EV +0.91 | kl 0.0060 | off_frac 0.08 | H 0.68 |    927s
Update 105/250: return   172.9 (  7 eps) | EV +0.92 | kl 0.0234 | off_frac 0.18 | H 0.67 |    966s
Update 109/250: return   245.3 (  3 eps) | EV +0.93 | kl 0.0103 | off_frac 0.15 | H 0.72 |   1001s
Update 113/250: return    35.8 (  5 eps) | EV +0.79 | kl 0.0078 | off_frac 0.06 | H 0.80 |   1035s
Update 117/250: return   214.3 (  6 eps) | EV +0.85 | kl 0.0101 | off_frac 0.09 | H 0.59 |   1077s
Update 121/250: return   222.7 (  7 eps) | EV +0.93 | kl 0.0103 | off_frac 0.15 | H 0.67 |   1115s
Update 125/250: return   192.4 (  5 eps) | EV +0.90 | kl 0.0044 | off_frac 0.05 | H 0.61 |   1152s
Update 129/250: return   200.6 ( 10 eps) | EV +0.79 | kl 0.0074 | off_frac 0.09 | H 0.61 |   1191s
Update 133/250: return   213.7 ( 10 eps) | EV +0.91 | kl 0.0113 | off_frac 0.08 | H 0.58 |   1230s
Update 137/250: return   144.9 (  9 eps) | EV +0.83 | kl 0.0117 | off_frac 0.16 | H 0.54 |   1270s
Update 141/250: return   234.1 (  7 eps) | EV +0.92 | kl 0.0063 | off_frac 0.08 | H 0.54 |   1308s
Update 145/250: return   209.2 (  6 eps) | EV +0.89 | kl 0.1205 | off_frac 0.24 | H 0.70 |   1344s
Update 149/250: return   158.7 (  4 eps) | EV +0.66 | kl 0.0092 | off_frac 0.08 | H 0.64 |   1379s
Update 153/250: return   239.1 (  7 eps) | EV +0.76 | kl 0.0037 | off_frac 0.03 | H 0.51 |   1414s
Update 157/250: return   278.2 (  5 eps) | EV +0.86 | kl 0.1946 | off_frac 0.25 | H 0.43 |   1449s
Update 161/250: return   195.8 (  6 eps) | EV +0.89 | kl 0.0067 | off_frac 0.06 | H 0.58 |   1487s
Update 165/250: return   265.6 ( 11 eps) | EV +0.89 | kl 0.0092 | off_frac 0.12 | H 0.52 |   1525s
Update 169/250: return   127.7 (  2 eps) | EV +0.95 | kl 0.0119 | off_frac 0.16 | H 0.61 |   1563s
Update 173/250: return   242.0 (  9 eps) | EV +0.83 | kl 0.0091 | off_frac 0.12 | H 0.53 |   1603s
Update 177/250: return   224.9 (  6 eps) | EV +0.94 | kl 0.0147 | off_frac 0.15 | H 0.54 |   1640s
Update 181/250: return   235.0 ( 11 eps) | EV +0.88 | kl 0.0111 | off_frac 0.13 | H 0.46 |   1680s
Update 185/250: return   225.3 (  8 eps) | EV +0.86 | kl 0.0060 | off_frac 0.09 | H 0.55 |   1720s
Update 189/250: return   280.0 ( 10 eps) | EV +0.90 | kl 0.0075 | off_frac 0.10 | H 0.49 |   1760s
Update 193/250: return   208.1 (  4 eps) | EV +0.85 | kl 0.0075 | off_frac 0.10 | H 0.61 |   1800s
Update 197/250: return   235.5 ( 13 eps) | EV +0.84 | kl 0.0044 | off_frac 0.05 | H 0.46 |   1840s
Update 201/250: return   244.7 (  7 eps) | EV +0.86 | kl 0.0097 | off_frac 0.08 | H 0.52 |   1882s
Update 205/250: return   249.0 ( 13 eps) | EV +0.79 | kl 0.0063 | off_frac 0.06 | H 0.56 |   1922s
Update 209/250: return   277.1 (  9 eps) | EV +0.96 | kl 0.0116 | off_frac 0.16 | H 0.59 |   1962s
Update 213/250: return   266.2 (  8 eps) | EV +0.92 | kl 0.0040 | off_frac 0.06 | H 0.49 |   2004s
Update 217/250: return   200.2 (  9 eps) | EV +0.79 | kl 0.0054 | off_frac 0.08 | H 0.47 |   2044s
Update 221/250: return   240.6 (  6 eps) | EV +0.82 | kl 0.0059 | off_frac 0.06 | H 0.44 |   2086s
Update 225/250: return   180.0 (  4 eps) | EV +0.91 | kl 0.0093 | off_frac 0.13 | H 0.52 |   2127s
Update 229/250: return   267.3 (  7 eps) | EV +0.98 | kl 0.0072 | off_frac 0.11 | H 0.61 |   2167s
Update 233/250: return   233.0 ( 14 eps) | EV +0.78 | kl 0.0058 | off_frac 0.08 | H 0.43 |   2207s
Update 237/250: return   252.6 (  6 eps) | EV +0.91 | kl 0.0092 | off_frac 0.12 | H 0.56 |   2246s
Update 241/250: return   239.9 (  9 eps) | EV +0.92 | kl 0.0075 | off_frac 0.07 | H 0.50 |   2284s
Update 245/250: return   262.8 (  6 eps) | EV +0.88 | kl 0.0128 | off_frac 0.11 | H 0.49 |   2324s
Update 249/250: return   268.9 (  8 eps) | EV +0.96 | kl 0.0025 | off_frac 0.01 | H 0.52 |   2363s
Update 250/250: return   269.4 (  3 eps) | EV +0.95 | kl 0.0080 | off_frac 0.10 | H 0.55 |   2371s
ring health: {'unstable_fraction': 0.0, 'calls': 513536, 'substepped': 0, 'reprepared': 549}
greedy evaluation of the frozen policy over 64 episodes: 254.5 +- 47.5 (min 35, max 302)
saved results/ppo/LunarLander/mr_normal_seed1.json  (2632s)
