LunarLander-v3 | policy = mr (normal, intensity): 33 features, 136 trainable policy parameters
Update   1/250: return     nan (  0 eps) | EV -0.02 | kl 0.0196 | off_frac 0.32 | H 1.37 |      5s
Update   5/250: return  -115.1 ( 11 eps) | EV +0.78 | kl 0.0107 | off_frac 0.12 | H 1.21 |     45s
Update   9/250: return   -41.5 ( 11 eps) | EV +0.84 | kl 0.0110 | off_frac 0.16 | H 1.00 |     90s
Update  13/250: return   -40.0 (  7 eps) | EV +0.91 | kl 0.0099 | off_frac 0.10 | H 0.98 |    122s
Update  17/250: return   -60.9 (  1 eps) | EV +0.96 | kl 0.0131 | off_frac 0.21 | H 0.99 |    160s
Update  21/250: return   149.8 (  1 eps) | EV +0.83 | kl 0.0091 | off_frac 0.12 | H 0.90 |    191s
Update  25/250: return   -28.1 (  1 eps) | EV +0.71 | kl 0.0140 | off_frac 0.12 | H 0.91 |    222s
Update  29/250: return     nan (  0 eps) | EV +0.96 | kl 0.0117 | off_frac 0.17 | H 0.76 |    250s
Update  33/250: return   202.6 ( 12 eps) | EV +0.49 | kl 0.0064 | off_frac 0.08 | H 0.69 |    281s
Update  37/250: return   235.1 (  1 eps) | EV +0.92 | kl 0.0098 | off_frac 0.12 | H 0.81 |    310s
Update  41/250: return   102.7 (  4 eps) | EV +0.75 | kl 0.0072 | off_frac 0.09 | H 0.89 |    342s
Update  45/250: return   231.9 (  2 eps) | EV +0.84 | kl 0.0302 | off_frac 0.24 | H 0.76 |    377s
Update  49/250: return   228.3 (  5 eps) | EV +0.92 | kl 0.0069 | off_frac 0.07 | H 0.84 |    408s
Update  53/250: return   177.7 (  7 eps) | EV +0.64 | kl 0.0070 | off_frac 0.07 | H 0.79 |    438s
Update  57/250: return   223.2 ( 11 eps) | EV +0.73 | kl 0.0037 | off_frac 0.03 | H 0.63 |    471s
Update  61/250: return   206.1 (  3 eps) | EV +0.94 | kl 0.0167 | off_frac 0.12 | H 0.72 |    507s
Update  65/250: return   182.7 (  9 eps) | EV +0.94 | kl 0.0100 | off_frac 0.14 | H 0.76 |    548s
Update  69/250: return   121.3 (  7 eps) | EV +0.84 | kl 0.0057 | off_frac 0.08 | H 0.71 |    593s
Update  73/250: return   142.9 (  5 eps) | EV +0.87 | kl 0.0086 | off_frac 0.11 | H 0.62 |    630s
Update  77/250: return   108.4 ( 15 eps) | EV +0.70 | kl 0.0054 | off_frac 0.04 | H 0.62 |    667s
Update  81/250: return   129.0 (  8 eps) | EV +0.82 | kl 0.0151 | off_frac 0.21 | H 0.70 |    704s
Update  85/250: return   234.2 (  2 eps) | EV +0.78 | kl 0.0071 | off_frac 0.10 | H 0.65 |    744s
Update  89/250: return   104.3 (  5 eps) | EV +0.87 | kl 0.0123 | off_frac 0.15 | H 0.65 |    781s
Update  93/250: return   237.8 (  3 eps) | EV +0.91 | kl 0.0072 | off_frac 0.10 | H 0.69 |    816s
Update  97/250: return   250.5 (  3 eps) | EV +0.95 | kl 0.0106 | off_frac 0.17 | H 0.62 |    852s
Update 101/250: return   160.3 (  7 eps) | EV +0.86 | kl 0.0067 | off_frac 0.06 | H 0.61 |    888s
Update 105/250: return   215.5 (  5 eps) | EV +0.94 | kl 0.0074 | off_frac 0.11 | H 0.60 |    925s
Update 109/250: return   250.4 (  2 eps) | EV +0.96 | kl 0.0125 | off_frac 0.16 | H 0.64 |    965s
Update 113/250: return   165.5 (  6 eps) | EV +0.89 | kl 0.0099 | off_frac 0.09 | H 0.57 |   1007s
Update 117/250: return   219.7 (  7 eps) | EV +0.87 | kl 0.0071 | off_frac 0.07 | H 0.59 |   1048s
Update 121/250: return   210.4 ( 14 eps) | EV +0.86 | kl 0.0230 | off_frac 0.17 | H 0.58 |   1084s
Update 125/250: return   141.5 (  9 eps) | EV +0.78 | kl 0.0033 | off_frac 0.03 | H 0.57 |   1121s
Update 129/250: return   148.1 (  6 eps) | EV +0.84 | kl 0.0066 | off_frac 0.05 | H 0.54 |   1160s
Update 133/250: return   231.0 (  7 eps) | EV +0.95 | kl 0.0179 | off_frac 0.11 | H 0.62 |   1196s
Update 137/250: return   257.0 (  2 eps) | EV +0.93 | kl 0.0124 | off_frac 0.17 | H 0.68 |   1230s
Update 141/250: return   262.2 (  5 eps) | EV +0.95 | kl 0.0102 | off_frac 0.14 | H 0.68 |   1266s
Update 145/250: return   235.0 (  9 eps) | EV +0.90 | kl 0.0051 | off_frac 0.07 | H 0.57 |   1302s
Update 149/250: return   155.9 ( 10 eps) | EV +0.90 | kl 0.0105 | off_frac 0.14 | H 0.60 |   1337s
Update 153/250: return   184.8 (  5 eps) | EV +0.87 | kl 0.0102 | off_frac 0.15 | H 0.58 |   1374s
Update 157/250: return   200.4 (  6 eps) | EV +0.91 | kl 0.0036 | off_frac 0.03 | H 0.57 |   1409s
Update 161/250: return   255.7 (  5 eps) | EV +0.91 | kl 0.0055 | off_frac 0.07 | H 0.65 |   1441s
Update 165/250: return   272.8 (  6 eps) | EV +0.90 | kl 0.0071 | off_frac 0.08 | H 0.64 |   1475s
Update 169/250: return   247.7 (  7 eps) | EV +0.94 | kl 0.0062 | off_frac 0.09 | H 0.66 |   1507s
Update 173/250: return   219.2 (  5 eps) | EV +0.84 | kl 0.0037 | off_frac 0.04 | H 0.63 |   1542s
Update 177/250: return   267.2 ( 13 eps) | EV +0.95 | kl 0.0088 | off_frac 0.13 | H 0.57 |   1578s
Update 181/250: return   271.9 (  9 eps) | EV +0.95 | kl 0.0096 | off_frac 0.13 | H 0.53 |   1613s
Update 185/250: return   237.3 (  9 eps) | EV +0.86 | kl 0.0091 | off_frac 0.10 | H 0.48 |   1652s
Update 189/250: return   232.6 ( 10 eps) | EV +0.87 | kl 0.0072 | off_frac 0.10 | H 0.47 |   1690s
Update 193/250: return   262.7 (  3 eps) | EV +0.93 | kl 0.0084 | off_frac 0.11 | H 0.68 |   1724s
Update 197/250: return   262.3 (  7 eps) | EV +0.94 | kl 0.0064 | off_frac 0.10 | H 0.59 |   1757s
Update 201/250: return   240.4 (  9 eps) | EV +0.93 | kl 0.0079 | off_frac 0.13 | H 0.58 |   1793s
Update 205/250: return   247.4 (  3 eps) | EV +0.97 | kl 0.0180 | off_frac 0.14 | H 0.64 |   1829s
Update 209/250: return   208.4 ( 15 eps) | EV +0.84 | kl 0.0248 | off_frac 0.16 | H 0.46 |   1869s
Update 213/250: return   271.7 (  4 eps) | EV +0.92 | kl 0.0034 | off_frac 0.04 | H 0.60 |   1902s
Update 217/250: return   258.9 ( 16 eps) | EV +0.81 | kl 0.0168 | off_frac 0.14 | H 0.44 |   1939s
Update 221/250: return   273.0 (  5 eps) | EV +0.93 | kl 0.0089 | off_frac 0.14 | H 0.54 |   1971s
Update 225/250: return   252.7 (  9 eps) | EV +0.85 | kl 0.0071 | off_frac 0.07 | H 0.52 |   2010s
Update 229/250: return   291.1 (  9 eps) | EV +0.93 | kl 0.0059 | off_frac 0.09 | H 0.52 |   2046s
Update 233/250: return   267.1 ( 10 eps) | EV +0.90 | kl 0.0045 | off_frac 0.07 | H 0.57 |   2083s
Update 237/250: return   250.5 ( 10 eps) | EV +0.88 | kl 0.0373 | off_frac 0.13 | H 0.50 |   2120s
Update 241/250: return   270.6 (  6 eps) | EV +0.95 | kl 0.0072 | off_frac 0.08 | H 0.48 |   2159s
Update 245/250: return   222.7 (  8 eps) | EV +0.89 | kl 0.0159 | off_frac 0.12 | H 0.61 |   2196s
Update 249/250: return   274.2 ( 14 eps) | EV +0.91 | kl 0.0058 | off_frac 0.08 | H 0.47 |   2234s
Update 250/250: return   227.3 (  8 eps) | EV +0.95 | kl 0.0047 | off_frac 0.06 | H 0.52 |   2243s
ring health: {'unstable_fraction': 0.0, 'calls': 513536, 'substepped': 0, 'reprepared': 542}
greedy evaluation of the frozen policy over 64 episodes: 262.7 +- 52.4 (min -13, max 316)
saved results/ppo/LunarLander/mr_normal_seed0.json  (2497s)
