LunarLander-v3 | policy = nn: 8 features, 1668 trainable policy parameters
Update   1/400: return     nan (  0 eps) | EV +0.03 | kl 0.0157 | off_frac 0.23 | H 1.36 |      0s
Update   7/400: return   -68.7 ( 20 eps) | EV +0.81 | kl 0.0253 | off_frac 0.46 | H 1.12 |      2s
Update  13/400: return   -79.3 (  6 eps) | EV +0.93 | kl 0.0200 | off_frac 0.25 | H 1.05 |      3s
Update  19/400: return     nan (  0 eps) | EV +0.96 | kl 0.0066 | off_frac 0.08 | H 0.99 |      4s
Update  25/400: return     nan (  0 eps) | EV +0.87 | kl 0.0117 | off_frac 0.15 | H 1.00 |      6s
Update  31/400: return     nan (  0 eps) | EV +0.83 | kl 0.0128 | off_frac 0.10 | H 0.92 |      7s
Update  37/400: return    20.2 ( 11 eps) | EV +0.48 | kl 0.0318 | off_frac 0.16 | H 0.60 |      8s
Update  43/400: return    73.6 (  2 eps) | EV +0.97 | kl 0.0083 | off_frac 0.11 | H 0.91 |      9s
Update  49/400: return     nan (  0 eps) | EV +0.96 | kl 0.0085 | off_frac 0.11 | H 0.92 |     11s
Update  55/400: return   176.2 (  1 eps) | EV +0.90 | kl 0.0147 | off_frac 0.22 | H 0.90 |     12s
Update  61/400: return   100.4 (  5 eps) | EV +0.81 | kl 0.0072 | off_frac 0.09 | H 0.73 |     14s
Update  67/400: return     1.1 (  3 eps) | EV +0.91 | kl 0.0062 | off_frac 0.07 | H 0.81 |     15s
Update  73/400: return    18.8 (  4 eps) | EV +0.86 | kl 0.0061 | off_frac 0.07 | H 0.76 |     16s
Update  79/400: return    12.4 (  3 eps) | EV +0.91 | kl 0.0082 | off_frac 0.10 | H 0.76 |     18s
Update  85/400: return   151.3 (  4 eps) | EV +0.94 | kl 0.0060 | off_frac 0.09 | H 0.73 |     19s
Update  91/400: return    77.3 (  2 eps) | EV +0.93 | kl 0.0106 | off_frac 0.13 | H 0.74 |     21s
Update  97/400: return    76.9 (  9 eps) | EV +0.78 | kl 0.0065 | off_frac 0.09 | H 0.73 |     22s
Update 103/400: return   123.2 (  6 eps) | EV +0.92 | kl 0.0136 | off_frac 0.16 | H 0.75 |     23s
Update 109/400: return   128.7 (  6 eps) | EV +0.84 | kl 0.0146 | off_frac 0.17 | H 0.68 |     25s
Update 115/400: return   121.1 (  5 eps) | EV +0.94 | kl 0.0778 | off_frac 0.14 | H 0.74 |     26s
Update 121/400: return   214.9 (  6 eps) | EV +0.95 | kl 0.0061 | off_frac 0.09 | H 0.73 |     27s
Update 127/400: return    25.9 (  1 eps) | EV +0.94 | kl 0.0068 | off_frac 0.10 | H 0.69 |     29s
Update 133/400: return   246.9 (  6 eps) | EV +0.92 | kl 0.0090 | off_frac 0.12 | H 0.68 |     30s
Update 139/400: return   109.6 (  6 eps) | EV +0.72 | kl 0.0387 | off_frac 0.22 | H 0.64 |     31s
Update 145/400: return   131.2 ( 10 eps) | EV +0.78 | kl 0.0100 | off_frac 0.12 | H 0.55 |     33s
Update 151/400: return   241.4 (  6 eps) | EV +0.94 | kl 0.0117 | off_frac 0.14 | H 0.68 |     34s
Update 157/400: return   117.9 (  7 eps) | EV +0.81 | kl 0.0198 | off_frac 0.16 | H 0.60 |     36s
Update 163/400: return   227.1 (  9 eps) | EV +0.86 | kl 0.0088 | off_frac 0.11 | H 0.53 |     37s
Update 169/400: return   202.9 (  6 eps) | EV +0.90 | kl 0.0068 | off_frac 0.09 | H 0.61 |     38s
Update 175/400: return   191.7 (  7 eps) | EV +0.94 | kl 0.0094 | off_frac 0.09 | H 0.58 |     39s
Update 181/400: return   267.5 (  9 eps) | EV +0.94 | kl 0.0119 | off_frac 0.13 | H 0.54 |     41s
Update 187/400: return   251.7 (  6 eps) | EV +0.96 | kl 0.0124 | off_frac 0.13 | H 0.59 |     42s
Update 193/400: return   265.5 (  9 eps) | EV +0.85 | kl 0.0112 | off_frac 0.13 | H 0.53 |     43s
Update 199/400: return   245.1 (  6 eps) | EV +0.79 | kl 0.0179 | off_frac 0.10 | H 0.60 |     44s
Update 205/400: return   276.7 (  8 eps) | EV +0.96 | kl 0.0082 | off_frac 0.10 | H 0.55 |     46s
Update 211/400: return   284.8 (  5 eps) | EV +0.92 | kl 0.0153 | off_frac 0.15 | H 0.45 |     47s
Update 217/400: return   254.7 (  8 eps) | EV +0.84 | kl 0.0112 | off_frac 0.13 | H 0.45 |     48s
Update 223/400: return   158.6 (  6 eps) | EV +0.84 | kl 0.0101 | off_frac 0.12 | H 0.46 |     49s
Update 229/400: return   237.5 ( 11 eps) | EV +0.83 | kl 0.0141 | off_frac 0.13 | H 0.41 |     51s
Update 235/400: return   269.1 (  7 eps) | EV +0.93 | kl 0.0090 | off_frac 0.10 | H 0.44 |     52s
Update 241/400: return   213.2 ( 11 eps) | EV +0.83 | kl 0.0301 | off_frac 0.19 | H 0.49 |     53s
Update 247/400: return   140.8 (  7 eps) | EV +0.77 | kl 0.0101 | off_frac 0.12 | H 0.49 |     55s
Update 253/400: return   280.2 (  9 eps) | EV +0.85 | kl 0.1075 | off_frac 0.34 | H 0.34 |     56s
Update 259/400: return   257.9 ( 12 eps) | EV +0.84 | kl 0.0097 | off_frac 0.09 | H 0.33 |     57s
Update 265/400: return   279.2 (  7 eps) | EV +0.93 | kl 0.0151 | off_frac 0.12 | H 0.39 |     59s
Update 271/400: return   215.7 (  8 eps) | EV +0.96 | kl 0.0137 | off_frac 0.11 | H 0.41 |     60s
Update 277/400: return   256.7 ( 11 eps) | EV +0.87 | kl 0.0084 | off_frac 0.12 | H 0.40 |     62s
Update 283/400: return   264.0 ( 11 eps) | EV +0.97 | kl 0.0168 | off_frac 0.12 | H 0.37 |     63s
Update 289/400: return   268.1 (  8 eps) | EV +0.97 | kl 0.0132 | off_frac 0.14 | H 0.48 |     64s
Update 295/400: return   254.2 ( 10 eps) | EV +0.86 | kl 0.0101 | off_frac 0.09 | H 0.39 |     66s
Update 301/400: return   259.9 ( 12 eps) | EV +0.93 | kl 0.0081 | off_frac 0.07 | H 0.37 |     67s
Update 307/400: return   283.1 ( 12 eps) | EV +0.97 | kl 0.0127 | off_frac 0.13 | H 0.34 |     68s
Update 313/400: return   212.4 (  4 eps) | EV +0.92 | kl 0.0079 | off_frac 0.09 | H 0.36 |     70s
Update 319/400: return   190.1 (  3 eps) | EV +0.96 | kl 0.0121 | off_frac 0.12 | H 0.45 |     71s
Update 325/400: return   255.8 (  8 eps) | EV +0.89 | kl 0.0140 | off_frac 0.11 | H 0.45 |     72s
Update 331/400: return   298.5 (  4 eps) | EV +0.96 | kl 0.0159 | off_frac 0.19 | H 0.50 |     74s
Update 337/400: return   228.8 (  5 eps) | EV +0.90 | kl 0.0110 | off_frac 0.11 | H 0.49 |     75s
Update 343/400: return   274.6 (  7 eps) | EV +0.96 | kl 0.0152 | off_frac 0.15 | H 0.46 |     76s
Update 349/400: return   272.7 (  8 eps) | EV +0.97 | kl 0.0148 | off_frac 0.15 | H 0.46 |     77s
Update 355/400: return   210.9 (  9 eps) | EV +0.86 | kl 0.0132 | off_frac 0.10 | H 0.41 |     79s
Update 361/400: return   244.6 (  7 eps) | EV +0.94 | kl 0.0089 | off_frac 0.10 | H 0.42 |     80s
Update 367/400: return   268.4 ( 16 eps) | EV +0.88 | kl 0.0149 | off_frac 0.12 | H 0.36 |     81s
Update 373/400: return   246.3 (  8 eps) | EV +0.86 | kl 0.0112 | off_frac 0.12 | H 0.36 |     82s
Update 379/400: return   261.6 ( 13 eps) | EV +0.90 | kl 0.0078 | off_frac 0.07 | H 0.32 |     83s
Update 385/400: return   258.8 (  9 eps) | EV +0.85 | kl 0.0113 | off_frac 0.14 | H 0.38 |     85s
Update 391/400: return   287.0 (  7 eps) | EV +0.97 | kl 0.0148 | off_frac 0.14 | H 0.40 |     86s
Update 397/400: return   286.2 (  4 eps) | EV +0.96 | kl 0.0117 | off_frac 0.12 | H 0.39 |     87s
Update 400/400: return   283.6 (  6 eps) | EV +0.95 | kl 0.0239 | off_frac 0.14 | H 0.34 |     88s
greedy evaluation of the frozen policy over 64 episodes: 274.5 +- 43.5 (min 31, max 329)
saved results/ppo/LunarLander/nn_seed2.json  (88s)
