LunarLander-v3 | policy = nn: 8 features, 1668 trainable policy parameters
Update   1/400: return     nan (  0 eps) | EV +0.07 | kl 0.0198 | off_frac 0.30 | H 1.36 |      0s
Update   7/400: return   -54.3 ( 11 eps) | EV +0.75 | kl 0.0139 | off_frac 0.14 | H 0.96 |      1s
Update  13/400: return     6.3 (  1 eps) | EV +0.85 | kl 0.0136 | off_frac 0.23 | H 1.02 |      3s
Update  19/400: return   -48.4 (  1 eps) | EV +0.79 | kl 0.0114 | off_frac 0.13 | H 1.02 |      4s
Update  25/400: return    98.6 (  8 eps) | EV +0.55 | kl 0.0127 | off_frac 0.09 | H 0.70 |      5s
Update  31/400: return    89.3 (  3 eps) | EV +0.90 | kl 0.0131 | off_frac 0.10 | H 0.80 |      7s
Update  37/400: return   118.8 (  4 eps) | EV +0.80 | kl 0.0103 | off_frac 0.14 | H 0.91 |      8s
Update  43/400: return   -41.4 (  1 eps) | EV +0.85 | kl 0.0113 | off_frac 0.13 | H 0.93 |      9s
Update  49/400: return   135.3 (  4 eps) | EV +0.94 | kl 0.0129 | off_frac 0.17 | H 0.90 |     11s
Update  55/400: return   135.0 (  5 eps) | EV +0.85 | kl 0.0149 | off_frac 0.12 | H 0.88 |     12s
Update  61/400: return    86.5 (  5 eps) | EV +0.69 | kl 0.0101 | off_frac 0.09 | H 0.86 |     13s
Update  67/400: return    74.9 (  4 eps) | EV +0.80 | kl 0.0162 | off_frac 0.13 | H 0.80 |     14s
Update  73/400: return   126.6 (  3 eps) | EV +0.80 | kl 0.0094 | off_frac 0.11 | H 0.84 |     16s
Update  79/400: return   145.2 (  6 eps) | EV +0.91 | kl 0.0112 | off_frac 0.11 | H 0.70 |     17s
Update  85/400: return   111.3 (  1 eps) | EV +0.96 | kl 0.0240 | off_frac 0.18 | H 0.87 |     18s
Update  91/400: return   192.0 (  2 eps) | EV +0.95 | kl 0.0146 | off_frac 0.17 | H 0.77 |     19s
Update  97/400: return    26.0 (  3 eps) | EV +0.88 | kl 0.0096 | off_frac 0.09 | H 0.71 |     21s
Update 103/400: return   178.3 (  7 eps) | EV +0.82 | kl 0.0207 | off_frac 0.17 | H 0.78 |     22s
Update 109/400: return   114.8 (  3 eps) | EV +0.84 | kl 0.0068 | off_frac 0.09 | H 0.71 |     23s
Update 115/400: return    44.4 (  7 eps) | EV +0.80 | kl 0.0126 | off_frac 0.17 | H 0.73 |     25s
Update 121/400: return   178.7 (  6 eps) | EV +0.90 | kl 0.0092 | off_frac 0.14 | H 0.72 |     26s
Update 127/400: return   267.1 (  1 eps) | EV +0.97 | kl 0.0067 | off_frac 0.08 | H 0.77 |     27s
Update 133/400: return   238.2 (  7 eps) | EV +0.86 | kl 0.0338 | off_frac 0.17 | H 0.70 |     29s
Update 139/400: return   131.0 (  2 eps) | EV +0.92 | kl 0.0173 | off_frac 0.14 | H 0.78 |     30s
Update 145/400: return   236.3 (  1 eps) | EV +0.93 | kl 0.0162 | off_frac 0.18 | H 0.83 |     31s
Update 151/400: return     nan (  0 eps) | EV +0.99 | kl 0.0124 | off_frac 0.18 | H 0.84 |     33s
Update 157/400: return   114.8 (  6 eps) | EV +0.86 | kl 0.0562 | off_frac 0.19 | H 0.54 |     34s
Update 163/400: return    86.0 (  6 eps) | EV +0.61 | kl 0.0115 | off_frac 0.14 | H 0.62 |     35s
Update 169/400: return   284.0 (  7 eps) | EV +0.87 | kl 0.0129 | off_frac 0.13 | H 0.63 |     36s
Update 175/400: return   268.9 (  9 eps) | EV +0.88 | kl 0.0172 | off_frac 0.18 | H 0.60 |     38s
Update 181/400: return   233.9 ( 11 eps) | EV +0.85 | kl 0.0275 | off_frac 0.19 | H 0.54 |     39s
Update 187/400: return   232.2 (  9 eps) | EV +0.96 | kl 0.0147 | off_frac 0.15 | H 0.59 |     40s
Update 193/400: return   237.4 (  7 eps) | EV +0.93 | kl 0.0109 | off_frac 0.10 | H 0.54 |     42s
Update 199/400: return   267.8 (  8 eps) | EV +0.87 | kl 0.0110 | off_frac 0.12 | H 0.51 |     43s
Update 205/400: return   265.9 ( 10 eps) | EV +0.93 | kl 0.0085 | off_frac 0.13 | H 0.56 |     44s
Update 211/400: return   170.6 (  4 eps) | EV +0.93 | kl 0.0138 | off_frac 0.18 | H 0.53 |     45s
Update 217/400: return   236.3 (  6 eps) | EV +0.84 | kl 0.0159 | off_frac 0.15 | H 0.47 |     47s
Update 223/400: return   240.8 ( 12 eps) | EV +0.85 | kl 0.0126 | off_frac 0.10 | H 0.49 |     48s
Update 229/400: return   235.4 ( 13 eps) | EV +0.93 | kl 0.0127 | off_frac 0.15 | H 0.50 |     49s
Update 235/400: return   210.8 (  7 eps) | EV +0.92 | kl 0.0116 | off_frac 0.16 | H 0.48 |     51s
Update 241/400: return   248.5 (  5 eps) | EV +0.90 | kl 0.0076 | off_frac 0.09 | H 0.51 |     52s
Update 247/400: return   231.2 (  5 eps) | EV +0.89 | kl 0.0151 | off_frac 0.16 | H 0.44 |     54s
Update 253/400: return   269.9 (  4 eps) | EV +0.92 | kl 0.0100 | off_frac 0.12 | H 0.51 |     55s
Update 259/400: return   271.9 (  6 eps) | EV +0.95 | kl 0.0144 | off_frac 0.14 | H 0.62 |     56s
Update 265/400: return   182.2 (  7 eps) | EV +0.89 | kl 0.0130 | off_frac 0.15 | H 0.56 |     57s
Update 271/400: return   275.5 (  6 eps) | EV +0.96 | kl 0.1388 | off_frac 0.29 | H 0.54 |     59s
Update 277/400: return   283.0 (  7 eps) | EV +0.89 | kl 0.0064 | off_frac 0.08 | H 0.50 |     60s
Update 283/400: return   285.8 (  7 eps) | EV +0.96 | kl 0.0187 | off_frac 0.17 | H 0.53 |     61s
Update 289/400: return   267.1 (  5 eps) | EV +0.93 | kl 0.0119 | off_frac 0.14 | H 0.57 |     62s
Update 295/400: return   270.5 (  7 eps) | EV +0.95 | kl 0.0372 | off_frac 0.21 | H 0.50 |     64s
Update 301/400: return   201.5 ( 15 eps) | EV +0.87 | kl 0.0267 | off_frac 0.18 | H 0.45 |     65s
Update 307/400: return   259.1 ( 18 eps) | EV +0.84 | kl 0.0067 | off_frac 0.09 | H 0.42 |     67s
Update 313/400: return   267.2 ( 16 eps) | EV +0.89 | kl 0.0118 | off_frac 0.13 | H 0.42 |     68s
Update 319/400: return   270.7 ( 10 eps) | EV +0.95 | kl 0.0148 | off_frac 0.15 | H 0.47 |     69s
Update 325/400: return   276.9 (  8 eps) | EV +0.95 | kl 0.0132 | off_frac 0.12 | H 0.48 |     71s
Update 331/400: return   227.3 (  4 eps) | EV +0.91 | kl 0.0108 | off_frac 0.14 | H 0.45 |     72s
Update 337/400: return   277.9 (  5 eps) | EV +0.94 | kl 0.0063 | off_frac 0.09 | H 0.45 |     73s
Update 343/400: return   283.5 (  6 eps) | EV +0.96 | kl 0.0149 | off_frac 0.17 | H 0.49 |     75s
Update 349/400: return   257.1 (  8 eps) | EV +0.93 | kl 0.0069 | off_frac 0.08 | H 0.46 |     76s
Update 355/400: return   202.5 ( 11 eps) | EV +0.90 | kl 0.0084 | off_frac 0.10 | H 0.46 |     77s
Update 361/400: return   245.3 ( 15 eps) | EV +0.90 | kl 0.0139 | off_frac 0.11 | H 0.42 |     78s
Update 367/400: return   282.5 ( 10 eps) | EV +0.94 | kl 0.0107 | off_frac 0.12 | H 0.43 |     80s
Update 373/400: return   254.6 ( 11 eps) | EV +0.96 | kl 0.0077 | off_frac 0.08 | H 0.42 |     81s
Update 379/400: return   247.7 (  8 eps) | EV +0.86 | kl 0.0573 | off_frac 0.14 | H 0.49 |     82s
Update 385/400: return   278.9 ( 16 eps) | EV +0.92 | kl 0.0101 | off_frac 0.11 | H 0.43 |     84s
Update 391/400: return   287.8 (  8 eps) | EV +0.95 | kl 0.0105 | off_frac 0.12 | H 0.44 |     85s
Update 397/400: return   265.7 (  8 eps) | EV +0.92 | kl 0.0128 | off_frac 0.11 | H 0.41 |     86s
Update 400/400: return   280.4 ( 13 eps) | EV +0.96 | kl 0.0137 | off_frac 0.11 | H 0.39 |     87s
greedy evaluation of the frozen policy over 64 episodes: 271.4 +- 51.6 (min 34, max 323)
saved results/ppo/LunarLander/nn_seed1.json  (89s)
