LunarLander-v3 | policy = poly2: 44 features, 180 trainable policy parameters
Update   1/400: return     nan (  0 eps) | EV -0.04 | kl 0.0154 | off_frac 0.24 | H 1.37 |      0s
Update   7/400: return   -52.2 ( 19 eps) | EV +0.84 | kl 0.0145 | off_frac 0.20 | H 1.11 |      1s
Update  13/400: return   -84.5 (  2 eps) | EV +0.85 | kl 0.0062 | off_frac 0.08 | H 1.11 |      2s
Update  19/400: return   -48.9 (  2 eps) | EV +0.90 | kl 0.0031 | off_frac 0.02 | H 1.12 |      3s
Update  25/400: return     nan (  0 eps) | EV +0.90 | kl 0.0060 | off_frac 0.06 | H 1.08 |      4s
Update  31/400: return   -39.8 (  1 eps) | EV +0.80 | kl 0.0082 | off_frac 0.09 | H 0.99 |      5s
Update  37/400: return   142.7 ( 15 eps) | EV +0.35 | kl 0.0256 | off_frac 0.19 | H 0.53 |      6s
Update  43/400: return    60.0 (  3 eps) | EV +0.78 | kl 0.0206 | off_frac 0.25 | H 0.86 |      7s
Update  49/400: return   130.4 (  4 eps) | EV +0.68 | kl 0.0027 | off_frac 0.02 | H 0.88 |      8s
Update  55/400: return   139.5 (  8 eps) | EV +0.59 | kl 0.0034 | off_frac 0.03 | H 0.76 |     10s
Update  61/400: return   248.0 (  2 eps) | EV +0.89 | kl 0.0084 | off_frac 0.13 | H 0.83 |     11s
Update  67/400: return   123.1 (  6 eps) | EV +0.88 | kl 0.0110 | off_frac 0.16 | H 0.80 |     12s
Update  73/400: return   163.5 ( 13 eps) | EV +0.66 | kl 0.0069 | off_frac 0.08 | H 0.62 |     13s
Update  79/400: return   234.9 (  2 eps) | EV +0.93 | kl 0.0101 | off_frac 0.12 | H 0.75 |     14s
Update  85/400: return   175.8 (  7 eps) | EV +0.87 | kl 0.0057 | off_frac 0.05 | H 0.65 |     15s
Update  91/400: return   261.7 ( 10 eps) | EV +0.79 | kl 0.0049 | off_frac 0.06 | H 0.56 |     16s
Update  97/400: return   222.8 ( 11 eps) | EV +0.66 | kl 0.0055 | off_frac 0.08 | H 0.66 |     17s
Update 103/400: return   208.9 ( 10 eps) | EV +0.79 | kl 0.0053 | off_frac 0.06 | H 0.62 |     18s
Update 109/400: return   269.3 (  6 eps) | EV +0.85 | kl 0.0078 | off_frac 0.11 | H 0.56 |     19s
Update 115/400: return   215.1 (  9 eps) | EV +0.80 | kl 0.0082 | off_frac 0.12 | H 0.63 |     21s
Update 121/400: return   225.9 ( 10 eps) | EV +0.92 | kl 0.0055 | off_frac 0.07 | H 0.58 |     22s
Update 127/400: return   180.4 (  5 eps) | EV +0.86 | kl 0.0097 | off_frac 0.13 | H 0.59 |     23s
Update 133/400: return   281.3 (  7 eps) | EV +0.96 | kl 0.0024 | off_frac 0.01 | H 0.61 |     24s
Update 139/400: return   276.5 (  5 eps) | EV +0.93 | kl 0.0074 | off_frac 0.14 | H 0.61 |     25s
Update 145/400: return   167.5 ( 11 eps) | EV +0.76 | kl 0.0087 | off_frac 0.09 | H 0.55 |     26s
Update 151/400: return   264.3 (  7 eps) | EV +0.90 | kl 0.0036 | off_frac 0.04 | H 0.50 |     28s
Update 157/400: return   245.9 ( 12 eps) | EV +0.86 | kl 0.0130 | off_frac 0.09 | H 0.49 |     29s
Update 163/400: return   213.0 ( 13 eps) | EV +0.76 | kl 0.0027 | off_frac 0.03 | H 0.48 |     30s
Update 169/400: return   281.6 (  5 eps) | EV +0.95 | kl 0.0086 | off_frac 0.12 | H 0.55 |     31s
Update 175/400: return   252.8 ( 10 eps) | EV +0.89 | kl 0.0064 | off_frac 0.11 | H 0.54 |     32s
Update 181/400: return   265.6 (  7 eps) | EV +0.96 | kl 0.0107 | off_frac 0.10 | H 0.55 |     33s
Update 187/400: return   230.4 (  9 eps) | EV +0.93 | kl 0.0085 | off_frac 0.12 | H 0.57 |     34s
Update 193/400: return   176.7 (  5 eps) | EV +0.96 | kl 0.0107 | off_frac 0.13 | H 0.59 |     35s
Update 199/400: return   246.3 ( 13 eps) | EV +0.97 | kl 0.0081 | off_frac 0.12 | H 0.65 |     36s
Update 205/400: return   278.6 ( 10 eps) | EV +0.96 | kl 0.0054 | off_frac 0.08 | H 0.60 |     37s
Update 211/400: return   257.7 (  8 eps) | EV +0.99 | kl 0.0037 | off_frac 0.04 | H 0.59 |     38s
Update 217/400: return   275.3 (  9 eps) | EV +0.96 | kl 0.0040 | off_frac 0.05 | H 0.54 |     40s
Update 223/400: return   252.3 ( 10 eps) | EV +0.91 | kl 0.0070 | off_frac 0.06 | H 0.52 |     41s
Update 229/400: return   219.8 (  7 eps) | EV +0.92 | kl 0.0013 | off_frac 0.01 | H 0.57 |     42s
Update 235/400: return   274.7 (  7 eps) | EV +0.96 | kl 0.0065 | off_frac 0.08 | H 0.59 |     43s
Update 241/400: return   223.5 (  7 eps) | EV +0.95 | kl 0.0056 | off_frac 0.08 | H 0.54 |     44s
Update 247/400: return   265.6 (  9 eps) | EV +0.95 | kl 0.0051 | off_frac 0.05 | H 0.56 |     45s
Update 253/400: return   265.7 (  8 eps) | EV +0.92 | kl 0.0249 | off_frac 0.14 | H 0.54 |     46s
Update 259/400: return   298.2 ( 10 eps) | EV +0.98 | kl 0.0116 | off_frac 0.13 | H 0.55 |     47s
Update 265/400: return   233.1 ( 12 eps) | EV +0.93 | kl 0.0094 | off_frac 0.11 | H 0.51 |     48s
Update 271/400: return   273.3 ( 11 eps) | EV +0.98 | kl 0.0056 | off_frac 0.08 | H 0.55 |     49s
Update 277/400: return   255.1 ( 10 eps) | EV +0.93 | kl 0.0055 | off_frac 0.07 | H 0.50 |     50s
Update 283/400: return   234.7 ( 10 eps) | EV +0.85 | kl 0.0052 | off_frac 0.06 | H 0.57 |     51s
Update 289/400: return   277.9 (  9 eps) | EV +0.90 | kl 0.0043 | off_frac 0.07 | H 0.49 |     53s
Update 295/400: return   259.3 ( 12 eps) | EV +0.87 | kl 0.0294 | off_frac 0.11 | H 0.43 |     54s
Update 301/400: return   254.9 ( 11 eps) | EV +0.88 | kl 0.0037 | off_frac 0.05 | H 0.37 |     55s
Update 307/400: return   282.7 (  7 eps) | EV +0.97 | kl 0.0069 | off_frac 0.13 | H 0.53 |     56s
Update 313/400: return   237.8 (  7 eps) | EV +0.88 | kl 0.0064 | off_frac 0.09 | H 0.49 |     57s
Update 319/400: return   253.4 (  8 eps) | EV +0.91 | kl 0.0092 | off_frac 0.14 | H 0.47 |     58s
Update 325/400: return   279.6 (  5 eps) | EV +0.97 | kl 0.0083 | off_frac 0.14 | H 0.58 |     59s
Update 331/400: return   263.5 ( 10 eps) | EV +0.88 | kl 0.0042 | off_frac 0.07 | H 0.52 |     60s
Update 337/400: return   268.7 (  3 eps) | EV +0.96 | kl 0.0043 | off_frac 0.05 | H 0.54 |     62s
Update 343/400: return   263.6 (  4 eps) | EV +0.94 | kl 0.0047 | off_frac 0.05 | H 0.60 |     63s
Update 349/400: return   275.4 (  6 eps) | EV +0.95 | kl 0.0043 | off_frac 0.04 | H 0.53 |     64s
Update 355/400: return   242.5 (  6 eps) | EV +0.98 | kl 0.0041 | off_frac 0.05 | H 0.49 |     65s
Update 361/400: return   226.3 (  9 eps) | EV +0.96 | kl 0.0039 | off_frac 0.04 | H 0.53 |     66s
Update 367/400: return   218.5 ( 10 eps) | EV +0.93 | kl 0.0087 | off_frac 0.09 | H 0.55 |     67s
Update 373/400: return   253.2 (  8 eps) | EV +0.98 | kl 0.0073 | off_frac 0.10 | H 0.57 |     68s
Update 379/400: return   280.3 (  6 eps) | EV +0.98 | kl 0.0037 | off_frac 0.03 | H 0.51 |     69s
Update 385/400: return   284.5 (  3 eps) | EV +0.97 | kl 0.0076 | off_frac 0.13 | H 0.52 |     70s
Update 391/400: return   259.1 (  5 eps) | EV +0.98 | kl 0.0113 | off_frac 0.11 | H 0.53 |     72s
Update 397/400: return   278.2 (  4 eps) | EV +0.92 | kl 0.0070 | off_frac 0.09 | H 0.52 |     73s
Update 400/400: return   167.5 (  9 eps) | EV +0.86 | kl 0.0056 | off_frac 0.05 | H 0.46 |     73s
greedy evaluation of the frozen policy over 64 episodes: 254.7 +- 63.5 (min 14, max 328)
saved results/ppo/LunarLander/poly2_seed1.json  (76s)
