LunarLander-v3 | policy = poly2: 44 features, 180 trainable policy parameters
Update   1/400: return     nan (  0 eps) | EV -0.05 | kl 0.0195 | off_frac 0.28 | H 1.37 |      0s
Update   7/400: return   -78.1 ( 18 eps) | EV +0.83 | kl 0.0107 | off_frac 0.12 | H 1.14 |      1s
Update  13/400: return  -154.9 (  4 eps) | EV +0.88 | kl 0.0066 | off_frac 0.07 | H 1.02 |      2s
Update  19/400: return     nan (  0 eps) | EV +0.92 | kl 0.0084 | off_frac 0.12 | H 1.05 |      3s
Update  25/400: return    25.2 (  3 eps) | EV +0.81 | kl 0.0116 | off_frac 0.12 | H 1.02 |      4s
Update  31/400: return   210.2 ( 15 eps) | EV +0.10 | kl 0.0074 | off_frac 0.04 | H 0.63 |      5s
Update  37/400: return   128.1 (  5 eps) | EV +0.82 | kl 0.0082 | off_frac 0.08 | H 1.02 |      6s
Update  43/400: return    51.8 ( 12 eps) | EV +0.46 | kl 0.0048 | off_frac 0.06 | H 0.76 |      7s
Update  49/400: return   262.5 (  2 eps) | EV +0.73 | kl 0.0067 | off_frac 0.08 | H 0.85 |      8s
Update  55/400: return     nan (  0 eps) | EV +0.91 | kl 0.0091 | off_frac 0.10 | H 1.03 |     10s
Update  61/400: return   206.4 (  3 eps) | EV +0.84 | kl 0.0098 | off_frac 0.15 | H 0.83 |     11s
Update  67/400: return   165.7 (  3 eps) | EV +0.81 | kl 0.0043 | off_frac 0.05 | H 0.93 |     12s
Update  73/400: return   121.5 (  8 eps) | EV +0.75 | kl 0.0027 | off_frac 0.03 | H 0.69 |     13s
Update  79/400: return   145.9 (  3 eps) | EV +0.93 | kl 0.0117 | off_frac 0.17 | H 0.83 |     14s
Update  85/400: return    99.6 (  9 eps) | EV +0.89 | kl 0.0089 | off_frac 0.14 | H 0.73 |     15s
Update  91/400: return   144.4 ( 11 eps) | EV +0.76 | kl 0.0105 | off_frac 0.13 | H 0.69 |     16s
Update  97/400: return   240.0 ( 14 eps) | EV +0.77 | kl 0.0074 | off_frac 0.06 | H 0.67 |     17s
Update 103/400: return   243.2 (  8 eps) | EV +0.72 | kl 0.0038 | off_frac 0.04 | H 0.65 |     18s
Update 109/400: return   177.5 (  7 eps) | EV +0.91 | kl 0.0034 | off_frac 0.04 | H 0.60 |     20s
Update 115/400: return   229.3 (  4 eps) | EV +0.94 | kl 0.0054 | off_frac 0.07 | H 0.64 |     21s
Update 121/400: return   241.5 (  5 eps) | EV +0.94 | kl 0.0040 | off_frac 0.06 | H 0.55 |     22s
Update 127/400: return   169.3 ( 12 eps) | EV +0.87 | kl 0.0050 | off_frac 0.05 | H 0.47 |     23s
Update 133/400: return   227.7 (  7 eps) | EV +0.87 | kl 0.0063 | off_frac 0.08 | H 0.56 |     24s
Update 139/400: return   267.7 (  7 eps) | EV +0.92 | kl 0.0077 | off_frac 0.11 | H 0.56 |     25s
Update 145/400: return   159.6 (  8 eps) | EV +0.84 | kl 0.0031 | off_frac 0.04 | H 0.47 |     26s
Update 151/400: return   162.0 (  5 eps) | EV +0.86 | kl 0.0044 | off_frac 0.04 | H 0.53 |     27s
Update 157/400: return   226.9 ( 10 eps) | EV +0.91 | kl 0.0052 | off_frac 0.08 | H 0.41 |     29s
Update 163/400: return   228.7 (  8 eps) | EV +0.83 | kl 0.0017 | off_frac 0.01 | H 0.60 |     30s
Update 169/400: return   192.2 (  9 eps) | EV +0.76 | kl 0.0144 | off_frac 0.14 | H 0.55 |     31s
Update 175/400: return    98.5 ( 10 eps) | EV +0.86 | kl 0.0061 | off_frac 0.08 | H 0.55 |     32s
Update 181/400: return   267.7 (  6 eps) | EV +0.94 | kl 0.0121 | off_frac 0.16 | H 0.50 |     33s
Update 187/400: return   245.9 (  9 eps) | EV +0.85 | kl 0.0034 | off_frac 0.03 | H 0.44 |     34s
Update 193/400: return   229.4 (  6 eps) | EV +0.95 | kl 0.0022 | off_frac 0.02 | H 0.50 |     35s
Update 199/400: return   250.9 (  7 eps) | EV +0.87 | kl 0.0080 | off_frac 0.08 | H 0.43 |     36s
Update 205/400: return   259.2 ( 10 eps) | EV +0.88 | kl 0.0049 | off_frac 0.07 | H 0.55 |     37s
Update 211/400: return   251.5 (  7 eps) | EV +0.87 | kl 0.0074 | off_frac 0.10 | H 0.65 |     38s
Update 217/400: return   282.1 (  3 eps) | EV +0.93 | kl 0.0050 | off_frac 0.07 | H 0.59 |     40s
Update 223/400: return   263.6 ( 11 eps) | EV +0.89 | kl 0.0071 | off_frac 0.12 | H 0.54 |     41s
Update 229/400: return   267.3 (  8 eps) | EV +0.95 | kl 0.0067 | off_frac 0.09 | H 0.47 |     42s
Update 235/400: return   213.6 ( 11 eps) | EV +0.85 | kl 0.0046 | off_frac 0.06 | H 0.50 |     43s
Update 241/400: return   209.9 ( 12 eps) | EV +0.89 | kl 0.0028 | off_frac 0.04 | H 0.44 |     44s
Update 247/400: return   259.2 (  3 eps) | EV +0.91 | kl 0.0064 | off_frac 0.10 | H 0.50 |     45s
Update 253/400: return   198.2 (  9 eps) | EV +0.91 | kl 0.0041 | off_frac 0.06 | H 0.47 |     46s
Update 259/400: return   202.7 (  7 eps) | EV +0.84 | kl 0.0046 | off_frac 0.06 | H 0.47 |     47s
Update 265/400: return   272.1 (  8 eps) | EV +0.94 | kl 0.0056 | off_frac 0.06 | H 0.53 |     49s
Update 271/400: return   213.7 (  6 eps) | EV +0.92 | kl 0.0067 | off_frac 0.08 | H 0.55 |     50s
Update 277/400: return   268.6 (  9 eps) | EV +0.97 | kl 0.0053 | off_frac 0.08 | H 0.55 |     51s
Update 283/400: return   249.1 ( 13 eps) | EV +0.89 | kl 0.0033 | off_frac 0.04 | H 0.45 |     52s
Update 289/400: return   216.3 ( 11 eps) | EV +0.89 | kl 0.0055 | off_frac 0.05 | H 0.44 |     53s
Update 295/400: return   263.5 ( 14 eps) | EV +0.95 | kl 0.0041 | off_frac 0.06 | H 0.51 |     54s
Update 301/400: return   270.4 (  8 eps) | EV +0.95 | kl 0.0035 | off_frac 0.04 | H 0.52 |     55s
Update 307/400: return   224.3 ( 12 eps) | EV +0.81 | kl 0.0062 | off_frac 0.08 | H 0.49 |     56s
Update 313/400: return   292.4 (  9 eps) | EV +0.97 | kl 0.0039 | off_frac 0.04 | H 0.55 |     57s
Update 319/400: return   285.4 ( 13 eps) | EV +0.92 | kl 0.0067 | off_frac 0.08 | H 0.49 |     58s
Update 325/400: return   280.7 ( 12 eps) | EV +0.94 | kl 0.0052 | off_frac 0.06 | H 0.41 |     60s
Update 331/400: return   273.4 ( 10 eps) | EV +0.90 | kl 0.0105 | off_frac 0.10 | H 0.50 |     61s
Update 337/400: return   256.9 ( 10 eps) | EV +0.92 | kl 0.0042 | off_frac 0.05 | H 0.51 |     62s
Update 343/400: return   214.7 (  7 eps) | EV +0.93 | kl 0.0060 | off_frac 0.09 | H 0.48 |     63s
Update 349/400: return   279.5 (  6 eps) | EV +0.93 | kl 0.0036 | off_frac 0.04 | H 0.53 |     64s
Update 355/400: return   247.1 ( 13 eps) | EV +0.74 | kl 0.0039 | off_frac 0.05 | H 0.41 |     65s
Update 361/400: return   272.0 ( 10 eps) | EV +0.94 | kl 0.0026 | off_frac 0.03 | H 0.36 |     67s
Update 367/400: return   281.5 ( 12 eps) | EV +0.95 | kl 0.0022 | off_frac 0.02 | H 0.41 |     68s
Update 373/400: return   241.0 ( 11 eps) | EV +0.84 | kl 0.0084 | off_frac 0.11 | H 0.48 |     69s
Update 379/400: return   226.5 ( 10 eps) | EV +0.81 | kl 0.0140 | off_frac 0.13 | H 0.47 |     70s
Update 385/400: return   269.9 (  6 eps) | EV +0.96 | kl 0.0054 | off_frac 0.08 | H 0.54 |     71s
Update 391/400: return   247.8 (  5 eps) | EV +0.94 | kl 0.0028 | off_frac 0.03 | H 0.43 |     72s
Update 397/400: return   246.7 (  8 eps) | EV +0.93 | kl 0.0050 | off_frac 0.08 | H 0.45 |     73s
Update 400/400: return   252.9 ( 10 eps) | EV +0.87 | kl 0.0062 | off_frac 0.08 | H 0.44 |     74s
greedy evaluation of the frozen policy over 64 episodes: 268.4 +- 34.2 (min 37, max 321)
saved results/ppo/LunarLander/poly2_seed2.json  (75s)
