LunarLander-v3 | policy = poly2: 44 features, 180 trainable policy parameters
Update   1/400: return     nan (  0 eps) | EV -0.00 | kl 0.0152 | off_frac 0.25 | H 1.37 |      0s
Update   7/400: return   -67.6 ( 15 eps) | EV +0.75 | kl 0.0365 | off_frac 0.58 | H 1.05 |      1s
Update  13/400: return   -10.7 (  6 eps) | EV +0.83 | kl 0.0087 | off_frac 0.13 | H 1.09 |      2s
Update  19/400: return   -47.4 (  1 eps) | EV +0.91 | kl 0.0109 | off_frac 0.14 | H 0.98 |      3s
Update  25/400: return   133.4 (  4 eps) | EV +0.67 | kl 0.0056 | off_frac 0.07 | H 0.90 |      4s
Update  31/400: return   124.7 (  3 eps) | EV +0.75 | kl 0.0108 | off_frac 0.16 | H 0.91 |      5s
Update  37/400: return   162.1 (  7 eps) | EV +0.67 | kl 0.0093 | off_frac 0.12 | H 0.84 |      6s
Update  43/400: return    11.9 (  7 eps) | EV +0.65 | kl 0.0086 | off_frac 0.12 | H 0.68 |      7s
Update  49/400: return   241.5 (  2 eps) | EV +0.93 | kl 0.0066 | off_frac 0.09 | H 0.88 |      8s
Update  55/400: return   130.3 ( 14 eps) | EV +0.49 | kl 0.0023 | off_frac 0.01 | H 0.59 |      9s
Update  61/400: return   266.4 (  2 eps) | EV +0.86 | kl 0.0030 | off_frac 0.03 | H 0.89 |     10s
Update  67/400: return   222.5 ( 11 eps) | EV +0.80 | kl 0.0081 | off_frac 0.12 | H 0.71 |     11s
Update  73/400: return   198.1 (  9 eps) | EV +0.76 | kl 0.0034 | off_frac 0.02 | H 0.61 |     12s
Update  79/400: return   182.7 ( 15 eps) | EV +0.68 | kl 0.0030 | off_frac 0.03 | H 0.59 |     13s
Update  85/400: return   153.9 ( 11 eps) | EV +0.77 | kl 0.0068 | off_frac 0.10 | H 0.59 |     14s
Update  91/400: return   197.0 (  8 eps) | EV +0.86 | kl 0.0092 | off_frac 0.13 | H 0.58 |     15s
Update  97/400: return   153.0 ( 11 eps) | EV +0.82 | kl 0.0080 | off_frac 0.12 | H 0.54 |     16s
Update 103/400: return   263.1 (  5 eps) | EV +0.91 | kl 0.0050 | off_frac 0.08 | H 0.64 |     17s
Update 109/400: return   195.5 (  8 eps) | EV +0.87 | kl 0.0045 | off_frac 0.07 | H 0.62 |     19s
Update 115/400: return   177.2 (  6 eps) | EV +0.92 | kl 0.0054 | off_frac 0.08 | H 0.58 |     20s
Update 121/400: return   212.6 ( 10 eps) | EV +0.90 | kl 0.0028 | off_frac 0.03 | H 0.49 |     21s
Update 127/400: return   233.1 (  5 eps) | EV +0.90 | kl 0.0048 | off_frac 0.06 | H 0.57 |     22s
Update 133/400: return   184.7 (  9 eps) | EV +0.90 | kl 0.0185 | off_frac 0.20 | H 0.57 |     23s
Update 139/400: return   240.2 ( 11 eps) | EV +0.92 | kl 0.0061 | off_frac 0.08 | H 0.45 |     24s
Update 145/400: return   259.6 ( 10 eps) | EV +0.91 | kl 0.0055 | off_frac 0.08 | H 0.58 |     25s
Update 151/400: return   271.3 (  4 eps) | EV +0.94 | kl 0.0030 | off_frac 0.03 | H 0.61 |     26s
Update 157/400: return   287.3 (  9 eps) | EV +0.96 | kl 0.0030 | off_frac 0.04 | H 0.53 |     28s
Update 163/400: return   279.7 (  9 eps) | EV +0.97 | kl 0.0066 | off_frac 0.09 | H 0.55 |     29s
Update 169/400: return   245.0 (  8 eps) | EV +0.96 | kl 0.0025 | off_frac 0.02 | H 0.50 |     30s
Update 175/400: return   233.5 ( 14 eps) | EV +0.72 | kl 0.0044 | off_frac 0.05 | H 0.49 |     31s
Update 181/400: return   276.4 ( 11 eps) | EV +0.93 | kl 0.0099 | off_frac 0.11 | H 0.55 |     32s
Update 187/400: return   282.8 (  8 eps) | EV +0.97 | kl 0.0046 | off_frac 0.06 | H 0.58 |     33s
Update 193/400: return   203.6 (  6 eps) | EV +0.88 | kl 0.0121 | off_frac 0.10 | H 0.47 |     34s
Update 199/400: return   271.6 (  6 eps) | EV +0.93 | kl 0.0046 | off_frac 0.06 | H 0.49 |     35s
Update 205/400: return   269.6 (  6 eps) | EV +0.95 | kl 0.0050 | off_frac 0.07 | H 0.45 |     36s
Update 211/400: return   287.5 (  7 eps) | EV +0.97 | kl 0.0039 | off_frac 0.05 | H 0.53 |     37s
Update 217/400: return   290.7 (  9 eps) | EV +0.98 | kl 0.0036 | off_frac 0.05 | H 0.50 |     38s
Update 223/400: return   254.2 ( 13 eps) | EV +0.91 | kl 0.0061 | off_frac 0.07 | H 0.45 |     40s
Update 229/400: return   278.9 ( 11 eps) | EV +0.92 | kl 0.0030 | off_frac 0.03 | H 0.46 |     41s
Update 235/400: return   294.6 (  8 eps) | EV +0.97 | kl 0.0171 | off_frac 0.16 | H 0.54 |     42s
Update 241/400: return   293.4 (  4 eps) | EV +0.99 | kl 0.0074 | off_frac 0.09 | H 0.57 |     43s
Update 247/400: return   261.1 ( 11 eps) | EV +0.95 | kl 0.0041 | off_frac 0.05 | H 0.50 |     44s
Update 253/400: return   279.3 ( 13 eps) | EV +0.92 | kl 0.0160 | off_frac 0.13 | H 0.42 |     45s
Update 259/400: return   218.0 ( 11 eps) | EV +0.88 | kl 0.0039 | off_frac 0.06 | H 0.40 |     46s
Update 265/400: return   280.1 (  6 eps) | EV +0.93 | kl 0.0060 | off_frac 0.07 | H 0.57 |     47s
Update 271/400: return   278.7 (  9 eps) | EV +0.91 | kl 0.0040 | off_frac 0.04 | H 0.46 |     48s
Update 277/400: return   249.8 ( 14 eps) | EV +0.87 | kl 0.0064 | off_frac 0.06 | H 0.37 |     50s
Update 283/400: return   289.5 (  8 eps) | EV +0.97 | kl 0.0074 | off_frac 0.07 | H 0.55 |     51s
Update 289/400: return   286.4 (  5 eps) | EV +0.98 | kl 0.0037 | off_frac 0.04 | H 0.56 |     52s
Update 295/400: return   216.0 (  9 eps) | EV +0.93 | kl 0.0033 | off_frac 0.04 | H 0.44 |     53s
Update 301/400: return   282.0 (  7 eps) | EV +0.94 | kl 0.0054 | off_frac 0.09 | H 0.47 |     54s
Update 307/400: return   299.0 (  4 eps) | EV +0.97 | kl 0.0077 | off_frac 0.12 | H 0.51 |     55s
Update 313/400: return   238.9 (  9 eps) | EV +0.97 | kl 0.0060 | off_frac 0.08 | H 0.48 |     56s
Update 319/400: return   285.3 (  9 eps) | EV +0.98 | kl 0.0107 | off_frac 0.17 | H 0.57 |     57s
Update 325/400: return   277.9 (  5 eps) | EV +0.96 | kl 0.0078 | off_frac 0.08 | H 0.57 |     58s
Update 331/400: return   275.7 ( 10 eps) | EV +0.97 | kl 0.0025 | off_frac 0.02 | H 0.54 |     59s
Update 337/400: return   291.1 (  9 eps) | EV +0.95 | kl 0.0028 | off_frac 0.03 | H 0.47 |     61s
Update 343/400: return   273.6 (  7 eps) | EV +0.98 | kl 0.0049 | off_frac 0.05 | H 0.47 |     62s
Update 349/400: return   294.0 (  6 eps) | EV +0.99 | kl 0.0029 | off_frac 0.03 | H 0.44 |     63s
Update 355/400: return   265.2 (  8 eps) | EV +0.97 | kl 0.0035 | off_frac 0.04 | H 0.47 |     64s
Update 361/400: return   275.8 (  9 eps) | EV +0.94 | kl 0.0023 | off_frac 0.03 | H 0.40 |     65s
Update 367/400: return   266.5 ( 11 eps) | EV +0.95 | kl 0.0214 | off_frac 0.16 | H 0.42 |     66s
Update 373/400: return   264.3 ( 11 eps) | EV +0.95 | kl 0.0113 | off_frac 0.18 | H 0.54 |     67s
Update 379/400: return   263.1 ( 10 eps) | EV +0.92 | kl 0.0035 | off_frac 0.04 | H 0.40 |     68s
Update 385/400: return   246.9 ( 13 eps) | EV +0.90 | kl 0.0024 | off_frac 0.03 | H 0.45 |     69s
Update 391/400: return   284.4 ( 11 eps) | EV +0.95 | kl 0.0027 | off_frac 0.04 | H 0.41 |     70s
Update 397/400: return   198.8 ( 12 eps) | EV +0.77 | kl 0.0014 | off_frac 0.01 | H 0.34 |     71s
Update 400/400: return   214.9 (  8 eps) | EV +0.92 | kl 0.0077 | off_frac 0.10 | H 0.47 |     72s
greedy evaluation of the frozen policy over 64 episodes: 271.5 +- 49.0 (min 17, max 318)
saved results/ppo/LunarLander/poly2_seed0.json  (73s)
